time=01:01:54.459 level=INFO msg=負荷走行を開始します
time=01:02:02.098 level=INFO msg=これまでに地域内の評判によって3人、既存ユーザーの招待経由で5人が新規登録しました
time=01:02:02.098 level=INFO msg=0.0%のライドは椅子がマッチされるまでの時間、50.0%のライドはマッチされた椅子が乗車地点までに掛かる時間、70.0%のライドは椅子の実移動時間に不満がありました
time=01:02:02.141 level=INFO msg=一定の売上が立ったためオーナーの椅子が増加します 名前=PulseRide 増加数=1
time=01:02:05.745 level=INFO msg=一定の売上が立ったためオーナーの椅子が増加します 名前=ZenSeat 増加数=1
time=01:02:05.745 level=INFO msg=一定の売上が立ったためオーナーの椅子が増加します 名前=迅行タクシー 増加数=1
time=01:02:05.773 level=INFO msg=一定の売上が立ったためオーナーの椅子が増加します 名前=椅子のめぐりや 増加数=1
time=01:02:05.784 level=INFO msg=一定の売上が立ったためオーナーの椅子が増加します 名前=PulseRide 増加数=1
time=01:02:07.498 level=INFO msg=これまでに地域内の評判によって12人、既存ユーザーの招待経由で7人が新規登録しました
time=01:02:07.498 level=INFO msg=これまでに低評価なライドによって6人が利用をやめました
time=01:02:07.498 level=INFO msg=0.0%のライドは椅子がマッチされるまでの時間、57.7%のライドはマッチされた椅子が乗車地点までに掛かる時間、84.6%のライドは椅子の実移動時間に不満がありました
time=01:02:07.603 level=INFO msg=一定の売上が立ったためオーナーの椅子が増加します 名前=SwiftCab 増加数=1
time=01:02:09.425 level=INFO msg=一定の売上が立ったためオーナーの椅子が増加します 名前=PulseRide 増加数=1
time=01:02:11.197 level=INFO msg=一定の売上が立ったためオーナーの椅子が増加します 名前=椅子のめぐりや 増加数=1
time=01:02:11.197 level=INFO msg=一定の売上が立ったためオーナーの椅子が増加します 名前=迅行タクシー 増加数=1
time=01:02:12.897 level=INFO msg=これまでに地域内の評判によって21人、既存ユーザーの招待経由で7人が新規登録しました
time=01:02:12.897 level=INFO msg=これまでに低評価なライドによって11人が利用をやめました
time=01:02:12.898 level=INFO msg=0.0%のライドは椅子がマッチされるまでの時間、61.0%のライドはマッチされた椅子が乗車地点までに掛かる時間、90.2%のライドは椅子の実移動時間に不満がありました
time=01:02:12.949 level=INFO msg=一定の売上が立ったためオーナーの椅子が増加します 名前=SwiftCab 増加数=1
time=01:02:13.001 level=INFO msg=一定の売上が立ったためオーナーの椅子が増加します 名前=ZenSeat 増加数=1
time=01:02:13.017 level=INFO msg=一定の売上が立ったためオーナーの椅子が増加します 名前=迅行タクシー 増加数=1
time=01:02:14.834 level=INFO msg=一定の売上が立ったためオーナーの椅子が増加します 名前=椅子のめぐりや 増加数=1
time=01:02:14.874 level=INFO msg=一定の売上が立ったためオーナーの椅子が増加します 名前=PulseRide 増加数=2
time=01:02:16.599 level=INFO msg=一定の売上が立ったためオーナーの椅子が増加します 名前=ZenSeat 増加数=1
time=01:02:16.620 level=INFO msg=一定の売上が立ったためオーナーの椅子が増加します 名前=迅行タクシー 増加数=1
time=01:02:16.620 level=INFO msg=一定の売上が立ったためオーナーの椅子が増加します 名前=SwiftCab 増加数=1
time=01:02:18.297 level=INFO msg=これまでに地域内の評判によって31人、既存ユーザーの招待経由で8人が新規登録しました
time=01:02:18.297 level=INFO msg=これまでに低評価なライドによって19人が利用をやめました
time=01:02:18.297 level=INFO msg=0.0%のライドは椅子がマッチされるまでの時間、60.3%のライドはマッチされた椅子が乗車地点までに掛かる時間、92.2%のライドは椅子の実移動時間に不満がありました
time=01:02:18.401 level=INFO msg=一定の売上が立ったためオーナーの椅子が増加します 名前=椅子のめぐりや 増加数=1
time=01:02:20.206 level=INFO msg=一定の売上が立ったためオーナーの椅子が増加します 名前=迅行タクシー 増加数=1
time=01:02:20.238 level=INFO msg=一定の売上が立ったためオーナーの椅子が増加します 名前=ZenSeat 増加数=1
time=01:02:20.298 level=INFO msg=一定の売上が立ったためオーナーの椅子が増加します 名前=椅子のめぐりや 増加数=1
time=01:02:22.111 level=INFO msg=一定の売上が立ったためオーナーの椅子が増加します 名前=PulseRide 増加数=2
time=01:02:23.697 level=INFO msg=これまでに地域内の評判によって42人、既存ユーザーの招待経由で9人が新規登録しました
time=01:02:23.697 level=INFO msg=これまでに低評価なライドによって24人が利用をやめました
time=01:02:23.697 level=INFO msg=0.0%のライドは椅子がマッチされるまでの時間、58.2%のライドはマッチされた椅子が乗車地点までに掛かる時間、93.0%のライドは椅子の実移動時間に不満がありました
time=01:02:23.851 level=INFO msg=一定の売上が立ったためオーナーの椅子が増加します 名前=ZenSeat 増加数=1
time=01:02:23.914 level=INFO msg=一定の売上が立ったためオーナーの椅子が増加します 名前=椅子のめぐりや 増加数=2
time=01:02:23.960 level=INFO msg=一定の売上が立ったためオーナーの椅子が増加します 名前=PulseRide 増加数=2
time=01:02:25.720 level=INFO msg=一定の売上が立ったためオーナーの椅子が増加します 名前=迅行タクシー 増加数=1
time=01:02:27.573 level=INFO msg=一定の売上が立ったためオーナーの椅子が増加します 名前=ZenSeat 増加数=1
time=01:02:29.097 level=INFO msg=これまでに地域内の評判によって54人、既存ユーザーの招待経由で9人が新規登録しました
time=01:02:29.097 level=INFO msg=これまでに低評価なライドによって30人が利用をやめました
time=01:02:29.098 level=INFO msg=5.4%のライドは椅子がマッチされるまでの時間、58.1%のライドはマッチされた椅子が乗車地点までに掛かる時間、94.1%のライドは椅子の実移動時間に不満がありました
time=01:02:29.363 level=INFO msg=一定の売上が立ったためオーナーの椅子が増加します 名前=SwiftCab 増加数=1
time=01:02:29.414 level=INFO msg=一定の売上が立ったためオーナーの椅子が増加します 名前=ZenSeat 増加数=1
time=01:02:29.441 level=INFO msg=一定の売上が立ったためオーナーの椅子が増加します 名前=迅行タクシー 増加数=1
time=01:02:31.147 level=INFO msg=一定の売上が立ったためオーナーの椅子が増加します 名前=椅子のめぐりや 増加数=1
time=01:02:31.240 level=INFO msg=一定の売上が立ったためオーナーの椅子が増加します 名前=PulseRide 増加数=1
time=01:02:33.013 level=INFO msg=一定の売上が立ったためオーナーの椅子が増加します 名前=迅行タクシー 増加数=1
time=01:02:33.022 level=INFO msg=一定の売上が立ったためオーナーの椅子が増加します 名前=PulseRide 増加数=1
time=01:02:33.052 level=INFO msg=一定の売上が立ったためオーナーの椅子が増加します 名前=SwiftCab 増加数=1
time=01:02:34.497 level=INFO msg=これまでに地域内の評判によって63人、既存ユーザーの招待経由で9人が新規登録しました
time=01:02:34.497 level=INFO msg=これまでに低評価なライドによって42人が利用をやめました
time=01:02:34.497 level=INFO msg=20.4%のライドは椅子がマッチされるまでの時間、53.1%のライドはマッチされた椅子が乗車地点までに掛かる時間、95.1%のライドは椅子の実移動時間に不満がありました
time=01:02:34.758 level=INFO msg=一定の売上が立ったためオーナーの椅子が増加します 名前=ZenSeat 増加数=1
time=01:02:36.713 level=INFO msg=一定の売上が立ったためオーナーの椅子が増加します 名前=椅子のめぐりや 増加数=1
time=01:02:36.787 level=INFO msg=一定の売上が立ったためオーナーの椅子が増加します 名前=PulseRide 増加数=1
time=01:02:38.335 level=INFO msg=一定の売上が立ったためオーナーの椅子が増加します 名前=SwiftCab 増加数=1
time=01:02:38.403 level=INFO msg=一定の売上が立ったためオーナーの椅子が増加します 名前=迅行タクシー 増加数=1
time=01:02:38.483 level=INFO msg=一定の売上が立ったためオーナーの椅子が増加します 名前=ZenSeat 増加数=1
time=01:02:38.594 level=INFO msg=一定の売上が立ったためオーナーの椅子が増加します 名前=PulseRide 増加数=1
time=01:02:39.897 level=INFO msg=これまでに地域内の評判によって73人、既存ユーザーの招待経由で9人が新規登録しました
time=01:02:39.897 level=INFO msg=これまでに低評価なライドによって62人が利用をやめました
time=01:02:39.897 level=INFO msg=35.0%のライドは椅子がマッチされるまでの時間、52.9%のライドはマッチされた椅子が乗車地点までに掛かる時間、96.1%のライドは椅子の実移動時間に不満がありました
time=01:02:40.261 level=INFO msg=一定の売上が立ったためオーナーの椅子が増加します 名前=迅行タクシー 増加数=1
time=01:02:40.270 level=INFO msg=一定の売上が立ったためオーナーの椅子が増加します 名前=椅子のめぐりや 増加数=2
time=01:02:41.920 level=INFO msg=一定の売上が立ったためオーナーの椅子が増加します 名前=ZenSeat 増加数=1
time=01:02:42.134 level=INFO msg=一定の売上が立ったためオーナーの椅子が増加します 名前=PulseRide 増加数=1
time=01:02:43.936 level=INFO msg=一定の売上が立ったためオーナーの椅子が増加します 名前=椅子のめぐりや 増加数=1
time=01:02:44.009 level=INFO msg=一定の売上が立ったためオーナーの椅子が増加します 名前=PulseRide 増加数=1
time=01:02:45.297 level=INFO msg=これまでに地域内の評判によって84人、既存ユーザーの招待経由で9人が新規登録しました
time=01:02:45.297 level=INFO msg=これまでに低評価なライドによって73人が利用をやめました
time=01:02:45.297 level=INFO msg=42.4%のライドは椅子がマッチされるまでの時間、48.7%のライドはマッチされた椅子が乗車地点までに掛かる時間、96.5%のライドは椅子の実移動時間に不満がありました
time=01:02:45.657 level=INFO msg=一定の売上が立ったためオーナーの椅子が増加します 名前=迅行タクシー 増加数=1
time=01:02:47.295 level=INFO msg=一定の売上が立ったためオーナーの椅子が増加します 名前=SwiftCab 増加数=1
time=01:02:47.474 level=INFO msg=一定の売上が立ったためオーナーの椅子が増加します 名前=ZenSeat 増加数=1
time=01:02:49.326 level=INFO msg=一定の売上が立ったためオーナーの椅子が増加します 名前=PulseRide 増加数=1
time=01:02:50.697 level=INFO msg=これまでに地域内の評判によって95人、既存ユーザーの招待経由で9人が新規登録しました
time=01:02:50.697 level=INFO msg=これまでに低評価なライドによって83人が利用をやめました
time=01:02:50.697 level=INFO msg=47.1%のライドは椅子がマッチされるまでの時間、45.9%のライドはマッチされた椅子が乗車地点までに掛かる時間、96.5%のライドは椅子の実移動時間に不満がありました
time=01:02:52.924 level=INFO msg=一定の売上が立ったためオーナーの椅子が増加します 名前=迅行タクシー 増加数=1
time=01:02:52.933 level=INFO msg=一定の売上が立ったためオーナーの椅子が増加します 名前=椅子のめぐりや 増加数=1
time=01:02:56.097 level=INFO msg=これまでに地域内の評判によって107人、既存ユーザーの招待経由で9人が新規登録しました
time=01:02:56.097 level=INFO msg=これまでに低評価なライドによって92人が利用をやめました
time=01:02:56.097 level=INFO msg=51.1%のライドは椅子がマッチされるまでの時間、42.5%のライドはマッチされた椅子が乗車地点までに掛かる時間、96.8%のライドは椅子の実移動時間に不満がありました
time=01:02:56.495 level=INFO msg=一定の売上が立ったためオーナーの椅子が増加します 名前=ZenSeat 増加数=1
time=01:03:01.699 level=INFO msg=最終地域情報 名前=チェアタウン ユーザー登録数=73 アクティブユーザー数=21
time=01:03:01.699 level=INFO msg=最終地域情報 名前=コシカケシティ ユーザー登録数=56 アクティブユーザー数=16
time=01:03:01.699 level=INFO msg=最終オーナー情報 名前=椅子のめぐりや 売上=234300 椅子数=17
time=01:03:01.699 level=INFO msg=最終オーナー情報 名前=PulseRide 売上=311100 椅子数=20
time=01:03:01.699 level=INFO msg=最終オーナー情報 名前=ZenSeat 売上=209300 椅子数=16
time=01:03:01.699 level=INFO msg=最終オーナー情報 名前=SwiftCab 売上=131100 椅子数=11
time=01:03:01.699 level=INFO msg=最終オーナー情報 名前=迅行タクシー 売上=209300 椅子数=16
time=01:03:01.699 level=INFO msg=52.1%のライドは椅子がマッチされるまでの時間、41.6%のライドはマッチされた椅子が乗車地点までに掛かる時間、96.8%のライドは椅子の実移動時間に不満がありました
time=01:03:01.699 level=INFO msg=結果 pass=true スコア=11801 種別エラー数=map[]
time=01:03:01.699 level=INFO msg=負荷走行が終了しました
