time=07:07:13.180 level=INFO msg=負荷走行を開始します
time=07:07:19.189 level=INFO msg=一定の売上が立ったためオーナーの椅子が増加します 名前=晴れ道タクシー 増加数=1
time=07:07:19.195 level=INFO msg=一定の売上が立ったためオーナーの椅子が増加します 名前=椅子再生工房 増加数=1
time=07:07:19.195 level=INFO msg=一定の売上が立ったためオーナーの椅子が増加します 名前=ComfortWorks 増加数=1
time=07:07:19.195 level=INFO msg=一定の売上が立ったためオーナーの椅子が増加します 名前=迅行タクシー 増加数=1
time=07:07:19.195 level=INFO msg=一定の売上が立ったためオーナーの椅子が増加します 名前=椅子やいちば 増加数=3
time=07:07:20.989 level=INFO msg=一定の売上が立ったためオーナーの椅子が増加します 名前=晴れ道タクシー 増加数=2
time=07:07:20.996 level=INFO msg=一定の売上が立ったためオーナーの椅子が増加します 名前=迅行タクシー 増加数=2
time=07:07:20.997 level=INFO msg=一定の売上が立ったためオーナーの椅子が増加します 名前=ComfortWorks 増加数=1
time=07:07:20.997 level=INFO msg=一定の売上が立ったためオーナーの椅子が増加します 名前=椅子やいちば 増加数=3
time=07:07:21.005 level=INFO msg=一定の売上が立ったためオーナーの椅子が増加します 名前=椅子再生工房 増加数=2
time=07:07:21.016 level=INFO msg=これまでに地域内の評判によって7人、既存ユーザーの招待経由で49人が新規登録しました
time=07:07:21.016 level=INFO msg=0.0%のライドは椅子がマッチされるまでの時間、65.3%のライドはマッチされた椅子が乗車地点までに掛かる時間、0.0%のライドは椅子の実移動時間に不満がありました
time=07:07:22.788 level=INFO msg=一定の売上が立ったためオーナーの椅子が増加します 名前=晴れ道タクシー 増加数=3
time=07:07:22.795 level=INFO msg=一定の売上が立ったためオーナーの椅子が増加します 名前=迅行タクシー 増加数=2
time=07:07:22.795 level=INFO msg=一定の売上が立ったためオーナーの椅子が増加します 名前=椅子再生工房 増加数=3
time=07:07:22.795 level=INFO msg=一定の売上が立ったためオーナーの椅子が増加します 名前=ComfortWorks 増加数=3
time=07:07:22.795 level=INFO msg=一定の売上が立ったためオーナーの椅子が増加します 名前=椅子やいちば 増加数=4
time=07:07:24.590 level=INFO msg=一定の売上が立ったためオーナーの椅子が増加します 名前=椅子再生工房 増加数=5
time=07:07:24.594 level=INFO msg=一定の売上が立ったためオーナーの椅子が増加します 名前=晴れ道タクシー 増加数=6
time=07:07:24.597 level=INFO msg=一定の売上が立ったためオーナーの椅子が増加します 名前=迅行タクシー 増加数=5
time=07:07:24.597 level=INFO msg=一定の売上が立ったためオーナーの椅子が増加します 名前=椅子やいちば 増加数=6
time=07:07:24.597 level=INFO msg=一定の売上が立ったためオーナーの椅子が増加します 名前=ComfortWorks 増加数=5
time=07:07:26.397 level=INFO msg=一定の売上が立ったためオーナーの椅子が増加します 名前=ComfortWorks 増加数=7
time=07:07:26.397 level=INFO msg=一定の売上が立ったためオーナーの椅子が増加します 名前=椅子やいちば 増加数=10
time=07:07:26.397 level=INFO msg=一定の売上が立ったためオーナーの椅子が増加します 名前=椅子再生工房 増加数=7
time=07:07:26.398 level=INFO msg=一定の売上が立ったためオーナーの椅子が増加します 名前=迅行タクシー 増加数=5
time=07:07:26.403 level=INFO msg=一定の売上が立ったためオーナーの椅子が増加します 名前=晴れ道タクシー 増加数=8
time=07:07:26.417 level=INFO msg=これまでに地域内の評判によって19人、既存ユーザーの招待経由で264人が新規登録しました
time=07:07:26.417 level=INFO msg=0.0%のライドは椅子がマッチされるまでの時間、29.8%のライドはマッチされた椅子が乗車地点までに掛かる時間、0.2%のライドは椅子の実移動時間に不満がありました
time=07:07:28.194 level=INFO msg=一定の売上が立ったためオーナーの椅子が増加します 名前=晴れ道タクシー 増加数=10
time=07:07:28.196 level=INFO msg=一定の売上が立ったためオーナーの椅子が増加します 名前=ComfortWorks 増加数=9
time=07:07:28.196 level=INFO msg=一定の売上が立ったためオーナーの椅子が増加します 名前=椅子再生工房 増加数=11
time=07:07:28.198 level=INFO msg=一定の売上が立ったためオーナーの椅子が増加します 名前=迅行タクシー 増加数=9
time=07:07:28.198 level=INFO msg=一定の売上が立ったためオーナーの椅子が増加します 名前=椅子やいちば 増加数=11
time=07:07:30.031 level=INFO msg=一定の売上が立ったためオーナーの椅子が増加します 名前=晴れ道タクシー 増加数=12
time=07:07:30.032 level=INFO msg=一定の売上が立ったためオーナーの椅子が増加します 名前=椅子再生工房 増加数=11
time=07:07:30.033 level=INFO msg=一定の売上が立ったためオーナーの椅子が増加します 名前=ComfortWorks 増加数=11
time=07:07:30.034 level=INFO msg=一定の売上が立ったためオーナーの椅子が増加します 名前=椅子やいちば 増加数=13
time=07:07:30.035 level=INFO msg=一定の売上が立ったためオーナーの椅子が増加します 名前=迅行タクシー 増加数=11
time=07:07:31.796 level=INFO msg=一定の売上が立ったためオーナーの椅子が増加します 名前=迅行タクシー 増加数=11
time=07:07:31.802 level=INFO msg=一定の売上が立ったためオーナーの椅子が増加します 名前=椅子再生工房 増加数=13
time=07:07:31.807 level=INFO msg=一定の売上が立ったためオーナーの椅子が増加します 名前=椅子やいちば 増加数=14
time=07:07:31.808 level=INFO msg=一定の売上が立ったためオーナーの椅子が増加します 名前=ComfortWorks 増加数=12
time=07:07:31.814 level=INFO msg=一定の売上が立ったためオーナーの椅子が増加します 名前=晴れ道タクシー 増加数=13
time=07:07:31.816 level=INFO msg=これまでに地域内の評判によって33人、既存ユーザーの招待経由で996人が新規登録しました
time=07:07:31.816 level=INFO msg=0.0%のライドは椅子がマッチされるまでの時間、12.2%のライドはマッチされた椅子が乗車地点までに掛かる時間、0.5%のライドは椅子の実移動時間に不満がありました
time=07:07:33.643 level=INFO msg=一定の売上が立ったためオーナーの椅子が増加します 名前=晴れ道タクシー 増加数=13
time=07:07:33.655 level=INFO msg=一定の売上が立ったためオーナーの椅子が増加します 名前=迅行タクシー 増加数=10
time=07:07:33.655 level=INFO msg=一定の売上が立ったためオーナーの椅子が増加します 名前=ComfortWorks 増加数=13
time=07:07:33.655 level=INFO msg=一定の売上が立ったためオーナーの椅子が増加します 名前=椅子再生工房 増加数=12
time=07:07:33.656 level=INFO msg=一定の売上が立ったためオーナーの椅子が増加します 名前=椅子やいちば 増加数=15
time=07:07:35.555 level=INFO msg=一定の売上が立ったためオーナーの椅子が増加します 名前=椅子やいちば 増加数=14
time=07:07:35.558 level=INFO msg=一定の売上が立ったためオーナーの椅子が増加します 名前=迅行タクシー 増加数=12
time=07:07:35.558 level=INFO msg=一定の売上が立ったためオーナーの椅子が増加します 名前=椅子再生工房 増加数=13
time=07:07:35.559 level=INFO msg=一定の売上が立ったためオーナーの椅子が増加します 名前=ComfortWorks 増加数=11
time=07:07:35.559 level=INFO msg=一定の売上が立ったためオーナーの椅子が増加します 名前=晴れ道タクシー 増加数=13
time=07:07:37.318 level=INFO msg=一定の売上が立ったためオーナーの椅子が増加します 名前=椅子再生工房 増加数=14
time=07:07:37.337 level=INFO msg=これまでに地域内の評判によって51人、既存ユーザーの招待経由で1901人が新規登録しました
time=07:07:37.337 level=INFO msg=これまでに低評価なライドによって4人が利用をやめました
time=07:07:37.337 level=INFO msg=11.0%のライドは椅子がマッチされるまでの時間、7.4%のライドはマッチされた椅子が乗車地点までに掛かる時間、15.7%のライドは椅子の実移動時間に不満がありました
time=07:07:37.346 level=INFO msg=一定の売上が立ったためオーナーの椅子が増加します 名前=椅子やいちば 増加数=17
time=07:07:37.346 level=INFO msg=一定の売上が立ったためオーナーの椅子が増加します 名前=迅行タクシー 増加数=10
time=07:07:37.347 level=INFO msg=一定の売上が立ったためオーナーの椅子が増加します 名前=ComfortWorks 増加数=13
time=07:07:37.349 level=INFO msg=一定の売上が立ったためオーナーの椅子が増加します 名前=晴れ道タクシー 増加数=14
time=07:07:39.132 level=INFO msg=一定の売上が立ったためオーナーの椅子が増加します 名前=迅行タクシー 増加数=16
time=07:07:39.132 level=INFO msg=一定の売上が立ったためオーナーの椅子が増加します 名前=ComfortWorks 増加数=16
time=07:07:39.133 level=INFO msg=一定の売上が立ったためオーナーの椅子が増加します 名前=椅子やいちば 増加数=19
time=07:07:39.136 level=INFO msg=一定の売上が立ったためオーナーの椅子が増加します 名前=椅子再生工房 増加数=17
time=07:07:39.136 level=INFO msg=一定の売上が立ったためオーナーの椅子が増加します 名前=晴れ道タクシー 増加数=18
time=07:07:40.926 level=INFO msg=一定の売上が立ったためオーナーの椅子が増加します 名前=晴れ道タクシー 増加数=19
time=07:07:40.953 level=INFO msg=一定の売上が立ったためオーナーの椅子が増加します 名前=迅行タクシー 増加数=17
time=07:07:40.953 level=INFO msg=一定の売上が立ったためオーナーの椅子が増加します 名前=椅子やいちば 増加数=25
time=07:07:40.953 level=INFO msg=一定の売上が立ったためオーナーの椅子が増加します 名前=椅子再生工房 増加数=21
time=07:07:40.954 level=INFO msg=一定の売上が立ったためオーナーの椅子が増加します 名前=ComfortWorks 増加数=19
time=07:07:42.737 level=INFO msg=これまでに地域内の評判によって68人、既存ユーザーの招待経由で2473人が新規登録しました
time=07:07:42.737 level=INFO msg=これまでに低評価なライドによって22人が利用をやめました
time=07:07:42.737 level=INFO msg=45.4%のライドは椅子がマッチされるまでの時間、5.7%のライドはマッチされた椅子が乗車地点までに掛かる時間、23.7%のライドは椅子の実移動時間に不満がありました
time=07:07:42.856 level=INFO msg=一定の売上が立ったためオーナーの椅子が増加します 名前=ComfortWorks 増加数=17
time=07:07:42.858 level=INFO msg=一定の売上が立ったためオーナーの椅子が増加します 名前=椅子再生工房 増加数=20
time=07:07:42.859 level=INFO msg=一定の売上が立ったためオーナーの椅子が増加します 名前=晴れ道タクシー 増加数=20
time=07:07:42.915 level=INFO msg=一定の売上が立ったためオーナーの椅子が増加します 名前=迅行タクシー 増加数=18
time=07:07:44.558 level=INFO msg=一定の売上が立ったためオーナーの椅子が増加します 名前=迅行タクシー 増加数=20
time=07:07:44.558 level=INFO msg=一定の売上が立ったためオーナーの椅子が増加します 名前=ComfortWorks 増加数=21
time=07:07:44.558 level=INFO msg=一定の売上が立ったためオーナーの椅子が増加します 名前=椅子やいちば 増加数=49
time=07:07:46.414 level=INFO msg=一定の売上が立ったためオーナーの椅子が増加します 名前=椅子再生工房 増加数=46
time=07:07:46.417 level=INFO msg=一定の売上が立ったためオーナーの椅子が増加します 名前=晴れ道タクシー 増加数=49
time=07:07:48.136 level=INFO msg=これまでに地域内の評判によって86人、既存ユーザーの招待経由で2758人が新規登録しました
time=07:07:48.136 level=INFO msg=これまでに低評価なライドによって51人が利用をやめました
time=07:07:48.136 level=INFO msg=63.9%のライドは椅子がマッチされるまでの時間、4.4%のライドはマッチされた椅子が乗車地点までに掛かる時間、29.9%のライドは椅子の実移動時間に不満がありました
time=07:07:48.165 level=INFO msg=一定の売上が立ったためオーナーの椅子が増加します 名前=迅行タクシー 増加数=42
time=07:07:48.165 level=INFO msg=一定の売上が立ったためオーナーの椅子が増加します 名前=ComfortWorks 増加数=45
time=07:07:50.294 level=INFO msg=一定の売上が立ったためオーナーの椅子が増加します 名前=椅子やいちば 増加数=74
time=07:07:52.057 level=INFO msg=一定の売上が立ったためオーナーの椅子が増加します 名前=椅子再生工房 増加数=74
time=07:07:54.167 level=INFO msg=これまでに地域内の評判によって104人、既存ユーザーの招待経由で3078人が新規登録しました
time=07:07:54.167 level=INFO msg=これまでに低評価なライドによって81人が利用をやめました
time=07:07:54.167 level=INFO msg=74.0%のライドは椅子がマッチされるまでの時間、3.8%のライドはマッチされた椅子が乗車地点までに掛かる時間、35.1%のライドは椅子の実移動時間に不満がありました
time=07:07:54.182 level=INFO msg=一定の売上が立ったためオーナーの椅子が増加します 名前=晴れ道タクシー 増加数=108
time=07:07:54.225 level=INFO msg=一定の売上が立ったためオーナーの椅子が増加します 名前=ComfortWorks 増加数=80
time=07:07:54.228 level=INFO msg=一定の売上が立ったためオーナーの椅子が増加します 名前=迅行タクシー 増加数=75
time=07:07:55.503 level=WARN msg="取得した付近の椅子情報に不備があります (CODE=30): ID:01M33059J8CD8BBQ62H7R4CKDFの椅子は既にライド中です"
time=07:07:55.503 level=WARN msg="取得した付近の椅子情報に不備があります (CODE=30): ID:01M33059J8CD8BBQ62H7R4CKDFの椅子は既にライド中です"
time=07:07:55.503 level=WARN msg="取得した付近の椅子情報に不備があります (CODE=30): ID:01M33059J8CD8BBQ62H7R4CKDFの椅子は既にライド中です"
time=07:07:55.504 level=WARN msg="取得した付近の椅子情報に不備があります (CODE=30): ID:01M33059J8CD8BBQ62H7R4CKDFの椅子は既にライド中です"
time=07:07:55.505 level=WARN msg="取得した付近の椅子情報に不備があります (CODE=30): ID:01M33059J8CD8BBQ62H7R4CKDFの椅子は既にライド中です"
time=07:07:55.506 level=WARN msg="取得した付近の椅子情報に不備があります (CODE=30): ID:01M33059J8CD8BBQ62H7R4CKDFの椅子は既にライド中です"
time=07:07:55.507 level=WARN msg="取得した付近の椅子情報に不備があります (CODE=30): ID:01M33059J8CD8BBQ62H7R4CKDFの椅子は既にライド中です"
time=07:07:55.507 level=WARN msg="取得した付近の椅子情報に不備があります (CODE=30): ID:01M33059J8CD8BBQ62H7R4CKDFの椅子は既にライド中です"
time=07:07:55.508 level=WARN msg="取得した付近の椅子情報に不備があります (CODE=30): ID:01M33059J8CD8BBQ62H7R4CKDFの椅子は既にライド中です"
time=07:07:59.626 level=INFO msg=これまでに地域内の評判によって122人、既存ユーザーの招待経由で3210人が新規登録しました
time=07:07:59.626 level=INFO msg=これまでに低評価なライドによって112人が利用をやめました
time=07:07:59.626 level=INFO msg=79.2%のライドは椅子がマッチされるまでの時間、3.5%のライドはマッチされた椅子が乗車地点までに掛かる時間、38.5%のライドは椅子の実移動時間に不満がありました
time=07:08:01.517 level=INFO msg=一定の売上が立ったためオーナーの椅子が増加します 名前=椅子やいちば 増加数=175
time=07:08:01.972 level=WARN msg="取得した付近の椅子情報に不備があります (CODE=30): ID:01M3305XP905JEZM8TVQV4GP4Kの椅子は既にライド中です"
time=07:08:01.973 level=WARN msg="取得した付近の椅子情報に不備があります (CODE=30): ID:01M3305XP905JEZM8TVQV4GP4Kの椅子は既にライド中です"
time=07:08:01.975 level=WARN msg="取得した付近の椅子情報に不備があります (CODE=30): ID:01M3305XP905JEZM8TVQV4GP4Kの椅子は既にライド中です"
time=07:08:01.976 level=WARN msg="取得した付近の椅子情報に不備があります (CODE=30): ID:01M3305XP905JEZM8TVQV4GP4Kの椅子は既にライド中です"
time=07:08:02.019 level=WARN msg="取得した付近の椅子情報に不備があります (CODE=30): ID:01M3304YRMNFV192TD2Y874CAJの椅子は既にライド中です"
time=07:08:02.024 level=WARN msg="取得した付近の椅子情報に不備があります (CODE=30): ID:01M3304YRMNFV192TD2Y874CAJの椅子は既にライド中です"
time=07:08:02.026 level=WARN msg="取得した付近の椅子情報に不備があります (CODE=30): ID:01M3305XP905JEZM8TVQV4GP4Kの椅子は既にライド中です"
time=07:08:03.289 level=INFO msg=一定の売上が立ったためオーナーの椅子が増加します 名前=椅子再生工房 増加数=165
time=07:08:05.537 level=INFO msg=これまでに地域内の評判によって140人、既存ユーザーの招待経由で3297人が新規登録しました
time=07:08:05.537 level=INFO msg=これまでに低評価なライドによって141人が利用をやめました
time=07:08:05.537 level=INFO msg=83.1%のライドは椅子がマッチされるまでの時間、3.1%のライドはマッチされた椅子が乗車地点までに掛かる時間、41.7%のライドは椅子の実移動時間に不満がありました
time=07:08:08.825 level=WARN msg="取得した付近の椅子情報に不備があります (CODE=30): ID:01M3305TJJ38DFN3TXFM6WC36Qの椅子は既にライド中です"
time=07:08:09.978 level=INFO msg=一定の売上が立ったためオーナーの椅子が増加します 名前=ComfortWorks 増加数=214
time=07:08:09.989 level=INFO msg=一定の売上が立ったためオーナーの椅子が増加します 名前=迅行タクシー 増加数=196
time=07:08:10.265 level=WARN msg="取得した付近の椅子情報に不備があります (CODE=30): ID:01M33065AH6CJBWW08D0JCRBRRの椅子は既にライド中です"
time=07:08:10.266 level=WARN msg="取得した付近の椅子情報に不備があります (CODE=30): ID:01M33065AH6CJBWW08D0JCRBRRの椅子は既にライド中です"
time=07:08:10.266 level=WARN msg="取得した付近の椅子情報に不備があります (CODE=30): ID:01M33065AH6CJBWW08D0JCRBRRの椅子は既にライド中です"
time=07:08:10.268 level=WARN msg="取得した付近の椅子情報に不備があります (CODE=30): ID:01M3305QE1NAPHRPXA7N94DHMMの椅子は既にライド中です"
time=07:08:10.269 level=WARN msg="取得した付近の椅子情報に不備があります (CODE=30): ID:01M33065AH6CJBWW08D0JCRBRRの椅子は既にライド中です"
time=07:08:10.269 level=WARN msg="取得した付近の椅子情報に不備があります (CODE=30): ID:01M33065AH6CJBWW08D0JCRBRRの椅子は既にライド中です"
time=07:08:10.270 level=WARN msg="取得した付近の椅子情報に不備があります (CODE=30): ID:01M3305TERV4EBTY6NXXQZ3G07の椅子は既にライド中です"
time=07:08:10.270 level=WARN msg="取得した付近の椅子情報に不備があります (CODE=30): ID:01M3305TERV4EBTY6NXXQZ3G07の椅子は既にライド中です"
time=07:08:10.275 level=WARN msg="取得した付近の椅子情報に不備があります (CODE=30): ID:01M3305TERV4EBTY6NXXQZ3G07の椅子は既にライド中です"
time=07:08:10.276 level=WARN msg="取得した付近の椅子情報に不備があります (CODE=30): ID:01M3305TERV4EBTY6NXXQZ3G07の椅子は既にライド中です"
time=07:08:10.440 level=WARN msg="取得した付近の椅子情報に不備があります (CODE=30): ID:01M3305HND5SZTXRAPZRJ1KPGXの椅子は既にライド中です"
time=07:08:11.517 level=WARN msg="取得した付近の椅子情報に不備があります (CODE=30): ID:01M33055WNVC1BWSE4CYK8HS0Cの椅子は既にライド中です"
time=07:08:11.517 level=WARN msg="取得した付近の椅子情報に不備があります (CODE=30): ID:01M33055WNVC1BWSE4CYK8HS0Cの椅子は既にライド中です"
time=07:08:11.519 level=WARN msg="取得した付近の椅子情報に不備があります (CODE=30): ID:01M33055WNVC1BWSE4CYK8HS0Cの椅子は既にライド中です"
time=07:08:11.521 level=WARN msg="取得した付近の椅子情報に不備があります (CODE=30): ID:01M33055WNVC1BWSE4CYK8HS0Cの椅子は既にライド中です"
time=07:08:11.523 level=WARN msg="取得した付近の椅子情報に不備があります (CODE=30): ID:01M33055WNVC1BWSE4CYK8HS0Cの椅子は既にライド中です"
time=07:08:11.524 level=WARN msg="取得した付近の椅子情報に不備があります (CODE=30): ID:01M33055WNVC1BWSE4CYK8HS0Cの椅子は既にライド中です"
time=07:08:12.077 level=INFO msg=これまでに地域内の評判によって158人、既存ユーザーの招待経由で3403人が新規登録しました
time=07:08:12.077 level=INFO msg=これまでに低評価なライドによって158人が利用をやめました
time=07:08:12.077 level=INFO msg=85.0%のライドは椅子がマッチされるまでの時間、3.0%のライドはマッチされた椅子が乗車地点までに掛かる時間、44.1%のライドは椅子の実移動時間に不満がありました
time=07:08:14.404 level=WARN msg="取得した付近の椅子情報に不備があります (CODE=30): ID:01M3305PQKDE86YFN3SAHTJRC1の椅子は既にライド中です"
time=07:08:15.282 level=WARN msg="取得した付近の椅子情報に不備があります (CODE=30): ID:01M3305KFPYP6M54HESJFM1Y76の椅子は既にライド中です"
time=07:08:15.705 level=WARN msg="取得した付近の椅子情報に不備があります (CODE=30): ID:01M3305TJJ38DFN3TXFM6WC36Qの椅子は既にライド中です"
time=07:08:15.707 level=WARN msg="取得した付近の椅子情報に不備があります (CODE=30): ID:01M3305TJJ38DFN3TXFM6WC36Qの椅子は既にライド中です"
time=07:08:15.707 level=WARN msg="取得した付近の椅子情報に不備があります (CODE=30): ID:01M3305MCJTEQ9CSR7AMTBQRQ8の椅子は既にライド中です"
time=07:08:15.708 level=WARN msg="取得した付近の椅子情報に不備があります (CODE=30): ID:01M3305MCJTEQ9CSR7AMTBQRQ8の椅子は既にライド中です"
time=07:08:15.708 level=WARN msg="取得した付近の椅子情報に不備があります (CODE=30): ID:01M3306AHQ2F020637KJ84R5EPの椅子は既にライド中です"
time=07:08:15.709 level=WARN msg="取得した付近の椅子情報に不備があります (CODE=30): ID:01M3305TJJ38DFN3TXFM6WC36Qの椅子は既にライド中です"
time=07:08:15.710 level=WARN msg="取得した付近の椅子情報に不備があります (CODE=30): ID:01M3305TJJ38DFN3TXFM6WC36Qの椅子は既にライド中です"
time=07:08:15.710 level=WARN msg="取得した付近の椅子情報に不備があります (CODE=30): ID:01M3306A2VDQNMGBHV4N26358Yの椅子は既にライド中です"
time=07:08:15.711 level=WARN msg="取得した付近の椅子情報に不備があります (CODE=30): ID:01M3305TJJ38DFN3TXFM6WC36Qの椅子は既にライド中です"
time=07:08:15.713 level=WARN msg="取得した付近の椅子情報に不備があります (CODE=30): ID:01M3306A2VDQNMGBHV4N26358Yの椅子は既にライド中です"
time=07:08:15.713 level=WARN msg="取得した付近の椅子情報に不備があります (CODE=30): ID:01M3305MCJTEQ9CSR7AMTBQRQ8の椅子は既にライド中です"
time=07:08:15.713 level=WARN msg="取得した付近の椅子情報に不備があります (CODE=30): ID:01M3305MCJTEQ9CSR7AMTBQRQ8の椅子は既にライド中です"
time=07:08:15.713 level=WARN msg="取得した付近の椅子情報に不備があります (CODE=30): ID:01M3305MCJTEQ9CSR7AMTBQRQ8の椅子は既にライド中です"
time=07:08:15.713 level=WARN msg="取得した付近の椅子情報に不備があります (CODE=30): ID:01M3305MCJTEQ9CSR7AMTBQRQ8の椅子は既にライド中です"
time=07:08:15.714 level=WARN msg="取得した付近の椅子情報に不備があります (CODE=30): ID:01M3305MCJTEQ9CSR7AMTBQRQ8の椅子は既にライド中です"
time=07:08:15.714 level=WARN msg="取得した付近の椅子情報に不備があります (CODE=30): ID:01M3305MCJTEQ9CSR7AMTBQRQ8の椅子は既にライド中です"
time=07:08:15.714 level=WARN msg="取得した付近の椅子情報に不備があります (CODE=30): ID:01M3305TJJ38DFN3TXFM6WC36Qの椅子は既にライド中です"
time=07:08:15.715 level=WARN msg="取得した付近の椅子情報に不備があります (CODE=30): ID:01M3305TJJ38DFN3TXFM6WC36Qの椅子は既にライド中です"
time=07:08:15.716 level=WARN msg="取得した付近の椅子情報に不備があります (CODE=30): ID:01M3305TJJ38DFN3TXFM6WC36Qの椅子は既にライド中です"
time=07:08:15.716 level=WARN msg="取得した付近の椅子情報に不備があります (CODE=30): ID:01M3305D464MBKPFZMJC4815MVの椅子は既にライド中です"
time=07:08:15.716 level=WARN msg="取得した付近の椅子情報に不備があります (CODE=30): ID:01M3305MCJTEQ9CSR7AMTBQRQ8の椅子は既にライド中です"
time=07:08:15.717 level=WARN msg="取得した付近の椅子情報に不備があります (CODE=30): ID:01M3306A2VDQNMGBHV4N26358Yの椅子は既にライド中です"
time=07:08:15.717 level=WARN msg="取得した付近の椅子情報に不備があります (CODE=30): ID:01M3305TJJ38DFN3TXFM6WC36Qの椅子は既にライド中です"
time=07:08:15.722 level=WARN msg="取得した付近の椅子情報に不備があります (CODE=30): ID:01M3305TJJ38DFN3TXFM6WC36Qの椅子は既にライド中です"
time=07:08:15.724 level=WARN msg="取得した付近の椅子情報に不備があります (CODE=30): ID:01M3305TJJ38DFN3TXFM6WC36Qの椅子は既にライド中です"
time=07:08:15.725 level=WARN msg="取得した付近の椅子情報に不備があります (CODE=30): ID:01M3305TJJ38DFN3TXFM6WC36Qの椅子は既にライド中です"
time=07:08:15.726 level=WARN msg="取得した付近の椅子情報に不備があります (CODE=30): ID:01M3306A2VDQNMGBHV4N26358Yの椅子は既にライド中です"
time=07:08:20.617 level=INFO msg=最終地域情報 名前=チェアタウン ユーザー登録数=2229 アクティブユーザー数=2121
time=07:08:20.617 level=INFO msg=最終地域情報 名前=コシカケシティ ユーザー登録数=1523 アクティブユーザー数=1449
time=07:08:20.617 level=INFO msg=最終オーナー情報 名前=ComfortWorks 売上=22002400 椅子数=502
time=07:08:20.617 level=INFO msg=最終オーナー情報 名前=迅行タクシー 売上=20459000 椅子数=466
time=07:08:20.617 level=INFO msg=最終オーナー情報 名前=晴れ道タクシー 売上=22876000 椅子数=313
time=07:08:20.617 level=INFO msg=最終オーナー情報 名前=椅子再生工房 売上=23539400 椅子数=439
time=07:08:20.617 level=INFO msg=最終オーナー情報 名前=椅子やいちば 売上=25654900 椅子数=456
time=07:08:20.617 level=INFO msg=85.3%のライドは椅子がマッチされるまでの時間、3.0%のライドはマッチされた椅子が乗車地点までに掛かる時間、46.3%のライドは椅子の実移動時間に不満がありました
time=07:08:20.619 level=INFO msg=結果 pass=true スコア=1208796 種別エラー数=map[30:63]
time=07:08:20.619 level=INFO msg=負荷走行が終了しました
