time=02:42:22.673 level=INFO msg=負荷走行を開始します
time=02:42:28.631 level=INFO msg=一定の売上が立ったためオーナーの椅子が増加します 名前=ひまわり交通 増加数=1
time=02:42:28.632 level=INFO msg=一定の売上が立ったためオーナーの椅子が増加します 名前=快旅タクシー 増加数=2
time=02:42:28.632 level=INFO msg=一定の売上が立ったためオーナーの椅子が増加します 名前="Timeless Seats" 増加数=1
time=02:42:30.432 level=INFO msg=一定の売上が立ったためオーナーの椅子が増加します 名前=レトロ椅子館 増加数=2
time=02:42:30.433 level=INFO msg=一定の売上が立ったためオーナーの椅子が増加します 名前="Timeless Seats" 増加数=2
time=02:42:30.434 level=INFO msg=一定の売上が立ったためオーナーの椅子が増加します 名前="Skyline Taxis" 増加数=2
time=02:42:30.434 level=INFO msg=一定の売上が立ったためオーナーの椅子が増加します 名前=快旅タクシー 増加数=1
time=02:42:30.435 level=INFO msg=一定の売上が立ったためオーナーの椅子が増加します 名前=ひまわり交通 増加数=2
time=02:42:30.456 level=INFO msg=これまでに地域内の評判によって11人、既存ユーザーの招待経由で44人が新規登録しました
time=02:42:30.456 level=INFO msg=0.0%のライドは椅子がマッチされるまでの時間、62.2%のライドはマッチされた椅子が乗車地点までに掛かる時間、0.0%のライドは椅子の実移動時間に不満がありました
time=02:42:32.234 level=INFO msg=一定の売上が立ったためオーナーの椅子が増加します 名前=ひまわり交通 増加数=3
time=02:42:32.236 level=INFO msg=一定の売上が立ったためオーナーの椅子が増加します 名前="Skyline Taxis" 増加数=2
time=02:42:32.236 level=INFO msg=一定の売上が立ったためオーナーの椅子が増加します 名前=快旅タクシー 増加数=3
time=02:42:32.237 level=INFO msg=一定の売上が立ったためオーナーの椅子が増加します 名前="Timeless Seats" 増加数=3
time=02:42:32.237 level=INFO msg=一定の売上が立ったためオーナーの椅子が増加します 名前=レトロ椅子館 増加数=2
time=02:42:34.037 level=INFO msg=一定の売上が立ったためオーナーの椅子が増加します 名前=ひまわり交通 増加数=5
time=02:42:34.038 level=INFO msg=一定の売上が立ったためオーナーの椅子が増加します 名前="Skyline Taxis" 増加数=4
time=02:42:34.039 level=INFO msg=一定の売上が立ったためオーナーの椅子が増加します 名前="Timeless Seats" 増加数=3
time=02:42:34.040 level=INFO msg=一定の売上が立ったためオーナーの椅子が増加します 名前=快旅タクシー 増加数=4
time=02:42:34.043 level=INFO msg=一定の売上が立ったためオーナーの椅子が増加します 名前=レトロ椅子館 増加数=3
time=02:42:35.842 level=INFO msg=一定の売上が立ったためオーナーの椅子が増加します 名前="Timeless Seats" 増加数=5
time=02:42:35.843 level=INFO msg=一定の売上が立ったためオーナーの椅子が増加します 名前=快旅タクシー 増加数=5
time=02:42:35.843 level=INFO msg=一定の売上が立ったためオーナーの椅子が増加します 名前=ひまわり交通 増加数=5
time=02:42:35.845 level=INFO msg=一定の売上が立ったためオーナーの椅子が増加します 名前=レトロ椅子館 増加数=4
time=02:42:35.845 level=INFO msg=一定の売上が立ったためオーナーの椅子が増加します 名前="Skyline Taxis" 増加数=6
time=02:42:35.855 level=INFO msg=これまでに地域内の評判によって20人、既存ユーザーの招待経由で204人が新規登録しました
time=02:42:35.855 level=INFO msg=10.8%のライドは椅子がマッチされるまでの時間、19.3%のライドはマッチされた椅子が乗車地点までに掛かる時間、0.2%のライドは椅子の実移動時間に不満がありました
time=02:42:37.657 level=INFO msg=一定の売上が立ったためオーナーの椅子が増加します 名前=レトロ椅子館 増加数=6
time=02:42:37.662 level=INFO msg=一定の売上が立ったためオーナーの椅子が増加します 名前=快旅タクシー 増加数=7
time=02:42:37.662 level=INFO msg=一定の売上が立ったためオーナーの椅子が増加します 名前="Timeless Seats" 増加数=8
time=02:42:37.667 level=INFO msg=一定の売上が立ったためオーナーの椅子が増加します 名前="Skyline Taxis" 増加数=5
time=02:42:37.667 level=INFO msg=一定の売上が立ったためオーナーの椅子が増加します 名前=ひまわり交通 増加数=8
time=02:42:39.472 level=INFO msg=一定の売上が立ったためオーナーの椅子が増加します 名前=レトロ椅子館 増加数=6
time=02:42:39.473 level=INFO msg=一定の売上が立ったためオーナーの椅子が増加します 名前=快旅タクシー 増加数=8
time=02:42:39.475 level=INFO msg=一定の売上が立ったためオーナーの椅子が増加します 名前="Skyline Taxis" 増加数=9
time=02:42:39.476 level=INFO msg=一定の売上が立ったためオーナーの椅子が増加します 名前="Timeless Seats" 増加数=8
time=02:42:39.481 level=INFO msg=一定の売上が立ったためオーナーの椅子が増加します 名前=ひまわり交通 増加数=10
time=02:42:41.255 level=INFO msg=これまでに地域内の評判によって32人、既存ユーザーの招待経由で662人が新規登録しました
time=02:42:41.255 level=INFO msg=21.2%のライドは椅子がマッチされるまでの時間、6.2%のライドはマッチされた椅子が乗車地点までに掛かる時間、0.3%のライドは椅子の実移動時間に不満がありました
time=02:42:41.279 level=INFO msg=一定の売上が立ったためオーナーの椅子が増加します 名前=レトロ椅子館 増加数=9
time=02:42:41.288 level=INFO msg=一定の売上が立ったためオーナーの椅子が増加します 名前="Timeless Seats" 増加数=9
time=02:42:41.292 level=INFO msg=一定の売上が立ったためオーナーの椅子が増加します 名前="Skyline Taxis" 増加数=8
time=02:42:41.299 level=INFO msg=一定の売上が立ったためオーナーの椅子が増加します 名前=ひまわり交通 増加数=10
time=02:42:41.301 level=INFO msg=一定の売上が立ったためオーナーの椅子が増加します 名前=快旅タクシー 増加数=9
time=02:42:43.359 level=INFO msg=一定の売上が立ったためオーナーの椅子が増加します 名前=レトロ椅子館 増加数=8
time=02:42:43.391 level=INFO msg=一定の売上が立ったためオーナーの椅子が増加します 名前="Skyline Taxis" 増加数=8
time=02:42:43.391 level=INFO msg=一定の売上が立ったためオーナーの椅子が増加します 名前="Timeless Seats" 増加数=9
time=02:42:43.401 level=INFO msg=一定の売上が立ったためオーナーの椅子が増加します 名前=快旅タクシー 増加数=9
time=02:42:43.411 level=INFO msg=一定の売上が立ったためオーナーの椅子が増加します 名前=ひまわり交通 増加数=9
time=02:42:45.185 level=INFO msg=一定の売上が立ったためオーナーの椅子が増加します 名前=レトロ椅子館 増加数=7
time=02:42:45.225 level=INFO msg=一定の売上が立ったためオーナーの椅子が増加します 名前=ひまわり交通 増加数=9
time=02:42:45.228 level=INFO msg=一定の売上が立ったためオーナーの椅子が増加します 名前="Timeless Seats" 増加数=7
time=02:42:45.251 level=INFO msg=一定の売上が立ったためオーナーの椅子が増加します 名前=快旅タクシー 増加数=7
time=02:42:45.253 level=INFO msg=一定の売上が立ったためオーナーの椅子が増加します 名前="Skyline Taxis" 増加数=7
time=02:42:46.745 level=INFO msg=これまでに地域内の評判によって44人、既存ユーザーの招待経由で1248人が新規登録しました
time=02:42:46.745 level=INFO msg=34.5%のライドは椅子がマッチされるまでの時間、3.3%のライドはマッチされた椅子が乗車地点までに掛かる時間、1.4%のライドは椅子の実移動時間に不満がありました
time=02:42:47.103 level=INFO msg=一定の売上が立ったためオーナーの椅子が増加します 名前=レトロ椅子館 増加数=6
time=02:42:47.112 level=INFO msg=一定の売上が立ったためオーナーの椅子が増加します 名前=ひまわり交通 増加数=8
time=02:42:47.118 level=INFO msg=一定の売上が立ったためオーナーの椅子が増加します 名前="Skyline Taxis" 増加数=7
time=02:42:47.153 level=INFO msg=一定の売上が立ったためオーナーの椅子が増加します 名前="Timeless Seats" 増加数=8
time=02:42:47.155 level=INFO msg=一定の売上が立ったためオーナーの椅子が増加します 名前=快旅タクシー 増加数=6
time=02:42:48.710 level=INFO msg=一定の売上が立ったためオーナーの椅子が増加します 名前=レトロ椅子館 増加数=9
time=02:42:48.717 level=INFO msg=一定の売上が立ったためオーナーの椅子が増加します 名前="Skyline Taxis" 増加数=9
time=02:42:48.718 level=INFO msg=一定の売上が立ったためオーナーの椅子が増加します 名前="Timeless Seats" 増加数=9
time=02:42:48.722 level=INFO msg=一定の売上が立ったためオーナーの椅子が増加します 名前=快旅タクシー 増加数=12
time=02:42:48.742 level=INFO msg=一定の売上が立ったためオーナーの椅子が増加します 名前=ひまわり交通 増加数=10
time=02:42:50.841 level=INFO msg=一定の売上が立ったためオーナーの椅子が増加します 名前=レトロ椅子館 増加数=6
time=02:42:50.862 level=INFO msg=一定の売上が立ったためオーナーの椅子が増加します 名前="Skyline Taxis" 増加数=9
time=02:42:50.871 level=INFO msg=一定の売上が立ったためオーナーの椅子が増加します 名前="Timeless Seats" 増加数=7
time=02:42:50.873 level=INFO msg=一定の売上が立ったためオーナーの椅子が増加します 名前=快旅タクシー 増加数=7
time=02:42:50.907 level=INFO msg=一定の売上が立ったためオーナーの椅子が増加します 名前=ひまわり交通 増加数=8
time=02:42:52.145 level=INFO msg=これまでに地域内の評判によって56人、既存ユーザーの招待経由で1753人が新規登録しました
time=02:42:52.145 level=INFO msg=これまでに低評価なライドによって2人が利用をやめました
time=02:42:52.145 level=INFO msg=55.7%のライドは椅子がマッチされるまでの時間、2.3%のライドはマッチされた椅子が乗車地点までに掛かる時間、8.3%のライドは椅子の実移動時間に不満がありました
time=02:42:52.432 level=INFO msg=一定の売上が立ったためオーナーの椅子が増加します 名前=レトロ椅子館 増加数=9
time=02:42:52.485 level=INFO msg=一定の売上が立ったためオーナーの椅子が増加します 名前="Skyline Taxis" 増加数=11
time=02:42:52.602 level=INFO msg=一定の売上が立ったためオーナーの椅子が増加します 名前="Timeless Seats" 増加数=12
time=02:42:52.604 level=INFO msg=一定の売上が立ったためオーナーの椅子が増加します 名前=快旅タクシー 増加数=11
time=02:42:52.643 level=INFO msg=一定の売上が立ったためオーナーの椅子が増加します 名前=ひまわり交通 増加数=13
time=02:42:54.383 level=INFO msg=一定の売上が立ったためオーナーの椅子が増加します 名前="Timeless Seats" 増加数=7
time=02:42:54.405 level=INFO msg=一定の売上が立ったためオーナーの椅子が増加します 名前=快旅タクシー 増加数=7
time=02:42:54.431 level=INFO msg=一定の売上が立ったためオーナーの椅子が増加します 名前=レトロ椅子館 増加数=6
time=02:42:54.435 level=INFO msg=一定の売上が立ったためオーナーの椅子が増加します 名前="Skyline Taxis" 増加数=6
time=02:42:54.495 level=INFO msg=一定の売上が立ったためオーナーの椅子が増加します 名前=ひまわり交通 増加数=9
time=02:42:56.392 level=INFO msg=一定の売上が立ったためオーナーの椅子が増加します 名前=レトロ椅子館 増加数=10
time=02:42:56.416 level=INFO msg=一定の売上が立ったためオーナーの椅子が増加します 名前="Timeless Seats" 増加数=12
time=02:42:56.435 level=INFO msg=一定の売上が立ったためオーナーの椅子が増加します 名前=ひまわり交通 増加数=12
time=02:42:56.451 level=INFO msg=一定の売上が立ったためオーナーの椅子が増加します 名前="Skyline Taxis" 増加数=13
time=02:42:56.458 level=INFO msg=一定の売上が立ったためオーナーの椅子が増加します 名前=快旅タクシー 増加数=12
time=02:42:57.545 level=INFO msg=これまでに地域内の評判によって69人、既存ユーザーの招待経由で2134人が新規登録しました
time=02:42:57.545 level=INFO msg=これまでに低評価なライドによって2人が利用をやめました
time=02:42:57.545 level=INFO msg=68.3%のライドは椅子がマッチされるまでの時間、1.7%のライドはマッチされた椅子が乗車地点までに掛かる時間、13.5%のライドは椅子の実移動時間に不満がありました
time=02:42:58.493 level=INFO msg=一定の売上が立ったためオーナーの椅子が増加します 名前=レトロ椅子館 増加数=8
time=02:42:58.500 level=INFO msg=一定の売上が立ったためオーナーの椅子が増加します 名前=快旅タクシー 増加数=12
time=02:42:58.540 level=INFO msg=一定の売上が立ったためオーナーの椅子が増加します 名前=ひまわり交通 増加数=14
time=02:42:58.541 level=INFO msg=一定の売上が立ったためオーナーの椅子が増加します 名前="Skyline Taxis" 増加数=9
time=02:42:58.542 level=INFO msg=一定の売上が立ったためオーナーの椅子が増加します 名前="Timeless Seats" 増加数=11
time=02:43:02.434 level=INFO msg=一定の売上が立ったためオーナーの椅子が増加します 名前=レトロ椅子館 増加数=19
time=02:43:02.444 level=INFO msg=一定の売上が立ったためオーナーの椅子が増加します 名前=ひまわり交通 増加数=23
time=02:43:02.450 level=INFO msg=一定の売上が立ったためオーナーの椅子が増加します 名前="Skyline Taxis" 増加数=19
time=02:43:02.780 level=INFO msg=一定の売上が立ったためオーナーの椅子が増加します 名前=快旅タクシー 増加数=19
time=02:43:02.945 level=INFO msg=これまでに地域内の評判によって86人、既存ユーザーの招待経由で2411人が新規登録しました
time=02:43:02.945 level=INFO msg=これまでに低評価なライドによって3人が利用をやめました
time=02:43:02.945 level=INFO msg=76.1%のライドは椅子がマッチされるまでの時間、1.3%のライドはマッチされた椅子が乗車地点までに掛かる時間、19.4%のライドは椅子の実移動時間に不満がありました
time=02:43:02.952 level=INFO msg=一定の売上が立ったためオーナーの椅子が増加します 名前="Timeless Seats" 増加数=20
time=02:43:05.962 level=INFO msg=一定の売上が立ったためオーナーの椅子が増加します 名前=レトロ椅子館 増加数=21
time=02:43:05.994 level=INFO msg=一定の売上が立ったためオーナーの椅子が増加します 名前="Skyline Taxis" 増加数=24
time=02:43:05.995 level=INFO msg=一定の売上が立ったためオーナーの椅子が増加します 名前="Timeless Seats" 増加数=27
time=02:43:06.092 level=INFO msg=一定の売上が立ったためオーナーの椅子が増加します 名前=快旅タクシー 増加数=28
time=02:43:06.113 level=INFO msg=一定の売上が立ったためオーナーの椅子が増加します 名前=ひまわり交通 増加数=29
time=02:43:09.095 level=INFO msg=これまでに地域内の評判によって104人、既存ユーザーの招待経由で2692人が新規登録しました
time=02:43:09.095 level=INFO msg=これまでに低評価なライドによって10人が利用をやめました
time=02:43:09.095 level=INFO msg=81.0%のライドは椅子がマッチされるまでの時間、1.2%のライドはマッチされた椅子が乗車地点までに掛かる時間、22.8%のライドは椅子の実移動時間に不満がありました
time=02:43:09.983 level=INFO msg=一定の売上が立ったためオーナーの椅子が増加します 名前=レトロ椅子館 増加数=19
time=02:43:10.034 level=INFO msg=一定の売上が立ったためオーナーの椅子が増加します 名前="Skyline Taxis" 増加数=21
time=02:43:12.192 level=INFO msg=一定の売上が立ったためオーナーの椅子が増加します 名前=快旅タクシー 増加数=35
time=02:43:12.200 level=INFO msg=一定の売上が立ったためオーナーの椅子が増加します 名前="Timeless Seats" 増加数=35
time=02:43:12.230 level=INFO msg=一定の売上が立ったためオーナーの椅子が増加します 名前=ひまわり交通 増加数=38
time=02:43:14.495 level=INFO msg=これまでに地域内の評判によって122人、既存ユーザーの招待経由で2804人が新規登録しました
time=02:43:14.495 level=INFO msg=これまでに低評価なライドによって22人が利用をやめました
time=02:43:14.495 level=INFO msg=84.3%のライドは椅子がマッチされるまでの時間、1.1%のライドはマッチされた椅子が乗車地点までに掛かる時間、27.0%のライドは椅子の実移動時間に不満がありました
time=02:43:16.098 level=INFO msg=一定の売上が立ったためオーナーの椅子が増加します 名前=レトロ椅子館 増加数=34
time=02:43:16.353 level=INFO msg=一定の売上が立ったためオーナーの椅子が増加します 名前="Skyline Taxis" 増加数=35
time=02:43:16.514 level=WARN msg="取得した付近の椅子情報に不備があります (CODE=30): ID:01M32H0JR8QW8X7WZ2EQMY5RXWの椅子は既にライド中です"
time=02:43:16.521 level=WARN msg="取得した付近の椅子情報に不備があります (CODE=30): ID:01M32H0JR038YH7SV5T627DQBZの椅子は既にライド中です"
time=02:43:19.501 level=INFO msg=一定の売上が立ったためオーナーの椅子が増加します 名前=快旅タクシー 増加数=51
time=02:43:19.531 level=INFO msg=一定の売上が立ったためオーナーの椅子が増加します 名前="Timeless Seats" 増加数=47
time=02:43:19.547 level=WARN msg="取得した付近の椅子情報に不備があります (CODE=30): ID:01M32H16Q7S50GX9KQ5DQDSYPDの椅子は既にライド中です"
time=02:43:19.559 level=INFO msg=一定の売上が立ったためオーナーの椅子が増加します 名前=ひまわり交通 増加数=55
time=02:43:19.895 level=INFO msg=これまでに地域内の評判によって136人、既存ユーザーの招待経由で2910人が新規登録しました
time=02:43:19.895 level=INFO msg=これまでに低評価なライドによって53人が利用をやめました
time=02:43:19.895 level=INFO msg=86.5%のライドは椅子がマッチされるまでの時間、1.0%のライドはマッチされた椅子が乗車地点までに掛かる時間、30.2%のライドは椅子の実移動時間に不満がありました
time=02:43:25.161 level=INFO msg=一定の売上が立ったためオーナーの椅子が増加します 名前="Skyline Taxis" 増加数=56
time=02:43:30.055 level=INFO msg=最終地域情報 名前=チェアタウン ユーザー登録数=1949 アクティブユーザー数=1904
time=02:43:30.055 level=INFO msg=最終地域情報 名前=コシカケシティ ユーザー登録数=1268 アクティブユーザー数=1221
time=02:43:30.055 level=INFO msg=最終オーナー情報 名前=レトロ椅子館 売上=9757000 椅子数=198
time=02:43:30.055 level=INFO msg=最終オーナー情報 名前=ひまわり交通 売上=13003500 椅子数=285
time=02:43:30.055 level=INFO msg=最終オーナー情報 名前="Timeless Seats" 売上=11605200 椅子数=254
time=02:43:30.055 level=INFO msg=最終オーナー情報 名前=快旅タクシー 売上=11736700 椅子数=259
time=02:43:30.055 level=INFO msg=最終オーナー情報 名前="Skyline Taxis" 売上=10960700 椅子数=274
time=02:43:30.055 level=INFO msg=88.8%のライドは椅子がマッチされるまでの時間、0.9%のライドはマッチされた椅子が乗車地点までに掛かる時間、34.7%のライドは椅子の実移動時間に不満がありました
time=02:43:30.056 level=INFO msg=結果 pass=true スコア=595402 種別エラー数=map[30:3]
time=02:43:30.056 level=INFO msg=負荷走行が終了しました
