time=03:27:21.591 level=INFO msg=負荷走行を開始します
time=03:27:27.565 level=INFO msg=一定の売上が立ったためオーナーの椅子が増加します 名前=風座プロダクツ 増加数=3
time=03:27:27.565 level=INFO msg=一定の売上が立ったためオーナーの椅子が増加します 名前=和やか交通 増加数=1
time=03:27:27.565 level=INFO msg=一定の売上が立ったためオーナーの椅子が増加します 名前=ChairCycle 増加数=1
time=03:27:27.567 level=INFO msg=一定の売上が立ったためオーナーの椅子が増加します 名前="CraftChair Co., Ltd." 増加数=1
time=03:27:29.365 level=INFO msg=一定の売上が立ったためオーナーの椅子が増加します 名前=SwiftCab 増加数=2
time=03:27:29.370 level=INFO msg=一定の売上が立ったためオーナーの椅子が増加します 名前=ChairCycle 増加数=3
time=03:27:29.372 level=INFO msg=一定の売上が立ったためオーナーの椅子が増加します 名前=風座プロダクツ 増加数=3
time=03:27:29.372 level=INFO msg=一定の売上が立ったためオーナーの椅子が増加します 名前="CraftChair Co., Ltd." 増加数=2
time=03:27:29.372 level=INFO msg=一定の売上が立ったためオーナーの椅子が増加します 名前=和やか交通 増加数=2
time=03:27:29.394 level=INFO msg=これまでに地域内の評判によって7人、既存ユーザーの招待経由で55人が新規登録しました
time=03:27:29.394 level=INFO msg=0.0%のライドは椅子がマッチされるまでの時間、57.1%のライドはマッチされた椅子が乗車地点までに掛かる時間、0.9%のライドは椅子の実移動時間に不満がありました
time=03:27:31.166 level=INFO msg=一定の売上が立ったためオーナーの椅子が増加します 名前=和やか交通 増加数=3
time=03:27:31.166 level=INFO msg=一定の売上が立ったためオーナーの椅子が増加します 名前=SwiftCab 増加数=2
time=03:27:31.168 level=INFO msg=一定の売上が立ったためオーナーの椅子が増加します 名前=ChairCycle 増加数=4
time=03:27:31.168 level=INFO msg=一定の売上が立ったためオーナーの椅子が増加します 名前=風座プロダクツ 増加数=5
time=03:27:31.168 level=INFO msg=一定の売上が立ったためオーナーの椅子が増加します 名前="CraftChair Co., Ltd." 増加数=4
time=03:27:32.967 level=INFO msg=一定の売上が立ったためオーナーの椅子が増加します 名前=ChairCycle 増加数=5
time=03:27:32.974 level=INFO msg=一定の売上が立ったためオーナーの椅子が増加します 名前="CraftChair Co., Ltd." 増加数=5
time=03:27:32.974 level=INFO msg=一定の売上が立ったためオーナーの椅子が増加します 名前=風座プロダクツ 増加数=7
time=03:27:32.974 level=INFO msg=一定の売上が立ったためオーナーの椅子が増加します 名前=SwiftCab 増加数=5
time=03:27:32.974 level=INFO msg=一定の売上が立ったためオーナーの椅子が増加します 名前=和やか交通 増加数=5
time=03:27:34.768 level=INFO msg=一定の売上が立ったためオーナーの椅子が増加します 名前=和やか交通 増加数=7
time=03:27:34.774 level=INFO msg=一定の売上が立ったためオーナーの椅子が増加します 名前=ChairCycle 増加数=9
time=03:27:34.776 level=INFO msg=一定の売上が立ったためオーナーの椅子が増加します 名前="CraftChair Co., Ltd." 増加数=8
time=03:27:34.776 level=INFO msg=一定の売上が立ったためオーナーの椅子が増加します 名前=風座プロダクツ 増加数=9
time=03:27:34.776 level=INFO msg=一定の売上が立ったためオーナーの椅子が増加します 名前=SwiftCab 増加数=7
time=03:27:34.794 level=INFO msg=これまでに地域内の評判によって20人、既存ユーザーの招待経由で311人が新規登録しました
time=03:27:34.794 level=INFO msg=2.0%のライドは椅子がマッチされるまでの時間、14.2%のライドはマッチされた椅子が乗車地点までに掛かる時間、0.4%のライドは椅子の実移動時間に不満がありました
time=03:27:36.569 level=INFO msg=一定の売上が立ったためオーナーの椅子が増加します 名前=SwiftCab 増加数=9
time=03:27:36.573 level=INFO msg=一定の売上が立ったためオーナーの椅子が増加します 名前=風座プロダクツ 増加数=11
time=03:27:36.574 level=INFO msg=一定の売上が立ったためオーナーの椅子が増加します 名前="CraftChair Co., Ltd." 増加数=10
time=03:27:36.574 level=INFO msg=一定の売上が立ったためオーナーの椅子が増加します 名前=ChairCycle 増加数=11
time=03:27:36.574 level=INFO msg=一定の売上が立ったためオーナーの椅子が増加します 名前=和やか交通 増加数=10
time=03:27:38.373 level=INFO msg=一定の売上が立ったためオーナーの椅子が増加します 名前=SwiftCab 増加数=11
time=03:27:38.377 level=INFO msg=一定の売上が立ったためオーナーの椅子が増加します 名前=ChairCycle 増加数=12
time=03:27:38.377 level=INFO msg=一定の売上が立ったためオーナーの椅子が増加します 名前=和やか交通 増加数=11
time=03:27:38.377 level=INFO msg=一定の売上が立ったためオーナーの椅子が増加します 名前="CraftChair Co., Ltd." 増加数=13
time=03:27:38.377 level=INFO msg=一定の売上が立ったためオーナーの椅子が増加します 名前=風座プロダクツ 増加数=13
time=03:27:40.194 level=INFO msg=これまでに地域内の評判によって37人、既存ユーザーの招待経由で1075人が新規登録しました
time=03:27:40.194 level=INFO msg=4.6%のライドは椅子がマッチされるまでの時間、4.1%のライドはマッチされた椅子が乗車地点までに掛かる時間、0.4%のライドは椅子の実移動時間に不満がありました
time=03:27:40.195 level=INFO msg=一定の売上が立ったためオーナーの椅子が増加します 名前=SwiftCab 増加数=12
time=03:27:40.195 level=INFO msg=一定の売上が立ったためオーナーの椅子が増加します 名前="CraftChair Co., Ltd." 増加数=12
time=03:27:40.196 level=INFO msg=一定の売上が立ったためオーナーの椅子が増加します 名前=和やか交通 増加数=11
time=03:27:40.196 level=INFO msg=一定の売上が立ったためオーナーの椅子が増加します 名前=ChairCycle 増加数=11
time=03:27:40.197 level=INFO msg=一定の売上が立ったためオーナーの椅子が増加します 名前=風座プロダクツ 増加数=13
time=03:27:41.985 level=INFO msg=一定の売上が立ったためオーナーの椅子が増加します 名前=ChairCycle 増加数=12
time=03:27:42.003 level=INFO msg=一定の売上が立ったためオーナーの椅子が増加します 名前=和やか交通 増加数=12
time=03:27:42.003 level=INFO msg=一定の売上が立ったためオーナーの椅子が増加します 名前="CraftChair Co., Ltd." 増加数=11
time=03:27:42.004 level=INFO msg=一定の売上が立ったためオーナーの椅子が増加します 名前=風座プロダクツ 増加数=16
time=03:27:42.016 level=INFO msg=一定の売上が立ったためオーナーの椅子が増加します 名前=SwiftCab 増加数=10
time=03:27:43.865 level=INFO msg=一定の売上が立ったためオーナーの椅子が増加します 名前="CraftChair Co., Ltd." 増加数=14
time=03:27:43.866 level=INFO msg=一定の売上が立ったためオーナーの椅子が増加します 名前=ChairCycle 増加数=15
time=03:27:43.867 level=INFO msg=一定の売上が立ったためオーナーの椅子が増加します 名前=SwiftCab 増加数=13
time=03:27:43.867 level=INFO msg=一定の売上が立ったためオーナーの椅子が増加します 名前=風座プロダクツ 増加数=16
time=03:27:43.867 level=INFO msg=一定の売上が立ったためオーナーの椅子が増加します 名前=和やか交通 増加数=14
time=03:27:45.653 level=INFO msg=これまでに地域内の評判によって55人、既存ユーザーの招待経由で1958人が新規登録しました
time=03:27:45.653 level=INFO msg=これまでに低評価なライドによって2人が利用をやめました
time=03:27:45.653 level=INFO msg=23.8%のライドは椅子がマッチされるまでの時間、2.4%のライドはマッチされた椅子が乗車地点までに掛かる時間、10.1%のライドは椅子の実移動時間に不満がありました
time=03:27:45.681 level=INFO msg=一定の売上が立ったためオーナーの椅子が増加します 名前=ChairCycle 増加数=14
time=03:27:45.681 level=INFO msg=一定の売上が立ったためオーナーの椅子が増加します 名前=和やか交通 増加数=13
time=03:27:45.682 level=INFO msg=一定の売上が立ったためオーナーの椅子が増加します 名前="CraftChair Co., Ltd." 増加数=13
time=03:27:45.682 level=INFO msg=一定の売上が立ったためオーナーの椅子が増加します 名前=SwiftCab 増加数=11
time=03:27:45.682 level=INFO msg=一定の売上が立ったためオーナーの椅子が増加します 名前=風座プロダクツ 増加数=17
time=03:27:47.465 level=INFO msg=一定の売上が立ったためオーナーの椅子が増加します 名前=ChairCycle 増加数=17
time=03:27:47.530 level=INFO msg=一定の売上が立ったためオーナーの椅子が増加します 名前="CraftChair Co., Ltd." 増加数=18
time=03:27:47.544 level=INFO msg=一定の売上が立ったためオーナーの椅子が増加します 名前=風座プロダクツ 増加数=20
time=03:27:47.567 level=INFO msg=一定の売上が立ったためオーナーの椅子が増加します 名前=和やか交通 増加数=16
time=03:27:47.567 level=INFO msg=一定の売上が立ったためオーナーの椅子が増加します 名前=SwiftCab 増加数=13
time=03:27:49.271 level=INFO msg=一定の売上が立ったためオーナーの椅子が増加します 名前=和やか交通 増加数=16
time=03:27:49.271 level=INFO msg=一定の売上が立ったためオーナーの椅子が増加します 名前=ChairCycle 増加数=18
time=03:27:49.271 level=INFO msg=一定の売上が立ったためオーナーの椅子が増加します 名前="CraftChair Co., Ltd." 増加数=16
time=03:27:49.272 level=INFO msg=一定の売上が立ったためオーナーの椅子が増加します 名前=SwiftCab 増加数=14
time=03:27:51.048 level=INFO msg=一定の売上が立ったためオーナーの椅子が増加します 名前="CraftChair Co., Ltd." 増加数=22
time=03:27:51.054 level=INFO msg=これまでに地域内の評判によって72人、既存ユーザーの招待経由で2632人が新規登録しました
time=03:27:51.054 level=INFO msg=これまでに低評価なライドによって10人が利用をやめました
time=03:27:51.054 level=INFO msg=51.7%のライドは椅子がマッチされるまでの時間、2.0%のライドはマッチされた椅子が乗車地点までに掛かる時間、19.0%のライドは椅子の実移動時間に不満がありました
time=03:27:51.070 level=INFO msg=一定の売上が立ったためオーナーの椅子が増加します 名前=和やか交通 増加数=20
time=03:27:51.071 level=INFO msg=一定の売上が立ったためオーナーの椅子が増加します 名前=SwiftCab 増加数=17
time=03:27:51.071 level=INFO msg=一定の売上が立ったためオーナーの椅子が増加します 名前=ChairCycle 増加数=20
time=03:27:51.071 level=INFO msg=一定の売上が立ったためオーナーの椅子が増加します 名前=風座プロダクツ 増加数=41
time=03:27:53.077 level=INFO msg=一定の売上が立ったためオーナーの椅子が増加します 名前="CraftChair Co., Ltd." 増加数=22
time=03:27:53.078 level=INFO msg=一定の売上が立ったためオーナーの椅子が増加します 名前=和やか交通 増加数=19
time=03:27:53.080 level=INFO msg=一定の売上が立ったためオーナーの椅子が増加します 名前=SwiftCab 増加数=17
time=03:27:53.081 level=INFO msg=一定の売上が立ったためオーナーの椅子が増加します 名前=ChairCycle 増加数=20
time=03:27:54.874 level=INFO msg=一定の売上が立ったためオーナーの椅子が増加します 名前=風座プロダクツ 増加数=42
time=03:27:54.875 level=INFO msg=一定の売上が立ったためオーナーの椅子が増加します 名前=SwiftCab 増加数=17
time=03:27:56.663 level=INFO msg=これまでに地域内の評判によって90人、既存ユーザーの招待経由で3130人が新規登録しました
time=03:27:56.663 level=INFO msg=これまでに低評価なライドによって25人が利用をやめました
time=03:27:56.663 level=INFO msg=66.4%のライドは椅子がマッチされるまでの時間、1.8%のライドはマッチされた椅子が乗車地点までに掛かる時間、24.7%のライドは椅子の実移動時間に不満がありました
time=03:27:56.682 level=INFO msg=一定の売上が立ったためオーナーの椅子が増加します 名前=ChairCycle 増加数=43
time=03:27:56.684 level=INFO msg=一定の売上が立ったためオーナーの椅子が増加します 名前=SwiftCab 増加数=18
time=03:27:56.685 level=INFO msg=一定の売上が立ったためオーナーの椅子が増加します 名前="CraftChair Co., Ltd." 増加数=42
time=03:27:56.686 level=INFO msg=一定の売上が立ったためオーナーの椅子が増加します 名前=和やか交通 増加数=42
time=03:28:00.710 level=INFO msg=一定の売上が立ったためオーナーの椅子が増加します 名前=風座プロダクツ 増加数=74
time=03:28:00.713 level=INFO msg=一定の売上が立ったためオーナーの椅子が増加します 名前=SwiftCab 増加数=45
time=03:28:02.574 level=INFO msg=これまでに地域内の評判によって108人、既存ユーザーの招待経由で3614人が新規登録しました
time=03:28:02.574 level=INFO msg=これまでに低評価なライドによって37人が利用をやめました
time=03:28:02.574 level=INFO msg=75.0%のライドは椅子がマッチされるまでの時間、1.7%のライドはマッチされた椅子が乗車地点までに掛かる時間、28.0%のライドは椅子の実移動時間に不満がありました
time=03:28:02.625 level=INFO msg=一定の売上が立ったためオーナーの椅子が増加します 名前=和やか交通 増加数=63
time=03:28:02.631 level=INFO msg=一定の売上が立ったためオーナーの椅子が増加します 名前=ChairCycle 増加数=67
time=03:28:02.639 level=INFO msg=一定の売上が立ったためオーナーの椅子が増加します 名前="CraftChair Co., Ltd." 増加数=68
time=03:28:08.454 level=INFO msg=これまでに地域内の評判によって126人、既存ユーザーの招待経由で3981人が新規登録しました
time=03:28:08.454 level=INFO msg=これまでに低評価なライドによって45人が利用をやめました
time=03:28:08.454 level=INFO msg=79.8%のライドは椅子がマッチされるまでの時間、1.5%のライドはマッチされた椅子が乗車地点までに掛かる時間、30.2%のライドは椅子の実移動時間に不満がありました
time=03:28:08.472 level=INFO msg=一定の売上が立ったためオーナーの椅子が増加します 名前=SwiftCab 増加数=74
time=03:28:11.774 level=WARN msg="取得した付近の椅子情報に不備があります (CODE=30): ID:01M32KJYF73TCNRQSRMYRP21XJの椅子は既にライド中です"
time=03:28:13.944 level=INFO msg=これまでに地域内の評判によって144人、既存ユーザーの招待経由で4306人が新規登録しました
time=03:28:13.944 level=INFO msg=これまでに低評価なライドによって48人が利用をやめました
time=03:28:13.944 level=INFO msg=83.0%のライドは椅子がマッチされるまでの時間、1.4%のライドはマッチされた椅子が乗車地点までに掛かる時間、32.1%のライドは椅子の実移動時間に不満がありました
time=03:28:14.007 level=INFO msg=一定の売上が立ったためオーナーの椅子が増加します 名前=風座プロダクツ 増加数=156
time=03:28:14.024 level=INFO msg=一定の売上が立ったためオーナーの椅子が増加します 名前=和やか交通 増加数=120
time=03:28:14.081 level=INFO msg=一定の売上が立ったためオーナーの椅子が増加します 名前=ChairCycle 増加数=126
time=03:28:14.082 level=INFO msg=一定の売上が立ったためオーナーの椅子が増加します 名前="CraftChair Co., Ltd." 増加数=125
time=03:28:20.036 level=INFO msg=これまでに地域内の評判によって162人、既存ユーザーの招待経由で4697人が新規登録しました
time=03:28:20.036 level=INFO msg=これまでに低評価なライドによって54人が利用をやめました
time=03:28:20.036 level=INFO msg=85.0%のライドは椅子がマッチされるまでの時間、1.3%のライドはマッチされた椅子が乗車地点までに掛かる時間、32.7%のライドは椅子の実移動時間に不満がありました
time=03:28:20.117 level=INFO msg=一定の売上が立ったためオーナーの椅子が増加します 名前=SwiftCab 増加数=104
time=03:28:28.995 level=INFO msg=最終地域情報 名前=チェアタウン ユーザー登録数=2978 アクティブユーザー数=2935
time=03:28:28.995 level=INFO msg=最終地域情報 名前=コシカケシティ ユーザー登録数=2104 アクティブユーザー数=2059
time=03:28:28.995 level=INFO msg=最終オーナー情報 名前="CraftChair Co., Ltd." 売上=19190100 椅子数=410
time=03:28:28.995 level=INFO msg=最終オーナー情報 名前=風座プロダクツ 売上=21044100 椅子数=450
time=03:28:28.995 level=INFO msg=最終オーナー情報 名前=和やか交通 売上=18364900 椅子数=389
time=03:28:28.995 level=INFO msg=最終オーナー情報 名前=SwiftCab 売上=16747400 椅子数=405
time=03:28:28.995 level=INFO msg=最終オーナー情報 名前=ChairCycle 売上=19532700 椅子数=412
time=03:28:28.995 level=INFO msg=86.5%のライドは椅子がマッチされるまでの時間、1.2%のライドはマッチされた椅子が乗車地点までに掛かる時間、34.3%のライドは椅子の実移動時間に不満がありました
time=03:28:28.996 level=INFO msg=結果 pass=true スコア=985413 種別エラー数=map[30:1]
time=03:28:28.996 level=INFO msg=負荷走行が終了しました
