time=06:37:36.176 level=INFO msg=負荷走行を開始します
time=06:37:42.237 level=INFO msg=一定の売上が立ったためオーナーの椅子が増加します 名前="Artisan Seats" 増加数=2
time=06:37:42.239 level=INFO msg=一定の売上が立ったためオーナーの椅子が増加します 名前="CraftChair Co., Ltd." 増加数=1
time=06:37:42.239 level=INFO msg=一定の売上が立ったためオーナーの椅子が増加します 名前="ReSit & Renew" 増加数=1
time=06:37:42.241 level=INFO msg=一定の売上が立ったためオーナーの椅子が増加します 名前=椅子再生工房 増加数=3
time=06:37:44.040 level=INFO msg=一定の売上が立ったためオーナーの椅子が増加します 名前=再座堂 増加数=1
time=06:37:44.040 level=INFO msg=一定の売上が立ったためオーナーの椅子が増加します 名前="ReSit & Renew" 増加数=1
time=06:37:44.040 level=INFO msg=一定の売上が立ったためオーナーの椅子が増加します 名前=椅子再生工房 増加数=2
time=06:37:44.041 level=INFO msg=一定の売上が立ったためオーナーの椅子が増加します 名前="CraftChair Co., Ltd." 増加数=2
time=06:37:44.041 level=INFO msg=一定の売上が立ったためオーナーの椅子が増加します 名前="Artisan Seats" 増加数=2
time=06:37:44.066 level=INFO msg=これまでに地域内の評判によって8人、既存ユーザーの招待経由で49人が新規登録しました
time=06:37:44.066 level=INFO msg=0.0%のライドは椅子がマッチされるまでの時間、62.7%のライドはマッチされた椅子が乗車地点までに掛かる時間、0.0%のライドは椅子の実移動時間に不満がありました
time=06:37:45.837 level=INFO msg=一定の売上が立ったためオーナーの椅子が増加します 名前="ReSit & Renew" 増加数=2
time=06:37:45.840 level=INFO msg=一定の売上が立ったためオーナーの椅子が増加します 名前=再座堂 増加数=2
time=06:37:45.841 level=INFO msg=一定の売上が立ったためオーナーの椅子が増加します 名前="CraftChair Co., Ltd." 増加数=3
time=06:37:45.842 level=INFO msg=一定の売上が立ったためオーナーの椅子が増加します 名前=椅子再生工房 増加数=4
time=06:37:45.845 level=INFO msg=一定の売上が立ったためオーナーの椅子が増加します 名前="Artisan Seats" 増加数=3
time=06:37:47.642 level=INFO msg=一定の売上が立ったためオーナーの椅子が増加します 名前="ReSit & Renew" 増加数=5
time=06:37:47.642 level=INFO msg=一定の売上が立ったためオーナーの椅子が増加します 名前="CraftChair Co., Ltd." 増加数=5
time=06:37:47.642 level=INFO msg=一定の売上が立ったためオーナーの椅子が増加します 名前=椅子再生工房 増加数=7
time=06:37:47.642 level=INFO msg=一定の売上が立ったためオーナーの椅子が増加します 名前=再座堂 増加数=2
time=06:37:47.643 level=INFO msg=一定の売上が立ったためオーナーの椅子が増加します 名前="Artisan Seats" 増加数=6
time=06:37:49.440 level=INFO msg=一定の売上が立ったためオーナーの椅子が増加します 名前="CraftChair Co., Ltd." 増加数=7
time=06:37:49.445 level=INFO msg=一定の売上が立ったためオーナーの椅子が増加します 名前="Artisan Seats" 増加数=9
time=06:37:49.448 level=INFO msg=一定の売上が立ったためオーナーの椅子が増加します 名前=再座堂 増加数=4
time=06:37:49.448 level=INFO msg=一定の売上が立ったためオーナーの椅子が増加します 名前="ReSit & Renew" 増加数=6
time=06:37:49.448 level=INFO msg=一定の売上が立ったためオーナーの椅子が増加します 名前=椅子再生工房 増加数=9
time=06:37:49.466 level=INFO msg=これまでに地域内の評判によって19人、既存ユーザーの招待経由で256人が新規登録しました
time=06:37:49.466 level=INFO msg=0.3%のライドは椅子がマッチされるまでの時間、28.2%のライドはマッチされた椅子が乗車地点までに掛かる時間、0.3%のライドは椅子の実移動時間に不満がありました
time=06:37:51.242 level=INFO msg=一定の売上が立ったためオーナーの椅子が増加します 名前="Artisan Seats" 増加数=12
time=06:37:51.249 level=INFO msg=一定の売上が立ったためオーナーの椅子が増加します 名前=椅子再生工房 増加数=11
time=06:37:51.249 level=INFO msg=一定の売上が立ったためオーナーの椅子が増加します 名前=再座堂 増加数=5
time=06:37:51.249 level=INFO msg=一定の売上が立ったためオーナーの椅子が増加します 名前="CraftChair Co., Ltd." 増加数=11
time=06:37:51.249 level=INFO msg=一定の売上が立ったためオーナーの椅子が増加します 名前="ReSit & Renew" 増加数=10
time=06:37:53.047 level=INFO msg=一定の売上が立ったためオーナーの椅子が増加します 名前=椅子再生工房 増加数=14
time=06:37:53.049 level=INFO msg=一定の売上が立ったためオーナーの椅子が増加します 名前="ReSit & Renew" 増加数=11
time=06:37:53.082 level=INFO msg=一定の売上が立ったためオーナーの椅子が増加します 名前=再座堂 増加数=10
time=06:37:53.082 level=INFO msg=一定の売上が立ったためオーナーの椅子が増加します 名前="CraftChair Co., Ltd." 増加数=12
time=06:37:53.085 level=INFO msg=一定の売上が立ったためオーナーの椅子が増加します 名前="Artisan Seats" 増加数=12
time=06:37:54.860 level=INFO msg=一定の売上が立ったためオーナーの椅子が増加します 名前="Artisan Seats" 増加数=12
time=06:37:54.866 level=INFO msg=これまでに地域内の評判によって33人、既存ユーザーの招待経由で966人が新規登録しました
time=06:37:54.866 level=INFO msg=1.6%のライドは椅子がマッチされるまでの時間、10.2%のライドはマッチされた椅子が乗車地点までに掛かる時間、0.4%のライドは椅子の実移動時間に不満がありました
time=06:37:54.883 level=INFO msg=一定の売上が立ったためオーナーの椅子が増加します 名前="CraftChair Co., Ltd." 増加数=11
time=06:37:54.884 level=INFO msg=一定の売上が立ったためオーナーの椅子が増加します 名前="ReSit & Renew" 増加数=13
time=06:37:54.884 level=INFO msg=一定の売上が立ったためオーナーの椅子が増加します 名前=椅子再生工房 増加数=14
time=06:37:54.884 level=INFO msg=一定の売上が立ったためオーナーの椅子が増加します 名前=再座堂 増加数=10
time=06:37:56.690 level=INFO msg=一定の売上が立ったためオーナーの椅子が増加します 名前=椅子再生工房 増加数=15
time=06:37:56.715 level=INFO msg=一定の売上が立ったためオーナーの椅子が増加します 名前="CraftChair Co., Ltd." 増加数=14
time=06:37:56.717 level=INFO msg=一定の売上が立ったためオーナーの椅子が増加します 名前="Artisan Seats" 増加数=15
time=06:37:56.718 level=INFO msg=一定の売上が立ったためオーナーの椅子が増加します 名前=再座堂 増加数=9
time=06:37:56.720 level=INFO msg=一定の売上が立ったためオーナーの椅子が増加します 名前="ReSit & Renew" 増加数=12
time=06:37:58.465 level=INFO msg=一定の売上が立ったためオーナーの椅子が増加します 名前="Artisan Seats" 増加数=15
time=06:37:58.479 level=INFO msg=一定の売上が立ったためオーナーの椅子が増加します 名前=椅子再生工房 増加数=14
time=06:37:58.479 level=INFO msg=一定の売上が立ったためオーナーの椅子が増加します 名前="ReSit & Renew" 増加数=13
time=06:37:58.480 level=INFO msg=一定の売上が立ったためオーナーの椅子が増加します 名前=再座堂 増加数=10
time=06:37:58.480 level=INFO msg=一定の売上が立ったためオーナーの椅子が増加します 名前="CraftChair Co., Ltd." 増加数=12
time=06:38:00.406 level=INFO msg=一定の売上が立ったためオーナーの椅子が増加します 名前="ReSit & Renew" 増加数=14
time=06:38:00.409 level=INFO msg=一定の売上が立ったためオーナーの椅子が増加します 名前=椅子再生工房 増加数=16
time=06:38:00.410 level=INFO msg=一定の売上が立ったためオーナーの椅子が増加します 名前="CraftChair Co., Ltd." 増加数=14
time=06:38:00.410 level=INFO msg=一定の売上が立ったためオーナーの椅子が増加します 名前="Artisan Seats" 増加数=16
time=06:38:00.410 level=INFO msg=一定の売上が立ったためオーナーの椅子が増加します 名前=再座堂 増加数=8
time=06:38:00.416 level=INFO msg=これまでに地域内の評判によって51人、既存ユーザーの招待経由で1866人が新規登録しました
time=06:38:00.416 level=INFO msg=これまでに低評価なライドによって3人が利用をやめました
time=06:38:00.416 level=INFO msg=14.3%のライドは椅子がマッチされるまでの時間、5.4%のライドはマッチされた椅子が乗車地点までに掛かる時間、13.5%のライドは椅子の実移動時間に不満がありました
time=06:38:02.213 level=INFO msg=一定の売上が立ったためオーナーの椅子が増加します 名前="ReSit & Renew" 増加数=15
time=06:38:02.213 level=INFO msg=一定の売上が立ったためオーナーの椅子が増加します 名前="CraftChair Co., Ltd." 増加数=17
time=06:38:02.214 level=INFO msg=一定の売上が立ったためオーナーの椅子が増加します 名前=再座堂 増加数=11
time=06:38:02.214 level=INFO msg=一定の売上が立ったためオーナーの椅子が増加します 名前=椅子再生工房 増加数=21
time=06:38:02.230 level=INFO msg=一定の売上が立ったためオーナーの椅子が増加します 名前="Artisan Seats" 増加数=19
time=06:38:04.253 level=INFO msg=一定の売上が立ったためオーナーの椅子が増加します 名前="Artisan Seats" 増加数=25
time=06:38:04.254 level=INFO msg=一定の売上が立ったためオーナーの椅子が増加します 名前=椅子再生工房 増加数=23
time=06:38:04.256 level=INFO msg=一定の売上が立ったためオーナーの椅子が増加します 名前=再座堂 増加数=14
time=06:38:04.256 level=INFO msg=一定の売上が立ったためオーナーの椅子が増加します 名前="ReSit & Renew" 増加数=23
time=06:38:04.258 level=INFO msg=一定の売上が立ったためオーナーの椅子が増加します 名前="CraftChair Co., Ltd." 増加数=22
time=06:38:06.266 level=INFO msg=これまでに地域内の評判によって68人、既存ユーザーの招待経由で2536人が新規登録しました
time=06:38:06.266 level=INFO msg=これまでに低評価なライドによって17人が利用をやめました
time=06:38:06.266 level=INFO msg=42.8%のライドは椅子がマッチされるまでの時間、3.8%のライドはマッチされた椅子が乗車地点までに掛かる時間、23.3%のライドは椅子の実移動時間に不満がありました
time=06:38:06.278 level=INFO msg=一定の売上が立ったためオーナーの椅子が増加します 名前=再座堂 増加数=14
time=06:38:06.281 level=INFO msg=一定の売上が立ったためオーナーの椅子が増加します 名前=椅子再生工房 増加数=28
time=06:38:06.281 level=INFO msg=一定の売上が立ったためオーナーの椅子が増加します 名前="ReSit & Renew" 増加数=22
time=06:38:06.282 level=INFO msg=一定の売上が立ったためオーナーの椅子が増加します 名前="CraftChair Co., Ltd." 増加数=24
time=06:38:08.320 level=INFO msg=一定の売上が立ったためオーナーの椅子が増加します 名前="Artisan Seats" 増加数=52
time=06:38:08.351 level=INFO msg=一定の売上が立ったためオーナーの椅子が増加します 名前=再座堂 増加数=15
time=06:38:10.494 level=INFO msg=一定の売上が立ったためオーナーの椅子が増加します 名前=再座堂 増加数=15
time=06:38:10.496 level=INFO msg=一定の売上が立ったためオーナーの椅子が増加します 名前="ReSit & Renew" 増加数=47
time=06:38:10.499 level=INFO msg=一定の売上が立ったためオーナーの椅子が増加します 名前=椅子再生工房 増加数=57
time=06:38:10.502 level=INFO msg=一定の売上が立ったためオーナーの椅子が増加します 名前="CraftChair Co., Ltd." 増加数=49
time=06:38:12.206 level=INFO msg=これまでに地域内の評判によって86人、既存ユーザーの招待経由で2979人が新規登録しました
time=06:38:12.206 level=INFO msg=これまでに低評価なライドによって34人が利用をやめました
time=06:38:12.206 level=INFO msg=60.3%のライドは椅子がマッチされるまでの時間、3.2%のライドはマッチされた椅子が乗車地点までに掛かる時間、29.2%のライドは椅子の実移動時間に不満がありました
time=06:38:12.233 level=INFO msg=一定の売上が立ったためオーナーの椅子が増加します 名前=再座堂 増加数=18
time=06:38:15.867 level=INFO msg=一定の売上が立ったためオーナーの椅子が増加します 名前=再座堂 増加数=29
time=06:38:15.868 level=INFO msg=一定の売上が立ったためオーナーの椅子が増加します 名前="Artisan Seats" 増加数=95
time=06:38:18.010 level=INFO msg=これまでに地域内の評判によって104人、既存ユーザーの招待経由で3323人が新規登録しました
time=06:38:18.010 level=INFO msg=これまでに低評価なライドによって64人が利用をやめました
time=06:38:18.010 level=INFO msg=69.9%のライドは椅子がマッチされるまでの時間、2.8%のライドはマッチされた椅子が乗車地点までに掛かる時間、34.0%のライドは椅子の実移動時間に不満がありました
time=06:38:19.874 level=INFO msg=一定の売上が立ったためオーナーの椅子が増加します 名前="ReSit & Renew" 増加数=106
time=06:38:19.877 level=INFO msg=一定の売上が立ったためオーナーの椅子が増加します 名前=椅子再生工房 増加数=122
time=06:38:19.880 level=INFO msg=一定の売上が立ったためオーナーの椅子が増加します 名前="CraftChair Co., Ltd." 増加数=110
time=06:38:21.657 level=INFO msg=一定の売上が立ったためオーナーの椅子が増加します 名前=再座堂 増加数=56
time=06:38:23.396 level=INFO msg=これまでに地域内の評判によって122人、既存ユーザーの招待経由で3458人が新規登録しました
time=06:38:23.396 level=INFO msg=これまでに低評価なライドによって87人が利用をやめました
time=06:38:23.396 level=INFO msg=76.0%のライドは椅子がマッチされるまでの時間、2.5%のライドはマッチされた椅子が乗車地点までに掛かる時間、37.0%のライドは椅子の実移動時間に不満がありました
time=06:38:29.036 level=INFO msg=これまでに地域内の評判によって140人、既存ユーザーの招待経由で3586人が新規登録しました
time=06:38:29.036 level=INFO msg=これまでに低評価なライドによって112人が利用をやめました
time=06:38:29.036 level=INFO msg=80.1%のライドは椅子がマッチされるまでの時間、2.3%のライドはマッチされた椅子が乗車地点までに掛かる時間、40.1%のライドは椅子の実移動時間に不満がありました
time=06:38:34.586 level=INFO msg=これまでに地域内の評判によって158人、既存ユーザーの招待経由で3643人が新規登録しました
time=06:38:34.586 level=INFO msg=これまでに低評価なライドによって140人が利用をやめました
time=06:38:34.586 level=INFO msg=83.2%のライドは椅子がマッチされるまでの時間、2.1%のライドはマッチされた椅子が乗車地点までに掛かる時間、42.9%のライドは椅子の実移動時間に不満がありました
time=06:38:34.605 level=INFO msg=一定の売上が立ったためオーナーの椅子が増加します 名前=再座堂 増加数=150
time=06:38:34.683 level=INFO msg=一定の売上が立ったためオーナーの椅子が増加します 名前="Artisan Seats" 増加数=280
time=06:38:43.666 level=INFO msg=最終地域情報 名前=チェアタウン ユーザー登録数=2393 アクティブユーザー数=2305
time=06:38:43.666 level=INFO msg=最終地域情報 名前=コシカケシティ ユーザー登録数=1516 アクティブユーザー数=1460
time=06:38:43.666 level=INFO msg=最終オーナー情報 名前="CraftChair Co., Ltd." 売上=22610300 椅子数=318
time=06:38:43.666 level=INFO msg=最終オーナー情報 名前=椅子再生工房 売上=25403800 椅子数=364
time=06:38:43.666 level=INFO msg=最終オーナー情報 名前="ReSit & Renew" 売上=21674800 椅子数=305
time=06:38:43.666 level=INFO msg=最終オーナー情報 名前=再座堂 売上=16336900 椅子数=387
time=06:38:43.666 level=INFO msg=最終オーナー情報 名前="Artisan Seats" 売上=24644200 椅子数=579
time=06:38:43.666 level=INFO msg=84.8%のライドは椅子がマッチされるまでの時間、2.0%のライドはマッチされた椅子が乗車地点までに掛かる時間、43.8%のライドは椅子の実移動時間に不満がありました
time=06:38:43.668 level=INFO msg=結果 pass=true スコア=1158577 種別エラー数=map[]
time=06:38:43.668 level=INFO msg=負荷走行が終了しました
