time=07:03:06.020 level=INFO msg=負荷走行を開始します
time=07:03:12.008 level=INFO msg=一定の売上が立ったためオーナーの椅子が増加します 名前="SitWell Designs" 増加数=2
time=07:03:12.011 level=INFO msg=一定の売上が立ったためオーナーの椅子が増加します 名前=つばさ交通 増加数=1
time=07:03:12.011 level=INFO msg=一定の売上が立ったためオーナーの椅子が増加します 名前=EcoChairs 増加数=1
time=07:03:12.012 level=INFO msg=一定の売上が立ったためオーナーの椅子が増加します 名前=晴れ道タクシー 増加数=1
time=07:03:12.012 level=INFO msg=一定の売上が立ったためオーナーの椅子が増加します 名前=GoEase 増加数=1
time=07:03:13.806 level=INFO msg=一定の売上が立ったためオーナーの椅子が増加します 名前=晴れ道タクシー 増加数=2
time=07:03:13.810 level=INFO msg=一定の売上が立ったためオーナーの椅子が増加します 名前=GoEase 増加数=2
time=07:03:13.810 level=INFO msg=一定の売上が立ったためオーナーの椅子が増加します 名前=つばさ交通 増加数=2
time=07:03:13.810 level=INFO msg=一定の売上が立ったためオーナーの椅子が増加します 名前=EcoChairs 増加数=3
time=07:03:13.811 level=INFO msg=一定の売上が立ったためオーナーの椅子が増加します 名前="SitWell Designs" 増加数=3
time=07:03:13.835 level=INFO msg=これまでに地域内の評判によって8人、既存ユーザーの招待経由で57人が新規登録しました
time=07:03:13.835 level=INFO msg=0.0%のライドは椅子がマッチされるまでの時間、54.2%のライドはマッチされた椅子が乗車地点までに掛かる時間、0.0%のライドは椅子の実移動時間に不満がありました
time=07:03:15.611 level=INFO msg=一定の売上が立ったためオーナーの椅子が増加します 名前=晴れ道タクシー 増加数=4
time=07:03:15.612 level=INFO msg=一定の売上が立ったためオーナーの椅子が増加します 名前=GoEase 増加数=6
time=07:03:15.612 level=INFO msg=一定の売上が立ったためオーナーの椅子が増加します 名前="SitWell Designs" 増加数=4
time=07:03:15.612 level=INFO msg=一定の売上が立ったためオーナーの椅子が増加します 名前=EcoChairs 増加数=5
time=07:03:15.613 level=INFO msg=一定の売上が立ったためオーナーの椅子が増加します 名前=つばさ交通 増加数=3
time=07:03:17.410 level=INFO msg=一定の売上が立ったためオーナーの椅子が増加します 名前=晴れ道タクシー 増加数=5
time=07:03:17.411 level=INFO msg=一定の売上が立ったためオーナーの椅子が増加します 名前="SitWell Designs" 増加数=6
time=07:03:17.412 level=INFO msg=一定の売上が立ったためオーナーの椅子が増加します 名前=GoEase 増加数=5
time=07:03:17.412 level=INFO msg=一定の売上が立ったためオーナーの椅子が増加します 名前=EcoChairs 増加数=6
time=07:03:17.412 level=INFO msg=一定の売上が立ったためオーナーの椅子が増加します 名前=つばさ交通 増加数=6
time=07:03:19.217 level=INFO msg=一定の売上が立ったためオーナーの椅子が増加します 名前=晴れ道タクシー 増加数=9
time=07:03:19.229 level=INFO msg=一定の売上が立ったためオーナーの椅子が増加します 名前="SitWell Designs" 増加数=9
time=07:03:19.229 level=INFO msg=一定の売上が立ったためオーナーの椅子が増加します 名前=GoEase 増加数=10
time=07:03:19.229 level=INFO msg=一定の売上が立ったためオーナーの椅子が増加します 名前=つばさ交通 増加数=7
time=07:03:19.230 level=INFO msg=一定の売上が立ったためオーナーの椅子が増加します 名前=EcoChairs 増加数=10
time=07:03:19.235 level=INFO msg=これまでに地域内の評判によって19人、既存ユーザーの招待経由で333人が新規登録しました
time=07:03:19.235 level=INFO msg=0.0%のライドは椅子がマッチされるまでの時間、20.1%のライドはマッチされた椅子が乗車地点までに掛かる時間、0.4%のライドは椅子の実移動時間に不満がありました
time=07:03:21.016 level=INFO msg=一定の売上が立ったためオーナーの椅子が増加します 名前=晴れ道タクシー 増加数=11
time=07:03:21.020 level=INFO msg=一定の売上が立ったためオーナーの椅子が増加します 名前=EcoChairs 増加数=12
time=07:03:21.020 level=INFO msg=一定の売上が立ったためオーナーの椅子が増加します 名前=GoEase 増加数=12
time=07:03:21.020 level=INFO msg=一定の売上が立ったためオーナーの椅子が増加します 名前=つばさ交通 増加数=9
time=07:03:21.030 level=INFO msg=一定の売上が立ったためオーナーの椅子が増加します 名前="SitWell Designs" 増加数=11
time=07:03:22.812 level=INFO msg=一定の売上が立ったためオーナーの椅子が増加します 名前=晴れ道タクシー 増加数=11
time=07:03:22.827 level=INFO msg=一定の売上が立ったためオーナーの椅子が増加します 名前=GoEase 増加数=11
time=07:03:22.827 level=INFO msg=一定の売上が立ったためオーナーの椅子が増加します 名前=EcoChairs 増加数=12
time=07:03:22.827 level=INFO msg=一定の売上が立ったためオーナーの椅子が増加します 名前=つばさ交通 増加数=12
time=07:03:22.828 level=INFO msg=一定の売上が立ったためオーナーの椅子が増加します 名前="SitWell Designs" 増加数=13
time=07:03:24.635 level=INFO msg=これまでに地域内の評判によって35人、既存ユーザーの招待経由で1109人が新規登録しました
time=07:03:24.635 level=INFO msg=0.0%のライドは椅子がマッチされるまでの時間、8.5%のライドはマッチされた椅子が乗車地点までに掛かる時間、0.8%のライドは椅子の実移動時間に不満がありました
time=07:03:24.646 level=INFO msg=一定の売上が立ったためオーナーの椅子が増加します 名前="SitWell Designs" 増加数=13
time=07:03:24.650 level=INFO msg=一定の売上が立ったためオーナーの椅子が増加します 名前=つばさ交通 増加数=11
time=07:03:24.650 level=INFO msg=一定の売上が立ったためオーナーの椅子が増加します 名前=EcoChairs 増加数=15
time=07:03:24.650 level=INFO msg=一定の売上が立ったためオーナーの椅子が増加します 名前=GoEase 増加数=13
time=07:03:24.650 level=INFO msg=一定の売上が立ったためオーナーの椅子が増加します 名前=晴れ道タクシー 増加数=13
time=07:03:26.434 level=INFO msg=一定の売上が立ったためオーナーの椅子が増加します 名前=晴れ道タクシー 増加数=10
time=07:03:26.458 level=INFO msg=一定の売上が立ったためオーナーの椅子が増加します 名前=つばさ交通 増加数=9
time=07:03:26.459 level=INFO msg=一定の売上が立ったためオーナーの椅子が増加します 名前=GoEase 増加数=12
time=07:03:26.459 level=INFO msg=一定の売上が立ったためオーナーの椅子が増加します 名前="SitWell Designs" 増加数=11
time=07:03:26.460 level=INFO msg=一定の売上が立ったためオーナーの椅子が増加します 名前=EcoChairs 増加数=11
time=07:03:28.257 level=INFO msg=一定の売上が立ったためオーナーの椅子が増加します 名前="SitWell Designs" 増加数=15
time=07:03:28.306 level=INFO msg=一定の売上が立ったためオーナーの椅子が増加します 名前=晴れ道タクシー 増加数=13
time=07:03:28.308 level=INFO msg=一定の売上が立ったためオーナーの椅子が増加します 名前=つばさ交通 増加数=12
time=07:03:28.309 level=INFO msg=一定の売上が立ったためオーナーの椅子が増加します 名前=GoEase 増加数=13
time=07:03:28.310 level=INFO msg=一定の売上が立ったためオーナーの椅子が増加します 名前=EcoChairs 増加数=16
time=07:03:30.038 level=INFO msg=これまでに地域内の評判によって53人、既存ユーザーの招待経由で2007人が新規登録しました
time=07:03:30.038 level=INFO msg=これまでに低評価なライドによって5人が利用をやめました
time=07:03:30.038 level=INFO msg=18.2%のライドは椅子がマッチされるまでの時間、5.7%のライドはマッチされた椅子が乗車地点までに掛かる時間、16.4%のライドは椅子の実移動時間に不満がありました
time=07:03:30.089 level=INFO msg=一定の売上が立ったためオーナーの椅子が増加します 名前=晴れ道タクシー 増加数=16
time=07:03:30.115 level=INFO msg=一定の売上が立ったためオーナーの椅子が増加します 名前=つばさ交通 増加数=13
time=07:03:30.116 level=INFO msg=一定の売上が立ったためオーナーの椅子が増加します 名前=EcoChairs 増加数=16
time=07:03:30.118 level=INFO msg=一定の売上が立ったためオーナーの椅子が増加します 名前="SitWell Designs" 増加数=15
time=07:03:30.119 level=INFO msg=一定の売上が立ったためオーナーの椅子が増加します 名前=GoEase 増加数=16
time=07:03:32.025 level=INFO msg=一定の売上が立ったためオーナーの椅子が増加します 名前="SitWell Designs" 増加数=19
time=07:03:32.026 level=INFO msg=一定の売上が立ったためオーナーの椅子が増加します 名前=EcoChairs 増加数=20
time=07:03:32.044 level=INFO msg=一定の売上が立ったためオーナーの椅子が増加します 名前=つばさ交通 増加数=16
time=07:03:32.045 level=INFO msg=一定の売上が立ったためオーナーの椅子が増加します 名前=晴れ道タクシー 増加数=18
time=07:03:32.045 level=INFO msg=一定の売上が立ったためオーナーの椅子が増加します 名前=GoEase 増加数=19
time=07:03:33.804 level=INFO msg=一定の売上が立ったためオーナーの椅子が増加します 名前=つばさ交通 増加数=18
time=07:03:33.811 level=INFO msg=一定の売上が立ったためオーナーの椅子が増加します 名前=GoEase 増加数=20
time=07:03:33.812 level=INFO msg=一定の売上が立ったためオーナーの椅子が増加します 名前=晴れ道タクシー 増加数=21
time=07:03:33.813 level=INFO msg=一定の売上が立ったためオーナーの椅子が増加します 名前=EcoChairs 増加数=23
time=07:03:33.827 level=INFO msg=一定の売上が立ったためオーナーの椅子が増加します 名前="SitWell Designs" 増加数=20
time=07:03:35.615 level=INFO msg=これまでに地域内の評判によって69人、既存ユーザーの招待経由で2584人が新規登録しました
time=07:03:35.615 level=INFO msg=これまでに低評価なライドによって19人が利用をやめました
time=07:03:35.615 level=INFO msg=50.1%のライドは椅子がマッチされるまでの時間、4.3%のライドはマッチされた椅子が乗車地点までに掛かる時間、23.5%のライドは椅子の実移動時間に不満がありました
time=07:03:35.645 level=INFO msg=一定の売上が立ったためオーナーの椅子が増加します 名前=GoEase 増加数=24
time=07:03:35.647 level=INFO msg=一定の売上が立ったためオーナーの椅子が増加します 名前=つばさ交通 増加数=21
time=07:03:37.407 level=INFO msg=一定の売上が立ったためオーナーの椅子が増加します 名前=EcoChairs 増加数=39
time=07:03:37.408 level=INFO msg=一定の売上が立ったためオーナーの椅子が増加します 名前="SitWell Designs" 増加数=36
time=07:03:37.408 level=INFO msg=一定の売上が立ったためオーナーの椅子が増加します 名前=晴れ道タクシー 増加数=36
time=07:03:39.215 level=INFO msg=一定の売上が立ったためオーナーの椅子が増加します 名前=つばさ交通 増加数=33
time=07:03:39.255 level=INFO msg=一定の売上が立ったためオーナーの椅子が増加します 名前=GoEase 増加数=40
time=07:03:41.315 level=INFO msg=これまでに地域内の評判によって87人、既存ユーザーの招待経由で2994人が新規登録しました
time=07:03:41.315 level=INFO msg=これまでに低評価なライドによって29人が利用をやめました
time=07:03:41.315 level=INFO msg=65.8%のライドは椅子がマッチされるまでの時間、3.6%のライドはマッチされた椅子が乗車地点までに掛かる時間、28.9%のライドは椅子の実移動時間に不満がありました
time=07:03:43.378 level=INFO msg=一定の売上が立ったためオーナーの椅子が増加します 名前="SitWell Designs" 増加数=77
time=07:03:43.381 level=INFO msg=一定の売上が立ったためオーナーの椅子が増加します 名前=EcoChairs 増加数=85
time=07:03:43.382 level=INFO msg=一定の売上が立ったためオーナーの椅子が増加します 名前=晴れ道タクシー 増加数=75
time=07:03:45.205 level=INFO msg=一定の売上が立ったためオーナーの椅子が増加します 名前=GoEase 増加数=77
time=07:03:45.206 level=INFO msg=一定の売上が立ったためオーナーの椅子が増加します 名前=つばさ交通 増加数=66
time=07:03:46.985 level=INFO msg=これまでに地域内の評判によって105人、既存ユーザーの招待経由で3290人が新規登録しました
time=07:03:46.985 level=INFO msg=これまでに低評価なライドによって58人が利用をやめました
time=07:03:46.985 level=INFO msg=74.7%のライドは椅子がマッチされるまでの時間、3.3%のライドはマッチされた椅子が乗車地点までに掛かる時間、33.5%のライドは椅子の実移動時間に不満がありました
time=07:03:52.805 level=INFO msg=これまでに地域内の評判によって123人、既存ユーザーの招待経由で3470人が新規登録しました
time=07:03:52.805 level=INFO msg=これまでに低評価なライドによって85人が利用をやめました
time=07:03:52.805 level=INFO msg=79.8%のライドは椅子がマッチされるまでの時間、3.1%のライドはマッチされた椅子が乗車地点までに掛かる時間、36.6%のライドは椅子の実移動時間に不満がありました
time=07:03:56.422 level=INFO msg=一定の売上が立ったためオーナーの椅子が増加します 名前=晴れ道タクシー 増加数=162
time=07:03:56.436 level=INFO msg=一定の売上が立ったためオーナーの椅子が増加します 名前="SitWell Designs" 増加数=164
time=07:03:56.464 level=INFO msg=一定の売上が立ったためオーナーの椅子が増加します 名前=つばさ交通 増加数=138
time=07:03:58.536 level=INFO msg=これまでに地域内の評判によって141人、既存ユーザーの招待経由で3547人が新規登録しました
time=07:03:58.536 level=INFO msg=これまでに低評価なライドによって119人が利用をやめました
time=07:03:58.536 level=INFO msg=83.4%のライドは椅子がマッチされるまでの時間、3.0%のライドはマッチされた椅子が乗車地点までに掛かる時間、40.0%のライドは椅子の実移動時間に不満がありました
time=07:03:58.582 level=WARN msg="取得した付近の椅子情報に不備があります (CODE=30): ID:01M32ZY6B3Y5JWYC55DCQPW71Xの椅子は既にライド中です"
time=07:03:58.582 level=WARN msg="取得した付近の椅子情報に不備があります (CODE=30): ID:01M32ZXSVM2DMTC6P9GTBX7ZJ0の椅子は既にライド中です"
time=07:03:58.611 level=INFO msg=一定の売上が立ったためオーナーの椅子が増加します 名前=EcoChairs 増加数=209
time=07:03:58.698 level=INFO msg=一定の売上が立ったためオーナーの椅子が増加します 名前=GoEase 増加数=189
time=07:04:03.080 level=WARN msg="取得した付近の椅子情報に不備があります (CODE=30): ID:01M32ZXZFM358DAB2Y2W80MH51の椅子は既にライド中です"
time=07:04:04.055 level=INFO msg=これまでに地域内の評判によって159人、既存ユーザーの招待経由で3615人が新規登録しました
time=07:04:04.055 level=INFO msg=これまでに低評価なライドによって143人が利用をやめました
time=07:04:04.055 level=INFO msg=86.1%のライドは椅子がマッチされるまでの時間、2.8%のライドはマッチされた椅子が乗車地点までに掛かる時間、43.0%のライドは椅子の実移動時間に不満がありました
time=07:04:04.438 level=WARN msg="取得した付近の椅子情報に不備があります (CODE=30): ID:01M32ZY17XP6A85HW88P91A97Tの椅子は既にライド中です"
time=07:04:04.438 level=WARN msg="取得した付近の椅子情報に不備があります (CODE=30): ID:01M32ZXWWRJD0SFDYCSJR3YACHの椅子は既にライド中です"
time=07:04:04.441 level=WARN msg="取得した付近の椅子情報に不備があります (CODE=30): ID:01M32ZXWWRJD0SFDYCSJR3YACHの椅子は既にライド中です"
time=07:04:04.441 level=WARN msg="取得した付近の椅子情報に不備があります (CODE=30): ID:01M32ZXWWRJD0SFDYCSJR3YACHの椅子は既にライド中です"
time=07:04:04.449 level=WARN msg="取得した付近の椅子情報に不備があります (CODE=30): ID:01M32ZY17XP6A85HW88P91A97Tの椅子は既にライド中です"
time=07:04:06.126 level=WARN msg="取得した付近の椅子情報に不備があります (CODE=30): ID:01M32ZY4PGP0B18W3WFMBX119Aの椅子は既にライド中です"
time=07:04:06.811 level=WARN msg="取得した付近の椅子情報に不備があります (CODE=30): ID:01M32ZXZ0DVMG9DRBSQC6GGKDSの椅子は既にライド中です"
time=07:04:13.435 level=INFO msg=最終地域情報 名前=チェアタウン ユーザー登録数=2317 アクティブユーザー数=2231
time=07:04:13.435 level=INFO msg=最終地域情報 名前=コシカケシティ ユーザー登録数=1531 アクティブユーザー数=1456
time=07:04:13.435 level=INFO msg=最終オーナー情報 名前=GoEase 売上=24125100 椅子数=474
time=07:04:13.435 level=INFO msg=最終オーナー情報 名前="SitWell Designs" 売上=22313300 椅子数=422
time=07:04:13.435 level=INFO msg=最終オーナー情報 名前=EcoChairs 売上=24555000 椅子数=487
time=07:04:13.435 level=INFO msg=最終オーナー情報 名前=つばさ交通 売上=20500800 椅子数=381
time=07:04:13.435 level=INFO msg=最終オーナー情報 名前=晴れ道タクシー 売上=22074400 椅子数=411
time=07:04:13.435 level=INFO msg=87.6%のライドは椅子がマッチされるまでの時間、2.8%のライドはマッチされた椅子が乗車地点までに掛かる時間、44.7%のライドは椅子の実移動時間に不満がありました
time=07:04:13.437 level=INFO msg=結果 pass=true スコア=1191611 種別エラー数=map[30:10]
time=07:04:13.437 level=INFO msg=負荷走行が終了しました
