time=06:31:59.090 level=INFO msg=負荷走行を開始します
time=06:32:05.067 level=INFO msg=一定の売上が立ったためオーナーの椅子が増加します 名前=椅子のめぐりや 増加数=1
time=06:32:05.067 level=INFO msg=一定の売上が立ったためオーナーの椅子が増加します 名前=ふたたび椅子堂 増加数=1
time=06:32:05.067 level=INFO msg=一定の売上が立ったためオーナーの椅子が増加します 名前="Sit Second Life" 増加数=1
time=06:32:05.067 level=INFO msg=一定の売上が立ったためオーナーの椅子が増加します 名前=再座堂 増加数=1
time=06:32:05.067 level=INFO msg=一定の売上が立ったためオーナーの椅子が増加します 名前="Chair Charm" 増加数=2
time=06:32:06.866 level=INFO msg=一定の売上が立ったためオーナーの椅子が増加します 名前="Sit Second Life" 増加数=1
time=06:32:06.870 level=INFO msg=一定の売上が立ったためオーナーの椅子が増加します 名前=椅子のめぐりや 増加数=1
time=06:32:06.870 level=INFO msg=一定の売上が立ったためオーナーの椅子が増加します 名前=ふたたび椅子堂 増加数=1
time=06:32:06.870 level=INFO msg=一定の売上が立ったためオーナーの椅子が増加します 名前=再座堂 増加数=2
time=06:32:06.871 level=INFO msg=一定の売上が立ったためオーナーの椅子が増加します 名前="Chair Charm" 増加数=1
time=06:32:06.893 level=INFO msg=これまでに地域内の評判によって8人、既存ユーザーの招待経由で46人が新規登録しました
time=06:32:06.893 level=INFO msg=0.0%のライドは椅子がマッチされるまでの時間、58.7%のライドはマッチされた椅子が乗車地点までに掛かる時間、0.0%のライドは椅子の実移動時間に不満がありました
time=06:32:08.667 level=INFO msg=一定の売上が立ったためオーナーの椅子が増加します 名前="Chair Charm" 増加数=3
time=06:32:08.672 level=INFO msg=一定の売上が立ったためオーナーの椅子が増加します 名前="Sit Second Life" 増加数=3
time=06:32:08.672 level=INFO msg=一定の売上が立ったためオーナーの椅子が増加します 名前=ふたたび椅子堂 増加数=3
time=06:32:08.672 level=INFO msg=一定の売上が立ったためオーナーの椅子が増加します 名前=再座堂 増加数=3
time=06:32:08.674 level=INFO msg=一定の売上が立ったためオーナーの椅子が増加します 名前=椅子のめぐりや 増加数=3
time=06:32:10.468 level=INFO msg=一定の売上が立ったためオーナーの椅子が増加します 名前=再座堂 増加数=6
time=06:32:10.470 level=INFO msg=一定の売上が立ったためオーナーの椅子が増加します 名前="Chair Charm" 増加数=4
time=06:32:10.470 level=INFO msg=一定の売上が立ったためオーナーの椅子が増加します 名前="Sit Second Life" 増加数=3
time=06:32:10.478 level=INFO msg=一定の売上が立ったためオーナーの椅子が増加します 名前=椅子のめぐりや 増加数=5
time=06:32:10.478 level=INFO msg=一定の売上が立ったためオーナーの椅子が増加します 名前=ふたたび椅子堂 増加数=6
time=06:32:12.269 level=INFO msg=一定の売上が立ったためオーナーの椅子が増加します 名前=ふたたび椅子堂 増加数=7
time=06:32:12.269 level=INFO msg=一定の売上が立ったためオーナーの椅子が増加します 名前=再座堂 増加数=8
time=06:32:12.271 level=INFO msg=一定の売上が立ったためオーナーの椅子が増加します 名前="Chair Charm" 増加数=6
time=06:32:12.271 level=INFO msg=一定の売上が立ったためオーナーの椅子が増加します 名前=椅子のめぐりや 増加数=7
time=06:32:12.272 level=INFO msg=一定の売上が立ったためオーナーの椅子が増加します 名前="Sit Second Life" 増加数=6
time=06:32:12.293 level=INFO msg=これまでに地域内の評判によって20人、既存ユーザーの招待経由で247人が新規登録しました
time=06:32:12.293 level=INFO msg=2.6%のライドは椅子がマッチされるまでの時間、24.0%のライドはマッチされた椅子が乗車地点までに掛かる時間、0.0%のライドは椅子の実移動時間に不満がありました
time=06:32:14.072 level=INFO msg=一定の売上が立ったためオーナーの椅子が増加します 名前=ふたたび椅子堂 増加数=10
time=06:32:14.077 level=INFO msg=一定の売上が立ったためオーナーの椅子が増加します 名前="Chair Charm" 増加数=9
time=06:32:14.078 level=INFO msg=一定の売上が立ったためオーナーの椅子が増加します 名前="Sit Second Life" 増加数=8
time=06:32:14.078 level=INFO msg=一定の売上が立ったためオーナーの椅子が増加します 名前=再座堂 増加数=11
time=06:32:14.088 level=INFO msg=一定の売上が立ったためオーナーの椅子が増加します 名前=椅子のめぐりや 増加数=10
time=06:32:15.871 level=INFO msg=一定の売上が立ったためオーナーの椅子が増加します 名前=ふたたび椅子堂 増加数=13
time=06:32:15.872 level=INFO msg=一定の売上が立ったためオーナーの椅子が増加します 名前=椅子のめぐりや 増加数=12
time=06:32:15.875 level=INFO msg=一定の売上が立ったためオーナーの椅子が増加します 名前=再座堂 増加数=13
time=06:32:15.906 level=INFO msg=一定の売上が立ったためオーナーの椅子が増加します 名前="Chair Charm" 増加数=12
time=06:32:15.906 level=INFO msg=一定の売上が立ったためオーナーの椅子が増加します 名前="Sit Second Life" 増加数=11
time=06:32:17.678 level=WARN msg="取得したオーナーの売り上げ情報が想定しているものと異なります (CODE=24): salesが大きいデータがあります (id: 01M32Y4E5W5C7GJD1BZG1KQZJ2, got: 64000)"
time=06:32:17.682 level=INFO msg=一定の売上が立ったためオーナーの椅子が増加します 名前="Chair Charm" 増加数=12
time=06:32:17.687 level=INFO msg=一定の売上が立ったためオーナーの椅子が増加します 名前="Sit Second Life" 増加数=12
time=06:32:17.693 level=INFO msg=一定の売上が立ったためオーナーの椅子が増加します 名前=椅子のめぐりや 増加数=13
time=06:32:17.693 level=INFO msg=これまでに地域内の評判によって36人、既存ユーザーの招待経由で953人が新規登録しました
time=06:32:17.693 level=INFO msg=7.3%のライドは椅子がマッチされるまでの時間、7.7%のライドはマッチされた椅子が乗車地点までに掛かる時間、0.4%のライドは椅子の実移動時間に不満がありました
time=06:32:17.707 level=INFO msg=一定の売上が立ったためオーナーの椅子が増加します 名前=ふたたび椅子堂 増加数=13
time=06:32:19.506 level=INFO msg=一定の売上が立ったためオーナーの椅子が増加します 名前=椅子のめぐりや 増加数=13
time=06:32:19.508 level=INFO msg=一定の売上が立ったためオーナーの椅子が増加します 名前=ふたたび椅子堂 増加数=13
time=06:32:19.510 level=INFO msg=一定の売上が立ったためオーナーの椅子が増加します 名前=再座堂 増加数=27
time=06:32:19.511 level=INFO msg=一定の売上が立ったためオーナーの椅子が増加します 名前="Sit Second Life" 増加数=11
time=06:32:19.512 level=INFO msg=一定の売上が立ったためオーナーの椅子が増加します 名前="Chair Charm" 増加数=13
time=06:32:21.344 level=INFO msg=一定の売上が立ったためオーナーの椅子が増加します 名前="Sit Second Life" 増加数=13
time=06:32:21.381 level=INFO msg=一定の売上が立ったためオーナーの椅子が増加します 名前=ふたたび椅子堂 増加数=15
time=06:32:21.382 level=INFO msg=一定の売上が立ったためオーナーの椅子が増加します 名前=椅子のめぐりや 増加数=14
time=06:32:21.384 level=INFO msg=一定の売上が立ったためオーナーの椅子が増加します 名前=再座堂 増加数=13
time=06:32:21.397 level=INFO msg=一定の売上が立ったためオーナーの椅子が増加します 名前="Chair Charm" 増加数=14
time=06:32:23.333 level=INFO msg=一定の売上が立ったためオーナーの椅子が増加します 名前="Sit Second Life" 増加数=12
time=06:32:23.333 level=INFO msg=これまでに地域内の評判によって54人、既存ユーザーの招待経由で1830人が新規登録しました
time=06:32:23.333 level=INFO msg=これまでに低評価なライドによって1人が利用をやめました
time=06:32:23.333 level=INFO msg=21.7%のライドは椅子がマッチされるまでの時間、4.4%のライドはマッチされた椅子が乗車地点までに掛かる時間、13.0%のライドは椅子の実移動時間に不満がありました
time=06:32:23.351 level=INFO msg=一定の売上が立ったためオーナーの椅子が増加します 名前="Chair Charm" 増加数=13
time=06:32:23.353 level=INFO msg=一定の売上が立ったためオーナーの椅子が増加します 名前=再座堂 増加数=18
time=06:32:23.354 level=INFO msg=一定の売上が立ったためオーナーの椅子が増加します 名前=椅子のめぐりや 増加数=16
time=06:32:23.354 level=INFO msg=一定の売上が立ったためオーナーの椅子が増加します 名前=ふたたび椅子堂 増加数=16
time=06:32:25.241 level=INFO msg=一定の売上が立ったためオーナーの椅子が増加します 名前=椅子のめぐりや 増加数=17
time=06:32:25.275 level=INFO msg=一定の売上が立ったためオーナーの椅子が増加します 名前=ふたたび椅子堂 増加数=18
time=06:32:25.280 level=INFO msg=一定の売上が立ったためオーナーの椅子が増加します 名前="Chair Charm" 増加数=17
time=06:32:25.281 level=INFO msg=一定の売上が立ったためオーナーの椅子が増加します 名前="Sit Second Life" 増加数=14
time=06:32:25.282 level=INFO msg=一定の売上が立ったためオーナーの椅子が増加します 名前=再座堂 増加数=18
time=06:32:27.073 level=INFO msg=一定の売上が立ったためオーナーの椅子が増加します 名前=再座堂 増加数=18
time=06:32:27.099 level=INFO msg=一定の売上が立ったためオーナーの椅子が増加します 名前="Chair Charm" 増加数=16
time=06:32:27.100 level=INFO msg=一定の売上が立ったためオーナーの椅子が増加します 名前=椅子のめぐりや 増加数=19
time=06:32:27.101 level=INFO msg=一定の売上が立ったためオーナーの椅子が増加します 名前="Sit Second Life" 増加数=16
time=06:32:27.101 level=INFO msg=一定の売上が立ったためオーナーの椅子が増加します 名前=ふたたび椅子堂 増加数=19
time=06:32:29.333 level=INFO msg=これまでに地域内の評判によって72人、既存ユーザーの招待経由で2597人が新規登録しました
time=06:32:29.333 level=INFO msg=これまでに低評価なライドによって20人が利用をやめました
time=06:32:29.333 level=INFO msg=40.3%のライドは椅子がマッチされるまでの時間、3.3%のライドはマッチされた椅子が乗車地点までに掛かる時間、24.9%のライドは椅子の実移動時間に不満がありました
time=06:32:29.334 level=INFO msg=一定の売上が立ったためオーナーの椅子が増加します 名前=椅子のめぐりや 増加数=26
time=06:32:29.373 level=INFO msg=一定の売上が立ったためオーナーの椅子が増加します 名前=再座堂 増加数=28
time=06:32:29.375 level=INFO msg=一定の売上が立ったためオーナーの椅子が増加します 名前=ふたたび椅子堂 増加数=28
time=06:32:29.379 level=INFO msg=一定の売上が立ったためオーナーの椅子が増加します 名前="Chair Charm" 増加数=24
time=06:32:29.379 level=INFO msg=一定の売上が立ったためオーナーの椅子が増加します 名前="Sit Second Life" 増加数=20
time=06:32:32.934 level=INFO msg=一定の売上が立ったためオーナーの椅子が増加します 名前=ふたたび椅子堂 増加数=41
time=06:32:32.958 level=INFO msg=一定の売上が立ったためオーナーの椅子が増加します 名前=再座堂 増加数=42
time=06:32:32.959 level=INFO msg=一定の売上が立ったためオーナーの椅子が増加します 名前="Chair Charm" 増加数=38
time=06:32:32.962 level=INFO msg=一定の売上が立ったためオーナーの椅子が増加します 名前="Sit Second Life" 増加数=34
time=06:32:32.963 level=INFO msg=一定の売上が立ったためオーナーの椅子が増加します 名前=椅子のめぐりや 増加数=39
time=06:32:34.733 level=INFO msg=これまでに地域内の評判によって90人、既存ユーザーの招待経由で3080人が新規登録しました
time=06:32:34.733 level=INFO msg=これまでに低評価なライドによって32人が利用をやめました
time=06:32:34.733 level=INFO msg=53.2%のライドは椅子がマッチされるまでの時間、2.8%のライドはマッチされた椅子が乗車地点までに掛かる時間、32.1%のライドは椅子の実移動時間に不満がありました
time=06:32:36.904 level=INFO msg=一定の売上が立ったためオーナーの椅子が増加します 名前="Sit Second Life" 増加数=46
time=06:32:38.764 level=INFO msg=一定の売上が立ったためオーナーの椅子が増加します 名前=再座堂 増加数=76
time=06:32:38.766 level=INFO msg=一定の売上が立ったためオーナーの椅子が増加します 名前=ふたたび椅子堂 増加数=77
time=06:32:38.768 level=INFO msg=一定の売上が立ったためオーナーの椅子が増加します 名前="Chair Charm" 増加数=67
time=06:32:38.770 level=INFO msg=一定の売上が立ったためオーナーの椅子が増加します 名前=椅子のめぐりや 増加数=72
time=06:32:40.523 level=INFO msg=これまでに地域内の評判によって108人、既存ユーザーの招待経由で3420人が新規登録しました
time=06:32:40.523 level=INFO msg=これまでに低評価なライドによって64人が利用をやめました
time=06:32:40.523 level=INFO msg=63.5%のライドは椅子がマッチされるまでの時間、2.3%のライドはマッチされた椅子が乗車地点までに掛かる時間、36.7%のライドは椅子の実移動時間に不満がありました
time=06:32:44.512 level=INFO msg=一定の売上が立ったためオーナーの椅子が増加します 名前="Sit Second Life" 増加数=84
time=06:32:46.284 level=INFO msg=これまでに地域内の評判によって126人、既存ユーザーの招待経由で3696人が新規登録しました
time=06:32:46.284 level=INFO msg=これまでに低評価なライドによって89人が利用をやめました
time=06:32:46.284 level=INFO msg=70.3%のライドは椅子がマッチされるまでの時間、2.2%のライドはマッチされた椅子が乗車地点までに掛かる時間、38.8%のライドは椅子の実移動時間に不満がありました
time=06:32:50.558 level=INFO msg=一定の売上が立ったためオーナーの椅子が増加します 名前=椅子のめぐりや 増加数=156
time=06:32:50.568 level=INFO msg=一定の売上が立ったためオーナーの椅子が増加します 名前="Chair Charm" 増加数=149
time=06:32:50.578 level=INFO msg=一定の売上が立ったためオーナーの椅子が増加します 名前=ふたたび椅子堂 増加数=163
time=06:32:50.581 level=INFO msg=一定の売上が立ったためオーナーの椅子が増加します 名前=再座堂 増加数=163
time=06:32:52.313 level=INFO msg=これまでに地域内の評判によって144人、既存ユーザーの招待経由で3858人が新規登録しました
time=06:32:52.313 level=INFO msg=これまでに低評価なライドによって130人が利用をやめました
time=06:32:52.313 level=INFO msg=75.2%のライドは椅子がマッチされるまでの時間、2.0%のライドはマッチされた椅子が乗車地点までに掛かる時間、41.2%のライドは椅子の実移動時間に不満がありました
time=06:32:57.385 level=WARN msg="取得した付近の椅子情報に不備があります (CODE=30): ID:01M32Y52VC8KHX081E1MRYBQ4Sの椅子は既にライド中です"
time=06:32:59.089 level=INFO msg=これまでに地域内の評判によって158人、既存ユーザーの招待経由で3972人が新規登録しました
time=06:32:59.089 level=INFO msg=これまでに低評価なライドによって162人が利用をやめました
time=06:32:59.089 level=INFO msg=78.6%のライドは椅子がマッチされるまでの時間、1.9%のライドはマッチされた椅子が乗車地点までに掛かる時間、43.8%のライドは椅子の実移動時間に不満がありました
time=06:32:59.128 level=WARN msg="取得した付近の椅子情報に不備があります (CODE=30): ID:01M32Y56ZEB8W5W8BA2N8RBBJKの椅子は既にライド中です"
time=06:32:59.187 level=WARN msg="取得した付近の椅子情報に不備があります (CODE=30): ID:01M32Y4Q4JNCGMVEZR0SS0TEXJの椅子は既にライド中です"
time=06:32:59.187 level=WARN msg="取得した付近の椅子情報に不備があります (CODE=30): ID:01M32Y4Q4JNCGMVEZR0SS0TEXJの椅子は既にライド中です"
time=06:32:59.442 level=WARN msg="取得した付近の椅子情報に不備があります (CODE=30): ID:01M32Y5J0T287TFRH36186YV6Kの椅子は既にライド中です"
time=06:32:59.442 level=WARN msg="取得した付近の椅子情報に不備があります (CODE=30): ID:01M32Y5J0T287TFRH36186YV6Kの椅子は既にライド中です"
time=06:33:00.430 level=WARN msg="取得した付近の椅子情報に不備があります (CODE=30): ID:01M32Y5REDMXH1Y9MY9WMSS6J3の椅子は既にライド中です"
time=06:33:00.430 level=WARN msg="取得した付近の椅子情報に不備があります (CODE=30): ID:01M32Y5REDMXH1Y9MY9WMSS6J3の椅子は既にライド中です"
time=06:33:00.431 level=WARN msg="取得した付近の椅子情報に不備があります (CODE=30): ID:01M32Y5REDMXH1Y9MY9WMSS6J3の椅子は既にライド中です"
time=06:33:00.433 level=WARN msg="取得した付近の椅子情報に不備があります (CODE=30): ID:01M32Y50KY5JP5W2QTA9P5B8KYの椅子は既にライド中です"
time=06:33:00.435 level=WARN msg="取得した付近の椅子情報に不備があります (CODE=30): ID:01M32Y5REDMXH1Y9MY9WMSS6J3の椅子は既にライド中です"
time=06:33:00.436 level=WARN msg="取得した付近の椅子情報に不備があります (CODE=30): ID:01M32Y5REDMXH1Y9MY9WMSS6J3の椅子は既にライド中です"
time=06:33:00.435 level=WARN msg="取得した付近の椅子情報に不備があります (CODE=30): ID:01M32Y5REDMXH1Y9MY9WMSS6J3の椅子は既にライド中です"
time=06:33:00.441 level=WARN msg="取得した付近の椅子情報に不備があります (CODE=30): ID:01M32Y50KY5JP5W2QTA9P5B8KYの椅子は既にライド中です"
time=06:33:00.442 level=WARN msg="取得した付近の椅子情報に不備があります (CODE=30): ID:01M32Y5REDMXH1Y9MY9WMSS6J3の椅子は既にライド中です"
time=06:33:00.443 level=WARN msg="取得した付近の椅子情報に不備があります (CODE=30): ID:01M32Y5REDMXH1Y9MY9WMSS6J3の椅子は既にライド中です"
time=06:33:00.444 level=WARN msg="取得した付近の椅子情報に不備があります (CODE=30): ID:01M32Y5REDMXH1Y9MY9WMSS6J3の椅子は既にライド中です"
time=06:33:00.445 level=WARN msg="取得した付近の椅子情報に不備があります (CODE=30): ID:01M32Y50KY5JP5W2QTA9P5B8KYの椅子は既にライド中です"
time=06:33:00.460 level=WARN msg="取得した付近の椅子情報に不備があります (CODE=30): ID:01M32Y50KY5JP5W2QTA9P5B8KYの椅子は既にライド中です"
time=06:33:00.463 level=WARN msg="取得した付近の椅子情報に不備があります (CODE=30): ID:01M32Y50KY5JP5W2QTA9P5B8KYの椅子は既にライド中です"
time=06:33:00.465 level=WARN msg="取得した付近の椅子情報に不備があります (CODE=30): ID:01M32Y50KY5JP5W2QTA9P5B8KYの椅子は既にライド中です"
time=06:33:00.465 level=WARN msg="取得した付近の椅子情報に不備があります (CODE=30): ID:01M32Y50KY5JP5W2QTA9P5B8KYの椅子は既にライド中です"
time=06:33:00.469 level=WARN msg="取得した付近の椅子情報に不備があります (CODE=30): ID:01M32Y50KY5JP5W2QTA9P5B8KYの椅子は既にライド中です"
time=06:33:00.471 level=WARN msg="取得した付近の椅子情報に不備があります (CODE=30): ID:01M32Y50KY5JP5W2QTA9P5B8KYの椅子は既にライド中です"
time=06:33:00.471 level=WARN msg="取得した付近の椅子情報に不備があります (CODE=30): ID:01M32Y50KY5JP5W2QTA9P5B8KYの椅子は既にライド中です"
time=06:33:00.474 level=WARN msg="取得した付近の椅子情報に不備があります (CODE=30): ID:01M32Y50KY5JP5W2QTA9P5B8KYの椅子は既にライド中です"
time=06:33:00.476 level=WARN msg="取得した付近の椅子情報に不備があります (CODE=30): ID:01M32Y50KY5JP5W2QTA9P5B8KYの椅子は既にライド中です"
time=06:33:00.477 level=WARN msg="取得した付近の椅子情報に不備があります (CODE=30): ID:01M32Y50KY5JP5W2QTA9P5B8KYの椅子は既にライド中です"
time=06:33:00.478 level=WARN msg="取得した付近の椅子情報に不備があります (CODE=30): ID:01M32Y50KY5JP5W2QTA9P5B8KYの椅子は既にライド中です"
time=06:33:00.479 level=WARN msg="取得した付近の椅子情報に不備があります (CODE=30): ID:01M32Y50KY5JP5W2QTA9P5B8KYの椅子は既にライド中です"
time=06:33:00.480 level=WARN msg="取得した付近の椅子情報に不備があります (CODE=30): ID:01M32Y50KY5JP5W2QTA9P5B8KYの椅子は既にライド中です"
time=06:33:00.483 level=WARN msg="取得した付近の椅子情報に不備があります (CODE=30): ID:01M32Y50KY5JP5W2QTA9P5B8KYの椅子は既にライド中です"
time=06:33:00.485 level=WARN msg="取得した付近の椅子情報に不備があります (CODE=30): ID:01M32Y50KY5JP5W2QTA9P5B8KYの椅子は既にライド中です"
time=06:33:00.489 level=WARN msg="取得した付近の椅子情報に不備があります (CODE=30): ID:01M32Y50KY5JP5W2QTA9P5B8KYの椅子は既にライド中です"
time=06:33:00.489 level=WARN msg="取得した付近の椅子情報に不備があります (CODE=30): ID:01M32Y50KY5JP5W2QTA9P5B8KYの椅子は既にライド中です"
time=06:33:00.490 level=WARN msg="取得した付近の椅子情報に不備があります (CODE=30): ID:01M32Y50KY5JP5W2QTA9P5B8KYの椅子は既にライド中です"
time=06:33:00.491 level=WARN msg="取得した付近の椅子情報に不備があります (CODE=30): ID:01M32Y50KY5JP5W2QTA9P5B8KYの椅子は既にライド中です"
time=06:33:00.493 level=WARN msg="取得した付近の椅子情報に不備があります (CODE=30): ID:01M32Y50KY5JP5W2QTA9P5B8KYの椅子は既にライド中です"
time=06:33:00.493 level=WARN msg="取得した付近の椅子情報に不備があります (CODE=30): ID:01M32Y50KY5JP5W2QTA9P5B8KYの椅子は既にライド中です"
time=06:33:00.494 level=WARN msg="取得した付近の椅子情報に不備があります (CODE=30): ID:01M32Y50KY5JP5W2QTA9P5B8KYの椅子は既にライド中です"
time=06:33:00.494 level=WARN msg="取得した付近の椅子情報に不備があります (CODE=30): ID:01M32Y50KY5JP5W2QTA9P5B8KYの椅子は既にライド中です"
time=06:33:00.495 level=WARN msg="取得した付近の椅子情報に不備があります (CODE=30): ID:01M32Y50KY5JP5W2QTA9P5B8KYの椅子は既にライド中です"
time=06:33:00.502 level=WARN msg="取得した付近の椅子情報に不備があります (CODE=30): ID:01M32Y50KY5JP5W2QTA9P5B8KYの椅子は既にライド中です"
time=06:33:06.493 level=INFO msg=最終地域情報 名前=チェアタウン ユーザー登録数=2648 アクティブユーザー数=2565
time=06:33:06.493 level=INFO msg=最終地域情報 名前=コシカケシティ ユーザー登録数=1659 アクティブユーザー数=1566
time=06:33:06.493 level=INFO msg=最終オーナー情報 名前=再座堂 売上=23737100 椅子数=451
time=06:33:06.493 level=INFO msg=最終オーナー情報 名前=椅子のめぐりや 売上=22524900 椅子数=428
time=06:33:06.493 level=INFO msg=最終オーナー情報 名前="Chair Charm" 売上=21144800 椅子数=404
time=06:33:06.493 level=INFO msg=最終オーナー情報 名前=ふたたび椅子堂 売上=23591400 椅子数=448
time=06:33:06.493 level=INFO msg=最終オーナー情報 名前="Sit Second Life" 売上=19603600 椅子数=299
time=06:33:06.493 level=INFO msg=79.7%のライドは椅子がマッチされるまでの時間、1.8%のライドはマッチされた椅子が乗車地点までに掛かる時間、44.6%のライドは椅子の実移動時間に不満がありました
time=06:33:06.495 level=INFO msg=結果 pass=true スコア=1153498 種別エラー数="map[24:1 30:43]"
time=06:33:06.495 level=INFO msg=負荷走行が終了しました
