time=01:57:31.117 level=INFO msg=負荷走行を開始します
time=01:57:37.045 level=INFO msg=一定の売上が立ったためオーナーの椅子が増加します 名前=レトロ椅子館 増加数=1
time=01:57:37.046 level=INFO msg=一定の売上が立ったためオーナーの椅子が増加します 名前=迅行タクシー 増加数=2
time=01:57:38.845 level=INFO msg=一定の売上が立ったためオーナーの椅子が増加します 名前=椅子と暮らし舎 増加数=2
time=01:57:38.846 level=INFO msg=一定の売上が立ったためオーナーの椅子が増加します 名前=座和インダストリー 増加数=1
time=01:57:38.846 level=INFO msg=一定の売上が立ったためオーナーの椅子が増加します 名前=レトロ椅子館 増加数=2
time=01:57:38.848 level=INFO msg=一定の売上が立ったためオーナーの椅子が増加します 名前=迅行タクシー 増加数=1
time=01:57:38.869 level=INFO msg=これまでに地域内の評判によって10人、既存ユーザーの招待経由で34人が新規登録しました
time=01:57:38.869 level=INFO msg=0.0%のライドは椅子がマッチされるまでの時間、73.5%のライドはマッチされた椅子が乗車地点までに掛かる時間、0.0%のライドは椅子の実移動時間に不満がありました
time=01:57:40.645 level=INFO msg=一定の売上が立ったためオーナーの椅子が増加します 名前=椅子のめぐりや 増加数=1
time=01:57:40.645 level=INFO msg=一定の売上が立ったためオーナーの椅子が増加します 名前=座和インダストリー 増加数=1
time=01:57:40.646 level=INFO msg=一定の売上が立ったためオーナーの椅子が増加します 名前=椅子と暮らし舎 増加数=2
time=01:57:40.648 level=INFO msg=一定の売上が立ったためオーナーの椅子が増加します 名前=レトロ椅子館 増加数=2
time=01:57:40.650 level=INFO msg=一定の売上が立ったためオーナーの椅子が増加します 名前=迅行タクシー 増加数=1
time=01:57:42.447 level=INFO msg=一定の売上が立ったためオーナーの椅子が増加します 名前=座和インダストリー 増加数=1
time=01:57:42.447 level=INFO msg=一定の売上が立ったためオーナーの椅子が増加します 名前=レトロ椅子館 増加数=1
time=01:57:42.452 level=INFO msg=一定の売上が立ったためオーナーの椅子が増加します 名前=椅子と暮らし舎 増加数=1
time=01:57:42.452 level=INFO msg=一定の売上が立ったためオーナーの椅子が増加します 名前=迅行タクシー 増加数=1
time=01:57:44.247 level=INFO msg=一定の売上が立ったためオーナーの椅子が増加します 名前=椅子のめぐりや 増加数=1
time=01:57:44.249 level=INFO msg=一定の売上が立ったためオーナーの椅子が増加します 名前=レトロ椅子館 増加数=2
time=01:57:44.249 level=INFO msg=一定の売上が立ったためオーナーの椅子が増加します 名前=椅子と暮らし舎 増加数=2
time=01:57:44.249 level=INFO msg=一定の売上が立ったためオーナーの椅子が増加します 名前=迅行タクシー 増加数=1
time=01:57:44.268 level=INFO msg=これまでに地域内の評判によって22人、既存ユーザーの招待経由で76人が新規登録しました
time=01:57:44.269 level=INFO msg=2.5%のライドは椅子がマッチされるまでの時間、72.2%のライドはマッチされた椅子が乗車地点までに掛かる時間、0.6%のライドは椅子の実移動時間に不満がありました
time=01:57:46.044 level=INFO msg=一定の売上が立ったためオーナーの椅子が増加します 名前=座和インダストリー 増加数=2
time=01:57:46.053 level=INFO msg=一定の売上が立ったためオーナーの椅子が増加します 名前=椅子と暮らし舎 増加数=3
time=01:57:46.054 level=INFO msg=一定の売上が立ったためオーナーの椅子が増加します 名前=レトロ椅子館 増加数=2
time=01:57:46.054 level=INFO msg=一定の売上が立ったためオーナーの椅子が増加します 名前=迅行タクシー 増加数=2
time=01:57:47.850 level=INFO msg=一定の売上が立ったためオーナーの椅子が増加します 名前=座和インダストリー 増加数=2
time=01:57:47.850 level=INFO msg=一定の売上が立ったためオーナーの椅子が増加します 名前=椅子のめぐりや 増加数=1
time=01:57:47.854 level=INFO msg=一定の売上が立ったためオーナーの椅子が増加します 名前=椅子と暮らし舎 増加数=1
time=01:57:47.854 level=INFO msg=一定の売上が立ったためオーナーの椅子が増加します 名前=レトロ椅子館 増加数=3
time=01:57:47.854 level=INFO msg=一定の売上が立ったためオーナーの椅子が増加します 名前=迅行タクシー 増加数=1
time=01:57:49.647 level=INFO msg=一定の売上が立ったためオーナーの椅子が増加します 名前=椅子のめぐりや 増加数=1
time=01:57:49.651 level=INFO msg=一定の売上が立ったためオーナーの椅子が増加します 名前=座和インダストリー 増加数=1
time=01:57:49.653 level=INFO msg=一定の売上が立ったためオーナーの椅子が増加します 名前=迅行タクシー 増加数=2
time=01:57:49.653 level=INFO msg=一定の売上が立ったためオーナーの椅子が増加します 名前=椅子と暮らし舎 増加数=2
time=01:57:49.657 level=INFO msg=一定の売上が立ったためオーナーの椅子が増加します 名前=レトロ椅子館 増加数=4
time=01:57:49.673 level=INFO msg=これまでに地域内の評判によって30人、既存ユーザーの招待経由で114人が新規登録しました
time=01:57:49.673 level=INFO msg=41.7%のライドは椅子がマッチされるまでの時間、73.6%のライドはマッチされた椅子が乗車地点までに掛かる時間、0.6%のライドは椅子の実移動時間に不満がありました
time=01:57:51.452 level=INFO msg=一定の売上が立ったためオーナーの椅子が増加します 名前=椅子のめぐりや 増加数=2
time=01:57:51.460 level=INFO msg=一定の売上が立ったためオーナーの椅子が増加します 名前=座和インダストリー 増加数=3
time=01:57:51.465 level=INFO msg=一定の売上が立ったためオーナーの椅子が増加します 名前=迅行タクシー 増加数=3
time=01:57:51.467 level=INFO msg=一定の売上が立ったためオーナーの椅子が増加します 名前=椅子と暮らし舎 増加数=2
time=01:57:51.471 level=INFO msg=一定の売上が立ったためオーナーの椅子が増加します 名前=レトロ椅子館 増加数=3
time=01:57:53.251 level=INFO msg=一定の売上が立ったためオーナーの椅子が増加します 名前=椅子のめぐりや 増加数=2
time=01:57:53.260 level=INFO msg=一定の売上が立ったためオーナーの椅子が増加します 名前=椅子と暮らし舎 増加数=2
time=01:57:53.262 level=INFO msg=一定の売上が立ったためオーナーの椅子が増加します 名前=座和インダストリー 増加数=1
time=01:57:53.267 level=INFO msg=一定の売上が立ったためオーナーの椅子が増加します 名前=迅行タクシー 増加数=3
time=01:57:53.270 level=INFO msg=一定の売上が立ったためオーナーの椅子が増加します 名前=レトロ椅子館 増加数=4
time=01:57:55.069 level=INFO msg=これまでに地域内の評判によって46人、既存ユーザーの招待経由で179人が新規登録しました
time=01:57:55.069 level=INFO msg=これまでに低評価なライドによって1人が利用をやめました
time=01:57:55.069 level=INFO msg=65.9%のライドは椅子がマッチされるまでの時間、67.2%のライドはマッチされた椅子が乗車地点までに掛かる時間、0.8%のライドは椅子の実移動時間に不満がありました
time=01:57:55.070 level=INFO msg=一定の売上が立ったためオーナーの椅子が増加します 名前=椅子のめぐりや 増加数=1
time=01:57:55.072 level=INFO msg=一定の売上が立ったためオーナーの椅子が増加します 名前=迅行タクシー 増加数=4
time=01:57:55.076 level=INFO msg=一定の売上が立ったためオーナーの椅子が増加します 名前=座和インダストリー 増加数=3
time=01:57:55.078 level=INFO msg=一定の売上が立ったためオーナーの椅子が増加します 名前=椅子と暮らし舎 増加数=4
time=01:57:55.088 level=INFO msg=一定の売上が立ったためオーナーの椅子が増加します 名前=レトロ椅子館 増加数=5
time=01:57:56.865 level=INFO msg=一定の売上が立ったためオーナーの椅子が増加します 名前=椅子のめぐりや 増加数=4
time=01:57:56.875 level=INFO msg=一定の売上が立ったためオーナーの椅子が増加します 名前=座和インダストリー 増加数=3
time=01:57:56.879 level=INFO msg=一定の売上が立ったためオーナーの椅子が増加します 名前=椅子と暮らし舎 増加数=4
time=01:57:56.879 level=INFO msg=一定の売上が立ったためオーナーの椅子が増加します 名前=迅行タクシー 増加数=3
time=01:57:56.887 level=INFO msg=一定の売上が立ったためオーナーの椅子が増加します 名前=レトロ椅子館 増加数=5
time=01:57:58.678 level=INFO msg=一定の売上が立ったためオーナーの椅子が増加します 名前=椅子のめぐりや 増加数=2
time=01:57:58.681 level=INFO msg=一定の売上が立ったためオーナーの椅子が増加します 名前=座和インダストリー 増加数=3
time=01:57:58.692 level=INFO msg=一定の売上が立ったためオーナーの椅子が増加します 名前=迅行タクシー 増加数=6
time=01:57:58.694 level=INFO msg=一定の売上が立ったためオーナーの椅子が増加します 名前=レトロ椅子館 増加数=5
time=01:57:58.696 level=INFO msg=一定の売上が立ったためオーナーの椅子が増加します 名前=椅子と暮らし舎 増加数=5
time=01:57:59.447 level=WARN msg="ユーザー登録に失敗しました (CODE=17): POST /api/app/usersへのリクエストに対して、期待されたHTTPステータスコードが確認できませんでした (expected:201, actual:500)"
time=01:58:00.017 level=WARN msg="ユーザー登録に失敗しました (CODE=17): POST /api/app/usersへのリクエストに対して、期待されたHTTPステータスコードが確認できませんでした (expected:201, actual:500)"
time=01:58:00.469 level=INFO msg=これまでに地域内の評判によって58人、既存ユーザーの招待経由で377人が新規登録しました
time=01:58:00.469 level=INFO msg=これまでに低評価なライドによって2人が利用をやめました
time=01:58:00.469 level=INFO msg=52.2%のライドは椅子がマッチされるまでの時間、57.2%のライドはマッチされた椅子が乗車地点までに掛かる時間、0.8%のライドは椅子の実移動時間に不満がありました
time=01:58:00.479 level=INFO msg=一定の売上が立ったためオーナーの椅子が増加します 名前=椅子のめぐりや 増加数=4
time=01:58:00.484 level=INFO msg=一定の売上が立ったためオーナーの椅子が増加します 名前=座和インダストリー 増加数=4
time=01:58:00.495 level=INFO msg=一定の売上が立ったためオーナーの椅子が増加します 名前=迅行タクシー 増加数=4
time=01:58:00.497 level=INFO msg=一定の売上が立ったためオーナーの椅子が増加します 名前=椅子と暮らし舎 増加数=4
time=01:58:00.510 level=INFO msg=一定の売上が立ったためオーナーの椅子が増加します 名前=レトロ椅子館 増加数=5
time=01:58:02.293 level=INFO msg=一定の売上が立ったためオーナーの椅子が増加します 名前=椅子のめぐりや 増加数=3
time=01:58:02.315 level=INFO msg=一定の売上が立ったためオーナーの椅子が増加します 名前=座和インダストリー 増加数=5
time=01:58:02.324 level=INFO msg=一定の売上が立ったためオーナーの椅子が増加します 名前=椅子と暮らし舎 増加数=5
time=01:58:02.327 level=INFO msg=一定の売上が立ったためオーナーの椅子が増加します 名前=迅行タクシー 増加数=4
time=01:58:02.334 level=INFO msg=一定の売上が立ったためオーナーの椅子が増加します 名前=レトロ椅子館 増加数=3
time=01:58:04.167 level=INFO msg=一定の売上が立ったためオーナーの椅子が増加します 名前=椅子のめぐりや 増加数=4
time=01:58:04.199 level=INFO msg=一定の売上が立ったためオーナーの椅子が増加します 名前=座和インダストリー 増加数=4
time=01:58:04.211 level=INFO msg=一定の売上が立ったためオーナーの椅子が増加します 名前=迅行タクシー 増加数=4
time=01:58:04.282 level=INFO msg=一定の売上が立ったためオーナーの椅子が増加します 名前=椅子と暮らし舎 増加数=4
time=01:58:04.296 level=INFO msg=一定の売上が立ったためオーナーの椅子が増加します 名前=レトロ椅子館 増加数=3
time=01:58:05.868 level=INFO msg=これまでに地域内の評判によって66人、既存ユーザーの招待経由で599人が新規登録しました
time=01:58:05.869 level=INFO msg=これまでに低評価なライドによって2人が利用をやめました
time=01:58:05.869 level=INFO msg=60.0%のライドは椅子がマッチされるまでの時間、50.7%のライドはマッチされた椅子が乗車地点までに掛かる時間、0.7%のライドは椅子の実移動時間に不満がありました
time=01:58:05.986 level=INFO msg=一定の売上が立ったためオーナーの椅子が増加します 名前=椅子のめぐりや 増加数=4
time=01:58:06.000 level=INFO msg=一定の売上が立ったためオーナーの椅子が増加します 名前=座和インダストリー 増加数=4
time=01:58:06.042 level=INFO msg=一定の売上が立ったためオーナーの椅子が増加します 名前=椅子と暮らし舎 増加数=5
time=01:58:06.048 level=INFO msg=一定の売上が立ったためオーナーの椅子が増加します 名前=迅行タクシー 増加数=4
time=01:58:06.064 level=INFO msg=一定の売上が立ったためオーナーの椅子が増加します 名前=レトロ椅子館 増加数=7
time=01:58:07.854 level=INFO msg=一定の売上が立ったためオーナーの椅子が増加します 名前=椅子のめぐりや 増加数=4
time=01:58:07.858 level=INFO msg=一定の売上が立ったためオーナーの椅子が増加します 名前=座和インダストリー 増加数=4
time=01:58:07.859 level=INFO msg=一定の売上が立ったためオーナーの椅子が増加します 名前=椅子と暮らし舎 増加数=6
time=01:58:07.861 level=INFO msg=一定の売上が立ったためオーナーの椅子が増加します 名前=迅行タクシー 増加数=5
time=01:58:07.863 level=INFO msg=一定の売上が立ったためオーナーの椅子が増加します 名前=レトロ椅子館 増加数=5
time=01:58:09.537 level=INFO msg=一定の売上が立ったためオーナーの椅子が増加します 名前=椅子のめぐりや 増加数=4
time=01:58:09.669 level=INFO msg=一定の売上が立ったためオーナーの椅子が増加します 名前=座和インダストリー 増加数=4
time=01:58:09.690 level=INFO msg=一定の売上が立ったためオーナーの椅子が増加します 名前=レトロ椅子館 増加数=7
time=01:58:09.754 level=INFO msg=一定の売上が立ったためオーナーの椅子が増加します 名前=椅子と暮らし舎 増加数=5
time=01:58:09.763 level=INFO msg=一定の売上が立ったためオーナーの椅子が増加します 名前=迅行タクシー 増加数=3
time=01:58:11.268 level=INFO msg=これまでに地域内の評判によって78人、既存ユーザーの招待経由で853人が新規登録しました
time=01:58:11.269 level=INFO msg=これまでに低評価なライドによって6人が利用をやめました
time=01:58:11.269 level=INFO msg=71.2%のライドは椅子がマッチされるまでの時間、45.7%のライドはマッチされた椅子が乗車地点までに掛かる時間、0.9%のライドは椅子の実移動時間に不満がありました
time=01:58:11.392 level=INFO msg=一定の売上が立ったためオーナーの椅子が増加します 名前=椅子のめぐりや 増加数=3
time=01:58:11.405 level=INFO msg=一定の売上が立ったためオーナーの椅子が増加します 名前=椅子と暮らし舎 増加数=5
time=01:58:11.424 level=INFO msg=一定の売上が立ったためオーナーの椅子が増加します 名前=座和インダストリー 増加数=4
time=01:58:11.434 level=INFO msg=一定の売上が立ったためオーナーの椅子が増加します 名前=レトロ椅子館 増加数=5
time=01:58:11.658 level=INFO msg=一定の売上が立ったためオーナーの椅子が増加します 名前=迅行タクシー 増加数=5
time=01:58:13.225 level=INFO msg=一定の売上が立ったためオーナーの椅子が増加します 名前=椅子のめぐりや 増加数=4
time=01:58:13.245 level=INFO msg=一定の売上が立ったためオーナーの椅子が増加します 名前=座和インダストリー 増加数=4
time=01:58:13.292 level=INFO msg=一定の売上が立ったためオーナーの椅子が増加します 名前=レトロ椅子館 増加数=6
time=01:58:13.396 level=INFO msg=一定の売上が立ったためオーナーの椅子が増加します 名前=椅子と暮らし舎 増加数=6
time=01:58:13.510 level=INFO msg=一定の売上が立ったためオーナーの椅子が増加します 名前=迅行タクシー 増加数=5
time=01:58:15.018 level=INFO msg=一定の売上が立ったためオーナーの椅子が増加します 名前=座和インダストリー 増加数=6
time=01:58:15.059 level=INFO msg=一定の売上が立ったためオーナーの椅子が増加します 名前=椅子のめぐりや 増加数=4
time=01:58:15.182 level=INFO msg=一定の売上が立ったためオーナーの椅子が増加します 名前=椅子と暮らし舎 増加数=6
time=01:58:15.366 level=INFO msg=一定の売上が立ったためオーナーの椅子が増加します 名前=レトロ椅子館 増加数=7
time=01:58:15.397 level=INFO msg=一定の売上が立ったためオーナーの椅子が増加します 名前=迅行タクシー 増加数=5
time=01:58:16.668 level=INFO msg=これまでに地域内の評判によって90人、既存ユーザーの招待経由で1067人が新規登録しました
time=01:58:16.668 level=INFO msg=これまでに低評価なライドによって22人が利用をやめました
time=01:58:16.668 level=INFO msg=78.4%のライドは椅子がマッチされるまでの時間、43.1%のライドはマッチされた椅子が乗車地点までに掛かる時間、4.4%のライドは椅子の実移動時間に不満がありました
time=01:58:16.932 level=INFO msg=一定の売上が立ったためオーナーの椅子が増加します 名前=椅子のめぐりや 増加数=3
time=01:58:16.943 level=INFO msg=一定の売上が立ったためオーナーの椅子が増加します 名前=座和インダストリー 増加数=3
time=01:58:16.952 level=INFO msg=一定の売上が立ったためオーナーの椅子が増加します 名前=椅子と暮らし舎 増加数=5
time=01:58:17.100 level=INFO msg=一定の売上が立ったためオーナーの椅子が増加します 名前=迅行タクシー 増加数=5
time=01:58:18.723 level=INFO msg=一定の売上が立ったためオーナーの椅子が増加します 名前=椅子のめぐりや 増加数=5
time=01:58:18.728 level=INFO msg=一定の売上が立ったためオーナーの椅子が増加します 名前=迅行タクシー 増加数=5
time=01:58:18.756 level=INFO msg=一定の売上が立ったためオーナーの椅子が増加します 名前=座和インダストリー 増加数=5
time=01:58:18.777 level=INFO msg=一定の売上が立ったためオーナーの椅子が増加します 名前=椅子と暮らし舎 増加数=6
time=01:58:18.999 level=INFO msg=一定の売上が立ったためオーナーの椅子が増加します 名前=レトロ椅子館 増加数=11
time=01:58:20.545 level=INFO msg=一定の売上が立ったためオーナーの椅子が増加します 名前=椅子のめぐりや 増加数=2
time=01:58:20.651 level=INFO msg=一定の売上が立ったためオーナーの椅子が増加します 名前=迅行タクシー 増加数=5
time=01:58:20.801 level=INFO msg=一定の売上が立ったためオーナーの椅子が増加します 名前=座和インダストリー 増加数=4
time=01:58:22.189 level=INFO msg=これまでに地域内の評判によって102人、既存ユーザーの招待経由で1262人が新規登録しました
time=01:58:22.189 level=INFO msg=これまでに低評価なライドによって64人が利用をやめました
time=01:58:22.189 level=INFO msg=83.0%のライドは椅子がマッチされるまでの時間、40.7%のライドはマッチされた椅子が乗車地点までに掛かる時間、8.9%のライドは椅子の実移動時間に不満がありました
time=01:58:22.583 level=INFO msg=一定の売上が立ったためオーナーの椅子が増加します 名前=椅子と暮らし舎 増加数=11
time=01:58:22.668 level=INFO msg=一定の売上が立ったためオーナーの椅子が増加します 名前=椅子のめぐりや 増加数=5
time=01:58:24.263 level=INFO msg=一定の売上が立ったためオーナーの椅子が増加します 名前=レトロ椅子館 増加数=19
time=01:58:24.356 level=INFO msg=一定の売上が立ったためオーナーの椅子が増加します 名前=椅子のめぐりや 増加数=4
time=01:58:24.673 level=INFO msg=一定の売上が立ったためオーナーの椅子が増加します 名前=座和インダストリー 増加数=11
time=01:58:24.722 level=INFO msg=一定の売上が立ったためオーナーの椅子が増加します 名前=迅行タクシー 増加数=10
time=01:58:27.948 level=INFO msg=これまでに地域内の評判によって114人、既存ユーザーの招待経由で1358人が新規登録しました
time=01:58:27.948 level=INFO msg=これまでに低評価なライドによって119人が利用をやめました
time=01:58:27.949 level=INFO msg=86.1%のライドは椅子がマッチされるまでの時間、39.0%のライドはマッチされた椅子が乗車地点までに掛かる時間、13.9%のライドは椅子の実移動時間に不満がありました
time=01:58:30.043 level=INFO msg=一定の売上が立ったためオーナーの椅子が増加します 名前=椅子のめぐりや 増加数=12
time=01:58:33.498 level=INFO msg=これまでに地域内の評判によって121人、既存ユーザーの招待経由で1417人が新規登録しました
time=01:58:33.498 level=INFO msg=これまでに低評価なライドによって176人が利用をやめました
time=01:58:33.498 level=INFO msg=88.2%のライドは椅子がマッチされるまでの時間、37.4%のライドはマッチされた椅子が乗車地点までに掛かる時間、18.5%のライドは椅子の実移動時間に不満がありました
time=01:58:37.221 level=WARN msg="ユーザー登録に失敗しました (CODE=17): ユーザー登録に失敗しました (CODE=17): GET /clientのリクエストが失敗しました: Get \"https://isuride.xiv.isucon.net/client\": context deadline exceeded (Client.Timeout exceeded while awaiting headers)"
time=01:58:37.295 level=WARN msg="ユーザー登録に失敗しました (CODE=17): ユーザー登録に失敗しました (CODE=17): GET /clientのリクエストが失敗しました: Get \"https://isuride.xiv.isucon.net/client\": context deadline exceeded (Client.Timeout exceeded while awaiting headers)"
time=01:58:37.305 level=WARN msg="ユーザー登録に失敗しました (CODE=17): ユーザー登録に失敗しました (CODE=17): GET /clientのリクエストが失敗しました: Get \"https://isuride.xiv.isucon.net/client\": context deadline exceeded (Client.Timeout exceeded while awaiting headers)"
time=01:58:37.366 level=WARN msg="ユーザー登録に失敗しました (CODE=17): ユーザー登録に失敗しました (CODE=17): GET /clientのリクエストが失敗しました: Get \"https://isuride.xiv.isucon.net/client\": context deadline exceeded (Client.Timeout exceeded while awaiting headers)"
time=01:58:37.480 level=WARN msg="ユーザー登録に失敗しました (CODE=17): ユーザー登録に失敗しました (CODE=17): GET /clientのリクエストが失敗しました: Get \"https://isuride.xiv.isucon.net/client\": context deadline exceeded (Client.Timeout exceeded while awaiting headers)"
time=01:58:37.522 level=WARN msg="ユーザー登録に失敗しました (CODE=17): ユーザー登録に失敗しました (CODE=17): GET /clientのリクエストが失敗しました: Get \"https://isuride.xiv.isucon.net/client\": context deadline exceeded (Client.Timeout exceeded while awaiting headers)"
time=01:58:37.568 level=WARN msg="ユーザー登録に失敗しました (CODE=17): ユーザー登録に失敗しました (CODE=17): GET /clientのリクエストが失敗しました: Get \"https://isuride.xiv.isucon.net/client\": context deadline exceeded (Client.Timeout exceeded while awaiting headers)"
time=01:58:37.596 level=WARN msg="ユーザー登録に失敗しました (CODE=17): ユーザー登録に失敗しました (CODE=17): GET /clientのリクエストが失敗しました: Get \"https://isuride.xiv.isucon.net/client\": context deadline exceeded (Client.Timeout exceeded while awaiting headers)"
time=01:58:37.598 level=WARN msg="椅子登録に失敗しました (CODE=19): POST /api/chair/chairsのリクエストが失敗しました: Post \"https://isuride.xiv.isucon.net/api/chair/chairs\": context deadline exceeded (Client.Timeout exceeded while awaiting headers)"
time=01:58:38.470 level=INFO msg=最終地域情報 名前=チェアタウン ユーザー登録数=924 アクティブユーザー数=829
time=01:58:38.470 level=INFO msg=最終地域情報 名前=コシカケシティ ユーザー登録数=710 アクティブユーザー数=629
time=01:58:38.470 level=INFO msg=最終オーナー情報 名前=座和インダストリー 売上=3541500 椅子数=79
time=01:58:38.470 level=INFO msg=最終オーナー情報 名前=レトロ椅子館 売上=5320600 椅子数=106
time=01:58:38.470 level=INFO msg=最終オーナー情報 名前=椅子と暮らし舎 売上=4720000 椅子数=102
time=01:58:38.470 level=INFO msg=最終オーナー情報 名前=迅行タクシー 売上=4129600 椅子数=98
time=01:58:38.470 level=INFO msg=最終オーナー情報 名前=椅子のめぐりや 売上=2937400 椅子数=84
time=01:58:38.470 level=INFO msg=88.5%のライドは椅子がマッチされるまでの時間、37.0%のライドはマッチされた椅子が乗車地点までに掛かる時間、19.5%のライドは椅子の実移動時間に不満がありました
time=01:58:38.470 level=INFO msg=結果 pass=true スコア=244124 種別エラー数="map[17:10 19:1]"
time=01:58:38.470 level=INFO msg=負荷走行が終了しました
