time=07:13:52.467 level=INFO msg=負荷走行を開始します
time=07:13:58.212 level=INFO msg=一定の売上が立ったためオーナーの椅子が増加します 名前=ChairCycle 増加数=1
time=07:13:58.212 level=INFO msg=一定の売上が立ったためオーナーの椅子が増加します 名前=椅子のふるさと 増加数=1
time=07:13:58.212 level=INFO msg=一定の売上が立ったためオーナーの椅子が増加します 名前=CityRide 増加数=1
time=07:13:58.213 level=INFO msg=一定の売上が立ったためオーナーの椅子が増加します 名前=晴れ道タクシー 増加数=1
time=07:13:58.218 level=INFO msg=一定の売上が立ったためオーナーの椅子が増加します 名前=SwiftCab 増加数=2
time=07:14:00.010 level=INFO msg=一定の売上が立ったためオーナーの椅子が増加します 名前=CityRide 増加数=2
time=07:14:00.020 level=INFO msg=一定の売上が立ったためオーナーの椅子が増加します 名前=SwiftCab 増加数=2
time=07:14:00.020 level=INFO msg=一定の売上が立ったためオーナーの椅子が増加します 名前=ChairCycle 増加数=2
time=07:14:00.020 level=INFO msg=一定の売上が立ったためオーナーの椅子が増加します 名前=晴れ道タクシー 増加数=2
time=07:14:00.020 level=INFO msg=一定の売上が立ったためオーナーの椅子が増加します 名前=椅子のふるさと 増加数=1
time=07:14:00.038 level=INFO msg=これまでに地域内の評判によって7人、既存ユーザーの招待経由で51人が新規登録しました
time=07:14:00.038 level=INFO msg=0.0%のライドは椅子がマッチされるまでの時間、65.4%のライドはマッチされた椅子が乗車地点までに掛かる時間、0.0%のライドは椅子の実移動時間に不満がありました
time=07:14:01.811 level=INFO msg=一定の売上が立ったためオーナーの椅子が増加します 名前=ChairCycle 増加数=3
time=07:14:01.816 level=INFO msg=一定の売上が立ったためオーナーの椅子が増加します 名前=晴れ道タクシー 増加数=4
time=07:14:01.816 level=INFO msg=一定の売上が立ったためオーナーの椅子が増加します 名前=SwiftCab 増加数=3
time=07:14:01.816 level=INFO msg=一定の売上が立ったためオーナーの椅子が増加します 名前=椅子のふるさと 増加数=2
time=07:14:01.816 level=INFO msg=一定の売上が立ったためオーナーの椅子が増加します 名前=CityRide 増加数=3
time=07:14:03.615 level=INFO msg=一定の売上が立ったためオーナーの椅子が増加します 名前=ChairCycle 増加数=5
time=07:14:03.621 level=INFO msg=一定の売上が立ったためオーナーの椅子が増加します 名前=SwiftCab 増加数=5
time=07:14:03.621 level=INFO msg=一定の売上が立ったためオーナーの椅子が増加します 名前=CityRide 増加数=5
time=07:14:03.621 level=INFO msg=一定の売上が立ったためオーナーの椅子が増加します 名前=椅子のふるさと 増加数=4
time=07:14:03.625 level=INFO msg=一定の売上が立ったためオーナーの椅子が増加します 名前=晴れ道タクシー 増加数=5
time=07:14:05.411 level=INFO msg=一定の売上が立ったためオーナーの椅子が増加します 名前=椅子のふるさと 増加数=6
time=07:14:05.415 level=INFO msg=一定の売上が立ったためオーナーの椅子が増加します 名前=ChairCycle 増加数=7
time=07:14:05.420 level=INFO msg=一定の売上が立ったためオーナーの椅子が増加します 名前=CityRide 増加数=6
time=07:14:05.420 level=INFO msg=一定の売上が立ったためオーナーの椅子が増加します 名前=晴れ道タクシー 増加数=8
time=07:14:05.420 level=INFO msg=一定の売上が立ったためオーナーの椅子が増加します 名前=SwiftCab 増加数=7
time=07:14:05.439 level=INFO msg=これまでに地域内の評判によって19人、既存ユーザーの招待経由で255人が新規登録しました
time=07:14:05.439 level=INFO msg=0.0%のライドは椅子がマッチされるまでの時間、27.8%のライドはマッチされた椅子が乗車地点までに掛かる時間、0.2%のライドは椅子の実移動時間に不満がありました
time=07:14:07.217 level=INFO msg=一定の売上が立ったためオーナーの椅子が増加します 名前=CityRide 増加数=11
time=07:14:07.226 level=INFO msg=一定の売上が立ったためオーナーの椅子が増加します 名前=ChairCycle 増加数=10
time=07:14:07.226 level=INFO msg=一定の売上が立ったためオーナーの椅子が増加します 名前=椅子のふるさと 増加数=8
time=07:14:07.228 level=INFO msg=一定の売上が立ったためオーナーの椅子が増加します 名前=SwiftCab 増加数=9
time=07:14:07.228 level=INFO msg=一定の売上が立ったためオーナーの椅子が増加します 名前=晴れ道タクシー 増加数=11
time=07:14:09.025 level=INFO msg=一定の売上が立ったためオーナーの椅子が増加します 名前=ChairCycle 増加数=12
time=07:14:09.044 level=INFO msg=一定の売上が立ったためオーナーの椅子が増加します 名前=CityRide 増加数=12
time=07:14:09.045 level=INFO msg=一定の売上が立ったためオーナーの椅子が増加します 名前=SwiftCab 増加数=12
time=07:14:09.045 level=INFO msg=一定の売上が立ったためオーナーの椅子が増加します 名前=晴れ道タクシー 増加数=13
time=07:14:09.046 level=INFO msg=一定の売上が立ったためオーナーの椅子が増加します 名前=椅子のふるさと 増加数=10
time=07:14:10.828 level=INFO msg=一定の売上が立ったためオーナーの椅子が増加します 名前=ChairCycle 増加数=12
time=07:14:10.834 level=INFO msg=一定の売上が立ったためオーナーの椅子が増加します 名前=晴れ道タクシー 増加数=13
time=07:14:10.835 level=INFO msg=一定の売上が立ったためオーナーの椅子が増加します 名前=SwiftCab 増加数=11
time=07:14:10.838 level=INFO msg=これまでに地域内の評判によって33人、既存ユーザーの招待経由で967人が新規登録しました
time=07:14:10.838 level=INFO msg=0.0%のライドは椅子がマッチされるまでの時間、10.7%のライドはマッチされた椅子が乗車地点までに掛かる時間、0.6%のライドは椅子の実移動時間に不満がありました
time=07:14:10.838 level=INFO msg=一定の売上が立ったためオーナーの椅子が増加します 名前=椅子のふるさと 増加数=11
time=07:14:10.838 level=INFO msg=一定の売上が立ったためオーナーの椅子が増加します 名前=CityRide 増加数=12
time=07:14:12.670 level=INFO msg=一定の売上が立ったためオーナーの椅子が増加します 名前=CityRide 増加数=13
time=07:14:12.670 level=INFO msg=一定の売上が立ったためオーナーの椅子が増加します 名前=SwiftCab 増加数=12
time=07:14:12.672 level=INFO msg=一定の売上が立ったためオーナーの椅子が増加します 名前=椅子のふるさと 増加数=11
time=07:14:12.674 level=INFO msg=一定の売上が立ったためオーナーの椅子が増加します 名前=晴れ道タクシー 増加数=14
time=07:14:14.462 level=INFO msg=一定の売上が立ったためオーナーの椅子が増加します 名前=ChairCycle 増加数=24
time=07:14:14.468 level=INFO msg=一定の売上が立ったためオーナーの椅子が増加します 名前=SwiftCab 増加数=12
time=07:14:14.483 level=INFO msg=一定の売上が立ったためオーナーの椅子が増加します 名前=椅子のふるさと 増加数=10
time=07:14:14.485 level=INFO msg=一定の売上が立ったためオーナーの椅子が増加します 名前=CityRide 増加数=13
time=07:14:14.486 level=INFO msg=一定の売上が立ったためオーナーの椅子が増加します 名前=晴れ道タクシー 増加数=16
time=07:14:16.611 level=INFO msg=一定の売上が立ったためオーナーの椅子が増加します 名前=ChairCycle 増加数=13
time=07:14:16.619 level=INFO msg=一定の売上が立ったためオーナーの椅子が増加します 名前=椅子のふるさと 増加数=12
time=07:14:16.620 level=INFO msg=一定の売上が立ったためオーナーの椅子が増加します 名前=CityRide 増加数=17
time=07:14:16.620 level=INFO msg=一定の売上が立ったためオーナーの椅子が増加します 名前=SwiftCab 増加数=16
time=07:14:16.622 level=INFO msg=一定の売上が立ったためオーナーの椅子が増加します 名前=晴れ道タクシー 増加数=17
time=07:14:16.628 level=INFO msg=これまでに地域内の評判によって51人、既存ユーザーの招待経由で1924人が新規登録しました
time=07:14:16.628 level=INFO msg=これまでに低評価なライドによって5人が利用をやめました
time=07:14:16.628 level=INFO msg=12.2%のライドは椅子がマッチされるまでの時間、6.6%のライドはマッチされた椅子が乗車地点までに掛かる時間、12.5%のライドは椅子の実移動時間に不満がありました
time=07:14:18.458 level=INFO msg=一定の売上が立ったためオーナーの椅子が増加します 名前=CityRide 増加数=18
time=07:14:18.459 level=INFO msg=一定の売上が立ったためオーナーの椅子が増加します 名前=SwiftCab 増加数=16
time=07:14:18.460 level=INFO msg=一定の売上が立ったためオーナーの椅子が増加します 名前=晴れ道タクシー 増加数=18
time=07:14:18.460 level=INFO msg=一定の売上が立ったためオーナーの椅子が増加します 名前=ChairCycle 増加数=17
time=07:14:18.461 level=INFO msg=一定の売上が立ったためオーナーの椅子が増加します 名前=椅子のふるさと 増加数=14
time=07:14:20.221 level=INFO msg=一定の売上が立ったためオーナーの椅子が増加します 名前=椅子のふるさと 増加数=16
time=07:14:20.221 level=INFO msg=一定の売上が立ったためオーナーの椅子が増加します 名前=SwiftCab 増加数=17
time=07:14:20.221 level=INFO msg=一定の売上が立ったためオーナーの椅子が増加します 名前=ChairCycle 増加数=15
time=07:14:20.221 level=INFO msg=一定の売上が立ったためオーナーの椅子が増加します 名前=CityRide 増加数=19
time=07:14:20.221 level=INFO msg=一定の売上が立ったためオーナーの椅子が増加します 名前=晴れ道タクシー 増加数=21
time=07:14:22.028 level=INFO msg=これまでに地域内の評判によって67人、既存ユーザーの招待経由で2552人が新規登録しました
time=07:14:22.028 level=INFO msg=これまでに低評価なライドによって18人が利用をやめました
time=07:14:22.028 level=INFO msg=44.2%のライドは椅子がマッチされるまでの時間、4.7%のライドはマッチされた椅子が乗車地点までに掛かる時間、21.5%のライドは椅子の実移動時間に不満がありました
time=07:14:22.041 level=INFO msg=一定の売上が立ったためオーナーの椅子が増加します 名前=椅子のふるさと 増加数=17
time=07:14:22.044 level=INFO msg=一定の売上が立ったためオーナーの椅子が増加します 名前=SwiftCab 増加数=19
time=07:14:22.045 level=INFO msg=一定の売上が立ったためオーナーの椅子が増加します 名前=CityRide 増加数=23
time=07:14:22.048 level=INFO msg=一定の売上が立ったためオーナーの椅子が増加します 名前=ChairCycle 増加数=23
time=07:14:23.820 level=INFO msg=一定の売上が立ったためオーナーの椅子が増加します 名前=SwiftCab 増加数=19
time=07:14:23.821 level=INFO msg=一定の売上が立ったためオーナーの椅子が増加します 名前=椅子のふるさと 増加数=19
time=07:14:23.821 level=INFO msg=一定の売上が立ったためオーナーの椅子が増加します 名前=晴れ道タクシー 増加数=49
time=07:14:27.668 level=INFO msg=これまでに地域内の評判によって85人、既存ユーザーの招待経由で2940人が新規登録しました
time=07:14:27.668 level=INFO msg=これまでに低評価なライドによって34人が利用をやめました
time=07:14:27.668 level=INFO msg=63.6%のライドは椅子がマッチされるまでの時間、4.0%のライドはマッチされた椅子が乗車地点までに掛かる時間、28.2%のライドは椅子の実移動時間に不満がありました
time=07:14:27.689 level=INFO msg=一定の売上が立ったためオーナーの椅子が増加します 名前=椅子のふるさと 増加数=41
time=07:14:27.689 level=INFO msg=一定の売上が立ったためオーナーの椅子が増加します 名前=SwiftCab 増加数=51
time=07:14:27.689 level=INFO msg=一定の売上が立ったためオーナーの椅子が増加します 名前=ChairCycle 増加数=69
time=07:14:27.690 level=INFO msg=一定の売上が立ったためオーナーの椅子が増加します 名前=CityRide 増加数=75
time=07:14:29.861 level=INFO msg=一定の売上が立ったためオーナーの椅子が増加します 名前=晴れ道タクシー 増加数=83
time=07:14:33.888 level=INFO msg=一定の売上が立ったためオーナーの椅子が増加します 名前=椅子のふるさと 増加数=75
time=07:14:33.891 level=INFO msg=一定の売上が立ったためオーナーの椅子が増加します 名前=SwiftCab 増加数=85
time=07:14:33.898 level=INFO msg=これまでに地域内の評判によって103人、既存ユーザーの招待経由で3282人が新規登録しました
time=07:14:33.898 level=INFO msg=これまでに低評価なライドによって59人が利用をやめました
time=07:14:33.899 level=INFO msg=74.1%のライドは椅子がマッチされるまでの時間、3.7%のライドはマッチされた椅子が乗車地点までに掛かる時間、33.4%のライドは椅子の実移動時間に不満がありました
time=07:14:35.996 level=INFO msg=一定の売上が立ったためオーナーの椅子が増加します 名前=ChairCycle 増加数=103
time=07:14:37.752 level=INFO msg=一定の売上が立ったためオーナーの椅子が増加します 名前=CityRide 増加数=141
time=07:14:39.609 level=INFO msg=これまでに地域内の評判によって121人、既存ユーザーの招待経由で3471人が新規登録しました
time=07:14:39.609 level=INFO msg=これまでに低評価なライドによって95人が利用をやめました
time=07:14:39.609 level=INFO msg=79.5%のライドは椅子がマッチされるまでの時間、3.3%のライドはマッチされた椅子が乗車地点までに掛かる時間、37.0%のライドは椅子の実移動時間に不満がありました
time=07:14:42.059 level=INFO msg=一定の売上が立ったためオーナーの椅子が増加します 名前=晴れ道タクシー 増加数=186
time=07:14:43.447 level=WARN msg="取得した付近の椅子情報に不備があります (CODE=30): ID:01M330HG1H4DRWNA2M3PM2W2W0の椅子は既にライド中です"
time=07:14:43.447 level=WARN msg="取得した付近の椅子情報に不備があります (CODE=30): ID:01M330HRZ5CAHHMVAEX7KAC03Yの椅子は既にライド中です"
time=07:14:43.449 level=WARN msg="取得した付近の椅子情報に不備があります (CODE=30): ID:01M330HG1H4DRWNA2M3PM2W2W0の椅子は既にライド中です"
time=07:14:43.451 level=WARN msg="取得した付近の椅子情報に不備があります (CODE=30): ID:01M330HRZ5CAHHMVAEX7KAC03Yの椅子は既にライド中です"
time=07:14:43.451 level=WARN msg="取得した付近の椅子情報に不備があります (CODE=30): ID:01M330HRZ5CAHHMVAEX7KAC03Yの椅子は既にライド中です"
time=07:14:43.452 level=WARN msg="取得した付近の椅子情報に不備があります (CODE=30): ID:01M330HRZ5CAHHMVAEX7KAC03Yの椅子は既にライド中です"
time=07:14:46.539 level=INFO msg=これまでに地域内の評判によって139人、既存ユーザーの招待経由で3587人が新規登録しました
time=07:14:46.539 level=INFO msg=これまでに低評価なライドによって133人が利用をやめました
time=07:14:46.540 level=INFO msg=83.6%のライドは椅子がマッチされるまでの時間、3.1%のライドはマッチされた椅子が乗車地点までに掛かる時間、40.2%のライドは椅子の実移動時間に不満がありました
time=07:14:46.579 level=INFO msg=一定の売上が立ったためオーナーの椅子が増加します 名前=椅子のふるさと 増加数=152
time=07:14:48.614 level=INFO msg=一定の売上が立ったためオーナーの椅子が増加します 名前=SwiftCab 増加数=204
time=07:14:52.449 level=INFO msg=これまでに地域内の評判によって151人、既存ユーザーの招待経由で3714人が新規登録しました
time=07:14:52.449 level=INFO msg=これまでに低評価なライドによって165人が利用をやめました
time=07:14:52.449 level=INFO msg=85.5%のライドは椅子がマッチされるまでの時間、2.9%のライドはマッチされた椅子が乗車地点までに掛かる時間、42.8%のライドは椅子の実移動時間に不満がありました
time=07:14:53.446 level=WARN msg="取得した付近の椅子情報に不備があります (CODE=30): ID:01M330GS4C1JG3AK7RXTFZJHAFの椅子は既にライド中です"
time=07:14:53.666 level=WARN msg="取得した付近の椅子情報に不備があります (CODE=30): ID:01M330J8MH1FKT6VQDJ95ZTNQ4の椅子は既にライド中です"
time=07:14:53.667 level=WARN msg="取得した付近の椅子情報に不備があります (CODE=30): ID:01M330J8MH1FKT6VQDJ95ZTNQ4の椅子は既にライド中です"
time=07:14:53.673 level=WARN msg="取得した付近の椅子情報に不備があります (CODE=30): ID:01M330J8MH1FKT6VQDJ95ZTNQ4の椅子は既にライド中です"
time=07:14:53.674 level=WARN msg="取得した付近の椅子情報に不備があります (CODE=30): ID:01M330J8MH1FKT6VQDJ95ZTNQ4の椅子は既にライド中です"
time=07:14:53.771 level=WARN msg="取得した付近の椅子情報に不備があります (CODE=30): ID:01M330J8MH1FKT6VQDJ95ZTNQ4の椅子は既にライド中です"
time=07:14:59.640 level=INFO msg=最終地域情報 名前=チェアタウン ユーザー登録数=2484 アクティブユーザー数=2386
time=07:14:59.640 level=INFO msg=最終地域情報 名前=コシカケシティ ユーザー登録数=1448 アクティブユーザー数=1368
time=07:14:59.640 level=INFO msg=最終オーナー情報 名前=SwiftCab 売上=23327800 椅子数=506
time=07:14:59.640 level=INFO msg=最終オーナー情報 名前=CityRide 売上=23760400 椅子数=375
time=07:14:59.640 level=INFO msg=最終オーナー情報 名前=椅子のふるさと 売上=20225700 椅子数=414
time=07:14:59.640 level=INFO msg=最終オーナー情報 名前=ChairCycle 売上=22653600 椅子数=320
time=07:14:59.640 level=INFO msg=最終オーナー情報 名前=晴れ道タクシー 売上=25605700 椅子数=465
time=07:14:59.640 level=INFO msg=86.6%のライドは椅子がマッチされるまでの時間、2.9%のライドはマッチされた椅子が乗車地点までに掛かる時間、44.2%のライドは椅子の実移動時間に不満がありました
time=07:14:59.641 level=INFO msg=結果 pass=true スコア=1209389 種別エラー数=map[30:12]
time=07:14:59.642 level=INFO msg=負荷走行が終了しました
