time=01:12:48.578 level=INFO msg=負荷走行を開始します
time=01:12:52.665 level=WARN msg="ユーザー登録に失敗しました (CODE=17): POST /api/app/usersへのリクエストに対して、期待されたHTTPステータスコードが確認できませんでした (expected:201, actual:500)"
time=01:12:54.519 level=INFO msg=一定の売上が立ったためオーナーの椅子が増加します 名前=風座プロダクツ 増加数=1
time=01:12:54.529 level=INFO msg=一定の売上が立ったためオーナーの椅子が増加します 名前="LuxeLine Taxi" 増加数=1
time=01:12:54.529 level=INFO msg=一定の売上が立ったためオーナーの椅子が増加します 名前=椅子再生工房 増加数=1
time=01:12:54.657 level=WARN msg="ユーザー登録に失敗しました (CODE=17): POST /api/app/usersへのリクエストに対して、期待されたHTTPステータスコードが確認できませんでした (expected:201, actual:500)"
time=01:12:54.701 level=WARN msg="ユーザー登録に失敗しました (CODE=17): POST /api/app/usersへのリクエストに対して、期待されたHTTPステータスコードが確認できませんでした (expected:201, actual:500)"
time=01:12:54.731 level=WARN msg="ユーザー登録に失敗しました (CODE=17): POST /api/app/usersへのリクエストに対して、期待されたHTTPステータスコードが確認できませんでした (expected:201, actual:500)"
time=01:12:56.332 level=INFO msg=これまでに地域内の評判によって8人、既存ユーザーの招待経由で21人が新規登録しました
time=01:12:56.332 level=INFO msg=0.0%のライドは椅子がマッチされるまでの時間、64.3%のライドはマッチされた椅子が乗車地点までに掛かる時間、5.4%のライドは椅子の実移動時間に不満がありました
time=01:12:56.341 level=INFO msg=一定の売上が立ったためオーナーの椅子が増加します 名前="Sit Second Life" 増加数=1
time=01:12:56.345 level=INFO msg=一定の売上が立ったためオーナーの椅子が増加します 名前=椅子再生工房 増加数=1
time=01:12:56.347 level=INFO msg=一定の売上が立ったためオーナーの椅子が増加します 名前=風座プロダクツ 増加数=1
time=01:12:58.153 level=INFO msg=一定の売上が立ったためオーナーの椅子が増加します 名前=椅子再生工房 増加数=1
time=01:12:58.157 level=INFO msg=一定の売上が立ったためオーナーの椅子が増加します 名前="PreLoved Chairs" 増加数=1
time=01:12:58.165 level=INFO msg=一定の売上が立ったためオーナーの椅子が増加します 名前="LuxeLine Taxi" 増加数=1
time=01:12:58.186 level=INFO msg=一定の売上が立ったためオーナーの椅子が増加します 名前="Sit Second Life" 増加数=1
time=01:12:59.971 level=INFO msg=一定の売上が立ったためオーナーの椅子が増加します 名前="LuxeLine Taxi" 増加数=1
time=01:12:59.977 level=INFO msg=一定の売上が立ったためオーナーの椅子が増加します 名前="PreLoved Chairs" 増加数=1
time=01:12:59.991 level=INFO msg=一定の売上が立ったためオーナーの椅子が増加します 名前=風座プロダクツ 増加数=1
time=01:13:01.732 level=INFO msg=これまでに地域内の評判によって20人、既存ユーザーの招待経由で27人が新規登録しました
time=01:13:01.732 level=INFO msg=これまでに低評価なライドによって4人が利用をやめました
time=01:13:01.732 level=INFO msg=4.2%のライドは椅子がマッチされるまでの時間、66.7%のライドはマッチされた椅子が乗車地点までに掛かる時間、31.2%のライドは椅子の実移動時間に不満がありました
time=01:13:01.785 level=INFO msg=一定の売上が立ったためオーナーの椅子が増加します 名前=椅子再生工房 増加数=2
time=01:13:03.589 level=INFO msg=一定の売上が立ったためオーナーの椅子が増加します 名前="Sit Second Life" 増加数=1
time=01:13:03.660 level=INFO msg=一定の売上が立ったためオーナーの椅子が増加します 名前="LuxeLine Taxi" 増加数=1
time=01:13:03.670 level=INFO msg=一定の売上が立ったためオーナーの椅子が増加します 名前=椅子再生工房 増加数=1
time=01:13:05.403 level=INFO msg=一定の売上が立ったためオーナーの椅子が増加します 名前="PreLoved Chairs" 増加数=1
time=01:13:05.403 level=INFO msg=一定の売上が立ったためオーナーの椅子が増加します 名前="LuxeLine Taxi" 増加数=1
time=01:13:05.404 level=INFO msg=一定の売上が立ったためオーナーの椅子が増加します 名前=風座プロダクツ 増加数=1
time=01:13:05.418 level=INFO msg=一定の売上が立ったためオーナーの椅子が増加します 名前="Sit Second Life" 増加数=1
time=01:13:07.132 level=INFO msg=これまでに地域内の評判によって32人、既存ユーザーの招待経由で27人が新規登録しました
time=01:13:07.132 level=INFO msg=これまでに低評価なライドによって13人が利用をやめました
time=01:13:07.132 level=INFO msg=23.9%のライドは椅子がマッチされるまでの時間、71.8%のライドはマッチされた椅子が乗車地点までに掛かる時間、52.1%のライドは椅子の実移動時間に不満がありました
time=01:13:07.166 level=INFO msg=一定の売上が立ったためオーナーの椅子が増加します 名前=椅子再生工房 増加数=1
time=01:13:07.197 level=INFO msg=一定の売上が立ったためオーナーの椅子が増加します 名前="LuxeLine Taxi" 増加数=1
time=01:13:07.242 level=INFO msg=一定の売上が立ったためオーナーの椅子が増加します 名前="Sit Second Life" 増加数=1
time=01:13:08.998 level=INFO msg=一定の売上が立ったためオーナーの椅子が増加します 名前=風座プロダクツ 増加数=1
time=01:13:09.009 level=INFO msg=一定の売上が立ったためオーナーの椅子が増加します 名前="PreLoved Chairs" 増加数=2
time=01:13:09.060 level=INFO msg=一定の売上が立ったためオーナーの椅子が増加します 名前=椅子再生工房 増加数=1
time=01:13:10.886 level=INFO msg=一定の売上が立ったためオーナーの椅子が増加します 名前="Sit Second Life" 増加数=1
time=01:13:12.532 level=INFO msg=これまでに地域内の評判によって41人、既存ユーザーの招待経由で27人が新規登録しました
time=01:13:12.532 level=INFO msg=これまでに低評価なライドによって23人が利用をやめました
time=01:13:12.532 level=INFO msg=36.7%のライドは椅子がマッチされるまでの時間、72.4%のライドはマッチされた椅子が乗車地点までに掛かる時間、63.3%のライドは椅子の実移動時間に不満がありました
time=01:13:12.606 level=INFO msg=一定の売上が立ったためオーナーの椅子が増加します 名前=風座プロダクツ 増加数=1
time=01:13:12.662 level=INFO msg=一定の売上が立ったためオーナーの椅子が増加します 名前="LuxeLine Taxi" 増加数=1
time=01:13:12.674 level=INFO msg=一定の売上が立ったためオーナーの椅子が増加します 名前="Sit Second Life" 増加数=1
time=01:13:12.681 level=INFO msg=一定の売上が立ったためオーナーの椅子が増加します 名前=椅子再生工房 増加数=1
time=01:13:14.412 level=INFO msg=一定の売上が立ったためオーナーの椅子が増加します 名前="PreLoved Chairs" 増加数=2
time=01:13:14.417 level=INFO msg=一定の売上が立ったためオーナーの椅子が増加します 名前=風座プロダクツ 増加数=1
time=01:13:14.424 level=INFO msg=一定の売上が立ったためオーナーの椅子が増加します 名前=椅子再生工房 増加数=1
time=01:13:14.441 level=INFO msg=一定の売上が立ったためオーナーの椅子が増加します 名前="LuxeLine Taxi" 増加数=2
time=01:13:14.477 level=INFO msg=一定の売上が立ったためオーナーの椅子が増加します 名前="Sit Second Life" 増加数=1
time=01:13:16.302 level=INFO msg=一定の売上が立ったためオーナーの椅子が増加します 名前="PreLoved Chairs" 増加数=1
time=01:13:16.307 level=INFO msg=一定の売上が立ったためオーナーの椅子が増加します 名前="Sit Second Life" 増加数=1
time=01:13:17.932 level=INFO msg=これまでに地域内の評判によって53人、既存ユーザーの招待経由で31人が新規登録しました
time=01:13:17.932 level=INFO msg=これまでに低評価なライドによって33人が利用をやめました
time=01:13:17.932 level=INFO msg=29.9%のライドは椅子がマッチされるまでの時間、69.4%のライドはマッチされた椅子が乗車地点までに掛かる時間、71.3%のライドは椅子の実移動時間に不満がありました
time=01:13:18.079 level=INFO msg=一定の売上が立ったためオーナーの椅子が増加します 名前=風座プロダクツ 増加数=1
time=01:13:18.139 level=INFO msg=一定の売上が立ったためオーナーの椅子が増加します 名前="LuxeLine Taxi" 増加数=1
time=01:13:18.268 level=INFO msg=一定の売上が立ったためオーナーの椅子が増加します 名前=椅子再生工房 増加数=1
time=01:13:19.795 level=INFO msg=一定の売上が立ったためオーナーの椅子が増加します 名前=風座プロダクツ 増加数=2
time=01:13:19.862 level=INFO msg=一定の売上が立ったためオーナーの椅子が増加します 名前="Sit Second Life" 増加数=1
time=01:13:19.946 level=INFO msg=一定の売上が立ったためオーナーの椅子が増加します 名前=椅子再生工房 増加数=1
time=01:13:20.026 level=INFO msg=一定の売上が立ったためオーナーの椅子が増加します 名前="LuxeLine Taxi" 増加数=1
time=01:13:21.668 level=INFO msg=一定の売上が立ったためオーナーの椅子が増加します 名前="PreLoved Chairs" 増加数=3
time=01:13:21.763 level=INFO msg=一定の売上が立ったためオーナーの椅子が増加します 名前=椅子再生工房 増加数=1
time=01:13:23.332 level=INFO msg=これまでに地域内の評判によって65人、既存ユーザーの招待経由で39人が新規登録しました
time=01:13:23.332 level=INFO msg=これまでに低評価なライドによって36人が利用をやめました
time=01:13:23.332 level=INFO msg=22.3%のライドは椅子がマッチされるまでの時間、58.1%のライドはマッチされた椅子が乗車地点までに掛かる時間、76.0%のライドは椅子の実移動時間に不満がありました
time=01:13:23.564 level=INFO msg=一定の売上が立ったためオーナーの椅子が増加します 名前=風座プロダクツ 増加数=1
time=01:13:23.640 level=INFO msg=一定の売上が立ったためオーナーの椅子が増加します 名前=椅子再生工房 増加数=1
time=01:13:23.677 level=INFO msg=一定の売上が立ったためオーナーの椅子が増加します 名前="Sit Second Life" 増加数=2
time=01:13:25.286 level=INFO msg=一定の売上が立ったためオーナーの椅子が増加します 名前="PreLoved Chairs" 増加数=1
time=01:13:25.301 level=INFO msg=一定の売上が立ったためオーナーの椅子が増加します 名前=椅子再生工房 増加数=1
time=01:13:25.308 level=INFO msg=一定の売上が立ったためオーナーの椅子が増加します 名前=風座プロダクツ 増加数=1
time=01:13:25.333 level=INFO msg=一定の売上が立ったためオーナーの椅子が増加します 名前="LuxeLine Taxi" 増加数=1
time=01:13:27.099 level=INFO msg=一定の売上が立ったためオーナーの椅子が増加します 名前="PreLoved Chairs" 増加数=1
time=01:13:27.129 level=INFO msg=一定の売上が立ったためオーナーの椅子が増加します 名前="Sit Second Life" 増加数=1
time=01:13:27.246 level=INFO msg=一定の売上が立ったためオーナーの椅子が増加します 名前=椅子再生工房 増加数=1
time=01:13:27.300 level=INFO msg=一定の売上が立ったためオーナーの椅子が増加します 名前="LuxeLine Taxi" 増加数=2
time=01:13:28.732 level=INFO msg=これまでに地域内の評判によって77人、既存ユーザーの招待経由で40人が新規登録しました
time=01:13:28.732 level=INFO msg=これまでに低評価なライドによって50人が利用をやめました
time=01:13:28.732 level=INFO msg=22.2%のライドは椅子がマッチされるまでの時間、57.5%のライドはマッチされた椅子が乗車地点までに掛かる時間、80.3%のライドは椅子の実移動時間に不満がありました
time=01:13:28.853 level=INFO msg=一定の売上が立ったためオーナーの椅子が増加します 名前=風座プロダクツ 増加数=1
time=01:13:28.866 level=INFO msg=一定の売上が立ったためオーナーの椅子が増加します 名前="PreLoved Chairs" 増加数=1
time=01:13:28.872 level=INFO msg=一定の売上が立ったためオーナーの椅子が増加します 名前="Sit Second Life" 増加数=1
time=01:13:30.757 level=INFO msg=一定の売上が立ったためオーナーの椅子が増加します 名前=椅子再生工房 増加数=1
time=01:13:30.776 level=INFO msg=一定の売上が立ったためオーナーの椅子が増加します 名前="Sit Second Life" 増加数=1
time=01:13:30.784 level=INFO msg=一定の売上が立ったためオーナーの椅子が増加します 名前="LuxeLine Taxi" 増加数=1
time=01:13:30.788 level=INFO msg=一定の売上が立ったためオーナーの椅子が増加します 名前="PreLoved Chairs" 増加数=1
time=01:13:30.857 level=INFO msg=一定の売上が立ったためオーナーの椅子が増加します 名前=風座プロダクツ 増加数=1
time=01:13:32.590 level=INFO msg=一定の売上が立ったためオーナーの椅子が増加します 名前="PreLoved Chairs" 増加数=1
time=01:13:32.662 level=INFO msg=一定の売上が立ったためオーナーの椅子が増加します 名前="LuxeLine Taxi" 増加数=1
time=01:13:32.762 level=INFO msg=一定の売上が立ったためオーナーの椅子が増加します 名前=風座プロダクツ 増加数=1
time=01:13:32.774 level=INFO msg=一定の売上が立ったためオーナーの椅子が増加します 名前=椅子再生工房 増加数=2
time=01:13:34.132 level=INFO msg=これまでに地域内の評判によって89人、既存ユーザーの招待経由で40人が新規登録しました
time=01:13:34.132 level=INFO msg=これまでに低評価なライドによって67人が利用をやめました
time=01:13:34.132 level=INFO msg=34.7%のライドは椅子がマッチされるまでの時間、53.6%のライドはマッチされた椅子が乗車地点までに掛かる時間、83.8%のライドは椅子の実移動時間に不満がありました
time=01:13:34.266 level=INFO msg=一定の売上が立ったためオーナーの椅子が増加します 名前="Sit Second Life" 増加数=1
time=01:13:34.389 level=INFO msg=一定の売上が立ったためオーナーの椅子が増加します 名前="PreLoved Chairs" 増加数=1
time=01:13:34.390 level=INFO msg=一定の売上が立ったためオーナーの椅子が増加します 名前="LuxeLine Taxi" 増加数=2
time=01:13:34.455 level=INFO msg=一定の売上が立ったためオーナーの椅子が増加します 名前=椅子再生工房 増加数=1
time=01:13:34.478 level=INFO msg=一定の売上が立ったためオーナーの椅子が増加します 名前=風座プロダクツ 増加数=1
time=01:13:36.068 level=INFO msg=一定の売上が立ったためオーナーの椅子が増加します 名前="Sit Second Life" 増加数=1
time=01:13:36.108 level=INFO msg=一定の売上が立ったためオーナーの椅子が増加します 名前=風座プロダクツ 増加数=1
time=01:13:36.202 level=INFO msg=一定の売上が立ったためオーナーの椅子が増加します 名前=椅子再生工房 増加数=1
time=01:13:36.273 level=INFO msg=一定の売上が立ったためオーナーの椅子が増加します 名前="PreLoved Chairs" 増加数=1
time=01:13:37.954 level=INFO msg=一定の売上が立ったためオーナーの椅子が増加します 名前="LuxeLine Taxi" 増加数=1
time=01:13:37.998 level=INFO msg=一定の売上が立ったためオーナーの椅子が増加します 名前="Sit Second Life" 増加数=1
time=01:13:38.124 level=INFO msg=一定の売上が立ったためオーナーの椅子が増加します 名前="PreLoved Chairs" 増加数=1
time=01:13:39.532 level=INFO msg=これまでに地域内の評判によって101人、既存ユーザーの招待経由で40人が新規登録しました
time=01:13:39.532 level=INFO msg=これまでに低評価なライドによって84人が利用をやめました
time=01:13:39.532 level=INFO msg=44.2%のライドは椅子がマッチされるまでの時間、47.7%のライドはマッチされた椅子が乗車地点までに掛かる時間、86.1%のライドは椅子の実移動時間に不満がありました
time=01:13:39.796 level=INFO msg=一定の売上が立ったためオーナーの椅子が増加します 名前=風座プロダクツ 増加数=1
time=01:13:39.798 level=INFO msg=一定の売上が立ったためオーナーの椅子が増加します 名前=椅子再生工房 増加数=1
time=01:13:39.860 level=INFO msg=一定の売上が立ったためオーナーの椅子が増加します 名前="LuxeLine Taxi" 増加数=1
time=01:13:41.561 level=INFO msg=一定の売上が立ったためオーナーの椅子が増加します 名前="PreLoved Chairs" 増加数=1
time=01:13:41.599 level=INFO msg=一定の売上が立ったためオーナーの椅子が増加します 名前=椅子再生工房 増加数=2
time=01:13:41.608 level=INFO msg=一定の売上が立ったためオーナーの椅子が増加します 名前="Sit Second Life" 増加数=1
time=01:13:43.378 level=INFO msg=一定の売上が立ったためオーナーの椅子が増加します 名前="LuxeLine Taxi" 増加数=1
time=01:13:43.391 level=INFO msg=一定の売上が立ったためオーナーの椅子が増加します 名前="Sit Second Life" 増加数=1
time=01:13:43.412 level=INFO msg=一定の売上が立ったためオーナーの椅子が増加します 名前="PreLoved Chairs" 増加数=1
time=01:13:43.413 level=INFO msg=一定の売上が立ったためオーナーの椅子が増加します 名前=風座プロダクツ 増加数=1
time=01:13:44.932 level=INFO msg=これまでに地域内の評判によって113人、既存ユーザーの招待経由で40人が新規登録しました
time=01:13:44.932 level=INFO msg=これまでに低評価なライドによって97人が利用をやめました
time=01:13:44.932 level=INFO msg=50.6%のライドは椅子がマッチされるまでの時間、43.6%のライドはマッチされた椅子が乗車地点までに掛かる時間、87.6%のライドは椅子の実移動時間に不満がありました
time=01:13:45.223 level=INFO msg=一定の売上が立ったためオーナーの椅子が増加します 名前="LuxeLine Taxi" 増加数=1
time=01:13:45.273 level=INFO msg=一定の売上が立ったためオーナーの椅子が増加します 名前=椅子再生工房 増加数=1
time=01:13:45.380 level=INFO msg=一定の売上が立ったためオーナーの椅子が増加します 名前=風座プロダクツ 増加数=1
time=01:13:45.439 level=INFO msg=一定の売上が立ったためオーナーの椅子が増加します 名前="PreLoved Chairs" 増加数=1
time=01:13:46.955 level=INFO msg=一定の売上が立ったためオーナーの椅子が増加します 名前="Sit Second Life" 増加数=1
time=01:13:47.143 level=INFO msg=一定の売上が立ったためオーナーの椅子が増加します 名前=風座プロダクツ 増加数=1
time=01:13:48.737 level=INFO msg=一定の売上が立ったためオーナーの椅子が増加します 名前="PreLoved Chairs" 増加数=1
time=01:13:48.810 level=INFO msg=一定の売上が立ったためオーナーの椅子が増加します 名前="LuxeLine Taxi" 増加数=1
time=01:13:48.874 level=INFO msg=一定の売上が立ったためオーナーの椅子が増加します 名前=椅子再生工房 増加数=1
time=01:13:50.332 level=INFO msg=これまでに地域内の評判によって125人、既存ユーザーの招待経由で40人が新規登録しました
time=01:13:50.332 level=INFO msg=これまでに低評価なライドによって106人が利用をやめました
time=01:13:50.332 level=INFO msg=54.7%のライドは椅子がマッチされるまでの時間、40.6%のライドはマッチされた椅子が乗車地点までに掛かる時間、88.3%のライドは椅子の実移動時間に不満がありました
time=01:13:50.577 level=INFO msg=一定の売上が立ったためオーナーの椅子が増加します 名前="Sit Second Life" 増加数=1
time=01:13:50.740 level=INFO msg=一定の売上が立ったためオーナーの椅子が増加します 名前=風座プロダクツ 増加数=1
time=01:13:50.850 level=INFO msg=一定の売上が立ったためオーナーの椅子が増加します 名前=椅子再生工房 増加数=1
time=01:13:55.933 level=INFO msg=最終地域情報 名前=チェアタウン ユーザー登録数=94 アクティブユーザー数=39
time=01:13:55.933 level=INFO msg=最終地域情報 名前=コシカケシティ ユーザー登録数=85 アクティブユーザー数=31
time=01:13:55.933 level=INFO msg=最終オーナー情報 名前="LuxeLine Taxi" 売上=458700 椅子数=27
time=01:13:55.933 level=INFO msg=最終オーナー情報 名前=風座プロダクツ 売上=425000 椅子数=26
time=01:13:55.933 level=INFO msg=最終オーナー情報 名前="PreLoved Chairs" 売上=475000 椅子数=27
time=01:13:55.933 level=INFO msg=最終オーナー情報 名前="Sit Second Life" 売上=427900 椅子数=26
time=01:13:55.933 level=INFO msg=最終オーナー情報 名前=椅子再生工房 売上=546000 椅子数=31
time=01:13:55.933 level=INFO msg=55.8%のライドは椅子がマッチされるまでの時間、39.6%のライドはマッチされた椅子が乗車地点までに掛かる時間、88.6%のライドは椅子の実移動時間に不満がありました
time=01:13:55.933 level=INFO msg=結果 pass=true スコア=26548 種別エラー数=map[17:4]
time=01:13:55.933 level=INFO msg=負荷走行が終了しました
