time=03:09:47.869 level=INFO msg=負荷走行を開始します
time=03:09:53.905 level=INFO msg=一定の売上が立ったためオーナーの椅子が増加します 名前=ChairCycle 増加数=1
time=03:09:53.906 level=INFO msg=一定の売上が立ったためオーナーの椅子が増加します 名前=風座プロダクツ 増加数=2
time=03:09:53.906 level=INFO msg=一定の売上が立ったためオーナーの椅子が増加します 名前=迅行タクシー 増加数=1
time=03:09:53.911 level=INFO msg=一定の売上が立ったためオーナーの椅子が増加します 名前=椅子工藝舎 増加数=1
time=03:09:55.704 level=INFO msg=一定の売上が立ったためオーナーの椅子が増加します 名前=椅子工藝舎 増加数=3
time=03:09:55.708 level=INFO msg=一定の売上が立ったためオーナーの椅子が増加します 名前=迅行タクシー 増加数=3
time=03:09:55.709 level=INFO msg=一定の売上が立ったためオーナーの椅子が増加します 名前=風座プロダクツ 増加数=2
time=03:09:55.709 level=INFO msg=一定の売上が立ったためオーナーの椅子が増加します 名前=GoEase 増加数=2
time=03:09:55.712 level=INFO msg=一定の売上が立ったためオーナーの椅子が増加します 名前=ChairCycle 増加数=3
time=03:09:55.728 level=INFO msg=これまでに地域内の評判によって7人、既存ユーザーの招待経由で53人が新規登録しました
time=03:09:55.728 level=INFO msg=0.0%のライドは椅子がマッチされるまでの時間、53.6%のライドはマッチされた椅子が乗車地点までに掛かる時間、0.0%のライドは椅子の実移動時間に不満がありました
time=03:09:57.506 level=INFO msg=一定の売上が立ったためオーナーの椅子が増加します 名前=迅行タクシー 増加数=3
time=03:09:57.510 level=INFO msg=一定の売上が立ったためオーナーの椅子が増加します 名前=GoEase 増加数=3
time=03:09:57.510 level=INFO msg=一定の売上が立ったためオーナーの椅子が増加します 名前=風座プロダクツ 増加数=3
time=03:09:57.513 level=INFO msg=一定の売上が立ったためオーナーの椅子が増加します 名前=椅子工藝舎 増加数=4
time=03:09:57.514 level=INFO msg=一定の売上が立ったためオーナーの椅子が増加します 名前=ChairCycle 増加数=5
time=03:09:59.316 level=INFO msg=一定の売上が立ったためオーナーの椅子が増加します 名前=迅行タクシー 増加数=5
time=03:09:59.323 level=INFO msg=一定の売上が立ったためオーナーの椅子が増加します 名前=GoEase 増加数=5
time=03:09:59.324 level=INFO msg=一定の売上が立ったためオーナーの椅子が増加します 名前=風座プロダクツ 増加数=6
time=03:09:59.324 level=INFO msg=一定の売上が立ったためオーナーの椅子が増加します 名前=ChairCycle 増加数=6
time=03:09:59.324 level=INFO msg=一定の売上が立ったためオーナーの椅子が増加します 名前=椅子工藝舎 増加数=7
time=03:10:01.114 level=INFO msg=一定の売上が立ったためオーナーの椅子が増加します 名前=迅行タクシー 増加数=8
time=03:10:01.126 level=INFO msg=一定の売上が立ったためオーナーの椅子が増加します 名前=GoEase 増加数=6
time=03:10:01.128 level=INFO msg=これまでに地域内の評判によって20人、既存ユーザーの招待経由で308人が新規登録しました
time=03:10:01.128 level=INFO msg=0.9%のライドは椅子がマッチされるまでの時間、16.4%のライドはマッチされた椅子が乗車地点までに掛かる時間、0.0%のライドは椅子の実移動時間に不満がありました
time=03:10:01.134 level=INFO msg=一定の売上が立ったためオーナーの椅子が増加します 名前=ChairCycle 増加数=8
time=03:10:01.135 level=INFO msg=一定の売上が立ったためオーナーの椅子が増加します 名前=風座プロダクツ 増加数=6
time=03:10:01.137 level=INFO msg=一定の売上が立ったためオーナーの椅子が増加します 名前=椅子工藝舎 増加数=7
time=03:10:02.935 level=INFO msg=一定の売上が立ったためオーナーの椅子が増加します 名前=迅行タクシー 増加数=8
time=03:10:02.946 level=INFO msg=一定の売上が立ったためオーナーの椅子が増加します 名前=GoEase 増加数=8
time=03:10:02.949 level=INFO msg=一定の売上が立ったためオーナーの椅子が増加します 名前=風座プロダクツ 増加数=10
time=03:10:02.951 level=INFO msg=一定の売上が立ったためオーナーの椅子が増加します 名前=椅子工藝舎 増加数=11
time=03:10:02.952 level=INFO msg=一定の売上が立ったためオーナーの椅子が増加します 名前=ChairCycle 増加数=9
time=03:10:04.741 level=INFO msg=一定の売上が立ったためオーナーの椅子が増加します 名前=椅子工藝舎 増加数=12
time=03:10:04.802 level=INFO msg=一定の売上が立ったためオーナーの椅子が増加します 名前=風座プロダクツ 増加数=12
time=03:10:04.803 level=INFO msg=一定の売上が立ったためオーナーの椅子が増加します 名前=GoEase 増加数=9
time=03:10:04.806 level=INFO msg=一定の売上が立ったためオーナーの椅子が増加します 名前=迅行タクシー 増加数=11
time=03:10:04.806 level=INFO msg=一定の売上が立ったためオーナーの椅子が増加します 名前=ChairCycle 増加数=11
time=03:10:06.528 level=INFO msg=これまでに地域内の評判によって35人、既存ユーザーの招待経由で985人が新規登録しました
time=03:10:06.528 level=INFO msg=2.7%のライドは椅子がマッチされるまでの時間、6.4%のライドはマッチされた椅子が乗車地点までに掛かる時間、0.3%のライドは椅子の実移動時間に不満がありました
time=03:10:06.645 level=INFO msg=一定の売上が立ったためオーナーの椅子が増加します 名前=GoEase 増加数=11
time=03:10:06.652 level=INFO msg=一定の売上が立ったためオーナーの椅子が増加します 名前=ChairCycle 増加数=11
time=03:10:06.652 level=INFO msg=一定の売上が立ったためオーナーの椅子が増加します 名前=迅行タクシー 増加数=11
time=03:10:06.653 level=INFO msg=一定の売上が立ったためオーナーの椅子が増加します 名前=風座プロダクツ 増加数=11
time=03:10:06.654 level=INFO msg=一定の売上が立ったためオーナーの椅子が増加します 名前=椅子工藝舎 増加数=12
time=03:10:08.650 level=INFO msg=一定の売上が立ったためオーナーの椅子が増加します 名前=椅子工藝舎 増加数=12
time=03:10:08.655 level=INFO msg=一定の売上が立ったためオーナーの椅子が増加します 名前=迅行タクシー 増加数=10
time=03:10:08.660 level=INFO msg=一定の売上が立ったためオーナーの椅子が増加します 名前=GoEase 増加数=9
time=03:10:08.665 level=INFO msg=一定の売上が立ったためオーナーの椅子が増加します 名前=ChairCycle 増加数=13
time=03:10:08.677 level=INFO msg=一定の売上が立ったためオーナーの椅子が増加します 名前=風座プロダクツ 増加数=10
time=03:10:10.397 level=INFO msg=一定の売上が立ったためオーナーの椅子が増加します 名前=GoEase 増加数=10
time=03:10:10.404 level=INFO msg=一定の売上が立ったためオーナーの椅子が増加します 名前=迅行タクシー 増加数=11
time=03:10:10.410 level=INFO msg=一定の売上が立ったためオーナーの椅子が増加します 名前=ChairCycle 増加数=11
time=03:10:10.420 level=INFO msg=一定の売上が立ったためオーナーの椅子が増加します 名前=風座プロダクツ 増加数=10
time=03:10:10.430 level=INFO msg=一定の売上が立ったためオーナーの椅子が増加します 名前=椅子工藝舎 増加数=12
time=03:10:11.929 level=INFO msg=これまでに地域内の評判によって53人、既存ユーザーの招待経由で1759人が新規登録しました
time=03:10:11.929 level=INFO msg=これまでに低評価なライドによって6人が利用をやめました
time=03:10:11.929 level=INFO msg=22.1%のライドは椅子がマッチされるまでの時間、4.3%のライドはマッチされた椅子が乗車地点までに掛かる時間、10.9%のライドは椅子の実移動時間に不満がありました
time=03:10:12.195 level=INFO msg=一定の売上が立ったためオーナーの椅子が増加します 名前=GoEase 増加数=9
time=03:10:12.202 level=INFO msg=一定の売上が立ったためオーナーの椅子が増加します 名前=迅行タクシー 増加数=13
time=03:10:12.243 level=INFO msg=一定の売上が立ったためオーナーの椅子が増加します 名前=椅子工藝舎 増加数=15
time=03:10:12.243 level=INFO msg=一定の売上が立ったためオーナーの椅子が増加します 名前=ChairCycle 増加数=14
time=03:10:12.243 level=INFO msg=一定の売上が立ったためオーナーの椅子が増加します 名前=風座プロダクツ 増加数=12
time=03:10:14.053 level=INFO msg=一定の売上が立ったためオーナーの椅子が増加します 名前=GoEase 増加数=12
time=03:10:14.142 level=INFO msg=一定の売上が立ったためオーナーの椅子が増加します 名前=風座プロダクツ 増加数=13
time=03:10:14.192 level=INFO msg=一定の売上が立ったためオーナーの椅子が増加します 名前=迅行タクシー 増加数=13
time=03:10:14.228 level=INFO msg=一定の売上が立ったためオーナーの椅子が増加します 名前=ChairCycle 増加数=17
time=03:10:14.289 level=INFO msg=一定の売上が立ったためオーナーの椅子が増加します 名前=椅子工藝舎 増加数=15
time=03:10:15.691 level=INFO msg=一定の売上が立ったためオーナーの椅子が増加します 名前=GoEase 増加数=10
time=03:10:15.753 level=INFO msg=一定の売上が立ったためオーナーの椅子が増加します 名前=迅行タクシー 増加数=15
time=03:10:15.754 level=INFO msg=一定の売上が立ったためオーナーの椅子が増加します 名前=風座プロダクツ 増加数=13
time=03:10:17.328 level=INFO msg=これまでに地域内の評判によって71人、既存ユーザーの招待経由で2235人が新規登録しました
time=03:10:17.328 level=INFO msg=これまでに低評価なライドによって28人が利用をやめました
time=03:10:17.328 level=INFO msg=48.6%のライドは椅子がマッチされるまでの時間、4.0%のライドはマッチされた椅子が乗車地点までに掛かる時間、20.2%のライドは椅子の実移動時間に不満がありました
time=03:10:17.673 level=INFO msg=一定の売上が立ったためオーナーの椅子が増加します 名前=GoEase 増加数=14
time=03:10:17.765 level=INFO msg=一定の売上が立ったためオーナーの椅子が増加します 名前=風座プロダクツ 増加数=15
time=03:10:17.795 level=INFO msg=一定の売上が立ったためオーナーの椅子が増加します 名前=ChairCycle 増加数=34
time=03:10:17.796 level=INFO msg=一定の売上が立ったためオーナーの椅子が増加します 名前=迅行タクシー 増加数=16
time=03:10:17.884 level=INFO msg=一定の売上が立ったためオーナーの椅子が増加します 名前=椅子工藝舎 増加数=34
time=03:10:19.688 level=INFO msg=一定の売上が立ったためオーナーの椅子が増加します 名前=GoEase 増加数=15
time=03:10:19.729 level=INFO msg=一定の売上が立ったためオーナーの椅子が増加します 名前=迅行タクシー 増加数=20
time=03:10:19.731 level=INFO msg=一定の売上が立ったためオーナーの椅子が増加します 名前=風座プロダクツ 増加数=18
time=03:10:22.909 level=INFO msg=これまでに地域内の評判によって89人、既存ユーザーの招待経由で2628人が新規登録しました
time=03:10:22.909 level=INFO msg=これまでに低評価なライドによって50人が利用をやめました
time=03:10:22.909 level=INFO msg=63.8%のライドは椅子がマッチされるまでの時間、3.6%のライドはマッチされた椅子が乗車地点までに掛かる時間、26.2%のライドは椅子の実移動時間に不満がありました
time=03:10:23.540 level=INFO msg=一定の売上が立ったためオーナーの椅子が増加します 名前=GoEase 増加数=28
time=03:10:23.595 level=INFO msg=一定の売上が立ったためオーナーの椅子が増加します 名前=風座プロダクツ 増加数=33
time=03:10:23.644 level=INFO msg=一定の売上が立ったためオーナーの椅子が増加します 名前=椅子工藝舎 増加数=55
time=03:10:23.674 level=INFO msg=一定の売上が立ったためオーナーの椅子が増加します 名前=ChairCycle 増加数=53
time=03:10:23.680 level=INFO msg=一定の売上が立ったためオーナーの椅子が増加します 名前=迅行タクシー 増加数=37
time=03:10:28.398 level=INFO msg=これまでに地域内の評判によって107人、既存ユーザーの招待経由で2929人が新規登録しました
time=03:10:28.398 level=INFO msg=これまでに低評価なライドによって85人が利用をやめました
time=03:10:28.398 level=INFO msg=72.1%のライドは椅子がマッチされるまでの時間、3.6%のライドはマッチされた椅子が乗車地点までに掛かる時間、30.0%のライドは椅子の実移動時間に不満がありました
time=03:10:28.698 level=INFO msg=一定の売上が立ったためオーナーの椅子が増加します 名前=風座プロダクツ 増加数=53
time=03:10:28.709 level=INFO msg=一定の売上が立ったためオーナーの椅子が増加します 名前=GoEase 増加数=47
time=03:10:30.686 level=WARN msg="取得した付近の椅子情報に不備があります (CODE=30): ID:01M32JJQVS4P6SR8FNF3MXDT04の椅子は既にライド中です"
time=03:10:30.687 level=WARN msg="取得した付近の椅子情報に不備があります (CODE=30): ID:01M32JJQVS4P6SR8FNF3MXDT04の椅子は既にライド中です"
time=03:10:30.687 level=WARN msg="取得した付近の椅子情報に不備があります (CODE=30): ID:01M32JJCWG7T4M468643KJM4F3の椅子は既にライド中です"
time=03:10:30.688 level=WARN msg="取得した付近の椅子情報に不備があります (CODE=30): ID:01M32JJCWG7T4M468643KJM4F3の椅子は既にライド中です"
time=03:10:30.688 level=WARN msg="取得した付近の椅子情報に不備があります (CODE=30): ID:01M32JJQVS4P6SR8FNF3MXDT04の椅子は既にライド中です"
time=03:10:30.689 level=WARN msg="取得した付近の椅子情報に不備があります (CODE=30): ID:01M32JJQVS4P6SR8FNF3MXDT04の椅子は既にライド中です"
time=03:10:30.689 level=WARN msg="取得した付近の椅子情報に不備があります (CODE=30): ID:01M32JJCWG7T4M468643KJM4F3の椅子は既にライド中です"
time=03:10:30.689 level=WARN msg="取得した付近の椅子情報に不備があります (CODE=30): ID:01M32JJZ28FDG25Y3VEMHZRV0Yの椅子は既にライド中です"
time=03:10:30.690 level=WARN msg="取得した付近の椅子情報に不備があります (CODE=30): ID:01M32JJQVS4P6SR8FNF3MXDT04の椅子は既にライド中です"
time=03:10:30.691 level=WARN msg="取得した付近の椅子情報に不備があります (CODE=30): ID:01M32JJQVS4P6SR8FNF3MXDT04の椅子は既にライド中です"
time=03:10:30.711 level=WARN msg="取得した付近の椅子情報に不備があります (CODE=30): ID:01M32JJ92CMGNT0VFKQ8CNA0Z5の椅子は既にライド中です"
time=03:10:30.734 level=INFO msg=一定の売上が立ったためオーナーの椅子が増加します 名前=迅行タクシー 増加数=76
time=03:10:30.790 level=WARN msg="取得した付近の椅子情報に不備があります (CODE=30): ID:01M32JJRCEAESK2QVGR0WMQ302の椅子は既にライド中です"
time=03:10:30.793 level=WARN msg="取得した付近の椅子情報に不備があります (CODE=30): ID:01M32JJRCEAESK2QVGR0WMQ302の椅子は既にライド中です"
time=03:10:33.096 level=INFO msg=一定の売上が立ったためオーナーの椅子が増加します 名前=椅子工藝舎 増加数=93
time=03:10:33.099 level=INFO msg=一定の売上が立ったためオーナーの椅子が増加します 名前=ChairCycle 増加数=92
time=03:10:34.332 level=INFO msg=これまでに地域内の評判によって125人、既存ユーザーの招待経由で3152人が新規登録しました
time=03:10:34.332 level=INFO msg=これまでに低評価なライドによって103人が利用をやめました
time=03:10:34.332 level=INFO msg=78.5%のライドは椅子がマッチされるまでの時間、3.3%のライドはマッチされた椅子が乗車地点までに掛かる時間、33.6%のライドは椅子の実移動時間に不満がありました
time=03:10:34.477 level=WARN msg="取得した付近の椅子情報に不備があります (CODE=30): ID:01M32JJP5FCXDJ8EH67D2T1XKPの椅子は既にライド中です"
time=03:10:34.478 level=WARN msg="取得した付近の椅子情報に不備があります (CODE=30): ID:01M32JJP5FCXDJ8EH67D2T1XKPの椅子は既にライド中です"
time=03:10:34.479 level=WARN msg="取得した付近の椅子情報に不備があります (CODE=30): ID:01M32JJP5FCXDJ8EH67D2T1XKPの椅子は既にライド中です"
time=03:10:34.481 level=WARN msg="取得した付近の椅子情報に不備があります (CODE=30): ID:01M32JJP5FCXDJ8EH67D2T1XKPの椅子は既にライド中です"
time=03:10:36.427 level=WARN msg="取得した付近の椅子情報に不備があります (CODE=30): ID:01M32JJX73KGTV56YDXWFYF7AKの椅子は既にライド中です"
time=03:10:36.429 level=WARN msg="取得した付近の椅子情報に不備があります (CODE=30): ID:01M32JJX73KGTV56YDXWFYF7AKの椅子は既にライド中です"
time=03:10:36.854 level=INFO msg=一定の売上が立ったためオーナーの椅子が増加します 名前=GoEase 増加数=68
time=03:10:38.892 level=INFO msg=一定の売上が立ったためオーナーの椅子が増加します 名前=風座プロダクツ 増加数=92
time=03:10:40.098 level=INFO msg=これまでに地域内の評判によって143人、既存ユーザーの招待経由で3389人が新規登録しました
time=03:10:40.099 level=INFO msg=これまでに低評価なライドによって129人が利用をやめました
time=03:10:40.099 level=INFO msg=81.8%のライドは椅子がマッチされるまでの時間、3.3%のライドはマッチされた椅子が乗車地点までに掛かる時間、35.4%のライドは椅子の実移動時間に不満がありました
time=03:10:40.406 level=WARN msg="取得した付近の椅子情報に不備があります (CODE=30): ID:01M32JK6TM3RAPVX3NZ6ANRBF4の椅子は既にライド中です"
time=03:10:44.577 level=WARN msg="取得した付近の椅子情報に不備があります (CODE=30): ID:01M32JKB5S10ECMDQTJJJA7VY4の椅子は既にライド中です"
time=03:10:44.796 level=INFO msg=一定の売上が立ったためオーナーの椅子が増加します 名前=迅行タクシー 増加数=142
time=03:10:45.498 level=INFO msg=これまでに地域内の評判によって161人、既存ユーザーの招待経由で3525人が新規登録しました
time=03:10:45.498 level=INFO msg=これまでに低評価なライドによって157人が利用をやめました
time=03:10:45.498 level=INFO msg=84.4%のライドは椅子がマッチされるまでの時間、3.3%のライドはマッチされた椅子が乗車地点までに掛かる時間、37.3%のライドは椅子の実移動時間に不満がありました
time=03:10:48.884 level=WARN msg="取得した付近の椅子情報に不備があります (CODE=30): ID:01M32JJJX2GZTQWABCQY55M48Sの椅子は既にライド中です"
time=03:10:48.885 level=WARN msg="取得した付近の椅子情報に不備があります (CODE=30): ID:01M32JJF4RB9XA9FZGQTK1X3XXの椅子は既にライド中です"
time=03:10:48.886 level=WARN msg="取得した付近の椅子情報に不備があります (CODE=30): ID:01M32JJJX2GZTQWABCQY55M48Sの椅子は既にライド中です"
time=03:10:48.887 level=WARN msg="取得した付近の椅子情報に不備があります (CODE=30): ID:01M32JJGTJ7AXFNNQ7FVA3795Yの椅子は既にライド中です"
time=03:10:48.887 level=WARN msg="取得した付近の椅子情報に不備があります (CODE=30): ID:01M32JJ961H5BWR9KKCE0D4WY6の椅子は既にライド中です"
time=03:10:48.892 level=WARN msg="取得した付近の椅子情報に不備があります (CODE=30): ID:01M32JJ961H5BWR9KKCE0D4WY6の椅子は既にライド中です"
time=03:10:48.892 level=WARN msg="取得した付近の椅子情報に不備があります (CODE=30): ID:01M32JJGZWAY6YN4SD248K6Z80の椅子は既にライド中です"
time=03:10:49.138 level=WARN msg="取得した付近の椅子情報に不備があります (CODE=30): ID:01M32JJ200975F88ETTFPCGM7Aの椅子は既にライド中です"
time=03:10:49.139 level=WARN msg="取得した付近の椅子情報に不備があります (CODE=30): ID:01M32JJGPB1EPAW9P2GD9X9DYBの椅子は既にライド中です"
time=03:10:49.139 level=WARN msg="取得した付近の椅子情報に不備があります (CODE=30): ID:01M32JJGPB1EPAW9P2GD9X9DYBの椅子は既にライド中です"
time=03:10:49.140 level=WARN msg="取得した付近の椅子情報に不備があります (CODE=30): ID:01M32JKBWPTK490F3051T2J1G7の椅子は既にライド中です"
time=03:10:49.140 level=WARN msg="取得した付近の椅子情報に不備があります (CODE=30): ID:01M32JJ200975F88ETTFPCGM7Aの椅子は既にライド中です"
time=03:10:49.141 level=WARN msg="取得した付近の椅子情報に不備があります (CODE=30): ID:01M32JKBMBZZGMBKXHVMKXJYSWの椅子は既にライド中です"
time=03:10:49.141 level=WARN msg="取得した付近の椅子情報に不備があります (CODE=30): ID:01M32JJGPB1EPAW9P2GD9X9DYBの椅子は既にライド中です"
time=03:10:49.142 level=WARN msg="取得した付近の椅子情報に不備があります (CODE=30): ID:01M32JJGPB1EPAW9P2GD9X9DYBの椅子は既にライド中です"
time=03:10:49.142 level=WARN msg="取得した付近の椅子情報に不備があります (CODE=30): ID:01M32JJ200975F88ETTFPCGM7Aの椅子は既にライド中です"
time=03:10:49.142 level=WARN msg="取得した付近の椅子情報に不備があります (CODE=30): ID:01M32JJB507HQFP1VSEDZ6FW8Hの椅子は既にライド中です"
time=03:10:49.142 level=WARN msg="取得した付近の椅子情報に不備があります (CODE=30): ID:01M32JJGPB1EPAW9P2GD9X9DYBの椅子は既にライド中です"
time=03:10:49.142 level=WARN msg="取得した付近の椅子情報に不備があります (CODE=30): ID:01M32JKBMBZZGMBKXHVMKXJYSWの椅子は既にライド中です"
time=03:10:49.142 level=WARN msg="取得した付近の椅子情報に不備があります (CODE=30): ID:01M32JJGPB1EPAW9P2GD9X9DYBの椅子は既にライド中です"
time=03:10:49.143 level=WARN msg="取得した付近の椅子情報に不備があります (CODE=30): ID:01M32JKBWPTK490F3051T2J1G7の椅子は既にライド中です"
time=03:10:49.144 level=WARN msg="取得した付近の椅子情報に不備があります (CODE=30): ID:01M32JJGPB1EPAW9P2GD9X9DYBの椅子は既にライド中です"
time=03:10:49.144 level=WARN msg="取得した付近の椅子情報に不備があります (CODE=30): ID:01M32JKBMBZZGMBKXHVMKXJYSWの椅子は既にライド中です"
time=03:10:49.144 level=WARN msg="取得した付近の椅子情報に不備があります (CODE=30): ID:01M32JJ200975F88ETTFPCGM7Aの椅子は既にライド中です"
time=03:10:49.144 level=WARN msg="取得した付近の椅子情報に不備があります (CODE=30): ID:01M32JKBWPTK490F3051T2J1G7の椅子は既にライド中です"
time=03:10:49.145 level=WARN msg="取得した付近の椅子情報に不備があります (CODE=30): ID:01M32JJB507HQFP1VSEDZ6FW8Hの椅子は既にライド中です"
time=03:10:49.145 level=WARN msg="取得した付近の椅子情報に不備があります (CODE=30): ID:01M32JJB507HQFP1VSEDZ6FW8Hの椅子は既にライド中です"
time=03:10:55.328 level=INFO msg=最終地域情報 名前=チェアタウン ユーザー登録数=2396 アクティブユーザー数=2295
time=03:10:55.328 level=INFO msg=最終地域情報 名前=コシカケシティ ユーザー登録数=1503 アクティブユーザー数=1409
time=03:10:55.328 level=INFO msg=最終オーナー情報 名前=GoEase 売上=15235300 椅子数=270
time=03:10:55.328 level=INFO msg=最終オーナー情報 名前=迅行タクシー 売上=18346600 椅子数=407
time=03:10:55.328 level=INFO msg=最終オーナー情報 名前=ChairCycle 売上=18377100 椅子数=292
time=03:10:55.328 level=INFO msg=最終オーナー情報 名前=風座プロダクツ 売上=17282400 椅子数=325
time=03:10:55.328 level=INFO msg=最終オーナー情報 名前=椅子工藝舎 売上=18630000 椅子数=297
time=03:10:55.328 level=INFO msg=86.4%のライドは椅子がマッチされるまでの時間、3.1%のライドはマッチされた椅子が乗車地点までに掛かる時間、39.6%のライドは椅子の実移動時間に不満がありました
time=03:10:55.329 level=INFO msg=結果 pass=true スコア=930004 種別エラー数=map[30:48]
time=03:10:55.330 level=INFO msg=負荷走行が終了しました
