time=02:11:08.277 level=INFO msg=負荷走行を開始します
time=02:11:14.091 level=INFO msg=一定の売上が立ったためオーナーの椅子が増加します 名前="Sit Second Life" 増加数=1
time=02:11:14.091 level=INFO msg=一定の売上が立ったためオーナーの椅子が増加します 名前=ゆったり号 増加数=1
time=02:11:14.093 level=INFO msg=一定の売上が立ったためオーナーの椅子が増加します 名前=暮らしの椅子研究所 増加数=1
time=02:11:14.096 level=INFO msg=一定の売上が立ったためオーナーの椅子が増加します 名前="ReSit & Renew" 増加数=1
time=02:11:15.891 level=INFO msg=一定の売上が立ったためオーナーの椅子が増加します 名前="Artisan Seats" 増加数=1
time=02:11:15.892 level=INFO msg=一定の売上が立ったためオーナーの椅子が増加します 名前=ゆったり号 増加数=2
time=02:11:15.894 level=INFO msg=一定の売上が立ったためオーナーの椅子が増加します 名前="ReSit & Renew" 増加数=1
time=02:11:15.895 level=INFO msg=一定の売上が立ったためオーナーの椅子が増加します 名前="Sit Second Life" 増加数=2
time=02:11:15.895 level=INFO msg=一定の売上が立ったためオーナーの椅子が増加します 名前=暮らしの椅子研究所 増加数=1
time=02:11:15.916 level=INFO msg=これまでに地域内の評判によって11人、既存ユーザーの招待経由で35人が新規登録しました
time=02:11:15.916 level=INFO msg=0.0%のライドは椅子がマッチされるまでの時間、65.7%のライドはマッチされた椅子が乗車地点までに掛かる時間、0.0%のライドは椅子の実移動時間に不満がありました
time=02:11:17.695 level=INFO msg=一定の売上が立ったためオーナーの椅子が増加します 名前=暮らしの椅子研究所 増加数=1
time=02:11:17.696 level=INFO msg=一定の売上が立ったためオーナーの椅子が増加します 名前=ゆったり号 増加数=1
time=02:11:19.492 level=INFO msg=一定の売上が立ったためオーナーの椅子が増加します 名前="Artisan Seats" 増加数=1
time=02:11:19.493 level=INFO msg=一定の売上が立ったためオーナーの椅子が増加します 名前="ReSit & Renew" 増加数=1
time=02:11:19.494 level=INFO msg=一定の売上が立ったためオーナーの椅子が増加します 名前=暮らしの椅子研究所 増加数=1
time=02:11:19.495 level=INFO msg=一定の売上が立ったためオーナーの椅子が増加します 名前=ゆったり号 増加数=1
time=02:11:19.496 level=INFO msg=一定の売上が立ったためオーナーの椅子が増加します 名前="Sit Second Life" 増加数=1
time=02:11:21.294 level=INFO msg=一定の売上が立ったためオーナーの椅子が増加します 名前=暮らしの椅子研究所 増加数=2
time=02:11:21.296 level=INFO msg=一定の売上が立ったためオーナーの椅子が増加します 名前="Sit Second Life" 増加数=1
time=02:11:21.298 level=INFO msg=一定の売上が立ったためオーナーの椅子が増加します 名前="ReSit & Renew" 増加数=1
time=02:11:21.301 level=INFO msg=一定の売上が立ったためオーナーの椅子が増加します 名前=ゆったり号 増加数=1
time=02:11:21.316 level=INFO msg=これまでに地域内の評判によって22人、既存ユーザーの招待経由で64人が新規登録しました
time=02:11:21.316 level=INFO msg=8.7%のライドは椅子がマッチされるまでの時間、76.8%のライドはマッチされた椅子が乗車地点までに掛かる時間、0.0%のライドは椅子の実移動時間に不満がありました
time=02:11:23.094 level=INFO msg=一定の売上が立ったためオーナーの椅子が増加します 名前="Artisan Seats" 増加数=1
time=02:11:23.097 level=INFO msg=一定の売上が立ったためオーナーの椅子が増加します 名前="ReSit & Renew" 増加数=3
time=02:11:23.097 level=INFO msg=一定の売上が立ったためオーナーの椅子が増加します 名前="Sit Second Life" 増加数=1
time=02:11:23.098 level=INFO msg=一定の売上が立ったためオーナーの椅子が増加します 名前=ゆったり号 増加数=1
time=02:11:23.098 level=INFO msg=一定の売上が立ったためオーナーの椅子が増加します 名前=暮らしの椅子研究所 増加数=2
time=02:11:24.898 level=INFO msg=一定の売上が立ったためオーナーの椅子が増加します 名前="Artisan Seats" 増加数=1
time=02:11:24.900 level=INFO msg=一定の売上が立ったためオーナーの椅子が増加します 名前=ゆったり号 増加数=3
time=02:11:24.900 level=INFO msg=一定の売上が立ったためオーナーの椅子が増加します 名前="ReSit & Renew" 増加数=2
time=02:11:24.901 level=INFO msg=一定の売上が立ったためオーナーの椅子が増加します 名前=暮らしの椅子研究所 増加数=2
time=02:11:24.901 level=INFO msg=一定の売上が立ったためオーナーの椅子が増加します 名前="Sit Second Life" 増加数=1
time=02:11:26.698 level=INFO msg=一定の売上が立ったためオーナーの椅子が増加します 名前="ReSit & Renew" 増加数=3
time=02:11:26.699 level=INFO msg=一定の売上が立ったためオーナーの椅子が増加します 名前="Artisan Seats" 増加数=1
time=02:11:26.699 level=INFO msg=一定の売上が立ったためオーナーの椅子が増加します 名前="Sit Second Life" 増加数=1
time=02:11:26.705 level=INFO msg=一定の売上が立ったためオーナーの椅子が増加します 名前=暮らしの椅子研究所 増加数=2
time=02:11:26.705 level=INFO msg=一定の売上が立ったためオーナーの椅子が増加します 名前=ゆったり号 増加数=3
time=02:11:26.716 level=INFO msg=これまでに地域内の評判によって32人、既存ユーザーの招待経由で99人が新規登録しました
time=02:11:26.716 level=INFO msg=これまでに低評価なライドによって1人が利用をやめました
time=02:11:26.716 level=INFO msg=43.8%のライドは椅子がマッチされるまでの時間、76.7%のライドはマッチされた椅子が乗車地点までに掛かる時間、0.3%のライドは椅子の実移動時間に不満がありました
time=02:11:28.498 level=INFO msg=一定の売上が立ったためオーナーの椅子が増加します 名前="Artisan Seats" 増加数=1
time=02:11:28.498 level=INFO msg=一定の売上が立ったためオーナーの椅子が増加します 名前="Sit Second Life" 増加数=2
time=02:11:28.503 level=INFO msg=一定の売上が立ったためオーナーの椅子が増加します 名前=暮らしの椅子研究所 増加数=2
time=02:11:28.504 level=INFO msg=一定の売上が立ったためオーナーの椅子が増加します 名前=ゆったり号 増加数=1
time=02:11:28.504 level=INFO msg=一定の売上が立ったためオーナーの椅子が増加します 名前="ReSit & Renew" 増加数=3
time=02:11:30.299 level=INFO msg=一定の売上が立ったためオーナーの椅子が増加します 名前=ゆったり号 増加数=3
time=02:11:30.308 level=INFO msg=一定の売上が立ったためオーナーの椅子が増加します 名前="Artisan Seats" 増加数=4
time=02:11:30.309 level=INFO msg=一定の売上が立ったためオーナーの椅子が増加します 名前="ReSit & Renew" 増加数=3
time=02:11:30.311 level=INFO msg=一定の売上が立ったためオーナーの椅子が増加します 名前="Sit Second Life" 増加数=3
time=02:11:30.315 level=INFO msg=一定の売上が立ったためオーナーの椅子が増加します 名前=暮らしの椅子研究所 増加数=3
time=02:11:32.105 level=INFO msg=一定の売上が立ったためオーナーの椅子が増加します 名前="Artisan Seats" 増加数=2
time=02:11:32.107 level=INFO msg=一定の売上が立ったためオーナーの椅子が増加します 名前="Sit Second Life" 増加数=3
time=02:11:32.112 level=INFO msg=一定の売上が立ったためオーナーの椅子が増加します 名前=暮らしの椅子研究所 増加数=3
time=02:11:32.115 level=INFO msg=一定の売上が立ったためオーナーの椅子が増加します 名前="ReSit & Renew" 増加数=1
time=02:11:32.115 level=INFO msg=一定の売上が立ったためオーナーの椅子が増加します 名前=ゆったり号 増加数=2
time=02:11:32.116 level=INFO msg=これまでに地域内の評判によって42人、既存ユーザーの招待経由で174人が新規登録しました
time=02:11:32.116 level=INFO msg=これまでに低評価なライドによって1人が利用をやめました
time=02:11:32.116 level=INFO msg=53.1%のライドは椅子がマッチされるまでの時間、70.9%のライドはマッチされた椅子が乗車地点までに掛かる時間、0.4%のライドは椅子の実移動時間に不満がありました
time=02:11:33.908 level=INFO msg=一定の売上が立ったためオーナーの椅子が増加します 名前="Sit Second Life" 増加数=4
time=02:11:33.908 level=INFO msg=一定の売上が立ったためオーナーの椅子が増加します 名前="Artisan Seats" 増加数=3
time=02:11:33.912 level=INFO msg=一定の売上が立ったためオーナーの椅子が増加します 名前=暮らしの椅子研究所 増加数=3
time=02:11:33.915 level=INFO msg=一定の売上が立ったためオーナーの椅子が増加します 名前=ゆったり号 増加数=3
time=02:11:33.918 level=INFO msg=一定の売上が立ったためオーナーの椅子が増加します 名前="ReSit & Renew" 増加数=2
time=02:11:35.708 level=INFO msg=一定の売上が立ったためオーナーの椅子が増加します 名前="Artisan Seats" 増加数=3
time=02:11:35.719 level=INFO msg=一定の売上が立ったためオーナーの椅子が増加します 名前="Sit Second Life" 増加数=1
time=02:11:35.721 level=INFO msg=一定の売上が立ったためオーナーの椅子が増加します 名前=ゆったり号 増加数=5
time=02:11:35.726 level=INFO msg=一定の売上が立ったためオーナーの椅子が増加します 名前="ReSit & Renew" 増加数=4
time=02:11:35.730 level=INFO msg=一定の売上が立ったためオーナーの椅子が増加します 名前=暮らしの椅子研究所 増加数=5
time=02:11:37.516 level=INFO msg=これまでに地域内の評判によって54人、既存ユーザーの招待経由で299人が新規登録しました
time=02:11:37.516 level=INFO msg=これまでに低評価なライドによって1人が利用をやめました
time=02:11:37.516 level=INFO msg=50.6%のライドは椅子がマッチされるまでの時間、69.1%のライドはマッチされた椅子が乗車地点までに掛かる時間、0.3%のライドは椅子の実移動時間に不満がありました
time=02:11:37.525 level=INFO msg=一定の売上が立ったためオーナーの椅子が増加します 名前="Sit Second Life" 増加数=4
time=02:11:37.526 level=INFO msg=一定の売上が立ったためオーナーの椅子が増加します 名前="Artisan Seats" 増加数=2
time=02:11:37.539 level=INFO msg=一定の売上が立ったためオーナーの椅子が増加します 名前="ReSit & Renew" 増加数=5
time=02:11:37.541 level=INFO msg=一定の売上が立ったためオーナーの椅子が増加します 名前=暮らしの椅子研究所 増加数=2
time=02:11:37.542 level=INFO msg=一定の売上が立ったためオーナーの椅子が増加します 名前=ゆったり号 増加数=5
time=02:11:39.321 level=INFO msg=一定の売上が立ったためオーナーの椅子が増加します 名前="Artisan Seats" 増加数=2
time=02:11:39.331 level=INFO msg=一定の売上が立ったためオーナーの椅子が増加します 名前="Sit Second Life" 増加数=3
time=02:11:39.345 level=INFO msg=一定の売上が立ったためオーナーの椅子が増加します 名前="ReSit & Renew" 増加数=4
time=02:11:39.347 level=INFO msg=一定の売上が立ったためオーナーの椅子が増加します 名前=暮らしの椅子研究所 増加数=4
time=02:11:39.352 level=INFO msg=一定の売上が立ったためオーナーの椅子が増加します 名前=ゆったり号 増加数=5
time=02:11:41.158 level=INFO msg=一定の売上が立ったためオーナーの椅子が増加します 名前=暮らしの椅子研究所 増加数=2
time=02:11:41.159 level=INFO msg=一定の売上が立ったためオーナーの椅子が増加します 名前="Sit Second Life" 増加数=3
time=02:11:41.161 level=INFO msg=一定の売上が立ったためオーナーの椅子が増加します 名前="Artisan Seats" 増加数=2
time=02:11:41.171 level=INFO msg=一定の売上が立ったためオーナーの椅子が増加します 名前="ReSit & Renew" 増加数=5
time=02:11:41.173 level=INFO msg=一定の売上が立ったためオーナーの椅子が増加します 名前=ゆったり号 増加数=5
time=02:11:42.916 level=INFO msg=これまでに地域内の評判によって67人、既存ユーザーの招待経由で407人が新規登録しました
time=02:11:42.916 level=INFO msg=これまでに低評価なライドによって1人が利用をやめました
time=02:11:42.916 level=INFO msg=65.5%のライドは椅子がマッチされるまでの時間、68.4%のライドはマッチされた椅子が乗車地点までに掛かる時間、0.6%のライドは椅子の実移動時間に不満がありました
time=02:11:42.938 level=INFO msg=一定の売上が立ったためオーナーの椅子が増加します 名前="Artisan Seats" 増加数=4
time=02:11:42.946 level=INFO msg=一定の売上が立ったためオーナーの椅子が増加します 名前="Sit Second Life" 増加数=2
time=02:11:42.963 level=INFO msg=一定の売上が立ったためオーナーの椅子が増加します 名前=暮らしの椅子研究所 増加数=5
time=02:11:42.968 level=INFO msg=一定の売上が立ったためオーナーの椅子が増加します 名前="ReSit & Renew" 増加数=4
time=02:11:42.973 level=INFO msg=一定の売上が立ったためオーナーの椅子が増加します 名前=ゆったり号 増加数=6
time=02:11:44.752 level=INFO msg=一定の売上が立ったためオーナーの椅子が増加します 名前="Artisan Seats" 増加数=4
time=02:11:44.773 level=INFO msg=一定の売上が立ったためオーナーの椅子が増加します 名前="Sit Second Life" 増加数=4
time=02:11:44.788 level=INFO msg=一定の売上が立ったためオーナーの椅子が増加します 名前=暮らしの椅子研究所 増加数=4
time=02:11:44.792 level=INFO msg=一定の売上が立ったためオーナーの椅子が増加します 名前=ゆったり号 増加数=3
time=02:11:44.793 level=INFO msg=一定の売上が立ったためオーナーの椅子が増加します 名前="ReSit & Renew" 増加数=4
time=02:11:46.634 level=INFO msg=一定の売上が立ったためオーナーの椅子が増加します 名前="Sit Second Life" 増加数=4
time=02:11:46.634 level=INFO msg=一定の売上が立ったためオーナーの椅子が増加します 名前="Artisan Seats" 増加数=5
time=02:11:46.648 level=INFO msg=一定の売上が立ったためオーナーの椅子が増加します 名前=暮らしの椅子研究所 増加数=5
time=02:11:46.668 level=INFO msg=一定の売上が立ったためオーナーの椅子が増加します 名前="ReSit & Renew" 増加数=6
time=02:11:46.682 level=INFO msg=一定の売上が立ったためオーナーの椅子が増加します 名前=ゆったり号 増加数=6
time=02:11:48.316 level=INFO msg=これまでに地域内の評判によって78人、既存ユーザーの招待経由で598人が新規登録しました
time=02:11:48.316 level=INFO msg=これまでに低評価なライドによって1人が利用をやめました
time=02:11:48.316 level=INFO msg=77.2%のライドは椅子がマッチされるまでの時間、62.8%のライドはマッチされた椅子が乗車地点までに掛かる時間、0.5%のライドは椅子の実移動時間に不満がありました
time=02:11:48.456 level=INFO msg=一定の売上が立ったためオーナーの椅子が増加します 名前="Artisan Seats" 増加数=5
time=02:11:48.476 level=INFO msg=一定の売上が立ったためオーナーの椅子が増加します 名前="Sit Second Life" 増加数=4
time=02:11:48.482 level=INFO msg=一定の売上が立ったためオーナーの椅子が増加します 名前=暮らしの椅子研究所 増加数=5
time=02:11:48.482 level=INFO msg=一定の売上が立ったためオーナーの椅子が増加します 名前="ReSit & Renew" 増加数=4
time=02:11:48.493 level=INFO msg=一定の売上が立ったためオーナーの椅子が増加します 名前=ゆったり号 増加数=5
time=02:11:50.321 level=INFO msg=一定の売上が立ったためオーナーの椅子が増加します 名前="Sit Second Life" 増加数=5
time=02:11:50.332 level=INFO msg=一定の売上が立ったためオーナーの椅子が増加します 名前="Artisan Seats" 増加数=3
time=02:11:50.335 level=INFO msg=一定の売上が立ったためオーナーの椅子が増加します 名前="ReSit & Renew" 増加数=6
time=02:11:50.343 level=INFO msg=一定の売上が立ったためオーナーの椅子が増加します 名前=暮らしの椅子研究所 増加数=6
time=02:11:50.355 level=INFO msg=一定の売上が立ったためオーナーの椅子が増加します 名前=ゆったり号 増加数=7
time=02:11:51.512 level=WARN msg="ユーザー登録に失敗しました (CODE=17): POST /api/app/usersへのリクエストに対して、期待されたHTTPステータスコードが確認できませんでした (expected:201, actual:500)"
time=02:11:52.070 level=INFO msg=一定の売上が立ったためオーナーの椅子が増加します 名前="Artisan Seats" 増加数=3
time=02:11:52.073 level=INFO msg=一定の売上が立ったためオーナーの椅子が増加します 名前="Sit Second Life" 増加数=5
time=02:11:52.074 level=INFO msg=一定の売上が立ったためオーナーの椅子が増加します 名前=ゆったり号 増加数=6
time=02:11:52.078 level=INFO msg=一定の売上が立ったためオーナーの椅子が増加します 名前=暮らしの椅子研究所 増加数=6
time=02:11:52.080 level=INFO msg=一定の売上が立ったためオーナーの椅子が増加します 名前="ReSit & Renew" 増加数=7
time=02:11:53.716 level=INFO msg=これまでに地域内の評判によって91人、既存ユーザーの招待経由で802人が新規登録しました
time=02:11:53.716 level=INFO msg=これまでに低評価なライドによって7人が利用をやめました
time=02:11:53.716 level=INFO msg=84.2%のライドは椅子がマッチされるまでの時間、59.9%のライドはマッチされた椅子が乗車地点までに掛かる時間、1.4%のライドは椅子の実移動時間に不満がありました
time=02:11:53.880 level=INFO msg=一定の売上が立ったためオーナーの椅子が増加します 名前="Artisan Seats" 増加数=4
time=02:11:53.904 level=INFO msg=一定の売上が立ったためオーナーの椅子が増加します 名前="Sit Second Life" 増加数=4
time=02:11:53.969 level=INFO msg=一定の売上が立ったためオーナーの椅子が増加します 名前=暮らしの椅子研究所 増加数=5
time=02:11:53.971 level=INFO msg=一定の売上が立ったためオーナーの椅子が増加します 名前=ゆったり号 増加数=8
time=02:11:53.979 level=INFO msg=一定の売上が立ったためオーナーの椅子が増加します 名前="ReSit & Renew" 増加数=6
time=02:11:55.708 level=INFO msg=一定の売上が立ったためオーナーの椅子が増加します 名前="Artisan Seats" 増加数=4
time=02:11:55.737 level=INFO msg=一定の売上が立ったためオーナーの椅子が増加します 名前="Sit Second Life" 増加数=3
time=02:11:55.841 level=INFO msg=一定の売上が立ったためオーナーの椅子が増加します 名前=暮らしの椅子研究所 増加数=6
time=02:11:55.860 level=INFO msg=一定の売上が立ったためオーナーの椅子が増加します 名前="ReSit & Renew" 増加数=6
time=02:11:55.871 level=INFO msg=一定の売上が立ったためオーナーの椅子が増加します 名前=ゆったり号 増加数=6
time=02:11:57.629 level=INFO msg=一定の売上が立ったためオーナーの椅子が増加します 名前="Artisan Seats" 増加数=4
time=02:11:57.658 level=INFO msg=一定の売上が立ったためオーナーの椅子が増加します 名前="Sit Second Life" 増加数=5
time=02:11:57.732 level=INFO msg=一定の売上が立ったためオーナーの椅子が増加します 名前=暮らしの椅子研究所 増加数=6
time=02:11:57.743 level=INFO msg=一定の売上が立ったためオーナーの椅子が増加します 名前="ReSit & Renew" 増加数=6
time=02:11:57.746 level=INFO msg=一定の売上が立ったためオーナーの椅子が増加します 名前=ゆったり号 増加数=8
time=02:11:59.116 level=INFO msg=これまでに地域内の評判によって103人、既存ユーザーの招待経由で952人が新規登録しました
time=02:11:59.116 level=INFO msg=これまでに低評価なライドによって47人が利用をやめました
time=02:11:59.116 level=INFO msg=88.1%のライドは椅子がマッチされるまでの時間、58.1%のライドはマッチされた椅子が乗車地点までに掛かる時間、6.6%のライドは椅子の実移動時間に不満がありました
time=02:11:59.384 level=INFO msg=一定の売上が立ったためオーナーの椅子が増加します 名前="Artisan Seats" 増加数=4
time=02:11:59.385 level=INFO msg=一定の売上が立ったためオーナーの椅子が増加します 名前="Sit Second Life" 増加数=4
time=02:11:59.471 level=INFO msg=一定の売上が立ったためオーナーの椅子が増加します 名前=暮らしの椅子研究所 増加数=6
time=02:11:59.499 level=INFO msg=一定の売上が立ったためオーナーの椅子が増加します 名前="ReSit & Renew" 増加数=7
time=02:11:59.503 level=INFO msg=一定の売上が立ったためオーナーの椅子が増加します 名前=ゆったり号 増加数=6
time=02:12:01.153 level=INFO msg=一定の売上が立ったためオーナーの椅子が増加します 名前="Artisan Seats" 増加数=3
time=02:12:01.184 level=INFO msg=一定の売上が立ったためオーナーの椅子が増加します 名前="Sit Second Life" 増加数=4
time=02:12:01.256 level=INFO msg=一定の売上が立ったためオーナーの椅子が増加します 名前=暮らしの椅子研究所 増加数=8
time=02:12:01.265 level=INFO msg=一定の売上が立ったためオーナーの椅子が増加します 名前="ReSit & Renew" 増加数=5
time=02:12:01.300 level=INFO msg=一定の売上が立ったためオーナーの椅子が増加します 名前=ゆったり号 増加数=7
time=02:12:03.233 level=INFO msg=一定の売上が立ったためオーナーの椅子が増加します 名前="Artisan Seats" 増加数=5
time=02:12:03.237 level=INFO msg=一定の売上が立ったためオーナーの椅子が増加します 名前="Sit Second Life" 増加数=5
time=02:12:03.276 level=INFO msg=一定の売上が立ったためオーナーの椅子が増加します 名前=暮らしの椅子研究所 増加数=5
time=02:12:03.282 level=INFO msg=一定の売上が立ったためオーナーの椅子が増加します 名前="ReSit & Renew" 増加数=8
time=02:12:03.284 level=INFO msg=一定の売上が立ったためオーナーの椅子が増加します 名前=ゆったり号 増加数=7
time=02:12:04.516 level=INFO msg=これまでに地域内の評判によって115人、既存ユーザーの招待経由で1084人が新規登録しました
time=02:12:04.516 level=INFO msg=これまでに低評価なライドによって118人が利用をやめました
time=02:12:04.516 level=INFO msg=90.4%のライドは椅子がマッチされるまでの時間、56.4%のライドはマッチされた椅子が乗車地点までに掛かる時間、13.9%のライドは椅子の実移動時間に不満がありました
time=02:12:05.293 level=INFO msg=一定の売上が立ったためオーナーの椅子が増加します 名前="Artisan Seats" 増加数=3
time=02:12:05.427 level=INFO msg=一定の売上が立ったためオーナーの椅子が増加します 名前="Sit Second Life" 増加数=5
time=02:12:05.434 level=INFO msg=一定の売上が立ったためオーナーの椅子が増加します 名前=暮らしの椅子研究所 増加数=7
time=02:12:05.457 level=INFO msg=一定の売上が立ったためオーナーの椅子が増加します 名前="ReSit & Renew" 増加数=5
time=02:12:05.487 level=INFO msg=一定の売上が立ったためオーナーの椅子が増加します 名前=ゆったり号 増加数=6
time=02:12:06.870 level=INFO msg=一定の売上が立ったためオーナーの椅子が増加します 名前="Artisan Seats" 増加数=6
time=02:12:06.875 level=INFO msg=一定の売上が立ったためオーナーの椅子が増加します 名前="Sit Second Life" 増加数=5
time=02:12:06.884 level=INFO msg=一定の売上が立ったためオーナーの椅子が増加します 名前=暮らしの椅子研究所 増加数=6
time=02:12:06.889 level=INFO msg=一定の売上が立ったためオーナーの椅子が増加します 名前="ReSit & Renew" 増加数=7
time=02:12:06.897 level=INFO msg=一定の売上が立ったためオーナーの椅子が増加します 名前=ゆったり号 増加数=6
time=02:12:06.903 level=WARN msg="取得した付近の椅子情報に不備があります (CODE=30): ID:01M32F7GX66M5BXBFAJTW183EGの椅子は既にライド中です"
time=02:12:08.581 level=INFO msg=一定の売上が立ったためオーナーの椅子が増加します 名前="Artisan Seats" 増加数=3
time=02:12:08.667 level=INFO msg=一定の売上が立ったためオーナーの椅子が増加します 名前="Sit Second Life" 増加数=6
time=02:12:08.738 level=INFO msg=一定の売上が立ったためオーナーの椅子が増加します 名前=暮らしの椅子研究所 増加数=7
time=02:12:08.755 level=INFO msg=一定の売上が立ったためオーナーの椅子が増加します 名前="ReSit & Renew" 増加数=8
time=02:12:08.785 level=INFO msg=一定の売上が立ったためオーナーの椅子が増加します 名前=ゆったり号 増加数=6
time=02:12:09.916 level=INFO msg=これまでに地域内の評判によって127人、既存ユーザーの招待経由で1158人が新規登録しました
time=02:12:09.916 level=INFO msg=これまでに低評価なライドによって250人が利用をやめました
time=02:12:09.916 level=INFO msg=92.1%のライドは椅子がマッチされるまでの時間、55.3%のライドはマッチされた椅子が乗車地点までに掛かる時間、22.5%のライドは椅子の実移動時間に不満がありました
time=02:12:10.349 level=INFO msg=一定の売上が立ったためオーナーの椅子が増加します 名前="Artisan Seats" 増加数=4
time=02:12:10.449 level=INFO msg=一定の売上が立ったためオーナーの椅子が増加します 名前="Sit Second Life" 増加数=4
time=02:12:10.764 level=INFO msg=一定の売上が立ったためオーナーの椅子が増加します 名前=ゆったり号 増加数=8
time=02:12:10.766 level=INFO msg=一定の売上が立ったためオーナーの椅子が増加します 名前=暮らしの椅子研究所 増加数=8
time=02:12:10.790 level=INFO msg=一定の売上が立ったためオーナーの椅子が増加します 名前="ReSit & Renew" 増加数=6
time=02:12:15.516 level=INFO msg=最終地域情報 名前=チェアタウン ユーザー登録数=1024 アクティブユーザー数=828
time=02:12:15.516 level=INFO msg=最終地域情報 名前=コシカケシティ ユーザー登録数=316 アクティブユーザー数=248
time=02:12:15.516 level=INFO msg=最終オーナー情報 名前=ゆったり号 売上=5364100 椅子数=147
time=02:12:15.516 level=INFO msg=最終オーナー情報 名前="Sit Second Life" 売上=3500600 椅子数=104
time=02:12:15.516 level=INFO msg=最終オーナー情報 名前="ReSit & Renew" 売上=4935000 椅子数=138
time=02:12:15.516 level=INFO msg=最終オーナー情報 名前="Artisan Seats" 売上=3044200 椅子数=92
time=02:12:15.516 level=INFO msg=最終オーナー情報 名前=暮らしの椅子研究所 売上=4849100 椅子数=135
time=02:12:15.516 level=INFO msg=92.7%のライドは椅子がマッチされるまでの時間、54.5%のライドはマッチされた椅子が乗車地点までに掛かる時間、25.4%のライドは椅子の実移動時間に不満がありました
time=02:12:15.517 level=INFO msg=結果 pass=true スコア=274047 種別エラー数="map[17:1 30:1]"
time=02:12:15.517 level=INFO msg=負荷走行が終了しました
