time=01:33:44.066 level=INFO msg=負荷走行を開始します
time=01:33:50.025 level=INFO msg=一定の売上が立ったためオーナーの椅子が増加します 名前=椅子工藝舎 増加数=1
time=01:33:51.823 level=INFO msg=一定の売上が立ったためオーナーの椅子が増加します 名前="SitWell Designs" 増加数=2
time=01:33:51.825 level=INFO msg=一定の売上が立ったためオーナーの椅子が増加します 名前=迅行タクシー 増加数=1
time=01:33:51.829 level=INFO msg=一定の売上が立ったためオーナーの椅子が増加します 名前=つばさ交通 増加数=1
time=01:33:51.830 level=INFO msg=一定の売上が立ったためオーナーの椅子が増加します 名前=風座プロダクツ 増加数=1
time=01:33:51.830 level=INFO msg=一定の売上が立ったためオーナーの椅子が増加します 名前=椅子工藝舎 増加数=1
time=01:33:51.834 level=INFO msg=これまでに地域内の評判によって7人、既存ユーザーの招待経由で32人が新規登録しました
time=01:33:51.834 level=INFO msg=0.0%のライドは椅子がマッチされるまでの時間、62.5%のライドはマッチされた椅子が乗車地点までに掛かる時間、0.0%のライドは椅子の実移動時間に不満がありました
time=01:33:53.623 level=INFO msg=一定の売上が立ったためオーナーの椅子が増加します 名前=つばさ交通 増加数=1
time=01:33:53.623 level=INFO msg=一定の売上が立ったためオーナーの椅子が増加します 名前=椅子工藝舎 増加数=2
time=01:33:53.624 level=INFO msg=一定の売上が立ったためオーナーの椅子が増加します 名前=迅行タクシー 増加数=2
time=01:33:53.628 level=INFO msg=一定の売上が立ったためオーナーの椅子が増加します 名前=風座プロダクツ 増加数=1
time=01:33:55.426 level=INFO msg=一定の売上が立ったためオーナーの椅子が増加します 名前="SitWell Designs" 増加数=2
time=01:33:55.438 level=INFO msg=一定の売上が立ったためオーナーの椅子が増加します 名前=風座プロダクツ 増加数=1
time=01:33:55.438 level=INFO msg=一定の売上が立ったためオーナーの椅子が増加します 名前=つばさ交通 増加数=2
time=01:33:55.442 level=INFO msg=一定の売上が立ったためオーナーの椅子が増加します 名前=迅行タクシー 増加数=2
time=01:33:55.444 level=INFO msg=一定の売上が立ったためオーナーの椅子が増加します 名前=椅子工藝舎 増加数=2
time=01:33:57.234 level=INFO msg=これまでに地域内の評判によって19人、既存ユーザーの招待経由で74人が新規登録しました
time=01:33:57.234 level=INFO msg=1.2%のライドは椅子がマッチされるまでの時間、75.0%のライドはマッチされた椅子が乗車地点までに掛かる時間、3.1%のライドは椅子の実移動時間に不満がありました
time=01:33:57.247 level=INFO msg=一定の売上が立ったためオーナーの椅子が増加します 名前=つばさ交通 増加数=2
time=01:33:57.248 level=INFO msg=一定の売上が立ったためオーナーの椅子が増加します 名前="SitWell Designs" 増加数=2
time=01:33:57.253 level=INFO msg=一定の売上が立ったためオーナーの椅子が増加します 名前=迅行タクシー 増加数=1
time=01:33:57.255 level=INFO msg=一定の売上が立ったためオーナーの椅子が増加します 名前=風座プロダクツ 増加数=1
time=01:33:57.255 level=INFO msg=一定の売上が立ったためオーナーの椅子が増加します 名前=椅子工藝舎 増加数=1
time=01:33:59.024 level=INFO msg=一定の売上が立ったためオーナーの椅子が増加します 名前=迅行タクシー 増加数=2
time=01:33:59.037 level=INFO msg=一定の売上が立ったためオーナーの椅子が増加します 名前=つばさ交通 増加数=1
time=01:33:59.037 level=INFO msg=一定の売上が立ったためオーナーの椅子が増加します 名前=風座プロダクツ 増加数=2
time=01:33:59.039 level=INFO msg=一定の売上が立ったためオーナーの椅子が増加します 名前="SitWell Designs" 増加数=1
time=01:33:59.041 level=INFO msg=一定の売上が立ったためオーナーの椅子が増加します 名前=椅子工藝舎 増加数=3
time=01:34:00.870 level=INFO msg=一定の売上が立ったためオーナーの椅子が増加します 名前=つばさ交通 増加数=1
time=01:34:00.879 level=INFO msg=一定の売上が立ったためオーナーの椅子が増加します 名前=風座プロダクツ 増加数=1
time=01:34:00.884 level=INFO msg=一定の売上が立ったためオーナーの椅子が増加します 名前="SitWell Designs" 増加数=2
time=01:34:00.903 level=INFO msg=一定の売上が立ったためオーナーの椅子が増加します 名前=椅子工藝舎 増加数=1
time=01:34:02.634 level=INFO msg=これまでに地域内の評判によって31人、既存ユーザーの招待経由で99人が新規登録しました
time=01:34:02.634 level=INFO msg=これまでに低評価なライドによって10人が利用をやめました
time=01:34:02.634 level=INFO msg=34.7%のライドは椅子がマッチされるまでの時間、66.7%のライドはマッチされた椅子が乗車地点までに掛かる時間、15.6%のライドは椅子の実移動時間に不満がありました
time=01:34:02.699 level=INFO msg=一定の売上が立ったためオーナーの椅子が増加します 名前=風座プロダクツ 増加数=1
time=01:34:02.721 level=INFO msg=一定の売上が立ったためオーナーの椅子が増加します 名前=迅行タクシー 増加数=2
time=01:34:02.727 level=INFO msg=一定の売上が立ったためオーナーの椅子が増加します 名前=椅子工藝舎 増加数=2
time=01:34:02.730 level=INFO msg=一定の売上が立ったためオーナーの椅子が増加します 名前=つばさ交通 増加数=1
time=01:34:04.507 level=INFO msg=一定の売上が立ったためオーナーの椅子が増加します 名前="SitWell Designs" 増加数=2
time=01:34:04.512 level=INFO msg=一定の売上が立ったためオーナーの椅子が増加します 名前=つばさ交通 増加数=2
time=01:34:04.516 level=INFO msg=一定の売上が立ったためオーナーの椅子が増加します 名前=風座プロダクツ 増加数=2
time=01:34:04.528 level=INFO msg=一定の売上が立ったためオーナーの椅子が増加します 名前=迅行タクシー 増加数=2
time=01:34:04.550 level=INFO msg=一定の売上が立ったためオーナーの椅子が増加します 名前=椅子工藝舎 増加数=1
time=01:34:06.313 level=INFO msg=一定の売上が立ったためオーナーの椅子が増加します 名前=風座プロダクツ 増加数=1
time=01:34:06.335 level=INFO msg=一定の売上が立ったためオーナーの椅子が増加します 名前=椅子工藝舎 増加数=2
time=01:34:06.341 level=INFO msg=一定の売上が立ったためオーナーの椅子が増加します 名前=つばさ交通 増加数=2
time=01:34:06.345 level=INFO msg=一定の売上が立ったためオーナーの椅子が増加します 名前="SitWell Designs" 増加数=1
time=01:34:06.367 level=INFO msg=一定の売上が立ったためオーナーの椅子が増加します 名前=迅行タクシー 増加数=1
time=01:34:08.034 level=INFO msg=これまでに地域内の評判によって43人、既存ユーザーの招待経由で105人が新規登録しました
time=01:34:08.034 level=INFO msg=これまでに低評価なライドによって33人が利用をやめました
time=01:34:08.034 level=INFO msg=54.2%のライドは椅子がマッチされるまでの時間、62.6%のライドはマッチされた椅子が乗車地点までに掛かる時間、33.9%のライドは椅子の実移動時間に不満がありました
time=01:34:08.122 level=INFO msg=一定の売上が立ったためオーナーの椅子が増加します 名前="SitWell Designs" 増加数=2
time=01:34:08.139 level=INFO msg=一定の売上が立ったためオーナーの椅子が増加します 名前=風座プロダクツ 増加数=2
time=01:34:08.145 level=INFO msg=一定の売上が立ったためオーナーの椅子が増加します 名前=迅行タクシー 増加数=2
time=01:34:08.218 level=INFO msg=一定の売上が立ったためオーナーの椅子が増加します 名前=椅子工藝舎 増加数=1
time=01:34:08.231 level=INFO msg=一定の売上が立ったためオーナーの椅子が増加します 名前=つばさ交通 増加数=1
time=01:34:09.968 level=INFO msg=一定の売上が立ったためオーナーの椅子が増加します 名前=つばさ交通 増加数=2
time=01:34:09.982 level=INFO msg=一定の売上が立ったためオーナーの椅子が増加します 名前=椅子工藝舎 増加数=2
time=01:34:09.983 level=INFO msg=一定の売上が立ったためオーナーの椅子が増加します 名前="SitWell Designs" 増加数=3
time=01:34:09.987 level=INFO msg=一定の売上が立ったためオーナーの椅子が増加します 名前=迅行タクシー 増加数=1
time=01:34:09.993 level=INFO msg=一定の売上が立ったためオーナーの椅子が増加します 名前=風座プロダクツ 増加数=1
time=01:34:11.762 level=INFO msg=一定の売上が立ったためオーナーの椅子が増加します 名前=風座プロダクツ 増加数=1
time=01:34:11.770 level=INFO msg=一定の売上が立ったためオーナーの椅子が増加します 名前=つばさ交通 増加数=3
time=01:34:11.784 level=INFO msg=一定の売上が立ったためオーナーの椅子が増加します 名前="SitWell Designs" 増加数=3
time=01:34:11.793 level=INFO msg=一定の売上が立ったためオーナーの椅子が増加します 名前=迅行タクシー 増加数=2
time=01:34:11.812 level=INFO msg=一定の売上が立ったためオーナーの椅子が増加します 名前=椅子工藝舎 増加数=2
time=01:34:13.434 level=INFO msg=これまでに地域内の評判によって55人、既存ユーザーの招待経由で128人が新規登録しました
time=01:34:13.434 level=INFO msg=これまでに低評価なライドによって55人が利用をやめました
time=01:34:13.434 level=INFO msg=59.3%のライドは椅子がマッチされるまでの時間、56.9%のライドはマッチされた椅子が乗車地点までに掛かる時間、46.3%のライドは椅子の実移動時間に不満がありました
time=01:34:13.534 level=INFO msg=一定の売上が立ったためオーナーの椅子が増加します 名前=風座プロダクツ 増加数=2
time=01:34:13.548 level=INFO msg=一定の売上が立ったためオーナーの椅子が増加します 名前="SitWell Designs" 増加数=1
time=01:34:13.577 level=INFO msg=一定の売上が立ったためオーナーの椅子が増加します 名前=つばさ交通 増加数=2
time=01:34:13.593 level=INFO msg=一定の売上が立ったためオーナーの椅子が増加します 名前=迅行タクシー 増加数=1
time=01:34:13.624 level=INFO msg=一定の売上が立ったためオーナーの椅子が増加します 名前=椅子工藝舎 増加数=2
time=01:34:15.425 level=INFO msg=一定の売上が立ったためオーナーの椅子が増加します 名前=迅行タクシー 増加数=2
time=01:34:15.457 level=INFO msg=一定の売上が立ったためオーナーの椅子が増加します 名前=つばさ交通 増加数=3
time=01:34:15.465 level=INFO msg=一定の売上が立ったためオーナーの椅子が増加します 名前="SitWell Designs" 増加数=3
time=01:34:15.514 level=INFO msg=一定の売上が立ったためオーナーの椅子が増加します 名前=風座プロダクツ 増加数=1
time=01:34:15.586 level=INFO msg=一定の売上が立ったためオーナーの椅子が増加します 名前=椅子工藝舎 増加数=3
time=01:34:17.177 level=INFO msg=一定の売上が立ったためオーナーの椅子が増加します 名前="SitWell Designs" 増加数=2
time=01:34:17.234 level=INFO msg=一定の売上が立ったためオーナーの椅子が増加します 名前=迅行タクシー 増加数=2
time=01:34:17.243 level=INFO msg=一定の売上が立ったためオーナーの椅子が増加します 名前=風座プロダクツ 増加数=2
time=01:34:17.274 level=INFO msg=一定の売上が立ったためオーナーの椅子が増加します 名前=つばさ交通 増加数=2
time=01:34:18.834 level=INFO msg=これまでに地域内の評判によって67人、既存ユーザーの招待経由で159人が新規登録しました
time=01:34:18.834 level=INFO msg=これまでに低評価なライドによって63人が利用をやめました
time=01:34:18.834 level=INFO msg=47.4%のライドは椅子がマッチされるまでの時間、52.2%のライドはマッチされた椅子が乗車地点までに掛かる時間、54.4%のライドは椅子の実移動時間に不満がありました
time=01:34:19.072 level=INFO msg=一定の売上が立ったためオーナーの椅子が増加します 名前=迅行タクシー 増加数=1
time=01:34:19.075 level=INFO msg=一定の売上が立ったためオーナーの椅子が増加します 名前="SitWell Designs" 増加数=2
time=01:34:19.102 level=INFO msg=一定の売上が立ったためオーナーの椅子が増加します 名前=風座プロダクツ 増加数=1
time=01:34:19.117 level=INFO msg=一定の売上が立ったためオーナーの椅子が増加します 名前=つばさ交通 増加数=1
time=01:34:19.125 level=INFO msg=一定の売上が立ったためオーナーの椅子が増加します 名前=椅子工藝舎 増加数=2
time=01:34:20.788 level=INFO msg=一定の売上が立ったためオーナーの椅子が増加します 名前=風座プロダクツ 増加数=1
time=01:34:20.814 level=INFO msg=一定の売上が立ったためオーナーの椅子が増加します 名前=つばさ交通 増加数=2
time=01:34:20.849 level=INFO msg=一定の売上が立ったためオーナーの椅子が増加します 名前=迅行タクシー 増加数=1
time=01:34:20.883 level=INFO msg=一定の売上が立ったためオーナーの椅子が増加します 名前=椅子工藝舎 増加数=2
time=01:34:20.899 level=INFO msg=一定の売上が立ったためオーナーの椅子が増加します 名前="SitWell Designs" 増加数=1
time=01:34:22.604 level=INFO msg=一定の売上が立ったためオーナーの椅子が増加します 名前=迅行タクシー 増加数=3
time=01:34:22.653 level=INFO msg=一定の売上が立ったためオーナーの椅子が増加します 名前=風座プロダクツ 増加数=2
time=01:34:22.669 level=INFO msg=一定の売上が立ったためオーナーの椅子が増加します 名前="SitWell Designs" 増加数=2
time=01:34:22.683 level=INFO msg=一定の売上が立ったためオーナーの椅子が増加します 名前=椅子工藝舎 増加数=2
time=01:34:22.716 level=INFO msg=一定の売上が立ったためオーナーの椅子が増加します 名前=つばさ交通 増加数=2
time=01:34:24.234 level=INFO msg=これまでに地域内の評判によって79人、既存ユーザーの招待経由で174人が新規登録しました
time=01:34:24.234 level=INFO msg=これまでに低評価なライドによって80人が利用をやめました
time=01:34:24.234 level=INFO msg=40.9%のライドは椅子がマッチされるまでの時間、47.9%のライドはマッチされた椅子が乗車地点までに掛かる時間、61.9%のライドは椅子の実移動時間に不満がありました
time=01:34:24.520 level=INFO msg=一定の売上が立ったためオーナーの椅子が増加します 名前=迅行タクシー 増加数=1
time=01:34:24.546 level=INFO msg=一定の売上が立ったためオーナーの椅子が増加します 名前="SitWell Designs" 増加数=3
time=01:34:24.556 level=INFO msg=一定の売上が立ったためオーナーの椅子が増加します 名前=椅子工藝舎 増加数=1
time=01:34:24.573 level=INFO msg=一定の売上が立ったためオーナーの椅子が増加します 名前=つばさ交通 増加数=2
time=01:34:24.586 level=INFO msg=一定の売上が立ったためオーナーの椅子が増加します 名前=風座プロダクツ 増加数=1
time=01:34:26.259 level=INFO msg=一定の売上が立ったためオーナーの椅子が増加します 名前=風座プロダクツ 増加数=2
time=01:34:26.373 level=INFO msg=一定の売上が立ったためオーナーの椅子が増加します 名前="SitWell Designs" 増加数=1
time=01:34:26.393 level=INFO msg=一定の売上が立ったためオーナーの椅子が増加します 名前=椅子工藝舎 増加数=2
time=01:34:26.408 level=INFO msg=一定の売上が立ったためオーナーの椅子が増加します 名前=迅行タクシー 増加数=3
time=01:34:26.418 level=INFO msg=一定の売上が立ったためオーナーの椅子が増加します 名前=つばさ交通 増加数=1
time=01:34:28.071 level=INFO msg=一定の売上が立ったためオーナーの椅子が増加します 名前=風座プロダクツ 増加数=1
time=01:34:28.131 level=INFO msg=一定の売上が立ったためオーナーの椅子が増加します 名前=迅行タクシー 増加数=2
time=01:34:28.169 level=INFO msg=一定の売上が立ったためオーナーの椅子が増加します 名前="SitWell Designs" 増加数=2
time=01:34:28.190 level=INFO msg=一定の売上が立ったためオーナーの椅子が増加します 名前=椅子工藝舎 増加数=2
time=01:34:28.214 level=INFO msg=一定の売上が立ったためオーナーの椅子が増加します 名前=つばさ交通 増加数=1
time=01:34:29.634 level=INFO msg=これまでに地域内の評判によって91人、既存ユーザーの招待経由で178人が新規登録しました
time=01:34:29.634 level=INFO msg=これまでに低評価なライドによって102人が利用をやめました
time=01:34:29.634 level=INFO msg=43.9%のライドは椅子がマッチされるまでの時間、45.6%のライドはマッチされた椅子が乗車地点までに掛かる時間、66.9%のライドは椅子の実移動時間に不満がありました
time=01:34:29.850 level=INFO msg=一定の売上が立ったためオーナーの椅子が増加します 名前=風座プロダクツ 増加数=2
time=01:34:29.858 level=INFO msg=一定の売上が立ったためオーナーの椅子が増加します 名前=迅行タクシー 増加数=1
time=01:34:29.987 level=INFO msg=一定の売上が立ったためオーナーの椅子が増加します 名前=つばさ交通 増加数=3
time=01:34:29.989 level=INFO msg=一定の売上が立ったためオーナーの椅子が増加します 名前=椅子工藝舎 増加数=1
time=01:34:30.018 level=INFO msg=一定の売上が立ったためオーナーの椅子が増加します 名前="SitWell Designs" 増加数=2
time=01:34:31.677 level=INFO msg=一定の売上が立ったためオーナーの椅子が増加します 名前=風座プロダクツ 増加数=1
time=01:34:31.743 level=INFO msg=一定の売上が立ったためオーナーの椅子が増加します 名前=迅行タクシー 増加数=2
time=01:34:31.746 level=INFO msg=一定の売上が立ったためオーナーの椅子が増加します 名前=椅子工藝舎 増加数=1
time=01:34:31.747 level=INFO msg=一定の売上が立ったためオーナーの椅子が増加します 名前="SitWell Designs" 増加数=1
time=01:34:31.775 level=INFO msg=一定の売上が立ったためオーナーの椅子が増加します 名前=つばさ交通 増加数=1
time=01:34:33.492 level=INFO msg=一定の売上が立ったためオーナーの椅子が増加します 名前=風座プロダクツ 増加数=2
time=01:34:33.507 level=INFO msg=一定の売上が立ったためオーナーの椅子が増加します 名前="SitWell Designs" 増加数=1
time=01:34:33.550 level=INFO msg=一定の売上が立ったためオーナーの椅子が増加します 名前=迅行タクシー 増加数=2
time=01:34:33.560 level=INFO msg=一定の売上が立ったためオーナーの椅子が増加します 名前=椅子工藝舎 増加数=3
time=01:34:33.612 level=INFO msg=一定の売上が立ったためオーナーの椅子が増加します 名前=つばさ交通 増加数=1
time=01:34:35.034 level=INFO msg=これまでに地域内の評判によって103人、既存ユーザーの招待経由で187人が新規登録しました
time=01:34:35.034 level=INFO msg=これまでに低評価なライドによって117人が利用をやめました
time=01:34:35.034 level=INFO msg=47.1%のライドは椅子がマッチされるまでの時間、42.4%のライドはマッチされた椅子が乗車地点までに掛かる時間、70.2%のライドは椅子の実移動時間に不満がありました
time=01:34:35.315 level=INFO msg=一定の売上が立ったためオーナーの椅子が増加します 名前=迅行タクシー 増加数=2
time=01:34:35.336 level=INFO msg=一定の売上が立ったためオーナーの椅子が増加します 名前="SitWell Designs" 増加数=2
time=01:34:35.336 level=INFO msg=一定の売上が立ったためオーナーの椅子が増加します 名前=風座プロダクツ 増加数=1
time=01:34:35.467 level=INFO msg=一定の売上が立ったためオーナーの椅子が増加します 名前=つばさ交通 増加数=2
time=01:34:37.171 level=INFO msg=一定の売上が立ったためオーナーの椅子が増加します 名前=迅行タクシー 増加数=1
time=01:34:37.196 level=INFO msg=一定の売上が立ったためオーナーの椅子が増加します 名前=つばさ交通 増加数=2
time=01:34:37.205 level=INFO msg=一定の売上が立ったためオーナーの椅子が増加します 名前=風座プロダクツ 増加数=2
time=01:34:37.303 level=INFO msg=一定の売上が立ったためオーナーの椅子が増加します 名前="SitWell Designs" 増加数=1
time=01:34:37.313 level=INFO msg=一定の売上が立ったためオーナーの椅子が増加します 名前=椅子工藝舎 増加数=1
time=01:34:38.911 level=INFO msg=一定の売上が立ったためオーナーの椅子が増加します 名前=迅行タクシー 増加数=2
time=01:34:38.995 level=INFO msg=一定の売上が立ったためオーナーの椅子が増加します 名前=椅子工藝舎 増加数=2
time=01:34:39.031 level=INFO msg=一定の売上が立ったためオーナーの椅子が増加します 名前=つばさ交通 増加数=2
time=01:34:39.054 level=INFO msg=一定の売上が立ったためオーナーの椅子が増加します 名前="SitWell Designs" 増加数=2
time=01:34:40.434 level=INFO msg=これまでに地域内の評判によって115人、既存ユーザーの招待経由で193人が新規登録しました
time=01:34:40.434 level=INFO msg=これまでに低評価なライドによって130人が利用をやめました
time=01:34:40.434 level=INFO msg=48.5%のライドは椅子がマッチされるまでの時間、39.5%のライドはマッチされた椅子が乗車地点までに掛かる時間、72.5%のライドは椅子の実移動時間に不満がありました
time=01:34:40.805 level=INFO msg=一定の売上が立ったためオーナーの椅子が増加します 名前=迅行タクシー 増加数=2
time=01:34:40.847 level=INFO msg=一定の売上が立ったためオーナーの椅子が増加します 名前="SitWell Designs" 増加数=1
time=01:34:40.847 level=INFO msg=一定の売上が立ったためオーナーの椅子が増加します 名前=風座プロダクツ 増加数=2
time=01:34:40.847 level=INFO msg=一定の売上が立ったためオーナーの椅子が増加します 名前=椅子工藝舎 増加数=1
time=01:34:40.877 level=INFO msg=一定の売上が立ったためオーナーの椅子が増加します 名前=つばさ交通 増加数=1
time=01:34:42.585 level=INFO msg=一定の売上が立ったためオーナーの椅子が増加します 名前=風座プロダクツ 増加数=1
time=01:34:42.627 level=INFO msg=一定の売上が立ったためオーナーの椅子が増加します 名前="SitWell Designs" 増加数=2
time=01:34:42.630 level=INFO msg=一定の売上が立ったためオーナーの椅子が増加します 名前=つばさ交通 増加数=2
time=01:34:42.639 level=INFO msg=一定の売上が立ったためオーナーの椅子が増加します 名前=迅行タクシー 増加数=1
time=01:34:42.655 level=INFO msg=一定の売上が立ったためオーナーの椅子が増加します 名前=椅子工藝舎 増加数=2
time=01:34:44.310 level=INFO msg=一定の売上が立ったためオーナーの椅子が増加します 名前=風座プロダクツ 増加数=1
time=01:34:44.391 level=INFO msg=一定の売上が立ったためオーナーの椅子が増加します 名前=椅子工藝舎 増加数=1
time=01:34:44.408 level=INFO msg=一定の売上が立ったためオーナーの椅子が増加します 名前=迅行タクシー 増加数=2
time=01:34:44.433 level=INFO msg=一定の売上が立ったためオーナーの椅子が増加します 名前="SitWell Designs" 増加数=2
time=01:34:44.564 level=INFO msg=一定の売上が立ったためオーナーの椅子が増加します 名前=つばさ交通 増加数=2
time=01:34:45.834 level=INFO msg=これまでに地域内の評判によって127人、既存ユーザーの招待経由で198人が新規登録しました
time=01:34:45.834 level=INFO msg=これまでに低評価なライドによって142人が利用をやめました
time=01:34:45.834 level=INFO msg=53.2%のライドは椅子がマッチされるまでの時間、36.6%のライドはマッチされた椅子が乗車地点までに掛かる時間、73.3%のライドは椅子の実移動時間に不満がありました
time=01:34:46.190 level=INFO msg=一定の売上が立ったためオーナーの椅子が増加します 名前=風座プロダクツ 増加数=2
time=01:34:46.269 level=INFO msg=一定の売上が立ったためオーナーの椅子が増加します 名前=椅子工藝舎 増加数=2
time=01:34:46.278 level=INFO msg=一定の売上が立ったためオーナーの椅子が増加します 名前=迅行タクシー 増加数=1
time=01:34:46.326 level=INFO msg=一定の売上が立ったためオーナーの椅子が増加します 名前="SitWell Designs" 増加数=1
time=01:34:51.434 level=INFO msg=最終地域情報 名前=チェアタウン ユーザー登録数=208 アクティブユーザー数=129
time=01:34:51.434 level=INFO msg=最終地域情報 名前=コシカケシティ ユーザー登録数=135 アクティブユーザー数=70
time=01:34:51.434 level=INFO msg=最終オーナー情報 名前=迅行タクシー 売上=1310700 椅子数=54
time=01:34:51.434 level=INFO msg=最終オーナー情報 名前=椅子工藝舎 売上=1393100 椅子数=55
time=01:34:51.434 level=INFO msg=最終オーナー情報 名前=つばさ交通 売上=1370000 椅子数=55
time=01:34:51.434 level=INFO msg=最終オーナー情報 名前=風座プロダクツ 売上=1053100 椅子数=46
time=01:34:51.434 level=INFO msg=最終オーナー情報 名前="SitWell Designs" 売上=1391200 椅子数=56
time=01:34:51.434 level=INFO msg=54.6%のライドは椅子がマッチされるまでの時間、35.7%のライドはマッチされた椅子が乗車地点までに掛かる時間、73.2%のライドは椅子の実移動時間に不満がありました
time=01:34:51.434 level=INFO msg=結果 pass=true スコア=74846 種別エラー数=map[]
time=01:34:51.435 level=INFO msg=負荷走行が終了しました
