time=03:18:30.354 level=INFO msg=負荷走行を開始します
time=03:18:36.291 level=INFO msg=一定の売上が立ったためオーナーの椅子が増加します 名前="Orbit Taxi" 増加数=1
time=03:18:36.295 level=INFO msg=一定の売上が立ったためオーナーの椅子が増加します 名前=再座堂 増加数=2
time=03:18:36.295 level=INFO msg=一定の売上が立ったためオーナーの椅子が増加します 名前=椅子工藝舎 増加数=1
time=03:18:36.298 level=INFO msg=一定の売上が立ったためオーナーの椅子が増加します 名前=椅子のめぐりや 増加数=1
time=03:18:38.091 level=INFO msg=一定の売上が立ったためオーナーの椅子が増加します 名前=椅子のめぐりや 増加数=2
time=03:18:38.093 level=INFO msg=一定の売上が立ったためオーナーの椅子が増加します 名前=再座堂 増加数=3
time=03:18:38.093 level=INFO msg=一定の売上が立ったためオーナーの椅子が増加します 名前=椅子工藝舎 増加数=2
time=03:18:38.093 level=INFO msg=一定の売上が立ったためオーナーの椅子が増加します 名前="Orbit Taxi" 増加数=2
time=03:18:38.096 level=INFO msg=一定の売上が立ったためオーナーの椅子が増加します 名前="Chair Charm" 増加数=2
time=03:18:38.120 level=INFO msg=これまでに地域内の評判によって10人、既存ユーザーの招待経由で55人が新規登録しました
time=03:18:38.120 level=INFO msg=0.0%のライドは椅子がマッチされるまでの時間、51.8%のライドはマッチされた椅子が乗車地点までに掛かる時間、0.0%のライドは椅子の実移動時間に不満がありました
time=03:18:39.891 level=INFO msg=一定の売上が立ったためオーナーの椅子が増加します 名前="Orbit Taxi" 増加数=4
time=03:18:39.893 level=INFO msg=一定の売上が立ったためオーナーの椅子が増加します 名前=椅子のめぐりや 増加数=4
time=03:18:39.894 level=INFO msg=一定の売上が立ったためオーナーの椅子が増加します 名前=椅子工藝舎 増加数=4
time=03:18:39.895 level=INFO msg=一定の売上が立ったためオーナーの椅子が増加します 名前=再座堂 増加数=5
time=03:18:39.902 level=INFO msg=一定の売上が立ったためオーナーの椅子が増加します 名前="Chair Charm" 増加数=3
time=03:18:41.695 level=INFO msg=一定の売上が立ったためオーナーの椅子が増加します 名前=椅子のめぐりや 増加数=5
time=03:18:41.695 level=INFO msg=一定の売上が立ったためオーナーの椅子が増加します 名前=再座堂 増加数=5
time=03:18:41.695 level=INFO msg=一定の売上が立ったためオーナーの椅子が増加します 名前="Chair Charm" 増加数=3
time=03:18:41.695 level=INFO msg=一定の売上が立ったためオーナーの椅子が増加します 名前=椅子工藝舎 増加数=4
time=03:18:41.697 level=INFO msg=一定の売上が立ったためオーナーの椅子が増加します 名前="Orbit Taxi" 増加数=5
time=03:18:43.493 level=INFO msg=一定の売上が立ったためオーナーの椅子が増加します 名前=椅子工藝舎 増加数=7
time=03:18:43.495 level=INFO msg=一定の売上が立ったためオーナーの椅子が増加します 名前=椅子のめぐりや 増加数=9
time=03:18:43.496 level=INFO msg=一定の売上が立ったためオーナーの椅子が増加します 名前=再座堂 増加数=9
time=03:18:43.496 level=INFO msg=一定の売上が立ったためオーナーの椅子が増加します 名前="Orbit Taxi" 増加数=7
time=03:18:43.504 level=INFO msg=一定の売上が立ったためオーナーの椅子が増加します 名前="Chair Charm" 増加数=6
time=03:18:43.519 level=INFO msg=これまでに地域内の評判によって19人、既存ユーザーの招待経由で297人が新規登録しました
time=03:18:43.519 level=INFO msg=1.6%のライドは椅子がマッチされるまでの時間、18.9%のライドはマッチされた椅子が乗車地点までに掛かる時間、0.5%のライドは椅子の実移動時間に不満がありました
time=03:18:45.297 level=INFO msg=一定の売上が立ったためオーナーの椅子が増加します 名前=再座堂 増加数=10
time=03:18:45.300 level=INFO msg=一定の売上が立ったためオーナーの椅子が増加します 名前=椅子工藝舎 増加数=9
time=03:18:45.300 level=INFO msg=一定の売上が立ったためオーナーの椅子が増加します 名前=椅子のめぐりや 増加数=9
time=03:18:45.300 level=INFO msg=一定の売上が立ったためオーナーの椅子が増加します 名前="Orbit Taxi" 増加数=10
time=03:18:45.303 level=INFO msg=一定の売上が立ったためオーナーの椅子が増加します 名前="Chair Charm" 増加数=8
time=03:18:47.094 level=INFO msg=一定の売上が立ったためオーナーの椅子が増加します 名前="Chair Charm" 増加数=10
time=03:18:47.105 level=INFO msg=一定の売上が立ったためオーナーの椅子が増加します 名前=椅子のめぐりや 増加数=11
time=03:18:47.105 level=INFO msg=一定の売上が立ったためオーナーの椅子が増加します 名前=椅子工藝舎 増加数=10
time=03:18:47.105 level=INFO msg=一定の売上が立ったためオーナーの椅子が増加します 名前=再座堂 増加数=11
time=03:18:47.105 level=INFO msg=一定の売上が立ったためオーナーの椅子が増加します 名前="Orbit Taxi" 増加数=10
time=03:18:48.911 level=INFO msg=一定の売上が立ったためオーナーの椅子が増加します 名前=再座堂 増加数=12
time=03:18:48.911 level=INFO msg=一定の売上が立ったためオーナーの椅子が増加します 名前=椅子のめぐりや 増加数=12
time=03:18:48.912 level=INFO msg=一定の売上が立ったためオーナーの椅子が増加します 名前="Orbit Taxi" 増加数=12
time=03:18:48.919 level=INFO msg=これまでに地域内の評判によって34人、既存ユーザーの招待経由で977人が新規登録しました
time=03:18:48.919 level=INFO msg=3.9%のライドは椅子がマッチされるまでの時間、6.1%のライドはマッチされた椅子が乗車地点までに掛かる時間、0.5%のライドは椅子の実移動時間に不満がありました
time=03:18:48.920 level=INFO msg=一定の売上が立ったためオーナーの椅子が増加します 名前="Chair Charm" 増加数=11
time=03:18:48.927 level=INFO msg=一定の売上が立ったためオーナーの椅子が増加します 名前=椅子工藝舎 増加数=11
time=03:18:50.729 level=INFO msg=一定の売上が立ったためオーナーの椅子が増加します 名前="Orbit Taxi" 増加数=12
time=03:18:50.730 level=INFO msg=一定の売上が立ったためオーナーの椅子が増加します 名前=椅子のめぐりや 増加数=12
time=03:18:50.730 level=INFO msg=一定の売上が立ったためオーナーの椅子が増加します 名前=椅子工藝舎 増加数=11
time=03:18:50.731 level=INFO msg=一定の売上が立ったためオーナーの椅子が増加します 名前=再座堂 増加数=12
time=03:18:50.764 level=INFO msg=一定の売上が立ったためオーナーの椅子が増加します 名前="Chair Charm" 増加数=10
time=03:18:52.548 level=INFO msg=一定の売上が立ったためオーナーの椅子が増加します 名前="Chair Charm" 増加数=10
time=03:18:52.567 level=INFO msg=一定の売上が立ったためオーナーの椅子が増加します 名前="Orbit Taxi" 増加数=12
time=03:18:52.570 level=INFO msg=一定の売上が立ったためオーナーの椅子が増加します 名前=椅子のめぐりや 増加数=14
time=03:18:52.571 level=INFO msg=一定の売上が立ったためオーナーの椅子が増加します 名前=再座堂 増加数=11
time=03:18:52.572 level=INFO msg=一定の売上が立ったためオーナーの椅子が増加します 名前=椅子工藝舎 増加数=11
time=03:18:54.413 level=INFO msg=一定の売上が立ったためオーナーの椅子が増加します 名前=椅子のめぐりや 増加数=14
time=03:18:54.413 level=INFO msg=一定の売上が立ったためオーナーの椅子が増加します 名前=再座堂 増加数=15
time=03:18:54.415 level=INFO msg=一定の売上が立ったためオーナーの椅子が増加します 名前="Orbit Taxi" 増加数=15
time=03:18:54.415 level=INFO msg=一定の売上が立ったためオーナーの椅子が増加します 名前="Chair Charm" 増加数=11
time=03:18:54.416 level=INFO msg=一定の売上が立ったためオーナーの椅子が増加します 名前=椅子工藝舎 増加数=13
time=03:18:54.418 level=INFO msg=これまでに地域内の評判によって52人、既存ユーザーの招待経由で1819人が新規登録しました
time=03:18:54.418 level=INFO msg=これまでに低評価なライドによって3人が利用をやめました
time=03:18:54.419 level=INFO msg=24.1%のライドは椅子がマッチされるまでの時間、3.7%のライドはマッチされた椅子が乗車地点までに掛かる時間、9.5%のライドは椅子の実移動時間に不満がありました
time=03:18:56.218 level=INFO msg=一定の売上が立ったためオーナーの椅子が増加します 名前=椅子のめぐりや 増加数=16
time=03:18:56.219 level=INFO msg=一定の売上が立ったためオーナーの椅子が増加します 名前="Orbit Taxi" 増加数=12
time=03:18:56.219 level=INFO msg=一定の売上が立ったためオーナーの椅子が増加します 名前=椅子工藝舎 増加数=15
time=03:18:56.219 level=INFO msg=一定の売上が立ったためオーナーの椅子が増加します 名前=再座堂 増加数=16
time=03:18:56.233 level=INFO msg=一定の売上が立ったためオーナーの椅子が増加します 名前="Chair Charm" 増加数=13
time=03:18:58.046 level=INFO msg=一定の売上が立ったためオーナーの椅子が増加します 名前="Chair Charm" 増加数=13
time=03:18:58.054 level=INFO msg=一定の売上が立ったためオーナーの椅子が増加します 名前=椅子工藝舎 増加数=15
time=03:18:58.056 level=INFO msg=一定の売上が立ったためオーナーの椅子が増加します 名前=再座堂 増加数=15
time=03:18:58.058 level=INFO msg=一定の売上が立ったためオーナーの椅子が増加します 名前=椅子のめぐりや 増加数=17
time=03:18:58.060 level=INFO msg=一定の売上が立ったためオーナーの椅子が増加します 名前="Orbit Taxi" 増加数=17
time=03:18:59.810 level=INFO msg=これまでに地域内の評判によって70人、既存ユーザーの招待経由で2333人が新規登録しました
time=03:18:59.810 level=INFO msg=これまでに低評価なライドによって21人が利用をやめました
time=03:18:59.810 level=INFO msg=49.9%のライドは椅子がマッチされるまでの時間、3.2%のライドはマッチされた椅子が乗車地点までに掛かる時間、20.0%のライドは椅子の実移動時間に不満がありました
time=03:18:59.833 level=INFO msg=一定の売上が立ったためオーナーの椅子が増加します 名前="Chair Charm" 増加数=15
time=03:18:59.833 level=INFO msg=一定の売上が立ったためオーナーの椅子が増加します 名前=椅子工藝舎 増加数=16
time=03:18:59.833 level=INFO msg=一定の売上が立ったためオーナーの椅子が増加します 名前=椅子のめぐりや 増加数=17
time=03:18:59.836 level=INFO msg=一定の売上が立ったためオーナーの椅子が増加します 名前="Orbit Taxi" 増加数=15
time=03:18:59.836 level=INFO msg=一定の売上が立ったためオーナーの椅子が増加します 名前=再座堂 増加数=18
time=03:19:01.624 level=INFO msg=一定の売上が立ったためオーナーの椅子が増加します 名前="Chair Charm" 増加数=15
time=03:19:01.648 level=INFO msg=一定の売上が立ったためオーナーの椅子が増加します 名前="Orbit Taxi" 増加数=18
time=03:19:01.649 level=INFO msg=一定の売上が立ったためオーナーの椅子が増加します 名前=椅子工藝舎 増加数=17
time=03:19:01.649 level=INFO msg=一定の売上が立ったためオーナーの椅子が増加します 名前=椅子のめぐりや 増加数=18
time=03:19:01.650 level=INFO msg=一定の売上が立ったためオーナーの椅子が増加します 名前=再座堂 増加数=20
time=03:19:03.561 level=INFO msg=一定の売上が立ったためオーナーの椅子が増加します 名前="Chair Charm" 増加数=15
time=03:19:03.563 level=INFO msg=一定の売上が立ったためオーナーの椅子が増加します 名前=椅子のめぐりや 増加数=20
time=03:19:03.581 level=INFO msg=一定の売上が立ったためオーナーの椅子が増加します 名前="Orbit Taxi" 増加数=18
time=03:19:05.330 level=INFO msg=これまでに地域内の評判によって88人、既存ユーザーの招待経由で2638人が新規登録しました
time=03:19:05.330 level=INFO msg=これまでに低評価なライドによって47人が利用をやめました
time=03:19:05.330 level=INFO msg=64.8%のライドは椅子がマッチされるまでの時間、3.0%のライドはマッチされた椅子が乗車地点までに掛かる時間、26.8%のライドは椅子の実移動時間に不満がありました
time=03:19:05.370 level=INFO msg=一定の売上が立ったためオーナーの椅子が増加します 名前=椅子工藝舎 増加数=36
time=03:19:05.372 level=INFO msg=一定の売上が立ったためオーナーの椅子が増加します 名前=再座堂 増加数=39
time=03:19:07.175 level=INFO msg=一定の売上が立ったためオーナーの椅子が増加します 名前="Chair Charm" 増加数=34
time=03:19:07.175 level=INFO msg=一定の売上が立ったためオーナーの椅子が増加します 名前="Orbit Taxi" 増加数=39
time=03:19:07.175 level=INFO msg=一定の売上が立ったためオーナーの椅子が増加します 名前=椅子のめぐりや 増加数=41
time=03:19:10.999 level=INFO msg=これまでに地域内の評判によって106人、既存ユーザーの招待経由で2859人が新規登録しました
time=03:19:10.999 level=INFO msg=これまでに低評価なライドによって65人が利用をやめました
time=03:19:10.999 level=INFO msg=73.7%のライドは椅子がマッチされるまでの時間、2.7%のライドはマッチされた椅子が乗車地点までに掛かる時間、31.6%のライドは椅子の実移動時間に不満がありました
time=03:19:11.056 level=INFO msg=一定の売上が立ったためオーナーの椅子が増加します 名前=椅子工藝舎 増加数=56
time=03:19:11.057 level=INFO msg=一定の売上が立ったためオーナーの椅子が増加します 名前=再座堂 増加数=62
time=03:19:12.843 level=INFO msg=一定の売上が立ったためオーナーの椅子が増加します 名前="Chair Charm" 増加数=53
time=03:19:14.642 level=INFO msg=一定の売上が立ったためオーナーの椅子が増加します 名前="Orbit Taxi" 増加数=83
time=03:19:14.647 level=INFO msg=一定の売上が立ったためオーナーの椅子が増加します 名前=椅子のめぐりや 増加数=90
time=03:19:16.399 level=INFO msg=これまでに地域内の評判によって124人、既存ユーザーの招待経由で3025人が新規登録しました
time=03:19:16.399 level=INFO msg=これまでに低評価なライドによって86人が利用をやめました
time=03:19:16.400 level=INFO msg=78.9%のライドは椅子がマッチされるまでの時間、2.5%のライドはマッチされた椅子が乗車地点までに掛かる時間、35.0%のライドは椅子の実移動時間に不満がありました
time=03:19:16.846 level=WARN msg="取得した付近の椅子情報に不備があります (CODE=30): ID:01M32K2MR09JCAVDSSBNPAX49Sの椅子は既にライド中です"
time=03:19:16.850 level=WARN msg="取得した付近の椅子情報に不備があります (CODE=30): ID:01M32K2MR09JCAVDSSBNPAX49Sの椅子は既にライド中です"
time=03:19:16.869 level=WARN msg="取得した付近の椅子情報に不備があります (CODE=30): ID:01M32K2MR09JCAVDSSBNPAX49Sの椅子は既にライド中です"
time=03:19:18.563 level=WARN msg="取得した付近の椅子情報に不備があります (CODE=30): ID:01M32K2ED22393RNG82V4WTVCRの椅子は既にライド中です"
time=03:19:18.645 level=WARN msg="取得した付近の椅子情報に不備があります (CODE=30): ID:01M32K290BQWTWEBTSRTNMVB2Nの椅子は既にライド中です"
time=03:19:21.800 level=INFO msg=これまでに地域内の評判によって142人、既存ユーザーの招待経由で3177人が新規登録しました
time=03:19:21.800 level=INFO msg=これまでに低評価なライドによって112人が利用をやめました
time=03:19:21.800 level=INFO msg=82.4%のライドは椅子がマッチされるまでの時間、2.3%のライドはマッチされた椅子が乗車地点までに掛かる時間、37.7%のライドは椅子の実移動時間に不満がありました
time=03:19:21.996 level=INFO msg=一定の売上が立ったためオーナーの椅子が増加します 名前=椅子工藝舎 増加数=113
time=03:19:23.822 level=INFO msg=一定の売上が立ったためオーナーの椅子が増加します 名前="Chair Charm" 増加数=101
time=03:19:23.872 level=INFO msg=一定の売上が立ったためオーナーの椅子が増加します 名前=再座堂 増加数=142
time=03:19:24.957 level=WARN msg="取得した付近の椅子情報に不備があります (CODE=30): ID:01M32K2YDV3XN3ZPP2BKS31B23の椅子は既にライド中です"
time=03:19:24.962 level=WARN msg="取得した付近の椅子情報に不備があります (CODE=30): ID:01M32K2YDV3XN3ZPP2BKS31B23の椅子は既にライド中です"
time=03:19:25.468 level=WARN msg="取得した付近の椅子情報に不備があります (CODE=30): ID:01M32K25FMY1Z030TMGXTJFWTJの椅子は既にライド中です"
time=03:19:26.490 level=WARN msg="取得した付近の椅子情報に不備があります (CODE=30): ID:01M32K2M5MPYKDHAHC6E1EA6N6の椅子は既にライド中です"
time=03:19:27.499 level=INFO msg=これまでに地域内の評判によって155人、既存ユーザーの招待経由で3261人が新規登録しました
time=03:19:27.499 level=INFO msg=これまでに低評価なライドによって148人が利用をやめました
time=03:19:27.499 level=INFO msg=85.1%のライドは椅子がマッチされるまでの時間、2.2%のライドはマッチされた椅子が乗車地点までに掛かる時間、40.4%のライドは椅子の実移動時間に不満がありました
time=03:19:28.477 level=WARN msg="取得した付近の椅子情報に不備があります (CODE=30): ID:01M32K2MN3KXFXPK05429667J4の椅子は既にライド中です"
time=03:19:28.477 level=WARN msg="取得した付近の椅子情報に不備があります (CODE=30): ID:01M32K2MN3KXFXPK05429667J4の椅子は既にライド中です"
time=03:19:28.484 level=WARN msg="取得した付近の椅子情報に不備があります (CODE=30): ID:01M32K2MN3KXFXPK05429667J4の椅子は既にライド中です"
time=03:19:37.720 level=INFO msg=最終地域情報 名前=チェアタウン ユーザー登録数=2147 アクティブユーザー数=2043
time=03:19:37.720 level=INFO msg=最終地域情報 名前=コシカケシティ ユーザー登録数=1429 アクティブユーザー数=1355
time=03:19:37.720 level=INFO msg=最終オーナー情報 名前=椅子のめぐりや 売上=20199400 椅子数=316
time=03:19:37.720 level=INFO msg=最終オーナー情報 名前=再座堂 売上=19990800 椅子数=411
time=03:19:37.720 level=INFO msg=最終オーナー情報 名前=椅子工藝舎 売上=18167900 椅子数=355
time=03:19:37.720 level=INFO msg=最終オーナー情報 名前="Chair Charm" 売上=16351100 椅子数=337
time=03:19:37.720 level=INFO msg=最終オーナー情報 名前="Orbit Taxi" 売上=18967100 椅子数=296
time=03:19:37.720 level=INFO msg=86.9%のライドは椅子がマッチされるまでの時間、2.1%のライドはマッチされた椅子が乗車地点までに掛かる時間、42.7%のライドは椅子の実移動時間に不満がありました
time=03:19:37.721 level=INFO msg=結果 pass=true スコア=987383 種別エラー数=map[30:12]
time=03:19:37.721 level=INFO msg=負荷走行が終了しました
