time=03:31:54.553 level=INFO msg=負荷走行を開始します
time=03:32:00.144 level=INFO msg=一定の売上が立ったためオーナーの椅子が増加します 名前="CraftChair Co., Ltd." 増加数=2
time=03:32:00.146 level=INFO msg=一定の売上が立ったためオーナーの椅子が増加します 名前=ひまわり交通 増加数=1
time=03:32:00.147 level=INFO msg=一定の売上が立ったためオーナーの椅子が増加します 名前="Skyline Taxis" 増加数=1
time=03:32:00.147 level=INFO msg=一定の売上が立ったためオーナーの椅子が増加します 名前=座心工房 増加数=1
time=03:32:01.943 level=INFO msg=一定の売上が立ったためオーナーの椅子が増加します 名前=座心工房 増加数=2
time=03:32:01.946 level=INFO msg=一定の売上が立ったためオーナーの椅子が増加します 名前=座り心地再生所 増加数=2
time=03:32:01.946 level=INFO msg=一定の売上が立ったためオーナーの椅子が増加します 名前=ひまわり交通 増加数=1
time=03:32:01.946 level=INFO msg=一定の売上が立ったためオーナーの椅子が増加します 名前="CraftChair Co., Ltd." 増加数=2
time=03:32:01.946 level=INFO msg=一定の売上が立ったためオーナーの椅子が増加します 名前="Skyline Taxis" 増加数=2
time=03:32:01.971 level=INFO msg=これまでに地域内の評判によって9人、既存ユーザーの招待経由で51人が新規登録しました
time=03:32:01.971 level=INFO msg=0.0%のライドは椅子がマッチされるまでの時間、63.5%のライドはマッチされた椅子が乗車地点までに掛かる時間、0.0%のライドは椅子の実移動時間に不満がありました
time=03:32:03.744 level=INFO msg=一定の売上が立ったためオーナーの椅子が増加します 名前=座り心地再生所 増加数=3
time=03:32:03.746 level=INFO msg=一定の売上が立ったためオーナーの椅子が増加します 名前=ひまわり交通 増加数=3
time=03:32:03.746 level=INFO msg=一定の売上が立ったためオーナーの椅子が増加します 名前="Skyline Taxis" 増加数=3
time=03:32:03.747 level=INFO msg=一定の売上が立ったためオーナーの椅子が増加します 名前=座心工房 増加数=4
time=03:32:03.751 level=INFO msg=一定の売上が立ったためオーナーの椅子が増加します 名前="CraftChair Co., Ltd." 増加数=5
time=03:32:05.543 level=INFO msg=一定の売上が立ったためオーナーの椅子が増加します 名前=座心工房 増加数=6
time=03:32:05.545 level=INFO msg=一定の売上が立ったためオーナーの椅子が増加します 名前="Skyline Taxis" 増加数=5
time=03:32:05.546 level=INFO msg=一定の売上が立ったためオーナーの椅子が増加します 名前=ひまわり交通 増加数=6
time=03:32:05.552 level=INFO msg=一定の売上が立ったためオーナーの椅子が増加します 名前=座り心地再生所 増加数=5
time=03:32:05.552 level=INFO msg=一定の売上が立ったためオーナーの椅子が増加します 名前="CraftChair Co., Ltd." 増加数=6
time=03:32:07.347 level=INFO msg=一定の売上が立ったためオーナーの椅子が増加します 名前=座心工房 増加数=7
time=03:32:07.350 level=INFO msg=一定の売上が立ったためオーナーの椅子が増加します 名前="Skyline Taxis" 増加数=7
time=03:32:07.351 level=INFO msg=一定の売上が立ったためオーナーの椅子が増加します 名前="CraftChair Co., Ltd." 増加数=7
time=03:32:07.351 level=INFO msg=一定の売上が立ったためオーナーの椅子が増加します 名前=座り心地再生所 増加数=6
time=03:32:07.352 level=INFO msg=一定の売上が立ったためオーナーの椅子が増加します 名前=ひまわり交通 増加数=5
time=03:32:07.371 level=INFO msg=これまでに地域内の評判によって19人、既存ユーザーの招待経由で276人が新規登録しました
time=03:32:07.371 level=INFO msg=3.3%のライドは椅子がマッチされるまでの時間、17.3%のライドはマッチされた椅子が乗車地点までに掛かる時間、0.3%のライドは椅子の実移動時間に不満がありました
time=03:32:09.145 level=INFO msg=一定の売上が立ったためオーナーの椅子が増加します 名前=座心工房 増加数=11
time=03:32:09.153 level=INFO msg=一定の売上が立ったためオーナーの椅子が増加します 名前="CraftChair Co., Ltd." 増加数=12
time=03:32:09.153 level=INFO msg=一定の売上が立ったためオーナーの椅子が増加します 名前=座り心地再生所 増加数=10
time=03:32:09.155 level=INFO msg=一定の売上が立ったためオーナーの椅子が増加します 名前=ひまわり交通 増加数=8
time=03:32:09.155 level=INFO msg=一定の売上が立ったためオーナーの椅子が増加します 名前="Skyline Taxis" 増加数=9
time=03:32:10.946 level=INFO msg=一定の売上が立ったためオーナーの椅子が増加します 名前=座心工房 増加数=11
time=03:32:10.951 level=INFO msg=一定の売上が立ったためオーナーの椅子が増加します 名前=ひまわり交通 増加数=10
time=03:32:10.951 level=INFO msg=一定の売上が立ったためオーナーの椅子が増加します 名前="Skyline Taxis" 増加数=11
time=03:32:10.965 level=INFO msg=一定の売上が立ったためオーナーの椅子が増加します 名前="CraftChair Co., Ltd." 増加数=12
time=03:32:10.965 level=INFO msg=一定の売上が立ったためオーナーの椅子が増加します 名前=座り心地再生所 増加数=11
time=03:32:12.766 level=INFO msg=一定の売上が立ったためオーナーの椅子が増加します 名前=座り心地再生所 増加数=11
time=03:32:12.769 level=INFO msg=一定の売上が立ったためオーナーの椅子が増加します 名前="Skyline Taxis" 増加数=11
time=03:32:12.769 level=INFO msg=一定の売上が立ったためオーナーの椅子が増加します 名前="CraftChair Co., Ltd." 増加数=13
time=03:32:12.769 level=INFO msg=一定の売上が立ったためオーナーの椅子が増加します 名前=ひまわり交通 増加数=12
time=03:32:12.770 level=INFO msg=一定の売上が立ったためオーナーの椅子が増加します 名前=座心工房 増加数=12
time=03:32:12.771 level=INFO msg=これまでに地域内の評判によって36人、既存ユーザーの招待経由で981人が新規登録しました
time=03:32:12.771 level=INFO msg=4.7%のライドは椅子がマッチされるまでの時間、5.7%のライドはマッチされた椅子が乗車地点までに掛かる時間、0.2%のライドは椅子の実移動時間に不満がありました
time=03:32:14.557 level=INFO msg=一定の売上が立ったためオーナーの椅子が増加します 名前=座心工房 増加数=14
time=03:32:14.558 level=INFO msg=一定の売上が立ったためオーナーの椅子が増加します 名前="Skyline Taxis" 増加数=12
time=03:32:14.559 level=INFO msg=一定の売上が立ったためオーナーの椅子が増加します 名前=ひまわり交通 増加数=12
time=03:32:14.568 level=INFO msg=一定の売上が立ったためオーナーの椅子が増加します 名前=座り心地再生所 増加数=12
time=03:32:14.580 level=INFO msg=一定の売上が立ったためオーナーの椅子が増加します 名前="CraftChair Co., Ltd." 増加数=14
time=03:32:16.429 level=INFO msg=一定の売上が立ったためオーナーの椅子が増加します 名前="CraftChair Co., Ltd." 増加数=14
time=03:32:16.430 level=INFO msg=一定の売上が立ったためオーナーの椅子が増加します 名前=ひまわり交通 増加数=12
time=03:32:16.429 level=INFO msg=一定の売上が立ったためオーナーの椅子が増加します 名前=座心工房 増加数=14
time=03:32:16.431 level=INFO msg=一定の売上が立ったためオーナーの椅子が増加します 名前=座り心地再生所 増加数=12
time=03:32:16.429 level=INFO msg=一定の売上が立ったためオーナーの椅子が増加します 名前="Skyline Taxis" 増加数=12
time=03:32:18.231 level=INFO msg=これまでに地域内の評判によって54人、既存ユーザーの招待経由で1914人が新規登録しました
time=03:32:18.231 level=INFO msg=これまでに低評価なライドによって3人が利用をやめました
time=03:32:18.231 level=INFO msg=20.0%のライドは椅子がマッチされるまでの時間、3.4%のライドはマッチされた椅子が乗車地点までに掛かる時間、10.7%のライドは椅子の実移動時間に不満がありました
time=03:32:18.247 level=INFO msg=一定の売上が立ったためオーナーの椅子が増加します 名前=ひまわり交通 増加数=12
time=03:32:18.248 level=INFO msg=一定の売上が立ったためオーナーの椅子が増加します 名前="Skyline Taxis" 増加数=14
time=03:32:18.249 level=INFO msg=一定の売上が立ったためオーナーの椅子が増加します 名前="CraftChair Co., Ltd." 増加数=16
time=03:32:18.265 level=INFO msg=一定の売上が立ったためオーナーの椅子が増加します 名前=座心工房 増加数=14
time=03:32:18.267 level=INFO msg=一定の売上が立ったためオーナーの椅子が増加します 名前=座り心地再生所 増加数=13
time=03:32:20.031 level=INFO msg=一定の売上が立ったためオーナーの椅子が増加します 名前=座り心地再生所 増加数=12
time=03:32:20.031 level=INFO msg=一定の売上が立ったためオーナーの椅子が増加します 名前="CraftChair Co., Ltd." 増加数=17
time=03:32:20.044 level=INFO msg=一定の売上が立ったためオーナーの椅子が増加します 名前="Skyline Taxis" 増加数=15
time=03:32:20.044 level=INFO msg=一定の売上が立ったためオーナーの椅子が増加します 名前=座心工房 増加数=19
time=03:32:20.045 level=INFO msg=一定の売上が立ったためオーナーの椅子が増加します 名前=ひまわり交通 増加数=15
time=03:32:21.879 level=INFO msg=一定の売上が立ったためオーナーの椅子が増加します 名前=座心工房 増加数=18
time=03:32:21.883 level=INFO msg=一定の売上が立ったためオーナーの椅子が増加します 名前=座り心地再生所 増加数=17
time=03:32:21.885 level=INFO msg=一定の売上が立ったためオーナーの椅子が増加します 名前=ひまわり交通 増加数=15
time=03:32:21.886 level=INFO msg=一定の売上が立ったためオーナーの椅子が増加します 名前="CraftChair Co., Ltd." 増加数=20
time=03:32:21.887 level=INFO msg=一定の売上が立ったためオーナーの椅子が増加します 名前="Skyline Taxis" 増加数=17
time=03:32:23.619 level=INFO msg=一定の売上が立ったためオーナーの椅子が増加します 名前=座心工房 増加数=21
time=03:32:23.623 level=INFO msg=一定の売上が立ったためオーナーの椅子が増加します 名前=ひまわり交通 増加数=20
time=03:32:23.624 level=INFO msg=一定の売上が立ったためオーナーの椅子が増加します 名前="Skyline Taxis" 増加数=17
time=03:32:23.631 level=INFO msg=これまでに地域内の評判によって72人、既存ユーザーの招待経由で2517人が新規登録しました
time=03:32:23.631 level=INFO msg=これまでに低評価なライドによって11人が利用をやめました
time=03:32:23.631 level=INFO msg=48.0%のライドは椅子がマッチされるまでの時間、2.6%のライドはマッチされた椅子が乗車地点までに掛かる時間、20.5%のライドは椅子の実移動時間に不満がありました
time=03:32:23.650 level=INFO msg=一定の売上が立ったためオーナーの椅子が増加します 名前=座り心地再生所 増加数=17
time=03:32:25.446 level=INFO msg=一定の売上が立ったためオーナーの椅子が増加します 名前="Skyline Taxis" 増加数=21
time=03:32:25.446 level=INFO msg=一定の売上が立ったためオーナーの椅子が増加します 名前=座り心地再生所 増加数=19
time=03:32:25.447 level=INFO msg=一定の売上が立ったためオーナーの椅子が増加します 名前="CraftChair Co., Ltd." 増加数=42
time=03:32:25.447 level=INFO msg=一定の売上が立ったためオーナーの椅子が増加します 名前=ひまわり交通 増加数=18
time=03:32:27.285 level=INFO msg=一定の売上が立ったためオーナーの椅子が増加します 名前=座心工房 増加数=42
time=03:32:29.061 level=INFO msg=これまでに地域内の評判によって90人、既存ユーザーの招待経由で2971人が新規登録しました
time=03:32:29.061 level=INFO msg=これまでに低評価なライドによって27人が利用をやめました
time=03:32:29.061 level=INFO msg=64.5%のライドは椅子がマッチされるまでの時間、2.2%のライドはマッチされた椅子が乗車地点までに掛かる時間、26.8%のライドは椅子の実移動時間に不満がありました
time=03:32:29.081 level=INFO msg=一定の売上が立ったためオーナーの椅子が増加します 名前=座り心地再生所 増加数=43
time=03:32:29.105 level=INFO msg=一定の売上が立ったためオーナーの椅子が増加します 名前=ひまわり交通 増加数=41
time=03:32:29.105 level=INFO msg=一定の売上が立ったためオーナーの椅子が増加します 名前="Skyline Taxis" 増加数=42
time=03:32:30.857 level=INFO msg=一定の売上が立ったためオーナーの椅子が増加します 名前="CraftChair Co., Ltd." 増加数=68
time=03:32:33.125 level=INFO msg=一定の売上が立ったためオーナーの椅子が増加します 名前=座心工房 増加数=73
time=03:32:33.292 level=WARN msg="取得した付近の椅子情報に不備があります (CODE=30): ID:01M32KVC5CYBA5WSDPHR8QZPT8の椅子は既にライド中です"
time=03:32:33.293 level=WARN msg="取得した付近の椅子情報に不備があります (CODE=30): ID:01M32KVC5CYBA5WSDPHR8QZPT8の椅子は既にライド中です"
time=03:32:33.293 level=WARN msg="取得した付近の椅子情報に不備があります (CODE=30): ID:01M32KVC5CYBA5WSDPHR8QZPT8の椅子は既にライド中です"
time=03:32:33.294 level=WARN msg="取得した付近の椅子情報に不備があります (CODE=30): ID:01M32KVC5CYBA5WSDPHR8QZPT8の椅子は既にライド中です"
time=03:32:34.641 level=INFO msg=これまでに地域内の評判によって108人、既存ユーザーの招待経由で3325人が新規登録しました
time=03:32:34.641 level=INFO msg=これまでに低評価なライドによって50人が利用をやめました
time=03:32:34.641 level=INFO msg=73.2%のライドは椅子がマッチされるまでの時間、2.0%のライドはマッチされた椅子が乗車地点までに掛かる時間、31.1%のライドは椅子の実移動時間に不満がありました
time=03:32:34.671 level=INFO msg=一定の売上が立ったためオーナーの椅子が増加します 名前=ひまわり交通 増加数=63
time=03:32:36.680 level=INFO msg=一定の売上が立ったためオーナーの椅子が増加します 名前=座り心地再生所 増加数=86
time=03:32:36.701 level=INFO msg=一定の売上が立ったためオーナーの椅子が増加します 名前="Skyline Taxis" 増加数=85
time=03:32:40.491 level=INFO msg=これまでに地域内の評判によって126人、既存ユーザーの招待経由で3594人が新規登録しました
time=03:32:40.491 level=INFO msg=これまでに低評価なライドによって75人が利用をやめました
time=03:32:40.491 level=INFO msg=79.2%のライドは椅子がマッチされるまでの時間、1.9%のライドはマッチされた椅子が乗車地点までに掛かる時間、33.9%のライドは椅子の実移動時間に不満がありました
time=03:32:42.371 level=INFO msg=一定の売上が立ったためオーナーの椅子が増加します 名前="CraftChair Co., Ltd." 増加数=151
time=03:32:44.483 level=WARN msg="取得した付近の椅子情報に不備があります (CODE=30): ID:01M32KV6VHV15N5GBQZWVBJ68Eの椅子は既にライド中です"
time=03:32:44.487 level=WARN msg="取得した付近の椅子情報に不備があります (CODE=30): ID:01M32KV6VHV15N5GBQZWVBJ68Eの椅子は既にライド中です"
time=03:32:44.496 level=WARN msg="取得した付近の椅子情報に不備があります (CODE=30): ID:01M32KV6VHV15N5GBQZWVBJ68Eの椅子は既にライド中です"
time=03:32:44.498 level=WARN msg="取得した付近の椅子情報に不備があります (CODE=30): ID:01M32KV6VHV15N5GBQZWVBJ68Eの椅子は既にライド中です"
time=03:32:44.499 level=WARN msg="取得した付近の椅子情報に不備があります (CODE=30): ID:01M32KV6VHV15N5GBQZWVBJ68Eの椅子は既にライド中です"
time=03:32:44.500 level=WARN msg="取得した付近の椅子情報に不備があります (CODE=30): ID:01M32KV6VHV15N5GBQZWVBJ68Eの椅子は既にライド中です"
time=03:32:44.502 level=WARN msg="取得した付近の椅子情報に不備があります (CODE=30): ID:01M32KV6VHV15N5GBQZWVBJ68Eの椅子は既にライド中です"
time=03:32:45.951 level=INFO msg=これまでに地域内の評判によって144人、既存ユーザーの招待経由で3829人が新規登録しました
time=03:32:45.951 level=INFO msg=これまでに低評価なライドによって93人が利用をやめました
time=03:32:45.951 level=INFO msg=82.7%のライドは椅子がマッチされるまでの時間、1.7%のライドはマッチされた椅子が乗車地点までに掛かる時間、36.4%のライドは椅子の実移動時間に不満がありました
time=03:32:46.093 level=INFO msg=一定の売上が立ったためオーナーの椅子が増加します 名前=座心工房 増加数=167
time=03:32:46.098 level=INFO msg=一定の売上が立ったためオーナーの椅子が増加します 名前=ひまわり交通 増加数=138
time=03:32:50.134 level=WARN msg="取得した付近の椅子情報に不備があります (CODE=30): ID:01M32KTVXSCAPYG2FPA5ZVJX1Vの椅子は既にライド中です"
time=03:32:50.136 level=WARN msg="取得した付近の椅子情報に不備があります (CODE=30): ID:01M32KTVXSCAPYG2FPA5ZVJX1Vの椅子は既にライド中です"
time=03:32:50.137 level=WARN msg="取得した付近の椅子情報に不備があります (CODE=30): ID:01M32KTVXSCAPYG2FPA5ZVJX1Vの椅子は既にライド中です"
time=03:32:50.138 level=WARN msg="取得した付近の椅子情報に不備があります (CODE=30): ID:01M32KTVXSCAPYG2FPA5ZVJX1Vの椅子は既にライド中です"
time=03:32:50.139 level=WARN msg="取得した付近の椅子情報に不備があります (CODE=30): ID:01M32KTVXSCAPYG2FPA5ZVJX1Vの椅子は既にライド中です"
time=03:32:50.154 level=WARN msg="取得した付近の椅子情報に不備があります (CODE=30): ID:01M32KTVXSCAPYG2FPA5ZVJX1Vの椅子は既にライド中です"
time=03:32:50.154 level=WARN msg="取得した付近の椅子情報に不備があります (CODE=30): ID:01M32KTVXSCAPYG2FPA5ZVJX1Vの椅子は既にライド中です"
time=03:32:50.157 level=WARN msg="取得した付近の椅子情報に不備があります (CODE=30): ID:01M32KTVXSCAPYG2FPA5ZVJX1Vの椅子は既にライド中です"
time=03:32:50.157 level=WARN msg="取得した付近の椅子情報に不備があります (CODE=30): ID:01M32KV2V6JZKEYHGBAC2WHNFRの椅子は既にライド中です"
time=03:32:50.159 level=WARN msg="取得した付近の椅子情報に不備があります (CODE=30): ID:01M32KTVXSCAPYG2FPA5ZVJX1Vの椅子は既にライド中です"
time=03:32:50.160 level=WARN msg="取得した付近の椅子情報に不備があります (CODE=30): ID:01M32KTVXSCAPYG2FPA5ZVJX1Vの椅子は既にライド中です"
time=03:32:50.161 level=WARN msg="取得した付近の椅子情報に不備があります (CODE=30): ID:01M32KTVXSCAPYG2FPA5ZVJX1Vの椅子は既にライド中です"
time=03:32:50.162 level=WARN msg="取得した付近の椅子情報に不備があります (CODE=30): ID:01M32KTVXSCAPYG2FPA5ZVJX1Vの椅子は既にライド中です"
time=03:32:50.185 level=WARN msg="取得した付近の椅子情報に不備があります (CODE=30): ID:01M32KV05AFDFHDM52TJKB1DZHの椅子は既にライド中です"
time=03:32:50.186 level=WARN msg="取得した付近の椅子情報に不備があります (CODE=30): ID:01M32KV05AFDFHDM52TJKB1DZHの椅子は既にライド中です"
time=03:32:50.186 level=WARN msg="取得した付近の椅子情報に不備があります (CODE=30): ID:01M32KV05AFDFHDM52TJKB1DZHの椅子は既にライド中です"
time=03:32:50.186 level=WARN msg="取得した付近の椅子情報に不備があります (CODE=30): ID:01M32KV05AFDFHDM52TJKB1DZHの椅子は既にライド中です"
time=03:32:50.187 level=WARN msg="取得した付近の椅子情報に不備があります (CODE=30): ID:01M32KV05AFDFHDM52TJKB1DZHの椅子は既にライド中です"
time=03:32:50.188 level=WARN msg="取得した付近の椅子情報に不備があります (CODE=30): ID:01M32KV50PVKJ2MHB1T6J32SXWの椅子は既にライド中です"
time=03:32:51.940 level=WARN msg="取得した付近の椅子情報に不備があります (CODE=30): ID:01M32KTH5BP7MWANBP74T20FKEの椅子は既にライド中です"
time=03:32:52.281 level=INFO msg=これまでに地域内の評判によって162人、既存ユーザーの招待経由で4017人が新規登録しました
time=03:32:52.281 level=INFO msg=これまでに低評価なライドによって131人が利用をやめました
time=03:32:52.281 level=INFO msg=85.3%のライドは椅子がマッチされるまでの時間、1.7%のライドはマッチされた椅子が乗車地点までに掛かる時間、38.8%のライドは椅子の実移動時間に不満がありました
time=03:32:55.900 level=WARN msg="取得した付近の椅子情報に不備があります (CODE=30): ID:01M32KTXMBJ40XQ77TYDQ759J2の椅子は既にライド中です"
time=03:32:55.904 level=WARN msg="取得した付近の椅子情報に不備があります (CODE=30): ID:01M32KTXMBJ40XQ77TYDQ759J2の椅子は既にライド中です"
time=03:32:55.904 level=WARN msg="取得した付近の椅子情報に不備があります (CODE=30): ID:01M32KTXMBJ40XQ77TYDQ759J2の椅子は既にライド中です"
time=03:32:55.905 level=WARN msg="取得した付近の椅子情報に不備があります (CODE=30): ID:01M32KTXMBJ40XQ77TYDQ759J2の椅子は既にライド中です"
time=03:32:55.908 level=WARN msg="取得した付近の椅子情報に不備があります (CODE=30): ID:01M32KTXMBJ40XQ77TYDQ759J2の椅子は既にライド中です"
time=03:32:56.260 level=INFO msg=一定の売上が立ったためオーナーの椅子が増加します 名前="Skyline Taxis" 増加数=238
time=03:32:56.326 level=INFO msg=一定の売上が立ったためオーナーの椅子が増加します 名前=座り心地再生所 増加数=227
time=03:33:01.571 level=INFO msg=最終地域情報 名前=チェアタウン ユーザー登録数=2457 アクティブユーザー数=2386
time=03:33:01.571 level=INFO msg=最終地域情報 名前=コシカケシティ ユーザー登録数=1899 アクティブユーザー数=1806
time=03:33:01.571 level=INFO msg=最終オーナー情報 名前="Skyline Taxis" 売上=20430100 椅子数=526
time=03:33:01.571 level=INFO msg=最終オーナー情報 名前="CraftChair Co., Ltd." 売上=22727800 椅子数=405
time=03:33:01.571 level=INFO msg=最終オーナー情報 名前=ひまわり交通 売上=20028500 椅子数=396
time=03:33:01.571 level=INFO msg=最終オーナー情報 名前=座り心地再生所 売上=19707000 椅子数=510
time=03:33:01.571 level=INFO msg=最終オーナー情報 名前=座心工房 売上=22228800 椅子数=440
time=03:33:01.571 level=INFO msg=87.0%のライドは椅子がマッチされるまでの時間、1.7%のライドはマッチされた椅子が乗車地点までに掛かる時間、40.6%のライドは椅子の実移動時間に不満がありました
time=03:33:01.573 level=INFO msg=結果 pass=true スコア=1101372 種別エラー数=map[30:36]
time=03:33:01.573 level=INFO msg=負荷走行が終了しました
