time=00:50:45.939 level=INFO msg=負荷走行を開始します
time=00:50:54.012 level=INFO msg=これまでに地域内の評判によって0人、既存ユーザーの招待経由で0人が新規登録しました
time=00:50:59.412 level=INFO msg=これまでに地域内の評判によって0人、既存ユーザーの招待経由で0人が新規登録しました
time=00:51:04.812 level=INFO msg=これまでに地域内の評判によって0人、既存ユーザーの招待経由で0人が新規登録しました
time=00:51:10.213 level=INFO msg=これまでに地域内の評判によって0人、既存ユーザーの招待経由で0人が新規登録しました
time=00:51:10.213 level=INFO msg=100.0%のライドは椅子がマッチされるまでの時間、50.0%のライドはマッチされた椅子が乗車地点までに掛かる時間、100.0%のライドは椅子の実移動時間に不満がありました
time=00:51:15.612 level=INFO msg=これまでに地域内の評判によって2人、既存ユーザーの招待経由で0人が新規登録しました
time=00:51:15.612 level=INFO msg=100.0%のライドは椅子がマッチされるまでの時間、80.0%のライドはマッチされた椅子が乗車地点までに掛かる時間、100.0%のライドは椅子の実移動時間に不満がありました
time=00:51:17.712 level=INFO msg=一定の売上が立ったためオーナーの椅子が増加します 名前="Timeless Seats" 増加数=1
time=00:51:21.013 level=INFO msg=これまでに地域内の評判によって5人、既存ユーザーの招待経由で0人が新規登録しました
time=00:51:21.013 level=INFO msg=100.0%のライドは椅子がマッチされるまでの時間、83.3%のライドはマッチされた椅子が乗車地点までに掛かる時間、100.0%のライドは椅子の実移動時間に不満がありました
time=00:51:26.412 level=INFO msg=これまでに地域内の評判によって6人、既存ユーザーの招待経由で0人が新規登録しました
time=00:51:26.412 level=INFO msg=100.0%のライドは椅子がマッチされるまでの時間、83.3%のライドはマッチされた椅子が乗車地点までに掛かる時間、100.0%のライドは椅子の実移動時間に不満がありました
time=00:51:31.813 level=INFO msg=これまでに地域内の評判によって6人、既存ユーザーの招待経由で0人が新規登録しました
time=00:51:31.813 level=INFO msg=これまでに低評価なライドによって1人が利用をやめました
time=00:51:31.813 level=INFO msg=100.0%のライドは椅子がマッチされるまでの時間、85.7%のライドはマッチされた椅子が乗車地点までに掛かる時間、100.0%のライドは椅子の実移動時間に不満がありました
time=00:51:37.212 level=INFO msg=これまでに地域内の評判によって8人、既存ユーザーの招待経由で0人が新規登録しました
time=00:51:37.212 level=INFO msg=これまでに低評価なライドによって2人が利用をやめました
time=00:51:37.212 level=INFO msg=100.0%のライドは椅子がマッチされるまでの時間、77.8%のライドはマッチされた椅子が乗車地点までに掛かる時間、100.0%のライドは椅子の実移動時間に不満がありました
time=00:51:42.613 level=INFO msg=これまでに地域内の評判によって10人、既存ユーザーの招待経由で0人が新規登録しました
time=00:51:42.613 level=INFO msg=これまでに低評価なライドによって2人が利用をやめました
time=00:51:42.613 level=INFO msg=100.0%のライドは椅子がマッチされるまでの時間、77.8%のライドはマッチされた椅子が乗車地点までに掛かる時間、100.0%のライドは椅子の実移動時間に不満がありました
time=00:51:48.013 level=INFO msg=これまでに地域内の評判によって10人、既存ユーザーの招待経由で0人が新規登録しました
time=00:51:48.013 level=INFO msg=これまでに低評価なライドによって4人が利用をやめました
time=00:51:48.013 level=INFO msg=100.0%のライドは椅子がマッチされるまでの時間、83.3%のライドはマッチされた椅子が乗車地点までに掛かる時間、100.0%のライドは椅子の実移動時間に不満がありました
time=00:51:53.614 level=INFO msg=最終地域情報 名前=チェアタウン ユーザー登録数=16 アクティブユーザー数=12
time=00:51:53.614 level=INFO msg=最終地域情報 名前=コシカケシティ ユーザー登録数=5 アクティブユーザー数=5
time=00:51:53.614 level=INFO msg=最終オーナー情報 名前="Orbit Taxi" 売上=7400 椅子数=4
time=00:51:53.614 level=INFO msg=最終オーナー情報 名前="Chair Charm" 売上=9500 椅子数=4
time=00:51:53.614 level=INFO msg=最終オーナー情報 名前=暮らしの椅子研究所 売上=5600 椅子数=4
time=00:51:53.614 level=INFO msg=最終オーナー情報 名前=ふたたび椅子堂 売上=2600 椅子数=4
time=00:51:53.614 level=INFO msg=最終オーナー情報 名前="Timeless Seats" 売上=37500 椅子数=5
time=00:51:53.614 level=INFO msg=100.0%のライドは椅子がマッチされるまでの時間、83.3%のライドはマッチされた椅子が乗車地点までに掛かる時間、100.0%のライドは椅子の実移動時間に不満がありました
time=00:51:53.614 level=INFO msg=結果 pass=true スコア=1032 種別エラー数=map[]
time=00:51:53.614 level=INFO msg=負荷走行が終了しました
