time=03:38:51.283 level=INFO msg=負荷走行を開始します
time=03:38:57.362 level=INFO msg=一定の売上が立ったためオーナーの椅子が増加します 名前=ひまわり交通 増加数=3
time=03:38:57.362 level=INFO msg=一定の売上が立ったためオーナーの椅子が増加します 名前=GoEase 増加数=1
time=03:38:57.363 level=INFO msg=一定の売上が立ったためオーナーの椅子が増加します 名前=晴れ道タクシー 増加数=1
time=03:38:59.160 level=INFO msg=一定の売上が立ったためオーナーの椅子が増加します 名前=晴れ道タクシー 増加数=3
time=03:38:59.161 level=INFO msg=一定の売上が立ったためオーナーの椅子が増加します 名前=ReSit 増加数=2
time=03:38:59.161 level=INFO msg=一定の売上が立ったためオーナーの椅子が増加します 名前=GoEase 増加数=2
time=03:38:59.161 level=INFO msg=一定の売上が立ったためオーナーの椅子が増加します 名前="Orbit Taxi" 増加数=3
time=03:38:59.165 level=INFO msg=一定の売上が立ったためオーナーの椅子が増加します 名前=ひまわり交通 増加数=2
time=03:38:59.187 level=INFO msg=これまでに地域内の評判によって7人、既存ユーザーの招待経由で55人が新規登録しました
time=03:38:59.187 level=INFO msg=0.0%のライドは椅子がマッチされるまでの時間、52.6%のライドはマッチされた椅子が乗車地点までに掛かる時間、0.0%のライドは椅子の実移動時間に不満がありました
time=03:39:00.959 level=INFO msg=一定の売上が立ったためオーナーの椅子が増加します 名前=ReSit 増加数=2
time=03:39:00.964 level=INFO msg=一定の売上が立ったためオーナーの椅子が増加します 名前=ひまわり交通 増加数=5
time=03:39:00.965 level=INFO msg=一定の売上が立ったためオーナーの椅子が増加します 名前=GoEase 増加数=4
time=03:39:00.966 level=INFO msg=一定の売上が立ったためオーナーの椅子が増加します 名前=晴れ道タクシー 増加数=4
time=03:39:00.969 level=INFO msg=一定の売上が立ったためオーナーの椅子が増加します 名前="Orbit Taxi" 増加数=3
time=03:39:02.762 level=INFO msg=一定の売上が立ったためオーナーの椅子が増加します 名前=ReSit 増加数=5
time=03:39:02.765 level=INFO msg=一定の売上が立ったためオーナーの椅子が増加します 名前=ひまわり交通 増加数=7
time=03:39:02.767 level=INFO msg=一定の売上が立ったためオーナーの椅子が増加します 名前=GoEase 増加数=5
time=03:39:02.767 level=INFO msg=一定の売上が立ったためオーナーの椅子が増加します 名前=晴れ道タクシー 増加数=6
time=03:39:02.767 level=INFO msg=一定の売上が立ったためオーナーの椅子が増加します 名前="Orbit Taxi" 増加数=5
time=03:39:04.563 level=INFO msg=一定の売上が立ったためオーナーの椅子が増加します 名前=晴れ道タクシー 増加数=8
time=03:39:04.565 level=INFO msg=一定の売上が立ったためオーナーの椅子が増加します 名前=GoEase 増加数=8
time=03:39:04.565 level=INFO msg=一定の売上が立ったためオーナーの椅子が増加します 名前="Orbit Taxi" 増加数=7
time=03:39:04.567 level=INFO msg=一定の売上が立ったためオーナーの椅子が増加します 名前=ReSit 増加数=7
time=03:39:04.570 level=INFO msg=一定の売上が立ったためオーナーの椅子が増加します 名前=ひまわり交通 増加数=8
time=03:39:04.587 level=INFO msg=これまでに地域内の評判によって20人、既存ユーザーの招待経由で318人が新規登録しました
time=03:39:04.587 level=INFO msg=2.8%のライドは椅子がマッチされるまでの時間、14.8%のライドはマッチされた椅子が乗車地点までに掛かる時間、0.0%のライドは椅子の実移動時間に不満がありました
time=03:39:06.366 level=INFO msg=一定の売上が立ったためオーナーの椅子が増加します 名前=ReSit 増加数=8
time=03:39:06.367 level=INFO msg=一定の売上が立ったためオーナーの椅子が増加します 名前=晴れ道タクシー 増加数=11
time=03:39:06.367 level=INFO msg=一定の売上が立ったためオーナーの椅子が増加します 名前=GoEase 増加数=10
time=03:39:06.376 level=INFO msg=一定の売上が立ったためオーナーの椅子が増加します 名前=ひまわり交通 増加数=12
time=03:39:06.383 level=INFO msg=一定の売上が立ったためオーナーの椅子が増加します 名前="Orbit Taxi" 増加数=9
time=03:39:08.166 level=INFO msg=一定の売上が立ったためオーナーの椅子が増加します 名前=ReSit 増加数=11
time=03:39:08.171 level=INFO msg=一定の売上が立ったためオーナーの椅子が増加します 名前=GoEase 増加数=12
time=03:39:08.171 level=INFO msg=一定の売上が立ったためオーナーの椅子が増加します 名前=晴れ道タクシー 増加数=13
time=03:39:08.172 level=INFO msg=一定の売上が立ったためオーナーの椅子が増加します 名前="Orbit Taxi" 増加数=12
time=03:39:08.182 level=INFO msg=一定の売上が立ったためオーナーの椅子が増加します 名前=ひまわり交通 増加数=12
time=03:39:09.969 level=INFO msg=一定の売上が立ったためオーナーの椅子が増加します 名前=晴れ道タクシー 増加数=13
time=03:39:09.977 level=INFO msg=一定の売上が立ったためオーナーの椅子が増加します 名前=ひまわり交通 増加数=14
time=03:39:09.983 level=INFO msg=一定の売上が立ったためオーナーの椅子が増加します 名前="Orbit Taxi" 増加数=11
time=03:39:09.983 level=INFO msg=一定の売上が立ったためオーナーの椅子が増加します 名前=GoEase 増加数=12
time=03:39:09.987 level=INFO msg=これまでに地域内の評判によって37人、既存ユーザーの招待経由で1111人が新規登録しました
time=03:39:09.987 level=INFO msg=3.2%のライドは椅子がマッチされるまでの時間、4.7%のライドはマッチされた椅子が乗車地点までに掛かる時間、0.3%のライドは椅子の実移動時間に不満がありました
time=03:39:09.994 level=INFO msg=一定の売上が立ったためオーナーの椅子が増加します 名前=ReSit 増加数=11
time=03:39:11.772 level=INFO msg=一定の売上が立ったためオーナーの椅子が増加します 名前=ReSit 増加数=10
time=03:39:11.781 level=INFO msg=一定の売上が立ったためオーナーの椅子が増加します 名前=晴れ道タクシー 増加数=14
time=03:39:11.781 level=INFO msg=一定の売上が立ったためオーナーの椅子が増加します 名前=GoEase 増加数=13
time=03:39:11.781 level=INFO msg=一定の売上が立ったためオーナーの椅子が増加します 名前="Orbit Taxi" 増加数=12
time=03:39:11.816 level=INFO msg=一定の売上が立ったためオーナーの椅子が増加します 名前=ひまわり交通 増加数=15
time=03:39:13.596 level=INFO msg=一定の売上が立ったためオーナーの椅子が増加します 名前=ReSit 増加数=12
time=03:39:13.597 level=INFO msg=一定の売上が立ったためオーナーの椅子が増加します 名前="Orbit Taxi" 増加数=12
time=03:39:13.598 level=INFO msg=一定の売上が立ったためオーナーの椅子が増加します 名前=GoEase 増加数=14
time=03:39:13.600 level=INFO msg=一定の売上が立ったためオーナーの椅子が増加します 名前=晴れ道タクシー 増加数=14
time=03:39:13.604 level=INFO msg=一定の売上が立ったためオーナーの椅子が増加します 名前=ひまわり交通 増加数=17
time=03:39:15.377 level=INFO msg=一定の売上が立ったためオーナーの椅子が増加します 名前=ReSit 増加数=11
time=03:39:15.387 level=INFO msg=一定の売上が立ったためオーナーの椅子が増加します 名前=ひまわり交通 増加数=16
time=03:39:15.387 level=INFO msg=これまでに地域内の評判によって55人、既存ユーザーの招待経由で2002人が新規登録しました
time=03:39:15.387 level=INFO msg=これまでに低評価なライドによって4人が利用をやめました
time=03:39:15.387 level=INFO msg=22.7%のライドは椅子がマッチされるまでの時間、2.7%のライドはマッチされた椅子が乗車地点までに掛かる時間、10.7%のライドは椅子の実移動時間に不満がありました
time=03:39:15.405 level=INFO msg=一定の売上が立ったためオーナーの椅子が増加します 名前=晴れ道タクシー 増加数=17
time=03:39:15.405 level=INFO msg=一定の売上が立ったためオーナーの椅子が増加します 名前=GoEase 増加数=15
time=03:39:15.406 level=INFO msg=一定の売上が立ったためオーナーの椅子が増加します 名前="Orbit Taxi" 増加数=13
time=03:39:17.200 level=INFO msg=一定の売上が立ったためオーナーの椅子が増加します 名前=ReSit 増加数=17
time=03:39:17.201 level=INFO msg=一定の売上が立ったためオーナーの椅子が増加します 名前=GoEase 増加数=16
time=03:39:17.201 level=INFO msg=一定の売上が立ったためオーナーの椅子が増加します 名前="Orbit Taxi" 増加数=17
time=03:39:17.201 level=INFO msg=一定の売上が立ったためオーナーの椅子が増加します 名前=晴れ道タクシー 増加数=19
time=03:39:17.202 level=INFO msg=一定の売上が立ったためオーナーの椅子が増加します 名前=ひまわり交通 増加数=22
time=03:39:19.003 level=INFO msg=一定の売上が立ったためオーナーの椅子が増加します 名前=晴れ道タクシー 増加数=18
time=03:39:19.003 level=INFO msg=一定の売上が立ったためオーナーの椅子が増加します 名前=ReSit 増加数=14
time=03:39:19.004 level=INFO msg=一定の売上が立ったためオーナーの椅子が増加します 名前="Orbit Taxi" 増加数=17
time=03:39:19.004 level=INFO msg=一定の売上が立ったためオーナーの椅子が増加します 名前=GoEase 増加数=19
time=03:39:20.787 level=INFO msg=これまでに地域内の評判によって73人、既存ユーザーの招待経由で2694人が新規登録しました
time=03:39:20.787 level=INFO msg=これまでに低評価なライドによって13人が利用をやめました
time=03:39:20.787 level=INFO msg=48.6%のライドは椅子がマッチされるまでの時間、1.9%のライドはマッチされた椅子が乗車地点までに掛かる時間、20.9%のライドは椅子の実移動時間に不満がありました
time=03:39:20.800 level=INFO msg=一定の売上が立ったためオーナーの椅子が増加します 名前=ひまわり交通 増加数=45
time=03:39:20.816 level=INFO msg=一定の売上が立ったためオーナーの椅子が増加します 名前="Orbit Taxi" 増加数=19
time=03:39:20.817 level=INFO msg=一定の売上が立ったためオーナーの椅子が増加します 名前=ReSit 増加数=17
time=03:39:20.817 level=INFO msg=一定の売上が立ったためオーナーの椅子が増加します 名前=晴れ道タクシー 増加数=22
time=03:39:20.822 level=INFO msg=一定の売上が立ったためオーナーの椅子が増加します 名前=GoEase 増加数=21
time=03:39:22.632 level=INFO msg=一定の売上が立ったためオーナーの椅子が増加します 名前=ReSit 増加数=15
time=03:39:24.389 level=INFO msg=一定の売上が立ったためオーナーの椅子が増加します 名前=晴れ道タクシー 増加数=44
time=03:39:24.394 level=INFO msg=一定の売上が立ったためオーナーの椅子が増加します 名前=GoEase 増加数=43
time=03:39:24.395 level=INFO msg=一定の売上が立ったためオーナーの椅子が増加します 名前="Orbit Taxi" 増加数=42
time=03:39:24.396 level=INFO msg=一定の売上が立ったためオーナーの椅子が増加します 名前=ReSit 増加数=21
time=03:39:26.187 level=INFO msg=これまでに地域内の評判によって91人、既存ユーザーの招待経由で3176人が新規登録しました
time=03:39:26.187 level=INFO msg=これまでに低評価なライドによって27人が利用をやめました
time=03:39:26.187 level=INFO msg=63.9%のライドは椅子がマッチされるまでの時間、1.8%のライドはマッチされた椅子が乗車地点までに掛かる時間、26.5%のライドは椅子の実移動時間に不満がありました
time=03:39:26.215 level=INFO msg=一定の売上が立ったためオーナーの椅子が増加します 名前=ひまわり交通 増加数=63
time=03:39:26.587 level=WARN msg="取得した付近の椅子情報に不備があります (CODE=30): ID:01M32M7FNAVR8B9JF8TT5ZHJT1の椅子は既にライド中です"
time=03:39:28.150 level=INFO msg=一定の売上が立ったためオーナーの椅子が増加します 名前=ReSit 増加数=39
time=03:39:30.224 level=INFO msg=一定の売上が立ったためオーナーの椅子が増加します 名前="Orbit Taxi" 増加数=67
time=03:39:30.225 level=INFO msg=一定の売上が立ったためオーナーの椅子が増加します 名前=晴れ道タクシー 増加数=74
time=03:39:30.227 level=INFO msg=一定の売上が立ったためオーナーの椅子が増加します 名前=GoEase 増加数=75
time=03:39:32.127 level=INFO msg=これまでに地域内の評判によって109人、既存ユーザーの招待経由で3530人が新規登録しました
time=03:39:32.127 level=INFO msg=これまでに低評価なライドによって48人が利用をやめました
time=03:39:32.127 level=INFO msg=73.3%のライドは椅子がマッチされるまでの時間、1.7%のライドはマッチされた椅子が乗車地点までに掛かる時間、30.7%のライドは椅子の実移動時間に不満がありました
time=03:39:32.670 level=WARN msg="取得した付近の椅子情報に不備があります (CODE=30): ID:01M32M730NANSVY2JZEB3PMFPQの椅子は既にライド中です"
time=03:39:34.342 level=INFO msg=一定の売上が立ったためオーナーの椅子が増加します 名前=ひまわり交通 増加数=112
time=03:39:34.344 level=INFO msg=一定の売上が立ったためオーナーの椅子が増加します 名前=ReSit 増加数=73
time=03:39:34.655 level=WARN msg="取得した付近の椅子情報に不備があります (CODE=30): ID:01M32M7VJ52BDJQEC9D1SWTY3Kの椅子は既にライド中です"
time=03:39:34.728 level=WARN msg="取得した付近の椅子情報に不備があります (CODE=30): ID:01M32M7VJ52BDJQEC9D1SWTY3Kの椅子は既にライド中です"
time=03:39:38.037 level=INFO msg=これまでに地域内の評判によって127人、既存ユーザーの招待経由で3868人が新規登録しました
time=03:39:38.037 level=INFO msg=これまでに低評価なライドによって69人が利用をやめました
time=03:39:38.037 level=INFO msg=79.1%のライドは椅子がマッチされるまでの時間、1.7%のライドはマッチされた椅子が乗車地点までに掛かる時間、33.7%のライドは椅子の実移動時間に不満がありました
time=03:39:38.481 level=WARN msg="取得した付近の椅子情報に不備があります (CODE=30): ID:01M32M7YVRBSRJ89TB0C5HVXXXの椅子は既にライド中です"
time=03:39:38.518 level=WARN msg="取得した付近の椅子情報に不備があります (CODE=30): ID:01M32M7YVRBSRJ89TB0C5HVXXXの椅子は既にライド中です"
time=03:39:38.628 level=WARN msg="取得した付近の椅子情報に不備があります (CODE=30): ID:01M32M80GSCAMR328ZMJ3331PKの椅子は既にライド中です"
time=03:39:42.116 level=INFO msg=一定の売上が立ったためオーナーの椅子が増加します 名前="Orbit Taxi" 増加数=140
time=03:39:42.261 level=INFO msg=一定の売上が立ったためオーナーの椅子が増加します 名前=晴れ道タクシー 増加数=156
time=03:39:42.315 level=INFO msg=一定の売上が立ったためオーナーの椅子が増加します 名前=GoEase 増加数=146
time=03:39:43.887 level=INFO msg=これまでに地域内の評判によって145人、既存ユーザーの招待経由で4025人が新規登録しました
time=03:39:43.887 level=INFO msg=これまでに低評価なライドによって96人が利用をやめました
time=03:39:43.887 level=INFO msg=82.7%のライドは椅子がマッチされるまでの時間、1.6%のライドはマッチされた椅子が乗車地点までに掛かる時間、36.2%のライドは椅子の実移動時間に不満がありました
time=03:39:48.557 level=INFO msg=一定の売上が立ったためオーナーの椅子が増加します 名前=ReSit 増加数=170
time=03:39:50.157 level=INFO msg=これまでに地域内の評判によって163人、既存ユーザーの招待経由で4294人が新規登録しました
time=03:39:50.157 level=INFO msg=これまでに低評価なライドによって123人が利用をやめました
time=03:39:50.157 level=INFO msg=85.6%のライドは椅子がマッチされるまでの時間、1.5%のライドはマッチされた椅子が乗車地点までに掛かる時間、38.4%のライドは椅子の実移動時間に不満がありました
time=03:39:50.722 level=WARN msg="取得した付近の椅子情報に不備があります (CODE=30): ID:01M32M7RRPQTGMWNF7Y4ACRJNRの椅子は既にライド中です"
time=03:39:50.727 level=WARN msg="取得した付近の椅子情報に不備があります (CODE=30): ID:01M32M7RRPQTGMWNF7Y4ACRJNRの椅子は既にライド中です"
time=03:39:50.729 level=WARN msg="取得した付近の椅子情報に不備があります (CODE=30): ID:01M32M7RRPQTGMWNF7Y4ACRJNRの椅子は既にライド中です"
time=03:39:50.731 level=WARN msg="取得した付近の椅子情報に不備があります (CODE=30): ID:01M32M7RRPQTGMWNF7Y4ACRJNRの椅子は既にライド中です"
time=03:39:50.733 level=WARN msg="取得した付近の椅子情報に不備があります (CODE=30): ID:01M32M7RRPQTGMWNF7Y4ACRJNRの椅子は既にライド中です"
time=03:39:50.750 level=WARN msg="取得した付近の椅子情報に不備があります (CODE=30): ID:01M32M7RRPQTGMWNF7Y4ACRJNRの椅子は既にライド中です"
time=03:39:50.755 level=WARN msg="取得した付近の椅子情報に不備があります (CODE=30): ID:01M32M7RRPQTGMWNF7Y4ACRJNRの椅子は既にライド中です"
time=03:39:54.026 level=WARN msg="取得した付近の椅子情報に不備があります (CODE=30): ID:01M32M7S3FWAXWCB6KBFHS49CTの椅子は既にライド中です"
time=03:39:58.788 level=INFO msg=最終地域情報 名前=チェアタウン ユーザー登録数=2658 アクティブユーザー数=2585
time=03:39:58.788 level=INFO msg=最終地域情報 名前=コシカケシティ ユーザー登録数=1970 アクティブユーザー数=1897
time=03:39:58.788 level=INFO msg=最終オーナー情報 名前=ReSit 売上=19717000 椅子数=449
time=03:39:58.788 level=INFO msg=最終オーナー情報 名前=晴れ道タクシー 売上=23405400 椅子数=441
time=03:39:58.788 level=INFO msg=最終オーナー情報 名前=GoEase 売上=22363400 椅子数=420
time=03:39:58.788 level=INFO msg=最終オーナー情報 名前=ひまわり交通 売上=24318900 椅子数=357
time=03:39:58.788 level=INFO msg=最終オーナー情報 名前="Orbit Taxi" 売上=20690100 椅子数=393
time=03:39:58.788 level=INFO msg=87.0%のライドは椅子がマッチされるまでの時間、1.5%のライドはマッチされた椅子が乗車地点までに掛かる時間、39.7%のライドは椅子の実移動時間に不満がありました
time=03:39:58.789 level=INFO msg=結果 pass=true スコア=1159771 種別エラー数=map[30:15]
time=03:39:58.789 level=INFO msg=負荷走行が終了しました
