time=07:35:34.477 level=INFO msg=負荷走行を開始します
time=07:35:40.409 level=INFO msg=一定の売上が立ったためオーナーの椅子が増加します 名前=ComfortWorks 増加数=1
time=07:35:40.411 level=INFO msg=一定の売上が立ったためオーナーの椅子が増加します 名前=座り心地再生所 増加数=1
time=07:35:40.412 level=INFO msg=一定の売上が立ったためオーナーの椅子が増加します 名前=GoEase 増加数=1
time=07:35:40.412 level=INFO msg=一定の売上が立ったためオーナーの椅子が増加します 名前=レトロ椅子館 増加数=1
time=07:35:40.412 level=INFO msg=一定の売上が立ったためオーナーの椅子が増加します 名前=ZenSeat 増加数=2
time=07:35:42.208 level=INFO msg=一定の売上が立ったためオーナーの椅子が増加します 名前=座り心地再生所 増加数=2
time=07:35:42.212 level=INFO msg=一定の売上が立ったためオーナーの椅子が増加します 名前=ComfortWorks 増加数=1
time=07:35:42.212 level=INFO msg=一定の売上が立ったためオーナーの椅子が増加します 名前=ZenSeat 増加数=2
time=07:35:42.212 level=INFO msg=一定の売上が立ったためオーナーの椅子が増加します 名前=GoEase 増加数=2
time=07:35:42.213 level=INFO msg=一定の売上が立ったためオーナーの椅子が増加します 名前=レトロ椅子館 増加数=1
time=07:35:42.237 level=INFO msg=これまでに地域内の評判によって7人、既存ユーザーの招待経由で48人が新規登録しました
time=07:35:42.237 level=INFO msg=0.0%のライドは椅子がマッチされるまでの時間、69.4%のライドはマッチされた椅子が乗車地点までに掛かる時間、0.0%のライドは椅子の実移動時間に不満がありました
time=07:35:44.010 level=INFO msg=一定の売上が立ったためオーナーの椅子が増加します 名前=ZenSeat 増加数=5
time=07:35:44.014 level=INFO msg=一定の売上が立ったためオーナーの椅子が増加します 名前=ComfortWorks 増加数=3
time=07:35:44.015 level=INFO msg=一定の売上が立ったためオーナーの椅子が増加します 名前=GoEase 増加数=3
time=07:35:44.020 level=INFO msg=一定の売上が立ったためオーナーの椅子が増加します 名前=レトロ椅子館 増加数=3
time=07:35:44.020 level=INFO msg=一定の売上が立ったためオーナーの椅子が増加します 名前=座り心地再生所 増加数=3
time=07:35:45.810 level=INFO msg=一定の売上が立ったためオーナーの椅子が増加します 名前=座り心地再生所 増加数=6
time=07:35:45.814 level=INFO msg=一定の売上が立ったためオーナーの椅子が増加します 名前=レトロ椅子館 増加数=5
time=07:35:45.816 level=INFO msg=一定の売上が立ったためオーナーの椅子が増加します 名前=GoEase 増加数=6
time=07:35:45.817 level=INFO msg=一定の売上が立ったためオーナーの椅子が増加します 名前=ZenSeat 増加数=6
time=07:35:45.817 level=INFO msg=一定の売上が立ったためオーナーの椅子が増加します 名前=ComfortWorks 増加数=5
time=07:35:47.613 level=INFO msg=一定の売上が立ったためオーナーの椅子が増加します 名前=座り心地再生所 増加数=8
time=07:35:47.615 level=INFO msg=一定の売上が立ったためオーナーの椅子が増加します 名前=GoEase 増加数=8
time=07:35:47.615 level=INFO msg=一定の売上が立ったためオーナーの椅子が増加します 名前=ComfortWorks 増加数=7
time=07:35:47.615 level=INFO msg=一定の売上が立ったためオーナーの椅子が増加します 名前=ZenSeat 増加数=8
time=07:35:47.616 level=INFO msg=一定の売上が立ったためオーナーの椅子が増加します 名前=レトロ椅子館 増加数=6
time=07:35:47.637 level=INFO msg=これまでに地域内の評判によって19人、既存ユーザーの招待経由で282人が新規登録しました
time=07:35:47.637 level=INFO msg=0.0%のライドは椅子がマッチされるまでの時間、27.3%のライドはマッチされた椅子が乗車地点までに掛かる時間、0.5%のライドは椅子の実移動時間に不満がありました
time=07:35:49.414 level=INFO msg=一定の売上が立ったためオーナーの椅子が増加します 名前=GoEase 増加数=11
time=07:35:49.421 level=INFO msg=一定の売上が立ったためオーナーの椅子が増加します 名前=レトロ椅子館 増加数=10
time=07:35:49.421 level=INFO msg=一定の売上が立ったためオーナーの椅子が増加します 名前=座り心地再生所 増加数=10
time=07:35:49.422 level=INFO msg=一定の売上が立ったためオーナーの椅子が増加します 名前=ComfortWorks 増加数=9
time=07:35:49.422 level=INFO msg=一定の売上が立ったためオーナーの椅子が増加します 名前=ZenSeat 増加数=11
time=07:35:51.220 level=INFO msg=一定の売上が立ったためオーナーの椅子が増加します 名前=座り心地再生所 増加数=13
time=07:35:51.225 level=INFO msg=一定の売上が立ったためオーナーの椅子が増加します 名前=ComfortWorks 増加数=11
time=07:35:51.225 level=INFO msg=一定の売上が立ったためオーナーの椅子が増加します 名前=ZenSeat 増加数=12
time=07:35:51.226 level=INFO msg=一定の売上が立ったためオーナーの椅子が増加します 名前=レトロ椅子館 増加数=11
time=07:35:51.226 level=INFO msg=一定の売上が立ったためオーナーの椅子が増加します 名前=GoEase 増加数=12
time=07:35:53.028 level=INFO msg=一定の売上が立ったためオーナーの椅子が増加します 名前=座り心地再生所 増加数=13
time=07:35:53.029 level=INFO msg=一定の売上が立ったためオーナーの椅子が増加します 名前=レトロ椅子館 増加数=12
time=07:35:53.037 level=INFO msg=これまでに地域内の評判によって35人、既存ユーザーの招待経由で1013人が新規登録しました
time=07:35:53.037 level=INFO msg=0.1%のライドは椅子がマッチされるまでの時間、10.7%のライドはマッチされた椅子が乗車地点までに掛かる時間、0.6%のライドは椅子の実移動時間に不満がありました
time=07:35:53.044 level=INFO msg=一定の売上が立ったためオーナーの椅子が増加します 名前=ComfortWorks 増加数=12
time=07:35:53.045 level=INFO msg=一定の売上が立ったためオーナーの椅子が増加します 名前=GoEase 増加数=13
time=07:35:53.045 level=INFO msg=一定の売上が立ったためオーナーの椅子が増加します 名前=ZenSeat 増加数=13
time=07:35:54.852 level=INFO msg=一定の売上が立ったためオーナーの椅子が増加します 名前=レトロ椅子館 増加数=12
time=07:35:54.852 level=INFO msg=一定の売上が立ったためオーナーの椅子が増加します 名前=ComfortWorks 増加数=11
time=07:35:54.853 level=INFO msg=一定の売上が立ったためオーナーの椅子が増加します 名前=ZenSeat 増加数=14
time=07:35:54.854 level=INFO msg=一定の売上が立ったためオーナーの椅子が増加します 名前=座り心地再生所 増加数=13
time=07:35:54.855 level=INFO msg=一定の売上が立ったためオーナーの椅子が増加します 名前=GoEase 増加数=14
time=07:35:56.662 level=INFO msg=一定の売上が立ったためオーナーの椅子が増加します 名前=ComfortWorks 増加数=12
time=07:35:56.663 level=INFO msg=一定の売上が立ったためオーナーの椅子が増加します 名前=GoEase 増加数=11
time=07:35:56.664 level=INFO msg=一定の売上が立ったためオーナーの椅子が増加します 名前=ZenSeat 増加数=14
time=07:35:56.664 level=INFO msg=一定の売上が立ったためオーナーの椅子が増加します 名前=座り心地再生所 増加数=11
time=07:35:56.666 level=INFO msg=一定の売上が立ったためオーナーの椅子が増加します 名前=レトロ椅子館 増加数=10
time=07:35:58.437 level=INFO msg=これまでに地域内の評判によって53人、既存ユーザーの招待経由で1881人が新規登録しました
time=07:35:58.437 level=INFO msg=これまでに低評価なライドによって2人が利用をやめました
time=07:35:58.437 level=INFO msg=15.5%のライドは椅子がマッチされるまでの時間、6.5%のライドはマッチされた椅子が乗車地点までに掛かる時間、14.6%のライドは椅子の実移動時間に不満がありました
time=07:35:58.446 level=INFO msg=一定の売上が立ったためオーナーの椅子が増加します 名前=座り心地再生所 増加数=16
time=07:35:58.450 level=INFO msg=一定の売上が立ったためオーナーの椅子が増加します 名前=ZenSeat 増加数=16
time=07:35:58.450 level=INFO msg=一定の売上が立ったためオーナーの椅子が増加します 名前=GoEase 増加数=16
time=07:35:58.451 level=INFO msg=一定の売上が立ったためオーナーの椅子が増加します 名前=レトロ椅子館 増加数=14
time=07:35:58.452 level=INFO msg=一定の売上が立ったためオーナーの椅子が増加します 名前=ComfortWorks 増加数=12
time=07:36:00.431 level=INFO msg=一定の売上が立ったためオーナーの椅子が増加します 名前=ComfortWorks 増加数=18
time=07:36:00.431 level=INFO msg=一定の売上が立ったためオーナーの椅子が増加します 名前=ZenSeat 増加数=20
time=07:36:00.431 level=INFO msg=一定の売上が立ったためオーナーの椅子が増加します 名前=レトロ椅子館 増加数=19
time=07:36:00.431 level=INFO msg=一定の売上が立ったためオーナーの椅子が増加します 名前=座り心地再生所 増加数=18
time=07:36:00.432 level=INFO msg=一定の売上が立ったためオーナーの椅子が増加します 名前=GoEase 増加数=20
time=07:36:02.457 level=INFO msg=一定の売上が立ったためオーナーの椅子が増加します 名前=GoEase 増加数=17
time=07:36:02.458 level=INFO msg=一定の売上が立ったためオーナーの椅子が増加します 名前=座り心地再生所 増加数=17
time=07:36:02.460 level=INFO msg=一定の売上が立ったためオーナーの椅子が増加します 名前=ComfortWorks 増加数=13
time=07:36:02.461 level=INFO msg=一定の売上が立ったためオーナーの椅子が増加します 名前=レトロ椅子館 増加数=16
time=07:36:02.463 level=INFO msg=一定の売上が立ったためオーナーの椅子が増加します 名前=ZenSeat 増加数=19
time=07:36:04.194 level=INFO msg=一定の売上が立ったためオーナーの椅子が増加します 名前=座り心地再生所 増加数=21
time=07:36:04.194 level=INFO msg=一定の売上が立ったためオーナーの椅子が増加します 名前=レトロ椅子館 増加数=18
time=07:36:04.197 level=INFO msg=これまでに地域内の評判によって71人、既存ユーザーの招待経由で2516人が新規登録しました
time=07:36:04.197 level=INFO msg=これまでに低評価なライドによって20人が利用をやめました
time=07:36:04.197 level=INFO msg=46.8%のライドは椅子がマッチされるまでの時間、4.9%のライドはマッチされた椅子が乗車地点までに掛かる時間、22.7%のライドは椅子の実移動時間に不満がありました
time=07:36:04.223 level=INFO msg=一定の売上が立ったためオーナーの椅子が増加します 名前=ZenSeat 増加数=22
time=07:36:04.229 level=INFO msg=一定の売上が立ったためオーナーの椅子が増加します 名前=ComfortWorks 増加数=19
time=07:36:04.230 level=INFO msg=一定の売上が立ったためオーナーの椅子が増加します 名前=GoEase 増加数=20
time=07:36:06.320 level=INFO msg=一定の売上が立ったためオーナーの椅子が増加します 名前=レトロ椅子館 増加数=24
time=07:36:08.082 level=INFO msg=一定の売上が立ったためオーナーの椅子が増加します 名前=座り心地再生所 増加数=45
time=07:36:08.083 level=INFO msg=一定の売上が立ったためオーナーの椅子が増加します 名前=ZenSeat 増加数=49
time=07:36:08.084 level=INFO msg=一定の売上が立ったためオーナーの椅子が増加します 名前=ComfortWorks 増加数=39
time=07:36:08.085 level=INFO msg=一定の売上が立ったためオーナーの椅子が増加します 名前=GoEase 増加数=48
time=07:36:09.867 level=INFO msg=これまでに地域内の評判によって89人、既存ユーザーの招待経由で2929人が新規登録しました
time=07:36:09.867 level=INFO msg=これまでに低評価なライドによって48人が利用をやめました
time=07:36:09.867 level=INFO msg=64.2%のライドは椅子がマッチされるまでの時間、4.1%のライドはマッチされた椅子が乗車地点までに掛かる時間、28.4%のライドは椅子の実移動時間に不満がありました
time=07:36:09.891 level=INFO msg=一定の売上が立ったためオーナーの椅子が増加します 名前=レトロ椅子館 増加数=36
time=07:36:13.808 level=INFO msg=一定の売上が立ったためオーナーの椅子が増加します 名前=GoEase 増加数=73
time=07:36:13.814 level=INFO msg=一定の売上が立ったためオーナーの椅子が増加します 名前=ComfortWorks 増加数=65
time=07:36:13.814 level=INFO msg=一定の売上が立ったためオーナーの椅子が増加します 名前=ZenSeat 増加数=75
time=07:36:13.842 level=INFO msg=一定の売上が立ったためオーナーの椅子が増加します 名前=座り心地再生所 増加数=73
time=07:36:15.537 level=INFO msg=これまでに地域内の評判によって107人、既存ユーザーの招待経由で3183人が新規登録しました
time=07:36:15.537 level=INFO msg=これまでに低評価なライドによって88人が利用をやめました
time=07:36:15.537 level=INFO msg=74.1%のライドは椅子がマッチされるまでの時間、3.7%のライドはマッチされた椅子が乗車地点までに掛かる時間、33.7%のライドは椅子の実移動時間に不満がありました
time=07:36:15.543 level=INFO msg=一定の売上が立ったためオーナーの椅子が増加します 名前=レトロ椅子館 増加数=76
time=07:36:21.417 level=INFO msg=これまでに地域内の評判によって125人、既存ユーザーの招待経由で3335人が新規登録しました
time=07:36:21.417 level=INFO msg=これまでに低評価なライドによって144人が利用をやめました
time=07:36:21.417 level=INFO msg=79.9%のライドは椅子がマッチされるまでの時間、3.3%のライドはマッチされた椅子が乗車地点までに掛かる時間、38.2%のライドは椅子の実移動時間に不満がありました
time=07:36:25.160 level=INFO msg=一定の売上が立ったためオーナーの椅子が増加します 名前=ComfortWorks 増加数=140
time=07:36:26.967 level=INFO msg=これまでに地域内の評判によって143人、既存ユーザーの招待経由で3437人が新規登録しました
time=07:36:26.967 level=INFO msg=これまでに低評価なライドによって181人が利用をやめました
time=07:36:26.967 level=INFO msg=83.5%のライドは椅子がマッチされるまでの時間、3.1%のライドはマッチされた椅子が乗車地点までに掛かる時間、41.3%のライドは椅子の実移動時間に不満がありました
time=07:36:27.107 level=INFO msg=一定の売上が立ったためオーナーの椅子が増加します 名前=GoEase 増加数=193
time=07:36:27.135 level=INFO msg=一定の売上が立ったためオーナーの椅子が増加します 名前=座り心地再生所 増加数=188
time=07:36:28.802 level=INFO msg=一定の売上が立ったためオーナーの椅子が増加します 名前=ZenSeat 増加数=220
time=07:36:31.064 level=INFO msg=一定の売上が立ったためオーナーの椅子が増加します 名前=レトロ椅子館 増加数=206
time=07:36:33.267 level=INFO msg=これまでに地域内の評判によって161人、既存ユーザーの招待経由で3548人が新規登録しました
time=07:36:33.267 level=INFO msg=これまでに低評価なライドによって210人が利用をやめました
time=07:36:33.267 level=INFO msg=86.2%のライドは椅子がマッチされるまでの時間、2.9%のライドはマッチされた椅子が乗車地点までに掛かる時間、43.7%のライドは椅子の実移動時間に不満がありました
time=07:36:34.108 level=WARN msg="取得した付近の椅子情報に不備があります (CODE=30): ID:01M331SM6GP9GEKNH71DQ6ARH0の椅子は既にライド中です"
time=07:36:41.839 level=INFO msg=最終地域情報 名前=チェアタウン ユーザー登録数=2307 アクティブユーザー数=2185
time=07:36:41.839 level=INFO msg=最終地域情報 名前=コシカケシティ ユーザー登録数=1536 アクティブユーザー数=1435
time=07:36:41.839 level=INFO msg=最終オーナー情報 名前=GoEase 売上=23691500 椅子数=472
time=07:36:41.839 level=INFO msg=最終オーナー情報 名前=ZenSeat 売上=24361800 椅子数=512
time=07:36:41.839 level=INFO msg=最終オーナー情報 名前=レトロ椅子館 売上=21759500 椅子数=484
time=07:36:41.839 level=INFO msg=最終オーナー情報 名前=ComfortWorks 売上=20349200 椅子数=382
time=07:36:41.839 level=INFO msg=最終オーナー情報 名前=座り心地再生所 売上=23130100 椅子数=462
time=07:36:41.839 level=INFO msg=87.0%のライドは椅子がマッチされるまでの時間、2.8%のライドはマッチされた椅子が乗車地点までに掛かる時間、45.4%のライドは椅子の実移動時間に不満がありました
time=07:36:41.840 level=INFO msg=結果 pass=true スコア=1187909 種別エラー数=map[30:1]
time=07:36:41.840 level=INFO msg=負荷走行が終了しました
