time=03:42:36.732 level=INFO msg=負荷走行を開始します
time=03:42:42.722 level=INFO msg=一定の売上が立ったためオーナーの椅子が増加します 名前="PreLoved Chairs" 増加数=2
time=03:42:42.725 level=INFO msg=一定の売上が立ったためオーナーの椅子が増加します 名前="Vintage Vibe Seats" 増加数=2
time=03:42:42.725 level=INFO msg=一定の売上が立ったためオーナーの椅子が増加します 名前="Chair Charm" 増加数=1
time=03:42:42.729 level=INFO msg=一定の売上が立ったためオーナーの椅子が増加します 名前=椅子のめぐりや 増加数=1
time=03:42:44.522 level=INFO msg=一定の売上が立ったためオーナーの椅子が増加します 名前="PreLoved Chairs" 増加数=2
time=03:42:44.522 level=INFO msg=一定の売上が立ったためオーナーの椅子が増加します 名前="Chair Charm" 増加数=2
time=03:42:44.526 level=INFO msg=一定の売上が立ったためオーナーの椅子が増加します 名前="Vintage Vibe Seats" 増加数=2
time=03:42:44.529 level=INFO msg=一定の売上が立ったためオーナーの椅子が増加します 名前=ひまわり交通 増加数=1
time=03:42:44.529 level=INFO msg=一定の売上が立ったためオーナーの椅子が増加します 名前=椅子のめぐりや 増加数=2
time=03:42:44.550 level=INFO msg=これまでに地域内の評判によって7人、既存ユーザーの招待経由で47人が新規登録しました
time=03:42:44.550 level=INFO msg=0.0%のライドは椅子がマッチされるまでの時間、57.4%のライドはマッチされた椅子が乗車地点までに掛かる時間、0.0%のライドは椅子の実移動時間に不満がありました
time=03:42:46.323 level=INFO msg=一定の売上が立ったためオーナーの椅子が増加します 名前="PreLoved Chairs" 増加数=5
time=03:42:46.323 level=INFO msg=一定の売上が立ったためオーナーの椅子が増加します 名前=椅子のめぐりや 増加数=3
time=03:42:46.323 level=INFO msg=一定の売上が立ったためオーナーの椅子が増加します 名前=ひまわり交通 増加数=1
time=03:42:46.325 level=INFO msg=一定の売上が立ったためオーナーの椅子が増加します 名前="Vintage Vibe Seats" 増加数=5
time=03:42:46.325 level=INFO msg=一定の売上が立ったためオーナーの椅子が増加します 名前="Chair Charm" 増加数=3
time=03:42:48.123 level=INFO msg=一定の売上が立ったためオーナーの椅子が増加します 名前="PreLoved Chairs" 増加数=6
time=03:42:48.128 level=INFO msg=一定の売上が立ったためオーナーの椅子が増加します 名前=ひまわり交通 増加数=3
time=03:42:48.128 level=INFO msg=一定の売上が立ったためオーナーの椅子が増加します 名前=椅子のめぐりや 増加数=5
time=03:42:48.129 level=INFO msg=一定の売上が立ったためオーナーの椅子が増加します 名前="Vintage Vibe Seats" 増加数=7
time=03:42:48.129 level=INFO msg=一定の売上が立ったためオーナーの椅子が増加します 名前="Chair Charm" 増加数=5
time=03:42:49.923 level=INFO msg=一定の売上が立ったためオーナーの椅子が増加します 名前=椅子のめぐりや 増加数=9
time=03:42:49.929 level=INFO msg=一定の売上が立ったためオーナーの椅子が増加します 名前="Chair Charm" 増加数=9
time=03:42:49.929 level=INFO msg=一定の売上が立ったためオーナーの椅子が増加します 名前="Vintage Vibe Seats" 増加数=8
time=03:42:49.934 level=INFO msg=一定の売上が立ったためオーナーの椅子が増加します 名前=ひまわり交通 増加数=3
time=03:42:49.934 level=INFO msg=一定の売上が立ったためオーナーの椅子が増加します 名前="PreLoved Chairs" 増加数=10
time=03:42:49.950 level=INFO msg=これまでに地域内の評判によって19人、既存ユーザーの招待経由で281人が新規登録しました
time=03:42:49.950 level=INFO msg=1.6%のライドは椅子がマッチされるまでの時間、18.1%のライドはマッチされた椅子が乗車地点までに掛かる時間、0.3%のライドは椅子の実移動時間に不満がありました
time=03:42:51.731 level=INFO msg=一定の売上が立ったためオーナーの椅子が増加します 名前="PreLoved Chairs" 増加数=11
time=03:42:51.737 level=INFO msg=一定の売上が立ったためオーナーの椅子が増加します 名前=椅子のめぐりや 増加数=10
time=03:42:51.737 level=INFO msg=一定の売上が立ったためオーナーの椅子が増加します 名前=ひまわり交通 増加数=8
time=03:42:51.740 level=INFO msg=一定の売上が立ったためオーナーの椅子が増加します 名前="Chair Charm" 増加数=12
time=03:42:51.740 level=INFO msg=一定の売上が立ったためオーナーの椅子が増加します 名前="Vintage Vibe Seats" 増加数=12
time=03:42:53.529 level=INFO msg=一定の売上が立ったためオーナーの椅子が増加します 名前="PreLoved Chairs" 増加数=13
time=03:42:53.533 level=INFO msg=一定の売上が立ったためオーナーの椅子が増加します 名前=ひまわり交通 増加数=8
time=03:42:53.533 level=INFO msg=一定の売上が立ったためオーナーの椅子が増加します 名前="Vintage Vibe Seats" 増加数=12
time=03:42:53.533 level=INFO msg=一定の売上が立ったためオーナーの椅子が増加します 名前="Chair Charm" 増加数=11
time=03:42:53.534 level=INFO msg=一定の売上が立ったためオーナーの椅子が増加します 名前=椅子のめぐりや 増加数=12
time=03:42:55.331 level=INFO msg=一定の売上が立ったためオーナーの椅子が増加します 名前="Chair Charm" 増加数=13
time=03:42:55.344 level=INFO msg=一定の売上が立ったためオーナーの椅子が増加します 名前="Vintage Vibe Seats" 増加数=13
time=03:42:55.350 level=INFO msg=これまでに地域内の評判によって34人、既存ユーザーの招待経由で1040人が新規登録しました
time=03:42:55.350 level=INFO msg=2.2%のライドは椅子がマッチされるまでの時間、5.2%のライドはマッチされた椅子が乗車地点までに掛かる時間、0.6%のライドは椅子の実移動時間に不満がありました
time=03:42:55.366 level=INFO msg=一定の売上が立ったためオーナーの椅子が増加します 名前=椅子のめぐりや 増加数=11
time=03:42:55.366 level=INFO msg=一定の売上が立ったためオーナーの椅子が増加します 名前=ひまわり交通 増加数=11
time=03:42:55.371 level=INFO msg=一定の売上が立ったためオーナーの椅子が増加します 名前="PreLoved Chairs" 増加数=14
time=03:42:57.189 level=INFO msg=一定の売上が立ったためオーナーの椅子が増加します 名前="PreLoved Chairs" 増加数=13
time=03:42:57.193 level=INFO msg=一定の売上が立ったためオーナーの椅子が増加します 名前=ひまわり交通 増加数=9
time=03:42:57.194 level=INFO msg=一定の売上が立ったためオーナーの椅子が増加します 名前=椅子のめぐりや 増加数=14
time=03:42:57.195 level=INFO msg=一定の売上が立ったためオーナーの椅子が増加します 名前="Vintage Vibe Seats" 増加数=14
time=03:42:57.196 level=INFO msg=一定の売上が立ったためオーナーの椅子が増加します 名前="Chair Charm" 増加数=14
time=03:42:58.968 level=INFO msg=一定の売上が立ったためオーナーの椅子が増加します 名前=椅子のめぐりや 増加数=11
time=03:42:58.971 level=INFO msg=一定の売上が立ったためオーナーの椅子が増加します 名前="PreLoved Chairs" 増加数=15
time=03:42:58.971 level=INFO msg=一定の売上が立ったためオーナーの椅子が増加します 名前=ひまわり交通 増加数=9
time=03:42:58.973 level=INFO msg=一定の売上が立ったためオーナーの椅子が増加します 名前="Vintage Vibe Seats" 増加数=14
time=03:42:58.974 level=INFO msg=一定の売上が立ったためオーナーの椅子が増加します 名前="Chair Charm" 増加数=13
time=03:43:00.738 level=INFO msg=一定の売上が立ったためオーナーの椅子が増加します 名前="Vintage Vibe Seats" 増加数=17
time=03:43:00.738 level=INFO msg=一定の売上が立ったためオーナーの椅子が増加します 名前="Chair Charm" 増加数=16
time=03:43:00.750 level=INFO msg=これまでに地域内の評判によって52人、既存ユーザーの招待経由で1924人が新規登録しました
time=03:43:00.750 level=INFO msg=これまでに低評価なライドによって4人が利用をやめました
time=03:43:00.750 level=INFO msg=21.5%のライドは椅子がマッチされるまでの時間、3.0%のライドはマッチされた椅子が乗車地点までに掛かる時間、13.9%のライドは椅子の実移動時間に不満がありました
time=03:43:00.755 level=INFO msg=一定の売上が立ったためオーナーの椅子が増加します 名前=椅子のめぐりや 増加数=14
time=03:43:00.756 level=INFO msg=一定の売上が立ったためオーナーの椅子が増加します 名前=ひまわり交通 増加数=11
time=03:43:00.757 level=INFO msg=一定の売上が立ったためオーナーの椅子が増加します 名前="PreLoved Chairs" 増加数=17
time=03:43:02.744 level=INFO msg=一定の売上が立ったためオーナーの椅子が増加します 名前=ひまわり交通 増加数=12
time=03:43:02.745 level=INFO msg=一定の売上が立ったためオーナーの椅子が増加します 名前=椅子のめぐりや 増加数=17
time=03:43:02.746 level=INFO msg=一定の売上が立ったためオーナーの椅子が増加します 名前="PreLoved Chairs" 増加数=20
time=03:43:02.748 level=INFO msg=一定の売上が立ったためオーナーの椅子が増加します 名前="Vintage Vibe Seats" 増加数=19
time=03:43:02.748 level=INFO msg=一定の売上が立ったためオーナーの椅子が増加します 名前="Chair Charm" 増加数=18
time=03:43:04.786 level=INFO msg=一定の売上が立ったためオーナーの椅子が増加します 名前="Chair Charm" 増加数=19
time=03:43:04.786 level=INFO msg=一定の売上が立ったためオーナーの椅子が増加します 名前="Vintage Vibe Seats" 増加数=22
time=03:43:04.788 level=INFO msg=一定の売上が立ったためオーナーの椅子が増加します 名前=ひまわり交通 増加数=13
time=03:43:04.788 level=INFO msg=一定の売上が立ったためオーナーの椅子が増加します 名前="PreLoved Chairs" 増加数=22
time=03:43:04.789 level=INFO msg=一定の売上が立ったためオーナーの椅子が増加します 名前=椅子のめぐりや 増加数=18
time=03:43:06.570 level=INFO msg=これまでに地域内の評判によって69人、既存ユーザーの招待経由で2607人が新規登録しました
time=03:43:06.570 level=INFO msg=これまでに低評価なライドによって13人が利用をやめました
time=03:43:06.570 level=INFO msg=45.8%のライドは椅子がマッチされるまでの時間、2.2%のライドはマッチされた椅子が乗車地点までに掛かる時間、22.5%のライドは椅子の実移動時間に不満がありました
time=03:43:06.625 level=INFO msg=一定の売上が立ったためオーナーの椅子が増加します 名前=ひまわり交通 増加数=12
time=03:43:06.627 level=INFO msg=一定の売上が立ったためオーナーの椅子が増加します 名前=椅子のめぐりや 増加数=18
time=03:43:08.389 level=INFO msg=一定の売上が立ったためオーナーの椅子が増加します 名前="Vintage Vibe Seats" 増加数=42
time=03:43:08.391 level=INFO msg=一定の売上が立ったためオーナーの椅子が増加します 名前="Chair Charm" 増加数=42
time=03:43:08.393 level=INFO msg=一定の売上が立ったためオーナーの椅子が増加します 名前=椅子のめぐりや 増加数=19
time=03:43:08.393 level=INFO msg=一定の売上が立ったためオーナーの椅子が増加します 名前=ひまわり交通 増加数=14
time=03:43:08.394 level=INFO msg=一定の売上が立ったためオーナーの椅子が増加します 名前="PreLoved Chairs" 増加数=42
time=03:43:09.108 level=WARN msg="取得した付近の椅子情報に不備があります (CODE=30): ID:01M32MERHZKY65SAEQS2W8F8VPの椅子は既にライド中です"
time=03:43:09.108 level=WARN msg="取得した付近の椅子情報に不備があります (CODE=30): ID:01M32MERHZKY65SAEQS2W8F8VPの椅子は既にライド中です"
time=03:43:11.970 level=INFO msg=これまでに地域内の評判によって87人、既存ユーザーの招待経由で3043人が新規登録しました
time=03:43:11.970 level=INFO msg=これまでに低評価なライドによって32人が利用をやめました
time=03:43:11.970 level=INFO msg=62.3%のライドは椅子がマッチされるまでの時間、2.1%のライドはマッチされた椅子が乗車地点までに掛かる時間、28.1%のライドは椅子の実移動時間に不満がありました
time=03:43:11.986 level=INFO msg=一定の売上が立ったためオーナーの椅子が増加します 名前=ひまわり交通 増加数=30
time=03:43:11.994 level=INFO msg=一定の売上が立ったためオーナーの椅子が増加します 名前=椅子のめぐりや 増加数=44
time=03:43:14.118 level=INFO msg=一定の売上が立ったためオーナーの椅子が増加します 名前="Vintage Vibe Seats" 増加数=72
time=03:43:14.120 level=INFO msg=一定の売上が立ったためオーナーの椅子が増加します 名前="Chair Charm" 増加数=71
time=03:43:14.144 level=INFO msg=一定の売上が立ったためオーナーの椅子が増加します 名前="PreLoved Chairs" 増加数=76
time=03:43:16.127 level=INFO msg=一定の売上が立ったためオーナーの椅子が増加します 名前=ひまわり交通 増加数=37
time=03:43:18.240 level=INFO msg=これまでに地域内の評判によって105人、既存ユーザーの招待経由で3507人が新規登録しました
time=03:43:18.240 level=INFO msg=これまでに低評価なライドによって52人が利用をやめました
time=03:43:18.240 level=INFO msg=72.5%のライドは椅子がマッチされるまでの時間、1.9%のライドはマッチされた椅子が乗車地点までに掛かる時間、32.0%のライドは椅子の実移動時間に不満がありました
time=03:43:18.263 level=INFO msg=一定の売上が立ったためオーナーの椅子が増加します 名前=椅子のめぐりや 増加数=82
time=03:43:22.462 level=INFO msg=一定の売上が立ったためオーナーの椅子が増加します 名前=ひまわり交通 増加数=59
time=03:43:24.600 level=INFO msg=これまでに地域内の評判によって123人、既存ユーザーの招待経由で3833人が新規登録しました
time=03:43:24.600 level=INFO msg=これまでに低評価なライドによって75人が利用をやめました
time=03:43:24.600 level=INFO msg=78.7%のライドは椅子がマッチされるまでの時間、1.7%のライドはマッチされた椅子が乗車地点までに掛かる時間、35.0%のライドは椅子の実移動時間に不満がありました
time=03:43:24.712 level=INFO msg=一定の売上が立ったためオーナーの椅子が増加します 名前="Chair Charm" 増加数=133
time=03:43:24.719 level=INFO msg=一定の売上が立ったためオーナーの椅子が増加します 名前="Vintage Vibe Seats" 増加数=135
time=03:43:26.188 level=WARN msg="取得した付近の椅子情報に不備があります (CODE=30): ID:01M32MF95M15Q84RE74GYV7AVZの椅子は既にライド中です"
time=03:43:26.189 level=WARN msg="取得した付近の椅子情報に不備があります (CODE=30): ID:01M32MF95M15Q84RE74GYV7AVZの椅子は既にライド中です"
time=03:43:26.189 level=WARN msg="取得した付近の椅子情報に不備があります (CODE=30): ID:01M32MF95M15Q84RE74GYV7AVZの椅子は既にライド中です"
time=03:43:26.192 level=WARN msg="取得した付近の椅子情報に不備があります (CODE=30): ID:01M32MF95M15Q84RE74GYV7AVZの椅子は既にライド中です"
time=03:43:26.428 level=INFO msg=一定の売上が立ったためオーナーの椅子が増加します 名前="PreLoved Chairs" 増加数=162
time=03:43:30.240 level=INFO msg=これまでに地域内の評判によって141人、既存ユーザーの招待経由で4053人が新規登録しました
time=03:43:30.240 level=INFO msg=これまでに低評価なライドによって116人が利用をやめました
time=03:43:30.240 level=INFO msg=82.4%のライドは椅子がマッチされるまでの時間、1.8%のライドはマッチされた椅子が乗車地点までに掛かる時間、37.3%のライドは椅子の実移動時間に不満がありました
time=03:43:32.653 level=WARN msg="取得した付近の椅子情報に不備があります (CODE=30): ID:01M32MEZHXWCC9ZQDVRNWSM3DHの椅子は既にライド中です"
time=03:43:32.656 level=WARN msg="取得した付近の椅子情報に不備があります (CODE=30): ID:01M32MEZHXWCC9ZQDVRNWSM3DHの椅子は既にライド中です"
time=03:43:32.662 level=WARN msg="取得した付近の椅子情報に不備があります (CODE=30): ID:01M32MEZHXWCC9ZQDVRNWSM3DHの椅子は既にライド中です"
time=03:43:32.665 level=WARN msg="取得した付近の椅子情報に不備があります (CODE=30): ID:01M32MEZHXWCC9ZQDVRNWSM3DHの椅子は既にライド中です"
time=03:43:32.665 level=WARN msg="取得した付近の椅子情報に不備があります (CODE=30): ID:01M32MEZHXWCC9ZQDVRNWSM3DHの椅子は既にライド中です"
time=03:43:32.665 level=WARN msg="取得した付近の椅子情報に不備があります (CODE=30): ID:01M32MEZHXWCC9ZQDVRNWSM3DHの椅子は既にライド中です"
time=03:43:32.676 level=WARN msg="取得した付近の椅子情報に不備があります (CODE=30): ID:01M32MEZHXWCC9ZQDVRNWSM3DHの椅子は既にライド中です"
time=03:43:32.707 level=WARN msg="取得した付近の椅子情報に不備があります (CODE=30): ID:01M32MEZHXWCC9ZQDVRNWSM3DHの椅子は既にライド中です"
time=03:43:32.715 level=WARN msg="取得した付近の椅子情報に不備があります (CODE=30): ID:01M32MEZHXWCC9ZQDVRNWSM3DHの椅子は既にライド中です"
time=03:43:32.717 level=WARN msg="取得した付近の椅子情報に不備があります (CODE=30): ID:01M32MEZHXWCC9ZQDVRNWSM3DHの椅子は既にライド中です"
time=03:43:32.719 level=WARN msg="取得した付近の椅子情報に不備があります (CODE=30): ID:01M32MEZHXWCC9ZQDVRNWSM3DHの椅子は既にライド中です"
time=03:43:32.736 level=WARN msg="取得した付近の椅子情報に不備があります (CODE=30): ID:01M32MEZHXWCC9ZQDVRNWSM3DHの椅子は既にライド中です"
time=03:43:32.737 level=WARN msg="取得した付近の椅子情報に不備があります (CODE=30): ID:01M32MEZHXWCC9ZQDVRNWSM3DHの椅子は既にライド中です"
time=03:43:32.738 level=WARN msg="取得した付近の椅子情報に不備があります (CODE=30): ID:01M32MEZHXWCC9ZQDVRNWSM3DHの椅子は既にライド中です"
time=03:43:32.740 level=WARN msg="取得した付近の椅子情報に不備があります (CODE=30): ID:01M32MEZHXWCC9ZQDVRNWSM3DHの椅子は既にライド中です"
time=03:43:32.741 level=WARN msg="取得した付近の椅子情報に不備があります (CODE=30): ID:01M32MEZHXWCC9ZQDVRNWSM3DHの椅子は既にライド中です"
time=03:43:32.753 level=WARN msg="取得した付近の椅子情報に不備があります (CODE=30): ID:01M32MEZHXWCC9ZQDVRNWSM3DHの椅子は既にライド中です"
time=03:43:32.755 level=WARN msg="取得した付近の椅子情報に不備があります (CODE=30): ID:01M32MEZHXWCC9ZQDVRNWSM3DHの椅子は既にライド中です"
time=03:43:32.756 level=WARN msg="取得した付近の椅子情報に不備があります (CODE=30): ID:01M32MEZHXWCC9ZQDVRNWSM3DHの椅子は既にライド中です"
time=03:43:32.757 level=WARN msg="取得した付近の椅子情報に不備があります (CODE=30): ID:01M32MEZHXWCC9ZQDVRNWSM3DHの椅子は既にライド中です"
time=03:43:32.760 level=WARN msg="取得した付近の椅子情報に不備があります (CODE=30): ID:01M32MEZHXWCC9ZQDVRNWSM3DHの椅子は既にライド中です"
time=03:43:34.122 level=WARN msg="取得した付近の椅子情報に不備があります (CODE=30): ID:01M32MEDQ19JW9790ZPCZZ2M4Sの椅子は既にライド中です"
time=03:43:34.124 level=WARN msg="取得した付近の椅子情報に不備があります (CODE=30): ID:01M32MEDQ19JW9790ZPCZZ2M4Sの椅子は既にライド中です"
time=03:43:34.125 level=WARN msg="取得した付近の椅子情報に不備があります (CODE=30): ID:01M32MEW5RM2YQS22HMEFR6EA5の椅子は既にライド中です"
time=03:43:34.176 level=WARN msg="取得した付近の椅子情報に不備があります (CODE=30): ID:01M32MEDQ19JW9790ZPCZZ2M4Sの椅子は既にライド中です"
time=03:43:34.178 level=WARN msg="取得した付近の椅子情報に不備があります (CODE=30): ID:01M32MEW5RM2YQS22HMEFR6EA5の椅子は既にライド中です"
time=03:43:34.179 level=WARN msg="取得した付近の椅子情報に不備があります (CODE=30): ID:01M32MEW5RM2YQS22HMEFR6EA5の椅子は既にライド中です"
time=03:43:34.181 level=WARN msg="取得した付近の椅子情報に不備があります (CODE=30): ID:01M32MEDQ19JW9790ZPCZZ2M4Sの椅子は既にライド中です"
time=03:43:34.182 level=WARN msg="取得した付近の椅子情報に不備があります (CODE=30): ID:01M32MEW5RM2YQS22HMEFR6EA5の椅子は既にライド中です"
time=03:43:34.184 level=WARN msg="取得した付近の椅子情報に不備があります (CODE=30): ID:01M32MEDQ19JW9790ZPCZZ2M4Sの椅子は既にライド中です"
time=03:43:34.185 level=WARN msg="取得した付近の椅子情報に不備があります (CODE=30): ID:01M32MEW5RM2YQS22HMEFR6EA5の椅子は既にライド中です"
time=03:43:34.188 level=WARN msg="取得した付近の椅子情報に不備があります (CODE=30): ID:01M32MEDQ19JW9790ZPCZZ2M4Sの椅子は既にライド中です"
time=03:43:34.188 level=WARN msg="取得した付近の椅子情報に不備があります (CODE=30): ID:01M32MEDQ19JW9790ZPCZZ2M4Sの椅子は既にライド中です"
time=03:43:34.207 level=WARN msg="取得した付近の椅子情報に不備があります (CODE=30): ID:01M32MEW5RM2YQS22HMEFR6EA5の椅子は既にライド中です"
time=03:43:34.211 level=WARN msg="取得した付近の椅子情報に不備があります (CODE=30): ID:01M32MEW5RM2YQS22HMEFR6EA5の椅子は既にライド中です"
time=03:43:34.458 level=WARN msg="取得した付近の椅子情報に不備があります (CODE=30): ID:01M32MEW8XVWSBEVY0E06MBMV4の椅子は既にライド中です"
time=03:43:34.463 level=WARN msg="取得した付近の椅子情報に不備があります (CODE=30): ID:01M32MEW8XVWSBEVY0E06MBMV4の椅子は既にライド中です"
time=03:43:34.464 level=WARN msg="取得した付近の椅子情報に不備があります (CODE=30): ID:01M32MEW8XVWSBEVY0E06MBMV4の椅子は既にライド中です"
time=03:43:34.549 level=WARN msg="取得した付近の椅子情報に不備があります (CODE=30): ID:01M32MEBS441JPT8QS07KGEH01の椅子は既にライド中です"
time=03:43:34.550 level=WARN msg="取得した付近の椅子情報に不備があります (CODE=30): ID:01M32MEBS441JPT8QS07KGEH01の椅子は既にライド中です"
time=03:43:34.551 level=WARN msg="取得した付近の椅子情報に不備があります (CODE=30): ID:01M32MEBS441JPT8QS07KGEH01の椅子は既にライド中です"
time=03:43:34.554 level=WARN msg="取得した付近の椅子情報に不備があります (CODE=30): ID:01M32MEBS441JPT8QS07KGEH01の椅子は既にライド中です"
time=03:43:35.940 level=INFO msg=これまでに地域内の評判によって159人、既存ユーザーの招待経由で4273人が新規登録しました
time=03:43:35.940 level=INFO msg=これまでに低評価なライドによって160人が利用をやめました
time=03:43:35.940 level=INFO msg=85.1%のライドは椅子がマッチされるまでの時間、1.7%のライドはマッチされた椅子が乗車地点までに掛かる時間、39.3%のライドは椅子の実移動時間に不満がありました
time=03:43:36.214 level=INFO msg=一定の売上が立ったためオーナーの椅子が増加します 名前=椅子のめぐりや 増加数=239
time=03:43:36.219 level=INFO msg=一定の売上が立ったためオーナーの椅子が増加します 名前=ひまわり交通 増加数=145
time=03:43:36.374 level=WARN msg="取得した付近の椅子情報に不備があります (CODE=30): ID:01M32MEXG6464CD2XX6HDXXRZ3の椅子は既にライド中です"
time=03:43:36.620 level=WARN msg="取得した付近の椅子情報に不備があります (CODE=30): ID:01M32MESZB84498R7B9CDJMYPQの椅子は既にライド中です"
time=03:43:38.147 level=WARN msg="取得した付近の椅子情報に不備があります (CODE=30): ID:01M32MEQ00WZ6V2BSDXMGJBD6Wの椅子は既にライド中です"
time=03:43:38.151 level=WARN msg="取得した付近の椅子情報に不備があります (CODE=30): ID:01M32MEQ00WZ6V2BSDXMGJBD6Wの椅子は既にライド中です"
time=03:43:38.152 level=WARN msg="取得した付近の椅子情報に不備があります (CODE=30): ID:01M32MEQ00WZ6V2BSDXMGJBD6Wの椅子は既にライド中です"
time=03:43:38.202 level=WARN msg="取得した付近の椅子情報に不備があります (CODE=30): ID:01M32MEQ00WZ6V2BSDXMGJBD6Wの椅子は既にライド中です"
time=03:43:44.151 level=INFO msg=最終地域情報 名前=チェアタウン ユーザー登録数=2885 アクティブユーザー数=2792
time=03:43:44.151 level=INFO msg=最終地域情報 名前=コシカケシティ ユーザー登録数=1714 アクティブユーザー数=1638
time=03:43:44.151 level=INFO msg=最終オーナー情報 名前="Vintage Vibe Seats" 売上=23294400 椅子数=400
time=03:43:44.151 level=INFO msg=最終オーナー情報 名前=椅子のめぐりや 売上=22099600 椅子数=533
time=03:43:44.151 level=INFO msg=最終オーナー情報 名前=ひまわり交通 売上=16186000 椅子数=390
time=03:43:44.151 level=INFO msg=最終オーナー情報 名前="PreLoved Chairs" 売上=23983800 椅子数=434
time=03:43:44.151 level=INFO msg=最終オーナー情報 名前="Chair Charm" 売上=22574900 椅子数=386
time=03:43:44.151 level=INFO msg=86.4%のライドは椅子がマッチされるまでの時間、1.7%のライドはマッチされた椅子が乗車地点までに掛かる時間、40.3%のライドは椅子の実移動時間に不満がありました
time=03:43:44.153 level=INFO msg=結果 pass=true スコア=1133213 種別エラー数=map[30:54]
time=03:43:44.153 level=INFO msg=負荷走行が終了しました
