time=07:04:16.333 level=INFO msg=負荷走行を開始します
time=07:04:22.312 level=INFO msg=一定の売上が立ったためオーナーの椅子が増加します 名前=街のりタクシー 増加数=1
time=07:04:22.313 level=INFO msg=一定の売上が立ったためオーナーの椅子が増加します 名前=ゆったり号 増加数=1
time=07:04:22.313 level=INFO msg=一定の売上が立ったためオーナーの椅子が増加します 名前="PreLoved Chairs" 増加数=2
time=07:04:22.314 level=INFO msg=一定の売上が立ったためオーナーの椅子が増加します 名前="CraftChair Co., Ltd." 増加数=1
time=07:04:22.314 level=INFO msg=一定の売上が立ったためオーナーの椅子が増加します 名前=快旅タクシー 増加数=1
time=07:04:24.109 level=INFO msg=一定の売上が立ったためオーナーの椅子が増加します 名前="PreLoved Chairs" 増加数=1
time=07:04:24.111 level=INFO msg=一定の売上が立ったためオーナーの椅子が増加します 名前="CraftChair Co., Ltd." 増加数=2
time=07:04:24.112 level=INFO msg=一定の売上が立ったためオーナーの椅子が増加します 名前=快旅タクシー 増加数=1
time=07:04:24.116 level=INFO msg=一定の売上が立ったためオーナーの椅子が増加します 名前=街のりタクシー 増加数=2
time=07:04:24.116 level=INFO msg=一定の売上が立ったためオーナーの椅子が増加します 名前=ゆったり号 増加数=2
time=07:04:24.137 level=INFO msg=これまでに地域内の評判によって8人、既存ユーザーの招待経由で52人が新規登録しました
time=07:04:24.137 level=INFO msg=0.0%のライドは椅子がマッチされるまでの時間、75.0%のライドはマッチされた椅子が乗車地点までに掛かる時間、0.0%のライドは椅子の実移動時間に不満がありました
time=07:04:25.915 level=INFO msg=一定の売上が立ったためオーナーの椅子が増加します 名前=快旅タクシー 増加数=2
time=07:04:25.916 level=INFO msg=一定の売上が立ったためオーナーの椅子が増加します 名前="CraftChair Co., Ltd." 増加数=4
time=07:04:25.916 level=INFO msg=一定の売上が立ったためオーナーの椅子が増加します 名前="PreLoved Chairs" 増加数=4
time=07:04:25.916 level=INFO msg=一定の売上が立ったためオーナーの椅子が増加します 名前=街のりタクシー 増加数=3
time=07:04:25.917 level=INFO msg=一定の売上が立ったためオーナーの椅子が増加します 名前=ゆったり号 増加数=4
time=07:04:27.710 level=INFO msg=一定の売上が立ったためオーナーの椅子が増加します 名前="PreLoved Chairs" 増加数=6
time=07:04:27.714 level=INFO msg=一定の売上が立ったためオーナーの椅子が増加します 名前=ゆったり号 増加数=5
time=07:04:27.714 level=INFO msg=一定の売上が立ったためオーナーの椅子が増加します 名前=街のりタクシー 増加数=4
time=07:04:27.717 level=INFO msg=一定の売上が立ったためオーナーの椅子が増加します 名前="CraftChair Co., Ltd." 増加数=6
time=07:04:27.717 level=INFO msg=一定の売上が立ったためオーナーの椅子が増加します 名前=快旅タクシー 増加数=4
time=07:04:29.513 level=INFO msg=一定の売上が立ったためオーナーの椅子が増加します 名前="CraftChair Co., Ltd." 増加数=8
time=07:04:29.518 level=INFO msg=一定の売上が立ったためオーナーの椅子が増加します 名前=街のりタクシー 増加数=9
time=07:04:29.518 level=INFO msg=一定の売上が立ったためオーナーの椅子が増加します 名前=ゆったり号 増加数=9
time=07:04:29.522 level=INFO msg=一定の売上が立ったためオーナーの椅子が増加します 名前=快旅タクシー 増加数=6
time=07:04:29.522 level=INFO msg=一定の売上が立ったためオーナーの椅子が増加します 名前="PreLoved Chairs" 増加数=7
time=07:04:29.537 level=INFO msg=これまでに地域内の評判によって19人、既存ユーザーの招待経由で276人が新規登録しました
time=07:04:29.537 level=INFO msg=0.3%のライドは椅子がマッチされるまでの時間、27.7%のライドはマッチされた椅子が乗車地点までに掛かる時間、0.2%のライドは椅子の実移動時間に不満がありました
time=07:04:31.320 level=INFO msg=一定の売上が立ったためオーナーの椅子が増加します 名前=ゆったり号 増加数=11
time=07:04:31.321 level=INFO msg=一定の売上が立ったためオーナーの椅子が増加します 名前=街のりタクシー 増加数=10
time=07:04:31.330 level=INFO msg=一定の売上が立ったためオーナーの椅子が増加します 名前="PreLoved Chairs" 増加数=11
time=07:04:31.330 level=INFO msg=一定の売上が立ったためオーナーの椅子が増加します 名前="CraftChair Co., Ltd." 増加数=12
time=07:04:31.330 level=INFO msg=一定の売上が立ったためオーナーの椅子が増加します 名前=快旅タクシー 増加数=9
time=07:04:33.116 level=INFO msg=一定の売上が立ったためオーナーの椅子が増加します 名前="PreLoved Chairs" 増加数=12
time=07:04:33.116 level=INFO msg=一定の売上が立ったためオーナーの椅子が増加します 名前=快旅タクシー 増加数=9
time=07:04:33.119 level=INFO msg=一定の売上が立ったためオーナーの椅子が増加します 名前="CraftChair Co., Ltd." 増加数=11
time=07:04:33.125 level=INFO msg=一定の売上が立ったためオーナーの椅子が増加します 名前=ゆったり号 増加数=12
time=07:04:33.125 level=INFO msg=一定の売上が立ったためオーナーの椅子が増加します 名前=街のりタクシー 増加数=11
time=07:04:34.967 level=INFO msg=これまでに地域内の評判によって36人、既存ユーザーの招待経由で1009人が新規登録しました
time=07:04:34.967 level=INFO msg=0.1%のライドは椅子がマッチされるまでの時間、10.2%のライドはマッチされた椅子が乗車地点までに掛かる時間、0.6%のライドは椅子の実移動時間に不満がありました
time=07:04:34.977 level=INFO msg=一定の売上が立ったためオーナーの椅子が増加します 名前=街のりタクシー 増加数=13
time=07:04:34.977 level=INFO msg=一定の売上が立ったためオーナーの椅子が増加します 名前="PreLoved Chairs" 増加数=12
time=07:04:34.978 level=INFO msg=一定の売上が立ったためオーナーの椅子が増加します 名前="CraftChair Co., Ltd." 増加数=14
time=07:04:34.978 level=INFO msg=一定の売上が立ったためオーナーの椅子が増加します 名前=ゆったり号 増加数=13
time=07:04:34.978 level=INFO msg=一定の売上が立ったためオーナーの椅子が増加します 名前=快旅タクシー 増加数=13
time=07:04:36.798 level=INFO msg=一定の売上が立ったためオーナーの椅子が増加します 名前=街のりタクシー 増加数=12
time=07:04:36.811 level=INFO msg=一定の売上が立ったためオーナーの椅子が増加します 名前="PreLoved Chairs" 増加数=13
time=07:04:36.812 level=INFO msg=一定の売上が立ったためオーナーの椅子が増加します 名前=快旅タクシー 増加数=10
time=07:04:36.815 level=INFO msg=一定の売上が立ったためオーナーの椅子が増加します 名前=ゆったり号 増加数=14
time=07:04:36.817 level=INFO msg=一定の売上が立ったためオーナーの椅子が増加します 名前="CraftChair Co., Ltd." 増加数=14
time=07:04:38.577 level=INFO msg=一定の売上が立ったためオーナーの椅子が増加します 名前=快旅タクシー 増加数=10
time=07:04:38.577 level=INFO msg=一定の売上が立ったためオーナーの椅子が増加します 名前="PreLoved Chairs" 増加数=13
time=07:04:38.579 level=INFO msg=一定の売上が立ったためオーナーの椅子が増加します 名前=街のりタクシー 増加数=12
time=07:04:38.581 level=INFO msg=一定の売上が立ったためオーナーの椅子が増加します 名前="CraftChair Co., Ltd." 増加数=12
time=07:04:38.588 level=INFO msg=一定の売上が立ったためオーナーの椅子が増加します 名前=ゆったり号 増加数=13
time=07:04:40.357 level=INFO msg=一定の売上が立ったためオーナーの椅子が増加します 名前="PreLoved Chairs" 増加数=13
time=07:04:40.367 level=INFO msg=これまでに地域内の評判によって54人、既存ユーザーの招待経由で1930人が新規登録しました
time=07:04:40.367 level=INFO msg=これまでに低評価なライドによって4人が利用をやめました
time=07:04:40.367 level=INFO msg=12.8%のライドは椅子がマッチされるまでの時間、6.2%のライドはマッチされた椅子が乗車地点までに掛かる時間、15.0%のライドは椅子の実移動時間に不満がありました
time=07:04:40.368 level=INFO msg=一定の売上が立ったためオーナーの椅子が増加します 名前=街のりタクシー 増加数=16
time=07:04:40.380 level=INFO msg=一定の売上が立ったためオーナーの椅子が増加します 名前=ゆったり号 増加数=15
time=07:04:40.381 level=INFO msg=一定の売上が立ったためオーナーの椅子が増加します 名前="CraftChair Co., Ltd." 増加数=16
time=07:04:40.382 level=INFO msg=一定の売上が立ったためオーナーの椅子が増加します 名前=快旅タクシー 増加数=11
time=07:04:42.283 level=INFO msg=一定の売上が立ったためオーナーの椅子が増加します 名前="CraftChair Co., Ltd." 増加数=21
time=07:04:42.283 level=INFO msg=一定の売上が立ったためオーナーの椅子が増加します 名前=快旅タクシー 増加数=14
time=07:04:42.283 level=INFO msg=一定の売上が立ったためオーナーの椅子が増加します 名前="PreLoved Chairs" 増加数=19
time=07:04:42.298 level=INFO msg=一定の売上が立ったためオーナーの椅子が増加します 名前=街のりタクシー 増加数=17
time=07:04:42.298 level=INFO msg=一定の売上が立ったためオーナーの椅子が増加します 名前=ゆったり号 増加数=20
time=07:04:44.155 level=INFO msg=一定の売上が立ったためオーナーの椅子が増加します 名前=街のりタクシー 増加数=20
time=07:04:44.157 level=INFO msg=一定の売上が立ったためオーナーの椅子が増加します 名前=快旅タクシー 増加数=17
time=07:04:44.157 level=INFO msg=一定の売上が立ったためオーナーの椅子が増加します 名前="CraftChair Co., Ltd." 増加数=20
time=07:04:44.157 level=INFO msg=一定の売上が立ったためオーナーの椅子が増加します 名前="PreLoved Chairs" 増加数=18
time=07:04:45.947 level=INFO msg=これまでに地域内の評判によって72人、既存ユーザーの招待経由で2587人が新規登録しました
time=07:04:45.947 level=INFO msg=これまでに低評価なライドによって16人が利用をやめました
time=07:04:45.947 level=INFO msg=46.4%のライドは椅子がマッチされるまでの時間、4.7%のライドはマッチされた椅子が乗車地点までに掛かる時間、21.9%のライドは椅子の実移動時間に不満がありました
time=07:04:45.963 level=INFO msg=一定の売上が立ったためオーナーの椅子が増加します 名前=ゆったり号 増加数=39
time=07:04:45.963 level=INFO msg=一定の売上が立ったためオーナーの椅子が増加します 名前=街のりタクシー 増加数=20
time=07:04:45.974 level=INFO msg=一定の売上が立ったためオーナーの椅子が増加します 名前=快旅タクシー 増加数=13
time=07:04:45.974 level=INFO msg=一定の売上が立ったためオーナーの椅子が増加します 名前="PreLoved Chairs" 増加数=19
time=07:04:45.976 level=INFO msg=一定の売上が立ったためオーナーの椅子が増加します 名前="CraftChair Co., Ltd." 増加数=20
time=07:04:48.281 level=INFO msg=一定の売上が立ったためオーナーの椅子が増加します 名前=街のりタクシー 増加数=27
time=07:04:48.303 level=INFO msg=一定の売上が立ったためオーナーの椅子が増加します 名前="PreLoved Chairs" 増加数=26
time=07:04:48.303 level=INFO msg=一定の売上が立ったためオーナーの椅子が増加します 名前="CraftChair Co., Ltd." 増加数=29
time=07:04:48.303 level=INFO msg=一定の売上が立ったためオーナーの椅子が増加します 名前=快旅タクシー 増加数=21
time=07:04:50.254 level=INFO msg=一定の売上が立ったためオーナーの椅子が増加します 名前=ゆったり号 増加数=49
time=07:04:51.972 level=INFO msg=一定の売上が立ったためオーナーの椅子が増加します 名前=快旅タクシー 増加数=39
time=07:04:51.973 level=INFO msg=一定の売上が立ったためオーナーの椅子が増加します 名前="PreLoved Chairs" 増加数=48
time=07:04:51.976 level=INFO msg=一定の売上が立ったためオーナーの椅子が増加します 名前=街のりタクシー 増加数=52
time=07:04:51.976 level=INFO msg=一定の売上が立ったためオーナーの椅子が増加します 名前="CraftChair Co., Ltd." 増加数=53
time=07:04:51.977 level=INFO msg=これまでに地域内の評判によって90人、既存ユーザーの招待経由で2978人が新規登録しました
time=07:04:51.977 level=INFO msg=これまでに低評価なライドによって47人が利用をやめました
time=07:04:51.977 level=INFO msg=65.0%のライドは椅子がマッチされるまでの時間、4.0%のライドはマッチされた椅子が乗車地点までに掛かる時間、28.8%のライドは椅子の実移動時間に不満がありました
time=07:04:57.377 level=INFO msg=これまでに地域内の評判によって108人、既存ユーザーの招待経由で3203人が新規登録しました
time=07:04:57.377 level=INFO msg=これまでに低評価なライドによって81人が利用をやめました
time=07:04:57.377 level=INFO msg=74.1%のライドは椅子がマッチされるまでの時間、3.5%のライドはマッチされた椅子が乗車地点までに掛かる時間、33.6%のライドは椅子の実移動時間に不満がありました
time=07:04:57.409 level=INFO msg=一定の売上が立ったためオーナーの椅子が増加します 名前=ゆったり号 増加数=97
time=07:04:57.410 level=INFO msg=一定の売上が立ったためオーナーの椅子が増加します 名前=快旅タクシー 増加数=60
time=07:04:59.240 level=INFO msg=一定の売上が立ったためオーナーの椅子が増加します 名前=街のりタクシー 増加数=93
time=07:04:59.248 level=INFO msg=一定の売上が立ったためオーナーの椅子が増加します 名前="PreLoved Chairs" 増加数=91
time=07:04:59.252 level=INFO msg=一定の売上が立ったためオーナーの椅子が増加します 名前="CraftChair Co., Ltd." 増加数=101
time=07:05:02.837 level=INFO msg=これまでに地域内の評判によって126人、既存ユーザーの招待経由で3347人が新規登録しました
time=07:05:02.837 level=INFO msg=これまでに低評価なライドによって112人が利用をやめました
time=07:05:02.837 level=INFO msg=79.6%のライドは椅子がマッチされるまでの時間、3.1%のライドはマッチされた椅子が乗車地点までに掛かる時間、37.7%のライドは椅子の実移動時間に不満がありました
time=07:05:08.837 level=INFO msg=これまでに地域内の評判によって144人、既存ユーザーの招待経由で3473人が新規登録しました
time=07:05:08.837 level=INFO msg=これまでに低評価なライドによって138人が利用をやめました
time=07:05:08.837 level=INFO msg=83.5%のライドは椅子がマッチされるまでの時間、3.0%のライドはマッチされた椅子が乗車地点までに掛かる時間、40.6%のライドは椅子の実移動時間に不満がありました
time=07:05:08.908 level=INFO msg=一定の売上が立ったためオーナーの椅子が増加します 名前=快旅タクシー 増加数=137
time=07:05:10.124 level=WARN msg="取得した付近の椅子情報に不備があります (CODE=30): ID:01M33000TZB559PAPJTTG2YKFRの椅子は既にライド中です"
time=07:05:10.125 level=WARN msg="取得した付近の椅子情報に不備があります (CODE=30): ID:01M33000TZB559PAPJTTG2YKFRの椅子は既にライド中です"
time=07:05:14.687 level=INFO msg=これまでに地域内の評判によって162人、既存ユーザーの招待経由で3506人が新規登録しました
time=07:05:14.687 level=INFO msg=これまでに低評価なライドによって168人が利用をやめました
time=07:05:14.687 level=INFO msg=86.0%のライドは椅子がマッチされるまでの時間、2.8%のライドはマッチされた椅子が乗車地点までに掛かる時間、43.7%のライドは椅子の実移動時間に不満がありました
time=07:05:15.243 level=WARN msg="取得した付近の椅子情報に不備があります (CODE=30): ID:01M33002W7FM4M36FR8G5E2BC8の椅子は既にライド中です"
time=07:05:18.720 level=INFO msg=一定の売上が立ったためオーナーの椅子が増加します 名前=ゆったり号 増加数=290
time=07:05:18.874 level=INFO msg=一定の売上が立ったためオーナーの椅子が増加します 名前="PreLoved Chairs" 増加数=273
time=07:05:23.737 level=INFO msg=最終地域情報 名前=チェアタウン ユーザー登録数=2354 アクティブユーザー数=2242
time=07:05:23.737 level=INFO msg=最終地域情報 名前=コシカケシティ ユーザー登録数=1397 アクティブユーザー数=1327
time=07:05:23.737 level=INFO msg=最終オーナー情報 名前=快旅タクシー 売上=19346700 椅子数=381
time=07:05:23.737 level=INFO msg=最終オーナー情報 名前=街のりタクシー 売上=23869600 椅子数=326
time=07:05:23.737 level=INFO msg=最終オーナー情報 名前="CraftChair Co., Ltd." 売上=25476500 椅子数=348
time=07:05:23.737 level=INFO msg=最終オーナー情報 名前="PreLoved Chairs" 売上=23142300 椅子数=592
time=07:05:23.737 level=INFO msg=最終オーナー情報 名前=ゆったり号 売上=23475000 椅子数=598
time=07:05:23.737 level=INFO msg=87.4%のライドは椅子がマッチされるまでの時間、2.8%のライドはマッチされた椅子が乗車地点までに掛かる時間、45.7%のライドは椅子の実移動時間に不満がありました
time=07:05:23.739 level=INFO msg=結果 pass=true スコア=1206308 種別エラー数=map[30:3]
time=07:05:23.739 level=INFO msg=負荷走行が終了しました
