time=07:10:44.106 level=INFO msg=負荷走行を開始します
time=07:10:50.143 level=INFO msg=一定の売上が立ったためオーナーの椅子が増加します 名前=いすの道 増加数=2
time=07:10:50.147 level=INFO msg=一定の売上が立ったためオーナーの椅子が増加します 名前=SwiftCab 増加数=1
time=07:10:50.147 level=INFO msg=一定の売上が立ったためオーナーの椅子が増加します 名前=つばさ交通 増加数=1
time=07:10:50.147 level=INFO msg=一定の売上が立ったためオーナーの椅子が増加します 名前=レトロ椅子館 増加数=1
time=07:10:50.149 level=INFO msg=一定の売上が立ったためオーナーの椅子が増加します 名前="PreLoved Chairs" 増加数=1
time=07:10:51.943 level=INFO msg=一定の売上が立ったためオーナーの椅子が増加します 名前=つばさ交通 増加数=3
time=07:10:51.945 level=INFO msg=一定の売上が立ったためオーナーの椅子が増加します 名前=いすの道 増加数=2
time=07:10:51.946 level=INFO msg=一定の売上が立ったためオーナーの椅子が増加します 名前="PreLoved Chairs" 増加数=3
time=07:10:51.947 level=INFO msg=一定の売上が立ったためオーナーの椅子が増加します 名前=レトロ椅子館 増加数=3
time=07:10:51.947 level=INFO msg=一定の売上が立ったためオーナーの椅子が増加します 名前=SwiftCab 増加数=2
time=07:10:51.971 level=INFO msg=これまでに地域内の評判によって7人、既存ユーザーの招待経由で54人が新規登録しました
time=07:10:51.971 level=INFO msg=0.0%のライドは椅子がマッチされるまでの時間、58.2%のライドはマッチされた椅子が乗車地点までに掛かる時間、0.0%のライドは椅子の実移動時間に不満がありました
time=07:10:53.744 level=INFO msg=一定の売上が立ったためオーナーの椅子が増加します 名前=いすの道 増加数=3
time=07:10:53.744 level=INFO msg=一定の売上が立ったためオーナーの椅子が増加します 名前=レトロ椅子館 増加数=4
time=07:10:53.744 level=INFO msg=一定の売上が立ったためオーナーの椅子が増加します 名前="PreLoved Chairs" 増加数=4
time=07:10:53.744 level=INFO msg=一定の売上が立ったためオーナーの椅子が増加します 名前=SwiftCab 増加数=3
time=07:10:53.744 level=INFO msg=一定の売上が立ったためオーナーの椅子が増加します 名前=つばさ交通 増加数=4
time=07:10:55.549 level=INFO msg=一定の売上が立ったためオーナーの椅子が増加します 名前=つばさ交通 増加数=6
time=07:10:55.556 level=INFO msg=一定の売上が立ったためオーナーの椅子が増加します 名前="PreLoved Chairs" 増加数=7
time=07:10:55.556 level=INFO msg=一定の売上が立ったためオーナーの椅子が増加します 名前=いすの道 増加数=6
time=07:10:55.557 level=INFO msg=一定の売上が立ったためオーナーの椅子が増加します 名前=SwiftCab 増加数=6
time=07:10:55.557 level=INFO msg=一定の売上が立ったためオーナーの椅子が増加します 名前=レトロ椅子館 増加数=7
time=07:10:57.355 level=INFO msg=一定の売上が立ったためオーナーの椅子が増加します 名前=つばさ交通 増加数=9
time=07:10:57.363 level=INFO msg=一定の売上が立ったためオーナーの椅子が増加します 名前="PreLoved Chairs" 増加数=10
time=07:10:57.364 level=INFO msg=一定の売上が立ったためオーナーの椅子が増加します 名前=レトロ椅子館 増加数=9
time=07:10:57.364 level=INFO msg=一定の売上が立ったためオーナーの椅子が増加します 名前=SwiftCab 増加数=8
time=07:10:57.364 level=INFO msg=一定の売上が立ったためオーナーの椅子が増加します 名前=いすの道 増加数=7
time=07:10:57.371 level=INFO msg=これまでに地域内の評判によって19人、既存ユーザーの招待経由で328人が新規登録しました
time=07:10:57.371 level=INFO msg=0.0%のライドは椅子がマッチされるまでの時間、23.2%のライドはマッチされた椅子が乗車地点までに掛かる時間、0.5%のライドは椅子の実移動時間に不満がありました
time=07:10:59.157 level=INFO msg=一定の売上が立ったためオーナーの椅子が増加します 名前=レトロ椅子館 増加数=11
time=07:10:59.158 level=INFO msg=一定の売上が立ったためオーナーの椅子が増加します 名前=SwiftCab 増加数=11
time=07:10:59.158 level=INFO msg=一定の売上が立ったためオーナーの椅子が増加します 名前=つばさ交通 増加数=11
time=07:10:59.158 level=INFO msg=一定の売上が立ったためオーナーの椅子が増加します 名前="PreLoved Chairs" 増加数=11
time=07:10:59.158 level=INFO msg=一定の売上が立ったためオーナーの椅子が増加します 名前=いすの道 増加数=10
time=07:11:00.991 level=INFO msg=一定の売上が立ったためオーナーの椅子が増加します 名前=つばさ交通 増加数=12
time=07:11:00.999 level=INFO msg=一定の売上が立ったためオーナーの椅子が増加します 名前=レトロ椅子館 増加数=12
time=07:11:01.008 level=INFO msg=一定の売上が立ったためオーナーの椅子が増加します 名前="PreLoved Chairs" 増加数=13
time=07:11:01.008 level=INFO msg=一定の売上が立ったためオーナーの椅子が増加します 名前=SwiftCab 増加数=13
time=07:11:01.009 level=INFO msg=一定の売上が立ったためオーナーの椅子が増加します 名前=いすの道 増加数=11
time=07:11:02.784 level=INFO msg=一定の売上が立ったためオーナーの椅子が増加します 名前=つばさ交通 増加数=13
time=07:11:02.801 level=INFO msg=これまでに地域内の評判によって35人、既存ユーザーの招待経由で1085人が新規登録しました
time=07:11:02.801 level=INFO msg=0.0%のライドは椅子がマッチされるまでの時間、9.1%のライドはマッチされた椅子が乗車地点までに掛かる時間、1.1%のライドは椅子の実移動時間に不満がありました
time=07:11:02.816 level=INFO msg=一定の売上が立ったためオーナーの椅子が増加します 名前=SwiftCab 増加数=12
time=07:11:02.816 level=INFO msg=一定の売上が立ったためオーナーの椅子が増加します 名前=いすの道 増加数=13
time=07:11:02.817 level=INFO msg=一定の売上が立ったためオーナーの椅子が増加します 名前=レトロ椅子館 増加数=13
time=07:11:02.817 level=INFO msg=一定の売上が立ったためオーナーの椅子が増加します 名前="PreLoved Chairs" 増加数=13
time=07:11:04.789 level=INFO msg=一定の売上が立ったためオーナーの椅子が増加します 名前=いすの道 増加数=11
time=07:11:04.789 level=INFO msg=一定の売上が立ったためオーナーの椅子が増加します 名前=つばさ交通 増加数=14
time=07:11:04.789 level=INFO msg=一定の売上が立ったためオーナーの椅子が増加します 名前="PreLoved Chairs" 増加数=14
time=07:11:04.790 level=INFO msg=一定の売上が立ったためオーナーの椅子が増加します 名前=SwiftCab 増加数=12
time=07:11:04.790 level=INFO msg=一定の売上が立ったためオーナーの椅子が増加します 名前=レトロ椅子館 増加数=13
time=07:11:06.611 level=INFO msg=一定の売上が立ったためオーナーの椅子が増加します 名前=SwiftCab 増加数=9
time=07:11:06.613 level=INFO msg=一定の売上が立ったためオーナーの椅子が増加します 名前=いすの道 増加数=10
time=07:11:06.614 level=INFO msg=一定の売上が立ったためオーナーの椅子が増加します 名前=レトロ椅子館 増加数=11
time=07:11:06.615 level=INFO msg=一定の売上が立ったためオーナーの椅子が増加します 名前="PreLoved Chairs" 増加数=12
time=07:11:06.616 level=INFO msg=一定の売上が立ったためオーナーの椅子が増加します 名前=つばさ交通 増加数=12
time=07:11:08.383 level=INFO msg=これまでに地域内の評判によって53人、既存ユーザーの招待経由で2021人が新規登録しました
time=07:11:08.383 level=INFO msg=これまでに低評価なライドによって10人が利用をやめました
time=07:11:08.383 level=INFO msg=10.3%のライドは椅子がマッチされるまでの時間、5.9%のライドはマッチされた椅子が乗車地点までに掛かる時間、17.3%のライドは椅子の実移動時間に不満がありました
time=07:11:08.431 level=INFO msg=一定の売上が立ったためオーナーの椅子が増加します 名前=つばさ交通 増加数=13
time=07:11:08.434 level=INFO msg=一定の売上が立ったためオーナーの椅子が増加します 名前=レトロ椅子館 増加数=14
time=07:11:08.435 level=INFO msg=一定の売上が立ったためオーナーの椅子が増加します 名前=SwiftCab 増加数=13
time=07:11:08.435 level=INFO msg=一定の売上が立ったためオーナーの椅子が増加します 名前=いすの道 増加数=13
time=07:11:08.436 level=INFO msg=一定の売上が立ったためオーナーの椅子が増加します 名前="PreLoved Chairs" 増加数=14
time=07:11:10.186 level=INFO msg=一定の売上が立ったためオーナーの椅子が増加します 名前=いすの道 増加数=19
time=07:11:10.187 level=INFO msg=一定の売上が立ったためオーナーの椅子が増加します 名前=つばさ交通 増加数=21
time=07:11:10.201 level=INFO msg=一定の売上が立ったためオーナーの椅子が増加します 名前=SwiftCab 増加数=18
time=07:11:10.203 level=INFO msg=一定の売上が立ったためオーナーの椅子が増加します 名前="PreLoved Chairs" 増加数=22
time=07:11:10.206 level=INFO msg=一定の売上が立ったためオーナーの椅子が増加します 名前=レトロ椅子館 増加数=20
time=07:11:12.000 level=INFO msg=一定の売上が立ったためオーナーの椅子が増加します 名前=SwiftCab 増加数=18
time=07:11:13.781 level=INFO msg=一定の売上が立ったためオーナーの椅子が増加します 名前=レトロ椅子館 増加数=42
time=07:11:13.781 level=INFO msg=これまでに地域内の評判によって70人、既存ユーザーの招待経由で2473人が新規登録しました
time=07:11:13.781 level=INFO msg=これまでに低評価なライドによって33人が利用をやめました
time=07:11:13.781 level=INFO msg=47.3%のライドは椅子がマッチされるまでの時間、4.8%のライドはマッチされた椅子が乗車地点までに掛かる時間、25.8%のライドは椅子の実移動時間に不満がありました
time=07:11:13.799 level=INFO msg=一定の売上が立ったためオーナーの椅子が増加します 名前="PreLoved Chairs" 増加数=44
time=07:11:13.800 level=INFO msg=一定の売上が立ったためオーナーの椅子が増加します 名前=つばさ交通 増加数=42
time=07:11:13.800 level=INFO msg=一定の売上が立ったためオーナーの椅子が増加します 名前=いすの道 増加数=38
time=07:11:13.801 level=INFO msg=一定の売上が立ったためオーナーの椅子が増加します 名前=SwiftCab 増加数=22
time=07:11:17.399 level=INFO msg=一定の売上が立ったためオーナーの椅子が増加します 名前=SwiftCab 増加数=48
time=07:11:19.182 level=INFO msg=これまでに地域内の評判によって88人、既存ユーザーの招待経由で2817人が新規登録しました
time=07:11:19.182 level=INFO msg=これまでに低評価なライドによって55人が利用をやめました
time=07:11:19.182 level=INFO msg=64.2%のライドは椅子がマッチされるまでの時間、4.1%のライドはマッチされた椅子が乗車地点までに掛かる時間、31.7%のライドは椅子の実移動時間に不満がありました
time=07:11:19.280 level=INFO msg=一定の売上が立ったためオーナーの椅子が増加します 名前=いすの道 増加数=58
time=07:11:19.283 level=INFO msg=一定の売上が立ったためオーナーの椅子が増加します 名前="PreLoved Chairs" 増加数=72
time=07:11:19.285 level=INFO msg=一定の売上が立ったためオーナーの椅子が増加します 名前=つばさ交通 増加数=70
time=07:11:19.287 level=INFO msg=一定の売上が立ったためオーナーの椅子が増加します 名前=レトロ椅子館 増加数=62
time=07:11:24.611 level=INFO msg=これまでに地域内の評判によって106人、既存ユーザーの招待経由で2964人が新規登録しました
time=07:11:24.611 level=INFO msg=これまでに低評価なライドによって96人が利用をやめました
time=07:11:24.611 level=INFO msg=73.1%のライドは椅子がマッチされるまでの時間、3.7%のライドはマッチされた椅子が乗車地点までに掛かる時間、36.9%のライドは椅子の実移動時間に不満がありました
time=07:11:24.764 level=INFO msg=一定の売上が立ったためオーナーの椅子が増加します 名前=SwiftCab 増加数=94
time=07:11:30.058 level=INFO msg=これまでに地域内の評判によって124人、既存ユーザーの招待経由で3082人が新規登録しました
time=07:11:30.058 level=INFO msg=これまでに低評価なライドによって132人が利用をやめました
time=07:11:30.058 level=INFO msg=78.5%のライドは椅子がマッチされるまでの時間、3.5%のライドはマッチされた椅子が乗車地点までに掛かる時間、40.2%のライドは椅子の実移動時間に不満がありました
time=07:11:31.865 level=INFO msg=一定の売上が立ったためオーナーの椅子が増加します 名前=レトロ椅子館 増加数=163
time=07:11:31.867 level=INFO msg=一定の売上が立ったためオーナーの椅子が増加します 名前=いすの道 増加数=153
time=07:11:31.904 level=INFO msg=一定の売上が立ったためオーナーの椅子が増加します 名前=つばさ交通 増加数=170
time=07:11:31.960 level=INFO msg=一定の売上が立ったためオーナーの椅子が増加します 名前="PreLoved Chairs" 増加数=180
time=07:11:36.136 level=INFO msg=これまでに地域内の評判によって142人、既存ユーザーの招待経由で3172人が新規登録しました
time=07:11:36.136 level=INFO msg=これまでに低評価なライドによって174人が利用をやめました
time=07:11:36.136 level=INFO msg=82.6%のライドは椅子がマッチされるまでの時間、3.3%のライドはマッチされた椅子が乗車地点までに掛かる時間、43.7%のライドは椅子の実移動時間に不満がありました
time=07:11:41.300 level=WARN msg="取得した付近の椅子情報に不備があります (CODE=30): ID:01M330BNX18NNPGBTAM4NKZSCJの椅子は既にライド中です"
time=07:11:41.301 level=WARN msg="取得した付近の椅子情報に不備があります (CODE=30): ID:01M330BNX18NNPGBTAM4NKZSCJの椅子は既にライド中です"
time=07:11:41.301 level=WARN msg="取得した付近の椅子情報に不備があります (CODE=30): ID:01M330BNX18NNPGBTAM4NKZSCJの椅子は既にライド中です"
time=07:11:41.301 level=WARN msg="取得した付近の椅子情報に不備があります (CODE=30): ID:01M330BNX18NNPGBTAM4NKZSCJの椅子は既にライド中です"
time=07:11:41.302 level=WARN msg="取得した付近の椅子情報に不備があります (CODE=30): ID:01M330BNZ9PHSVNYDXEWC7W860の椅子は既にライド中です"
time=07:11:41.302 level=WARN msg="取得した付近の椅子情報に不備があります (CODE=30): ID:01M330BNZ9PHSVNYDXEWC7W860の椅子は既にライド中です"
time=07:11:41.303 level=WARN msg="取得した付近の椅子情報に不備があります (CODE=30): ID:01M330BNX18NNPGBTAM4NKZSCJの椅子は既にライド中です"
time=07:11:41.304 level=WARN msg="取得した付近の椅子情報に不備があります (CODE=30): ID:01M330BNX18NNPGBTAM4NKZSCJの椅子は既にライド中です"
time=07:11:42.622 level=WARN msg="取得した付近の椅子情報に不備があります (CODE=30): ID:01M330B7DHJ520XD9671GVAP0Nの椅子は既にライド中です"
time=07:11:42.623 level=WARN msg="取得した付近の椅子情報に不備があります (CODE=30): ID:01M330B7DHJ520XD9671GVAP0Nの椅子は既にライド中です"
time=07:11:43.091 level=INFO msg=これまでに地域内の評判によって154人、既存ユーザーの招待経由で3441人が新規登録しました
time=07:11:43.091 level=INFO msg=これまでに低評価なライドによって186人が利用をやめました
time=07:11:43.091 level=INFO msg=82.1%のライドは椅子がマッチされるまでの時間、3.1%のライドはマッチされた椅子が乗車地点までに掛かる時間、45.5%のライドは椅子の実移動時間に不満がありました
time=07:11:43.608 level=WARN msg="取得した付近の椅子情報に不備があります (CODE=30): ID:01M330B96ABY4S7VX6MT51X972の椅子は既にライド中です"
time=07:11:43.608 level=WARN msg="取得した付近の椅子情報に不備があります (CODE=30): ID:01M330C7T8Y4N7P4TJWCDJ41KAの椅子は既にライド中です"
time=07:11:43.610 level=WARN msg="取得した付近の椅子情報に不備があります (CODE=30): ID:01M330CP2011202ETHB3XHV77Kの椅子は既にライド中です"
time=07:11:43.624 level=WARN msg="取得した付近の椅子情報に不備があります (CODE=30): ID:01M330C7T8Y4N7P4TJWCDJ41KAの椅子は既にライド中です"
time=07:11:43.624 level=WARN msg="取得した付近の椅子情報に不備があります (CODE=30): ID:01M330C7T8Y4N7P4TJWCDJ41KAの椅子は既にライド中です"
time=07:11:43.624 level=WARN msg="取得した付近の椅子情報に不備があります (CODE=30): ID:01M330C7T8Y4N7P4TJWCDJ41KAの椅子は既にライド中です"
time=07:11:43.628 level=WARN msg="取得した付近の椅子情報に不備があります (CODE=30): ID:01M330CP2011202ETHB3XHV77Kの椅子は既にライド中です"
time=07:11:43.638 level=WARN msg="取得した付近の椅子情報に不備があります (CODE=30): ID:01M330B96ABY4S7VX6MT51X972の椅子は既にライド中です"
time=07:11:45.421 level=WARN msg="取得した付近の椅子情報に不備があります (CODE=30): ID:01M330CEJ7ZGG2W092E01X0X70の椅子は既にライド中です"
time=07:11:45.421 level=WARN msg="取得した付近の椅子情報に不備があります (CODE=30): ID:01M330CEJ7ZGG2W092E01X0X70の椅子は既にライド中です"
time=07:11:45.422 level=WARN msg="取得した付近の椅子情報に不備があります (CODE=30): ID:01M330CEJ7ZGG2W092E01X0X70の椅子は既にライド中です"
time=07:11:45.424 level=WARN msg="取得した付近の椅子情報に不備があります (CODE=30): ID:01M330CEJ7ZGG2W092E01X0X70の椅子は既にライド中です"
time=07:11:45.424 level=WARN msg="取得した付近の椅子情報に不備があります (CODE=30): ID:01M330CEJ7ZGG2W092E01X0X70の椅子は既にライド中です"
time=07:11:45.736 level=INFO msg=一定の売上が立ったためオーナーの椅子が増加します 名前=SwiftCab 増加数=277
time=07:11:46.713 level=WARN msg="取得した付近の椅子情報に不備があります (CODE=30): ID:01M330BJ6Y6478W33FEMFH89VHの椅子は既にライド中です"
time=07:11:46.714 level=WARN msg="取得した付近の椅子情報に不備があります (CODE=30): ID:01M330BJ6Y6478W33FEMFH89VHの椅子は既にライド中です"
time=07:11:46.714 level=WARN msg="取得した付近の椅子情報に不備があります (CODE=30): ID:01M330C6CTVJTNZ78M51RF42T9の椅子は既にライド中です"
time=07:11:46.716 level=WARN msg="取得した付近の椅子情報に不備があります (CODE=30): ID:01M330CH9G46403WCXKB5HK45Dの椅子は既にライド中です"
time=07:11:51.572 level=INFO msg=最終地域情報 名前=チェアタウン ユーザー登録数=2316 アクティブユーザー数=2191
time=07:11:51.572 level=INFO msg=最終地域情報 名前=コシカケシティ ユーザー登録数=1545 アクティブユーザー数=1442
time=07:11:51.572 level=INFO msg=最終オーナー情報 名前=レトロ椅子館 売上=21839000 椅子数=389
time=07:11:51.572 level=INFO msg=最終オーナー情報 名前=つばさ交通 売上=23004300 椅子数=405
time=07:11:51.572 level=INFO msg=最終オーナー情報 名前="PreLoved Chairs" 売上=24174800 椅子数=424
time=07:11:51.572 level=INFO msg=最終オーナー情報 名前=いすの道 売上=20027000 椅子数=360
time=07:11:51.572 level=INFO msg=最終オーナー情報 名前=SwiftCab 売上=22896800 椅子数=571
time=07:11:51.572 level=INFO msg=83.2%のライドは椅子がマッチされるまでの時間、3.2%のライドはマッチされた椅子が乗車地点までに掛かる時間、47.7%のライドは椅子の実移動時間に不満がありました
time=07:11:51.573 level=INFO msg=結果 pass=true スコア=1172962 種別エラー数=map[30:27]
time=07:11:51.573 level=INFO msg=負荷走行が終了しました
