time=01:43:35.877 level=INFO msg=負荷走行を開始します
time=01:43:41.906 level=INFO msg=一定の売上が立ったためオーナーの椅子が増加します 名前=いすの道 増加数=1
time=01:43:41.911 level=INFO msg=一定の売上が立ったためオーナーの椅子が増加します 名前="Urban Wheels" 増加数=1
time=01:43:41.913 level=INFO msg=一定の売上が立ったためオーナーの椅子が増加します 名前=椅子工藝舎 増加数=1
time=01:43:43.711 level=INFO msg=一定の売上が立ったためオーナーの椅子が増加します 名前=ひまわり交通 増加数=1
time=01:43:43.712 level=INFO msg=一定の売上が立ったためオーナーの椅子が増加します 名前=座心工房 増加数=1
time=01:43:43.715 level=INFO msg=一定の売上が立ったためオーナーの椅子が増加します 名前=いすの道 増加数=1
time=01:43:43.725 level=INFO msg=これまでに地域内の評判によって9人、既存ユーザーの招待経由で29人が新規登録しました
time=01:43:43.725 level=INFO msg=0.0%のライドは椅子がマッチされるまでの時間、73.3%のライドはマッチされた椅子が乗車地点までに掛かる時間、0.0%のライドは椅子の実移動時間に不満がありました
time=01:43:45.514 level=INFO msg=一定の売上が立ったためオーナーの椅子が増加します 名前="Urban Wheels" 増加数=2
time=01:43:45.517 level=INFO msg=一定の売上が立ったためオーナーの椅子が増加します 名前=ひまわり交通 増加数=1
time=01:43:45.518 level=INFO msg=一定の売上が立ったためオーナーの椅子が増加します 名前=座心工房 増加数=1
time=01:43:45.521 level=INFO msg=一定の売上が立ったためオーナーの椅子が増加します 名前=椅子工藝舎 増加数=2
time=01:43:45.521 level=INFO msg=一定の売上が立ったためオーナーの椅子が増加します 名前=いすの道 増加数=1
time=01:43:47.312 level=INFO msg=一定の売上が立ったためオーナーの椅子が増加します 名前=いすの道 増加数=1
time=01:43:47.315 level=INFO msg=一定の売上が立ったためオーナーの椅子が増加します 名前="Urban Wheels" 増加数=2
time=01:43:47.316 level=INFO msg=一定の売上が立ったためオーナーの椅子が増加します 名前=座心工房 増加数=2
time=01:43:47.317 level=INFO msg=一定の売上が立ったためオーナーの椅子が増加します 名前=椅子工藝舎 増加数=1
time=01:43:49.125 level=INFO msg=これまでに地域内の評判によって19人、既存ユーザーの招待経由で80人が新規登録しました
time=01:43:49.125 level=INFO msg=4.8%のライドは椅子がマッチされるまでの時間、70.2%のライドはマッチされた椅子が乗車地点までに掛かる時間、0.6%のライドは椅子の実移動時間に不満がありました
time=01:43:49.130 level=INFO msg=一定の売上が立ったためオーナーの椅子が増加します 名前=椅子工藝舎 増加数=2
time=01:43:49.134 level=INFO msg=一定の売上が立ったためオーナーの椅子が増加します 名前=いすの道 増加数=1
time=01:43:49.136 level=INFO msg=一定の売上が立ったためオーナーの椅子が増加します 名前=ひまわり交通 増加数=1
time=01:43:49.136 level=INFO msg=一定の売上が立ったためオーナーの椅子が増加します 名前=座心工房 増加数=2
time=01:43:49.142 level=INFO msg=一定の売上が立ったためオーナーの椅子が増加します 名前="Urban Wheels" 増加数=2
time=01:43:50.946 level=INFO msg=一定の売上が立ったためオーナーの椅子が増加します 名前=ひまわり交通 増加数=1
time=01:43:50.949 level=INFO msg=一定の売上が立ったためオーナーの椅子が増加します 名前="Urban Wheels" 増加数=2
time=01:43:50.952 level=INFO msg=一定の売上が立ったためオーナーの椅子が増加します 名前=いすの道 増加数=1
time=01:43:50.957 level=INFO msg=一定の売上が立ったためオーナーの椅子が増加します 名前=椅子工藝舎 増加数=2
time=01:43:50.963 level=INFO msg=一定の売上が立ったためオーナーの椅子が増加します 名前=座心工房 増加数=2
time=01:43:52.728 level=INFO msg=一定の売上が立ったためオーナーの椅子が増加します 名前=いすの道 増加数=2
time=01:43:52.729 level=INFO msg=一定の売上が立ったためオーナーの椅子が増加します 名前=ひまわり交通 増加数=2
time=01:43:52.747 level=INFO msg=一定の売上が立ったためオーナーの椅子が増加します 名前=椅子工藝舎 増加数=2
time=01:43:52.749 level=INFO msg=一定の売上が立ったためオーナーの椅子が増加します 名前="Urban Wheels" 増加数=2
time=01:43:52.751 level=INFO msg=一定の売上が立ったためオーナーの椅子が増加します 名前=座心工房 増加数=1
time=01:43:54.525 level=INFO msg=これまでに地域内の評判によって31人、既存ユーザーの招待経由で117人が新規登録しました
time=01:43:54.525 level=INFO msg=これまでに低評価なライドによって3人が利用をやめました
time=01:43:54.525 level=INFO msg=42.1%のライドは椅子がマッチされるまでの時間、68.9%のライドはマッチされた椅子が乗車地点までに掛かる時間、1.8%のライドは椅子の実移動時間に不満がありました
time=01:43:54.543 level=INFO msg=一定の売上が立ったためオーナーの椅子が増加します 名前=ひまわり交通 増加数=1
time=01:43:54.549 level=INFO msg=一定の売上が立ったためオーナーの椅子が増加します 名前=座心工房 増加数=4
time=01:43:54.549 level=INFO msg=一定の売上が立ったためオーナーの椅子が増加します 名前="Urban Wheels" 増加数=2
time=01:43:54.550 level=INFO msg=一定の売上が立ったためオーナーの椅子が増加します 名前=いすの道 増加数=1
time=01:43:54.561 level=INFO msg=一定の売上が立ったためオーナーの椅子が増加します 名前=椅子工藝舎 増加数=1
time=01:43:56.334 level=INFO msg=一定の売上が立ったためオーナーの椅子が増加します 名前=ひまわり交通 増加数=2
time=01:43:56.352 level=INFO msg=一定の売上が立ったためオーナーの椅子が増加します 名前=椅子工藝舎 増加数=2
time=01:43:56.356 level=INFO msg=一定の売上が立ったためオーナーの椅子が増加します 名前=座心工房 増加数=1
time=01:43:56.364 level=INFO msg=一定の売上が立ったためオーナーの椅子が増加します 名前=いすの道 増加数=2
time=01:43:56.369 level=INFO msg=一定の売上が立ったためオーナーの椅子が増加します 名前="Urban Wheels" 増加数=2
time=01:43:58.150 level=INFO msg=一定の売上が立ったためオーナーの椅子が増加します 名前=ひまわり交通 増加数=3
time=01:43:58.154 level=INFO msg=一定の売上が立ったためオーナーの椅子が増加します 名前=いすの道 増加数=1
time=01:43:58.158 level=INFO msg=一定の売上が立ったためオーナーの椅子が増加します 名前=椅子工藝舎 増加数=1
time=01:43:58.161 level=INFO msg=一定の売上が立ったためオーナーの椅子が増加します 名前="Urban Wheels" 増加数=3
time=01:43:58.209 level=INFO msg=一定の売上が立ったためオーナーの椅子が増加します 名前=座心工房 増加数=3
time=01:43:59.926 level=INFO msg=これまでに地域内の評判によって43人、既存ユーザーの招待経由で163人が新規登録しました
time=01:43:59.926 level=INFO msg=これまでに低評価なライドによって15人が利用をやめました
time=01:43:59.926 level=INFO msg=65.2%のライドは椅子がマッチされるまでの時間、59.0%のライドはマッチされた椅子が乗車地点までに掛かる時間、13.7%のライドは椅子の実移動時間に不満がありました
time=01:44:00.010 level=INFO msg=一定の売上が立ったためオーナーの椅子が増加します 名前=ひまわり交通 増加数=2
time=01:44:00.040 level=INFO msg=一定の売上が立ったためオーナーの椅子が増加します 名前=いすの道 増加数=3
time=01:44:00.053 level=INFO msg=一定の売上が立ったためオーナーの椅子が増加します 名前=座心工房 増加数=3
time=01:44:00.061 level=INFO msg=一定の売上が立ったためオーナーの椅子が増加します 名前="Urban Wheels" 増加数=4
time=01:44:00.075 level=INFO msg=一定の売上が立ったためオーナーの椅子が増加します 名前=椅子工藝舎 増加数=5
time=01:44:01.791 level=INFO msg=一定の売上が立ったためオーナーの椅子が増加します 名前=ひまわり交通 増加数=2
time=01:44:01.811 level=INFO msg=一定の売上が立ったためオーナーの椅子が増加します 名前=いすの道 増加数=2
time=01:44:01.888 level=INFO msg=一定の売上が立ったためオーナーの椅子が増加します 名前=座心工房 増加数=3
time=01:44:01.904 level=INFO msg=一定の売上が立ったためオーナーの椅子が増加します 名前=椅子工藝舎 増加数=1
time=01:44:01.911 level=INFO msg=一定の売上が立ったためオーナーの椅子が増加します 名前="Urban Wheels" 増加数=2
time=01:44:03.627 level=INFO msg=一定の売上が立ったためオーナーの椅子が増加します 名前=ひまわり交通 増加数=3
time=01:44:03.662 level=INFO msg=一定の売上が立ったためオーナーの椅子が増加します 名前=いすの道 増加数=3
time=01:44:03.675 level=INFO msg=一定の売上が立ったためオーナーの椅子が増加します 名前=椅子工藝舎 増加数=2
time=01:44:03.696 level=INFO msg=一定の売上が立ったためオーナーの椅子が増加します 名前=座心工房 増加数=2
time=01:44:03.705 level=INFO msg=一定の売上が立ったためオーナーの椅子が増加します 名前="Urban Wheels" 増加数=3
time=01:44:05.325 level=INFO msg=これまでに地域内の評判によって55人、既存ユーザーの招待経由で194人が新規登録しました
time=01:44:05.325 level=INFO msg=これまでに低評価なライドによって45人が利用をやめました
time=01:44:05.325 level=INFO msg=73.5%のライドは椅子がマッチされるまでの時間、52.3%のライドはマッチされた椅子が乗車地点までに掛かる時間、26.7%のライドは椅子の実移動時間に不満がありました
time=01:44:05.485 level=INFO msg=一定の売上が立ったためオーナーの椅子が増加します 名前=ひまわり交通 増加数=2
time=01:44:05.540 level=INFO msg=一定の売上が立ったためオーナーの椅子が増加します 名前=座心工房 増加数=3
time=01:44:05.541 level=INFO msg=一定の売上が立ったためオーナーの椅子が増加します 名前=いすの道 増加数=2
time=01:44:05.544 level=INFO msg=一定の売上が立ったためオーナーの椅子が増加します 名前="Urban Wheels" 増加数=2
time=01:44:05.556 level=INFO msg=一定の売上が立ったためオーナーの椅子が増加します 名前=椅子工藝舎 増加数=4
time=01:44:07.299 level=INFO msg=一定の売上が立ったためオーナーの椅子が増加します 名前=いすの道 増加数=2
time=01:44:07.318 level=INFO msg=一定の売上が立ったためオーナーの椅子が増加します 名前=ひまわり交通 増加数=2
time=01:44:07.321 level=INFO msg=一定の売上が立ったためオーナーの椅子が増加します 名前=椅子工藝舎 増加数=2
time=01:44:07.357 level=INFO msg=一定の売上が立ったためオーナーの椅子が増加します 名前="Urban Wheels" 増加数=4
time=01:44:07.412 level=INFO msg=一定の売上が立ったためオーナーの椅子が増加します 名前=座心工房 増加数=2
time=01:44:09.118 level=INFO msg=一定の売上が立ったためオーナーの椅子が増加します 名前=いすの道 増加数=2
time=01:44:09.136 level=INFO msg=一定の売上が立ったためオーナーの椅子が増加します 名前=ひまわり交通 増加数=2
time=01:44:09.174 level=INFO msg=一定の売上が立ったためオーナーの椅子が増加します 名前=座心工房 増加数=2
time=01:44:09.186 level=INFO msg=一定の売上が立ったためオーナーの椅子が増加します 名前=椅子工藝舎 増加数=3
time=01:44:09.202 level=INFO msg=一定の売上が立ったためオーナーの椅子が増加します 名前="Urban Wheels" 増加数=2
time=01:44:10.725 level=INFO msg=これまでに地域内の評判によって67人、既存ユーザーの招待経由で208人が新規登録しました
time=01:44:10.725 level=INFO msg=これまでに低評価なライドによって77人が利用をやめました
time=01:44:10.725 level=INFO msg=78.8%のライドは椅子がマッチされるまでの時間、49.1%のライドはマッチされた椅子が乗車地点までに掛かる時間、38.9%のライドは椅子の実移動時間に不満がありました
time=01:44:10.916 level=INFO msg=一定の売上が立ったためオーナーの椅子が増加します 名前=ひまわり交通 増加数=4
time=01:44:10.926 level=INFO msg=一定の売上が立ったためオーナーの椅子が増加します 名前=いすの道 増加数=2
time=01:44:10.950 level=INFO msg=一定の売上が立ったためオーナーの椅子が増加します 名前=座心工房 増加数=3
time=01:44:10.957 level=INFO msg=一定の売上が立ったためオーナーの椅子が増加します 名前=椅子工藝舎 増加数=2
time=01:44:10.979 level=INFO msg=一定の売上が立ったためオーナーの椅子が増加します 名前="Urban Wheels" 増加数=2
time=01:44:12.733 level=INFO msg=一定の売上が立ったためオーナーの椅子が増加します 名前=いすの道 増加数=2
time=01:44:12.761 level=INFO msg=一定の売上が立ったためオーナーの椅子が増加します 名前=椅子工藝舎 増加数=2
time=01:44:12.782 level=INFO msg=一定の売上が立ったためオーナーの椅子が増加します 名前=座心工房 増加数=2
time=01:44:12.802 level=INFO msg=一定の売上が立ったためオーナーの椅子が増加します 名前="Urban Wheels" 増加数=2
time=01:44:12.861 level=INFO msg=一定の売上が立ったためオーナーの椅子が増加します 名前=ひまわり交通 増加数=2
time=01:44:14.564 level=INFO msg=一定の売上が立ったためオーナーの椅子が増加します 名前=ひまわり交通 増加数=1
time=01:44:14.570 level=INFO msg=一定の売上が立ったためオーナーの椅子が増加します 名前=椅子工藝舎 増加数=3
time=01:44:14.591 level=INFO msg=一定の売上が立ったためオーナーの椅子が増加します 名前=座心工房 増加数=2
time=01:44:14.607 level=INFO msg=一定の売上が立ったためオーナーの椅子が増加します 名前="Urban Wheels" 増加数=2
time=01:44:14.615 level=INFO msg=一定の売上が立ったためオーナーの椅子が増加します 名前=いすの道 増加数=1
time=01:44:16.125 level=INFO msg=これまでに地域内の評判によって79人、既存ユーザーの招待経由で231人が新規登録しました
time=01:44:16.125 level=INFO msg=これまでに低評価なライドによって100人が利用をやめました
time=01:44:16.125 level=INFO msg=77.7%のライドは椅子がマッチされるまでの時間、46.0%のライドはマッチされた椅子が乗車地点までに掛かる時間、46.4%のライドは椅子の実移動時間に不満がありました
time=01:44:16.354 level=INFO msg=一定の売上が立ったためオーナーの椅子が増加します 名前=いすの道 増加数=2
time=01:44:16.373 level=INFO msg=一定の売上が立ったためオーナーの椅子が増加します 名前=ひまわり交通 増加数=3
time=01:44:16.469 level=INFO msg=一定の売上が立ったためオーナーの椅子が増加します 名前=座心工房 増加数=3
time=01:44:16.479 level=INFO msg=一定の売上が立ったためオーナーの椅子が増加します 名前=椅子工藝舎 増加数=2
time=01:44:16.507 level=INFO msg=一定の売上が立ったためオーナーの椅子が増加します 名前="Urban Wheels" 増加数=2
time=01:44:18.186 level=INFO msg=一定の売上が立ったためオーナーの椅子が増加します 名前=ひまわり交通 増加数=2
time=01:44:18.217 level=INFO msg=一定の売上が立ったためオーナーの椅子が増加します 名前="Urban Wheels" 増加数=2
time=01:44:18.223 level=INFO msg=一定の売上が立ったためオーナーの椅子が増加します 名前=いすの道 増加数=2
time=01:44:18.269 level=INFO msg=一定の売上が立ったためオーナーの椅子が増加します 名前=椅子工藝舎 増加数=1
time=01:44:18.356 level=INFO msg=一定の売上が立ったためオーナーの椅子が増加します 名前=座心工房 増加数=1
time=01:44:19.991 level=INFO msg=一定の売上が立ったためオーナーの椅子が増加します 名前=いすの道 増加数=1
time=01:44:20.043 level=INFO msg=一定の売上が立ったためオーナーの椅子が増加します 名前=椅子工藝舎 増加数=2
time=01:44:20.058 level=INFO msg=一定の売上が立ったためオーナーの椅子が増加します 名前=ひまわり交通 増加数=2
time=01:44:20.091 level=INFO msg=一定の売上が立ったためオーナーの椅子が増加します 名前=座心工房 増加数=2
time=01:44:20.115 level=INFO msg=一定の売上が立ったためオーナーの椅子が増加します 名前="Urban Wheels" 増加数=2
time=01:44:21.525 level=INFO msg=これまでに地域内の評判によって91人、既存ユーザーの招待経由で272人が新規登録しました
time=01:44:21.525 level=INFO msg=これまでに低評価なライドによって116人が利用をやめました
time=01:44:21.525 level=INFO msg=70.6%のライドは椅子がマッチされるまでの時間、43.1%のライドはマッチされた椅子が乗車地点までに掛かる時間、51.0%のライドは椅子の実移動時間に不満がありました
time=01:44:21.839 level=INFO msg=一定の売上が立ったためオーナーの椅子が増加します 名前=ひまわり交通 増加数=2
time=01:44:21.847 level=INFO msg=一定の売上が立ったためオーナーの椅子が増加します 名前=いすの道 増加数=3
time=01:44:21.878 level=INFO msg=一定の売上が立ったためオーナーの椅子が増加します 名前=座心工房 増加数=2
time=01:44:21.882 level=INFO msg=一定の売上が立ったためオーナーの椅子が増加します 名前=椅子工藝舎 増加数=2
time=01:44:21.883 level=INFO msg=一定の売上が立ったためオーナーの椅子が増加します 名前="Urban Wheels" 増加数=3
time=01:44:23.605 level=INFO msg=一定の売上が立ったためオーナーの椅子が増加します 名前=いすの道 増加数=2
time=01:44:23.648 level=INFO msg=一定の売上が立ったためオーナーの椅子が増加します 名前=椅子工藝舎 増加数=2
time=01:44:23.697 level=INFO msg=一定の売上が立ったためオーナーの椅子が増加します 名前=座心工房 増加数=2
time=01:44:23.698 level=INFO msg=一定の売上が立ったためオーナーの椅子が増加します 名前=ひまわり交通 増加数=2
time=01:44:23.702 level=INFO msg=一定の売上が立ったためオーナーの椅子が増加します 名前="Urban Wheels" 増加数=2
time=01:44:25.451 level=INFO msg=一定の売上が立ったためオーナーの椅子が増加します 名前=椅子工藝舎 増加数=2
time=01:44:25.507 level=INFO msg=一定の売上が立ったためオーナーの椅子が増加します 名前=ひまわり交通 増加数=3
time=01:44:25.575 level=INFO msg=一定の売上が立ったためオーナーの椅子が増加します 名前="Urban Wheels" 増加数=2
time=01:44:25.589 level=INFO msg=一定の売上が立ったためオーナーの椅子が増加します 名前=座心工房 増加数=2
time=01:44:25.608 level=INFO msg=一定の売上が立ったためオーナーの椅子が増加します 名前=いすの道 増加数=2
time=01:44:26.925 level=INFO msg=これまでに地域内の評判によって103人、既存ユーザーの招待経由で286人が新規登録しました
time=01:44:26.925 level=INFO msg=これまでに低評価なライドによって148人が利用をやめました
time=01:44:26.925 level=INFO msg=73.8%のライドは椅子がマッチされるまでの時間、40.4%のライドはマッチされた椅子が乗車地点までに掛かる時間、54.6%のライドは椅子の実移動時間に不満がありました
time=01:44:27.297 level=INFO msg=一定の売上が立ったためオーナーの椅子が増加します 名前=ひまわり交通 増加数=1
time=01:44:27.313 level=INFO msg=一定の売上が立ったためオーナーの椅子が増加します 名前=座心工房 増加数=2
time=01:44:27.318 level=INFO msg=一定の売上が立ったためオーナーの椅子が増加します 名前=いすの道 増加数=2
time=01:44:27.341 level=INFO msg=一定の売上が立ったためオーナーの椅子が増加します 名前="Urban Wheels" 増加数=2
time=01:44:27.407 level=INFO msg=一定の売上が立ったためオーナーの椅子が増加します 名前=椅子工藝舎 増加数=2
time=01:44:29.077 level=INFO msg=一定の売上が立ったためオーナーの椅子が増加します 名前=いすの道 増加数=2
time=01:44:29.103 level=INFO msg=一定の売上が立ったためオーナーの椅子が増加します 名前=座心工房 増加数=2
time=01:44:29.103 level=INFO msg=一定の売上が立ったためオーナーの椅子が増加します 名前=ひまわり交通 増加数=2
time=01:44:29.118 level=INFO msg=一定の売上が立ったためオーナーの椅子が増加します 名前=椅子工藝舎 増加数=2
time=01:44:29.154 level=INFO msg=一定の売上が立ったためオーナーの椅子が増加します 名前="Urban Wheels" 増加数=2
time=01:44:30.858 level=INFO msg=一定の売上が立ったためオーナーの椅子が増加します 名前=ひまわり交通 増加数=1
time=01:44:30.919 level=INFO msg=一定の売上が立ったためオーナーの椅子が増加します 名前="Urban Wheels" 増加数=3
time=01:44:30.924 level=INFO msg=一定の売上が立ったためオーナーの椅子が増加します 名前=いすの道 増加数=2
time=01:44:30.932 level=INFO msg=一定の売上が立ったためオーナーの椅子が増加します 名前=椅子工藝舎 増加数=2
time=01:44:30.959 level=INFO msg=一定の売上が立ったためオーナーの椅子が増加します 名前=座心工房 増加数=1
time=01:44:32.325 level=INFO msg=これまでに地域内の評判によって115人、既存ユーザーの招待経由で296人が新規登録しました
time=01:44:32.325 level=INFO msg=これまでに低評価なライドによって168人が利用をやめました
time=01:44:32.325 level=INFO msg=77.5%のライドは椅子がマッチされるまでの時間、37.9%のライドはマッチされた椅子が乗車地点までに掛かる時間、57.1%のライドは椅子の実移動時間に不満がありました
time=01:44:32.712 level=INFO msg=一定の売上が立ったためオーナーの椅子が増加します 名前=ひまわり交通 増加数=2
time=01:44:32.724 level=INFO msg=一定の売上が立ったためオーナーの椅子が増加します 名前=椅子工藝舎 増加数=2
time=01:44:32.740 level=INFO msg=一定の売上が立ったためオーナーの椅子が増加します 名前=いすの道 増加数=2
time=01:44:32.805 level=INFO msg=一定の売上が立ったためオーナーの椅子が増加します 名前=座心工房 増加数=3
time=01:44:32.818 level=INFO msg=一定の売上が立ったためオーナーの椅子が増加します 名前="Urban Wheels" 増加数=2
time=01:44:34.545 level=INFO msg=一定の売上が立ったためオーナーの椅子が増加します 名前=いすの道 増加数=1
time=01:44:34.558 level=INFO msg=一定の売上が立ったためオーナーの椅子が増加します 名前=椅子工藝舎 増加数=2
time=01:44:34.563 level=INFO msg=一定の売上が立ったためオーナーの椅子が増加します 名前=座心工房 増加数=2
time=01:44:34.565 level=INFO msg=一定の売上が立ったためオーナーの椅子が増加します 名前=ひまわり交通 増加数=2
time=01:44:34.694 level=INFO msg=一定の売上が立ったためオーナーの椅子が増加します 名前="Urban Wheels" 増加数=1
time=01:44:36.293 level=INFO msg=一定の売上が立ったためオーナーの椅子が増加します 名前=ひまわり交通 増加数=3
time=01:44:36.298 level=INFO msg=一定の売上が立ったためオーナーの椅子が増加します 名前=いすの道 増加数=2
time=01:44:36.301 level=INFO msg=一定の売上が立ったためオーナーの椅子が増加します 名前=座心工房 増加数=2
time=01:44:36.320 level=INFO msg=一定の売上が立ったためオーナーの椅子が増加します 名前="Urban Wheels" 増加数=3
time=01:44:36.463 level=INFO msg=一定の売上が立ったためオーナーの椅子が増加します 名前=椅子工藝舎 増加数=3
time=01:44:37.725 level=INFO msg=これまでに地域内の評判によって127人、既存ユーザーの招待経由で309人が新規登録しました
time=01:44:37.725 level=INFO msg=これまでに低評価なライドによって184人が利用をやめました
time=01:44:37.725 level=INFO msg=80.3%のライドは椅子がマッチされるまでの時間、35.3%のライドはマッチされた椅子が乗車地点までに掛かる時間、59.1%のライドは椅子の実移動時間に不満がありました
time=01:44:38.226 level=INFO msg=一定の売上が立ったためオーナーの椅子が増加します 名前="Urban Wheels" 増加数=3
time=01:44:38.314 level=INFO msg=一定の売上が立ったためオーナーの椅子が増加します 名前=いすの道 増加数=2
time=01:44:38.316 level=INFO msg=一定の売上が立ったためオーナーの椅子が増加します 名前=座心工房 増加数=3
time=01:44:38.390 level=INFO msg=一定の売上が立ったためオーナーの椅子が増加します 名前=椅子工藝舎 増加数=1
time=01:44:43.325 level=INFO msg=最終地域情報 名前=チェアタウン ユーザー登録数=274 アクティブユーザー数=164
time=01:44:43.325 level=INFO msg=最終地域情報 名前=コシカケシティ ユーザー登録数=182 アクティブユーザー数=103
time=01:44:43.325 level=INFO msg=最終オーナー情報 名前=座心工房 売上=1935400 椅子数=70
time=01:44:43.325 level=INFO msg=最終オーナー情報 名前="Urban Wheels" 売上=2100300 椅子数=74
time=01:44:43.325 level=INFO msg=最終オーナー情報 名前=椅子工藝舎 売上=1850500 椅子数=67
time=01:44:43.325 level=INFO msg=最終オーナー情報 名前=いすの道 売上=1559300 椅子数=60
time=01:44:43.325 level=INFO msg=最終オーナー情報 名前=ひまわり交通 売上=1634100 椅子数=61
time=01:44:43.325 level=INFO msg=80.7%のライドは椅子がマッチされるまでの時間、34.9%のライドはマッチされた椅子が乗車地点までに掛かる時間、59.2%のライドは椅子の実移動時間に不満がありました
time=01:44:43.326 level=INFO msg=結果 pass=true スコア=103439 種別エラー数=map[]
time=01:44:43.326 level=INFO msg=負荷走行が終了しました
