time=01:06:30.523 level=INFO msg=負荷走行を開始します
time=01:06:36.597 level=INFO msg=一定の売上が立ったためオーナーの椅子が増加します 名前=快旅タクシー 増加数=1
time=01:06:38.369 level=INFO msg=これまでに地域内の評判によって6人、既存ユーザーの招待経由で13人が新規登録しました
time=01:06:38.369 level=INFO msg=これまでに低評価なライドによって1人が利用をやめました
time=01:06:38.369 level=INFO msg=0.0%のライドは椅子がマッチされるまでの時間、72.2%のライドはマッチされた椅子が乗車地点までに掛かる時間、22.2%のライドは椅子の実移動時間に不満がありました
time=01:06:38.414 level=INFO msg=一定の売上が立ったためオーナーの椅子が増加します 名前=ひまわり交通 増加数=1
time=01:06:40.198 level=INFO msg=一定の売上が立ったためオーナーの椅子が増加します 名前=ComfortWorks 増加数=1
time=01:06:40.221 level=INFO msg=一定の売上が立ったためオーナーの椅子が増加します 名前=GoEase 増加数=1
time=01:06:40.226 level=INFO msg=一定の売上が立ったためオーナーの椅子が増加します 名前=快旅タクシー 増加数=2
time=01:06:40.241 level=INFO msg=一定の売上が立ったためオーナーの椅子が増加します 名前=CityRide 増加数=1
time=01:06:42.013 level=INFO msg=一定の売上が立ったためオーナーの椅子が増加します 名前=ひまわり交通 増加数=1
time=01:06:42.015 level=INFO msg=一定の売上が立ったためオーナーの椅子が増加します 名前=CityRide 増加数=1
time=01:06:42.017 level=INFO msg=一定の売上が立ったためオーナーの椅子が増加します 名前=GoEase 増加数=2
time=01:06:43.769 level=INFO msg=これまでに地域内の評判によって18人、既存ユーザーの招待経由で17人が新規登録しました
time=01:06:43.769 level=INFO msg=これまでに低評価なライドによって8人が利用をやめました
time=01:06:43.769 level=INFO msg=0.0%のライドは椅子がマッチされるまでの時間、72.5%のライドはマッチされた椅子が乗車地点までに掛かる時間、58.8%のライドは椅子の実移動時間に不満がありました
time=01:06:43.921 level=INFO msg=一定の売上が立ったためオーナーの椅子が増加します 名前=快旅タクシー 増加数=1
time=01:06:47.423 level=INFO msg=一定の売上が立ったためオーナーの椅子が増加します 名前=ComfortWorks 増加数=1
time=01:06:47.447 level=INFO msg=一定の売上が立ったためオーナーの椅子が増加します 名前=GoEase 増加数=1
time=01:06:47.499 level=INFO msg=一定の売上が立ったためオーナーの椅子が増加します 名前=快旅タクシー 増加数=1
time=01:06:49.169 level=INFO msg=これまでに地域内の評判によって27人、既存ユーザーの招待経由で17人が新規登録しました
time=01:06:49.169 level=INFO msg=これまでに低評価なライドによって15人が利用をやめました
time=01:06:49.169 level=INFO msg=0.0%のライドは椅子がマッチされるまでの時間、76.3%のライドはマッチされた椅子が乗車地点までに掛かる時間、72.0%のライドは椅子の実移動時間に不満がありました
time=01:06:49.305 level=INFO msg=一定の売上が立ったためオーナーの椅子が増加します 名前=ひまわり交通 増加数=1
time=01:06:49.335 level=INFO msg=一定の売上が立ったためオーナーの椅子が増加します 名前=快旅タクシー 増加数=1
time=01:06:49.340 level=INFO msg=一定の売上が立ったためオーナーの椅子が増加します 名前=CityRide 増加数=2
time=01:06:51.108 level=INFO msg=一定の売上が立ったためオーナーの椅子が増加します 名前=GoEase 増加数=1
time=01:06:51.127 level=INFO msg=一定の売上が立ったためオーナーの椅子が増加します 名前=ComfortWorks 増加数=1
time=01:06:51.141 level=INFO msg=一定の売上が立ったためオーナーの椅子が増加します 名前=ひまわり交通 増加数=1
time=01:06:51.173 level=INFO msg=一定の売上が立ったためオーナーの椅子が増加します 名前=CityRide 増加数=1
time=01:06:52.916 level=INFO msg=一定の売上が立ったためオーナーの椅子が増加します 名前=快旅タクシー 増加数=1
time=01:06:52.948 level=INFO msg=一定の売上が立ったためオーナーの椅子が増加します 名前=ひまわり交通 増加数=1
time=01:06:54.569 level=INFO msg=これまでに地域内の評判によって37人、既存ユーザーの招待経由で20人が新規登録しました
time=01:06:54.569 level=INFO msg=これまでに低評価なライドによって25人が利用をやめました
time=01:06:54.569 level=INFO msg=0.0%のライドは椅子がマッチされるまでの時間、74.1%のライドはマッチされた椅子が乗車地点までに掛かる時間、77.8%のライドは椅子の実移動時間に不満がありました
time=01:06:54.827 level=INFO msg=一定の売上が立ったためオーナーの椅子が増加します 名前=GoEase 増加数=1
time=01:06:54.841 level=INFO msg=一定の売上が立ったためオーナーの椅子が増加します 名前=CityRide 増加数=1
time=01:06:56.551 level=INFO msg=一定の売上が立ったためオーナーの椅子が増加します 名前=CityRide 増加数=1
time=01:06:56.579 level=INFO msg=一定の売上が立ったためオーナーの椅子が増加します 名前=ComfortWorks 増加数=1
time=01:06:56.598 level=INFO msg=一定の売上が立ったためオーナーの椅子が増加します 名前=ひまわり交通 増加数=1
time=01:06:56.599 level=INFO msg=一定の売上が立ったためオーナーの椅子が増加します 名前=GoEase 増加数=1
time=01:06:56.708 level=INFO msg=一定の売上が立ったためオーナーの椅子が増加します 名前=快旅タクシー 増加数=1
time=01:06:58.362 level=INFO msg=一定の売上が立ったためオーナーの椅子が増加します 名前=快旅タクシー 増加数=1
time=01:06:58.471 level=INFO msg=一定の売上が立ったためオーナーの椅子が増加します 名前=GoEase 増加数=1
time=01:06:59.970 level=INFO msg=これまでに地域内の評判によって47人、既存ユーザーの招待経由で21人が新規登録しました
time=01:06:59.970 level=INFO msg=これまでに低評価なライドによって31人が利用をやめました
time=01:06:59.970 level=INFO msg=0.0%のライドは椅子がマッチされるまでの時間、72.6%のライドはマッチされた椅子が乗車地点までに掛かる時間、82.5%のライドは椅子の実移動時間に不満がありました
time=01:07:00.189 level=INFO msg=一定の売上が立ったためオーナーの椅子が増加します 名前=ひまわり交通 増加数=1
time=01:07:00.248 level=INFO msg=一定の売上が立ったためオーナーの椅子が増加します 名前=快旅タクシー 増加数=1
time=01:07:02.001 level=INFO msg=一定の売上が立ったためオーナーの椅子が増加します 名前=CityRide 増加数=1
time=01:07:02.020 level=INFO msg=一定の売上が立ったためオーナーの椅子が増加します 名前=GoEase 増加数=1
time=01:07:02.084 level=INFO msg=一定の売上が立ったためオーナーの椅子が増加します 名前=ひまわり交通 増加数=1
time=01:07:03.912 level=INFO msg=一定の売上が立ったためオーナーの椅子が増加します 名前=ComfortWorks 増加数=1
time=01:07:03.936 level=INFO msg=一定の売上が立ったためオーナーの椅子が増加します 名前=GoEase 増加数=1
time=01:07:05.370 level=INFO msg=これまでに地域内の評判によって59人、既存ユーザーの招待経由で22人が新規登録しました
time=01:07:05.370 level=INFO msg=これまでに低評価なライドによって35人が利用をやめました
time=01:07:05.370 level=INFO msg=6.3%のライドは椅子がマッチされるまでの時間、66.9%のライドはマッチされた椅子が乗車地点までに掛かる時間、85.0%のライドは椅子の実移動時間に不満がありました
time=01:07:05.681 level=INFO msg=一定の売上が立ったためオーナーの椅子が増加します 名前=ComfortWorks 増加数=1
time=01:07:05.734 level=INFO msg=一定の売上が立ったためオーナーの椅子が増加します 名前=ひまわり交通 増加数=1
time=01:07:05.816 level=INFO msg=一定の売上が立ったためオーナーの椅子が増加します 名前=快旅タクシー 増加数=1
time=01:07:07.502 level=INFO msg=一定の売上が立ったためオーナーの椅子が増加します 名前=CityRide 増加数=2
time=01:07:07.603 level=INFO msg=一定の売上が立ったためオーナーの椅子が増加します 名前=ひまわり交通 増加数=1
time=01:07:07.634 level=INFO msg=一定の売上が立ったためオーナーの椅子が増加します 名前=快旅タクシー 増加数=1
time=01:07:09.304 level=INFO msg=一定の売上が立ったためオーナーの椅子が増加します 名前=ComfortWorks 増加数=1
time=01:07:09.371 level=INFO msg=一定の売上が立ったためオーナーの椅子が増加します 名前=CityRide 増加数=1
time=01:07:09.379 level=INFO msg=一定の売上が立ったためオーナーの椅子が増加します 名前=GoEase 増加数=1
time=01:07:10.769 level=INFO msg=これまでに地域内の評判によって71人、既存ユーザーの招待経由で22人が新規登録しました
time=01:07:10.769 level=INFO msg=これまでに低評価なライドによって48人が利用をやめました
time=01:07:10.769 level=INFO msg=23.1%のライドは椅子がマッチされるまでの時間、62.2%のライドはマッチされた椅子が乗車地点までに掛かる時間、87.2%のライドは椅子の実移動時間に不満がありました
time=01:07:11.228 level=INFO msg=一定の売上が立ったためオーナーの椅子が増加します 名前=GoEase 増加数=1
time=01:07:11.322 level=INFO msg=一定の売上が立ったためオーナーの椅子が増加します 名前=快旅タクシー 増加数=1
time=01:07:12.990 level=INFO msg=一定の売上が立ったためオーナーの椅子が増加します 名前=ひまわり交通 増加数=1
time=01:07:13.007 level=INFO msg=一定の売上が立ったためオーナーの椅子が増加します 名前=快旅タクシー 増加数=1
time=01:07:13.036 level=INFO msg=一定の売上が立ったためオーナーの椅子が増加します 名前=CityRide 増加数=1
time=01:07:14.742 level=INFO msg=一定の売上が立ったためオーナーの椅子が増加します 名前=GoEase 増加数=1
time=01:07:14.784 level=INFO msg=一定の売上が立ったためオーナーの椅子が増加します 名前=ComfortWorks 増加数=1
time=01:07:14.867 level=INFO msg=一定の売上が立ったためオーナーの椅子が増加します 名前=快旅タクシー 増加数=1
time=01:07:16.169 level=INFO msg=これまでに地域内の評判によって81人、既存ユーザーの招待経由で22人が新規登録しました
time=01:07:16.169 level=INFO msg=これまでに低評価なライドによって61人が利用をやめました
time=01:07:16.169 level=INFO msg=33.5%のライドは椅子がマッチされるまでの時間、58.8%のライドはマッチされた椅子が乗車地点までに掛かる時間、88.5%のライドは椅子の実移動時間に不満がありました
time=01:07:16.651 level=INFO msg=一定の売上が立ったためオーナーの椅子が増加します 名前=CityRide 増加数=1
time=01:07:18.440 level=INFO msg=一定の売上が立ったためオーナーの椅子が増加します 名前=快旅タクシー 増加数=1
time=01:07:18.535 level=INFO msg=一定の売上が立ったためオーナーの椅子が増加します 名前=CityRide 増加数=1
time=01:07:18.672 level=INFO msg=一定の売上が立ったためオーナーの椅子が増加します 名前=GoEase 増加数=1
time=01:07:20.110 level=INFO msg=一定の売上が立ったためオーナーの椅子が増加します 名前=ComfortWorks 増加数=1
time=01:07:20.190 level=INFO msg=一定の売上が立ったためオーナーの椅子が増加します 名前=ひまわり交通 増加数=1
time=01:07:20.293 level=INFO msg=一定の売上が立ったためオーナーの椅子が増加します 名前=快旅タクシー 増加数=2
time=01:07:21.569 level=INFO msg=これまでに地域内の評判によって92人、既存ユーザーの招待経由で22人が新規登録しました
time=01:07:21.569 level=INFO msg=これまでに低評価なライドによって78人が利用をやめました
time=01:07:21.569 level=INFO msg=41.4%のライドは椅子がマッチされるまでの時間、54.0%のライドはマッチされた椅子が乗車地点までに掛かる時間、90.2%のライドは椅子の実移動時間に不満がありました
time=01:07:22.109 level=INFO msg=一定の売上が立ったためオーナーの椅子が増加します 名前=GoEase 増加数=1
time=01:07:22.309 level=INFO msg=一定の売上が立ったためオーナーの椅子が増加します 名前=快旅タクシー 増加数=1
time=01:07:23.745 level=INFO msg=一定の売上が立ったためオーナーの椅子が増加します 名前=ComfortWorks 増加数=1
time=01:07:23.789 level=INFO msg=一定の売上が立ったためオーナーの椅子が増加します 名前=CityRide 増加数=1
time=01:07:23.946 level=INFO msg=一定の売上が立ったためオーナーの椅子が増加します 名前=GoEase 増加数=1
time=01:07:25.622 level=INFO msg=一定の売上が立ったためオーナーの椅子が増加します 名前=ひまわり交通 増加数=1
time=01:07:26.969 level=INFO msg=これまでに地域内の評判によって103人、既存ユーザーの招待経由で22人が新規登録しました
time=01:07:26.970 level=INFO msg=これまでに低評価なライドによって86人が利用をやめました
time=01:07:26.970 level=INFO msg=45.7%のライドは椅子がマッチされるまでの時間、50.9%のライドはマッチされた椅子が乗車地点までに掛かる時間、90.8%のライドは椅子の実移動時間に不満がありました
time=01:07:27.424 level=INFO msg=一定の売上が立ったためオーナーの椅子が増加します 名前=CityRide 増加数=1
time=01:07:27.564 level=INFO msg=一定の売上が立ったためオーナーの椅子が増加します 名前=快旅タクシー 増加数=1
time=01:07:29.250 level=INFO msg=一定の売上が立ったためオーナーの椅子が増加します 名前=ひまわり交通 増加数=1
time=01:07:29.267 level=INFO msg=一定の売上が立ったためオーナーの椅子が増加します 名前=GoEase 増加数=2
time=01:07:29.330 level=INFO msg=一定の売上が立ったためオーナーの椅子が増加します 名前=快旅タクシー 増加数=1
time=01:07:30.604 level=WARN msg="椅子がライドを受理できませんでした (CODE=3): POST /api/chair/rides/{rideID}/statusへのリクエストに対して、期待されたHTTPステータスコードが確認できませんでした (expected:204, actual:500)"
time=01:07:30.606 level=WARN msg="椅子の座標送信に失敗しました (CODE=1): POST /api/chair/coordinateへのリクエストに対して、期待されたHTTPステータスコードが確認できませんでした (expected:200, actual:500)"
time=01:07:31.593 level=WARN msg="椅子の座標送信に失敗しました (CODE=1): POST /api/chair/coordinateへのリクエストに対して、期待されたHTTPステータスコードが確認できませんでした (expected:200, actual:500)"
time=01:07:32.370 level=INFO msg=これまでに地域内の評判によって115人、既存ユーザーの招待経由で22人が新規登録しました
time=01:07:32.370 level=INFO msg=これまでに低評価なライドによって95人が利用をやめました
time=01:07:32.370 level=INFO msg=49.8%のライドは椅子がマッチされるまでの時間、47.4%のライドはマッチされた椅子が乗車地点までに掛かる時間、91.5%のライドは椅子の実移動時間に不満がありました
time=01:07:32.437 level=WARN msg="ユーザーの支払い情報の登録に失敗しました (CODE=21): POST /api/app/payment-methodsへのリクエストに対して、期待されたHTTPステータスコードが確認できませんでした (expected:204, actual:500)"
time=01:07:32.437 level=WARN msg="椅子がライドを受理できませんでした (CODE=3): POST /api/chair/rides/{rideID}/statusへのリクエストに対して、期待されたHTTPステータスコードが確認できませんでした (expected:204, actual:500)"
time=01:07:32.529 level=WARN msg="ユーザーがライド履歴の取得に失敗しました (CODE=7): GET /app/rides へのリクエストに対して、期待されたHTTPステータスコードが確認できませんでした (expected:200, actual:500)"
time=01:07:32.732 level=WARN msg="椅子の座標送信に失敗しました (CODE=1): POST /api/chair/coordinateへのリクエストに対して、期待されたHTTPステータスコードが確認できませんでした (expected:200, actual:500)"
time=01:07:37.970 level=INFO msg=最終地域情報 名前=チェアタウン ユーザー登録数=88 アクティブユーザー数=31
time=01:07:37.970 level=INFO msg=最終地域情報 名前=コシカケシティ ユーザー登録数=62 アクティブユーザー数=22
time=01:07:37.970 level=INFO msg=最終オーナー情報 名前=GoEase 売上=334800 椅子数=22
time=01:07:37.970 level=INFO msg=最終オーナー情報 名前=ComfortWorks 売上=188700 椅子数=14
time=01:07:37.970 level=INFO msg=最終オーナー情報 名前=ひまわり交通 売上=248200 椅子数=18
time=01:07:37.970 level=INFO msg=最終オーナー情報 名前=CityRide 売上=294000 椅子数=20
time=01:07:37.970 level=INFO msg=最終オーナー情報 名前=快旅タクシー 売上=416100 椅子数=25
time=01:07:37.970 level=INFO msg=50.6%のライドは椅子がマッチされるまでの時間、46.7%のライドはマッチされた椅子が乗車地点までに掛かる時間、91.4%のライドは椅子の実移動時間に不満がありました
time=01:07:37.970 level=INFO msg=結果 pass=true スコア=16743 種別エラー数="map[1:3 3:2 7:1 21:1]"
time=01:07:37.970 level=INFO msg=負荷走行が終了しました
