time=01:06:30.523 level=DEBUG source=/tmp/isucon14/bench/cmd/run.go:90 msg=target targetURL=https://isuride.xiv.isucon.net targetAddr=10.100.0.235:443 benchrun.GetTargetAddress()="" paymentURL=http://10.100.0.90:12346
time=01:06:34.769 level=DEBUG source=/tmp/isucon14/bench/benchmarker/scenario/scenario.go:315 msg=時間経過 tick=60
time=01:06:34.769 level=DEBUG source=/tmp/isucon14/bench/benchmarker/scenario/scenario.go:317 msg=eval reqs=3 score="[0 0 0 2 1]" criteria="[3 1 3 3]"
time=01:06:36.569 level=DEBUG source=/tmp/isucon14/bench/benchmarker/scenario/scenario.go:315 msg=時間経過 tick=120
time=01:06:36.569 level=DEBUG source=/tmp/isucon14/bench/benchmarker/scenario/scenario.go:317 msg=eval reqs=9 score="[0 0 1 5 3]" criteria="[9 3 9 8]"
time=01:06:38.369 level=DEBUG source=/tmp/isucon14/bench/benchmarker/scenario/scenario.go:315 msg=時間経過 tick=180
time=01:06:38.369 level=DEBUG source=/tmp/isucon14/bench/benchmarker/scenario/scenario.go:317 msg=eval reqs=18 score="[0 1 4 10 3]" criteria="[18 5 16 12]"
time=01:06:40.169 level=DEBUG source=/tmp/isucon14/bench/benchmarker/scenario/scenario.go:315 msg=時間経過 tick=240
time=01:06:40.169 level=DEBUG source=/tmp/isucon14/bench/benchmarker/scenario/scenario.go:317 msg=eval reqs=28 score="[0 7 6 12 3]" criteria="[28 8 19 12]"
time=01:06:41.969 level=DEBUG source=/tmp/isucon14/bench/benchmarker/scenario/scenario.go:315 msg=時間経過 tick=300
time=01:06:41.969 level=DEBUG source=/tmp/isucon14/bench/benchmarker/scenario/scenario.go:317 msg=eval reqs=35 score="[0 13 6 13 3]" criteria="[35 9 20 12]"
time=01:06:43.769 level=DEBUG source=/tmp/isucon14/bench/benchmarker/scenario/scenario.go:315 msg=時間経過 tick=360
time=01:06:43.769 level=DEBUG source=/tmp/isucon14/bench/benchmarker/scenario/scenario.go:317 msg=eval reqs=40 score="[0 16 7 14 3]" criteria="[40 11 21 12]"
time=01:06:45.569 level=DEBUG source=/tmp/isucon14/bench/benchmarker/scenario/scenario.go:315 msg=時間経過 tick=420
time=01:06:45.569 level=DEBUG source=/tmp/isucon14/bench/benchmarker/scenario/scenario.go:317 msg=eval reqs=45 score="[0 20 8 14 3]" criteria="[45 12 21 12]"
time=01:06:47.370 level=DEBUG source=/tmp/isucon14/bench/benchmarker/scenario/scenario.go:315 msg=時間経過 tick=480
time=01:06:47.370 level=DEBUG source=/tmp/isucon14/bench/benchmarker/scenario/scenario.go:317 msg=eval reqs=52 score="[0 26 9 14 3]" criteria="[52 13 21 12]"
time=01:06:49.169 level=DEBUG source=/tmp/isucon14/bench/benchmarker/scenario/scenario.go:315 msg=時間経過 tick=540
time=01:06:49.169 level=DEBUG source=/tmp/isucon14/bench/benchmarker/scenario/scenario.go:317 msg=eval reqs=59 score="[0 32 10 14 3]" criteria="[59 14 21 12]"
time=01:06:50.969 level=DEBUG source=/tmp/isucon14/bench/benchmarker/scenario/scenario.go:315 msg=時間経過 tick=600
time=01:06:50.969 level=DEBUG source=/tmp/isucon14/bench/benchmarker/scenario/scenario.go:317 msg=eval reqs=65 score="[0 36 10 16 3]" criteria="[65 16 22 13]"
time=01:06:52.769 level=DEBUG source=/tmp/isucon14/bench/benchmarker/scenario/scenario.go:315 msg=時間経過 tick=660
time=01:06:52.769 level=DEBUG source=/tmp/isucon14/bench/benchmarker/scenario/scenario.go:317 msg=eval reqs=71 score="[0 42 10 16 3]" criteria="[71 16 22 13]"
time=01:06:54.569 level=DEBUG source=/tmp/isucon14/bench/benchmarker/scenario/scenario.go:315 msg=時間経過 tick=720
time=01:06:54.569 level=DEBUG source=/tmp/isucon14/bench/benchmarker/scenario/scenario.go:317 msg=eval reqs=81 score="[0 47 14 17 3]" criteria="[81 21 22 14]"
time=01:06:56.369 level=DEBUG source=/tmp/isucon14/bench/benchmarker/scenario/scenario.go:315 msg=時間経過 tick=780
time=01:06:56.369 level=DEBUG source=/tmp/isucon14/bench/benchmarker/scenario/scenario.go:317 msg=eval reqs=88 score="[0 53 15 17 3]" criteria="[88 22 22 14]"
time=01:06:58.169 level=DEBUG source=/tmp/isucon14/bench/benchmarker/scenario/scenario.go:315 msg=時間経過 tick=840
time=01:06:58.169 level=DEBUG source=/tmp/isucon14/bench/benchmarker/scenario/scenario.go:317 msg=eval reqs=96 score="[0 58 18 17 3]" criteria="[96 25 22 14]"
time=01:06:59.970 level=DEBUG source=/tmp/isucon14/bench/benchmarker/scenario/scenario.go:315 msg=時間経過 tick=900
time=01:06:59.970 level=DEBUG source=/tmp/isucon14/bench/benchmarker/scenario/scenario.go:317 msg=eval reqs=106 score="[0 64 21 18 3]" criteria="[106 29 22 15]"
time=01:07:01.769 level=DEBUG source=/tmp/isucon14/bench/benchmarker/scenario/scenario.go:315 msg=時間経過 tick=960
time=01:07:01.769 level=DEBUG source=/tmp/isucon14/bench/benchmarker/scenario/scenario.go:317 msg=eval reqs=114 score="[0 68 24 19 3]" criteria="[111 36 22 16]"
time=01:07:03.570 level=DEBUG source=/tmp/isucon14/bench/benchmarker/scenario/scenario.go:315 msg=時間経過 tick=1020
time=01:07:03.570 level=DEBUG source=/tmp/isucon14/bench/benchmarker/scenario/scenario.go:317 msg=eval reqs=121 score="[1 71 27 19 3]" criteria="[116 40 22 16]"
time=01:07:05.369 level=DEBUG source=/tmp/isucon14/bench/benchmarker/scenario/scenario.go:315 msg=時間経過 tick=1080
time=01:07:05.370 level=DEBUG source=/tmp/isucon14/bench/benchmarker/scenario/scenario.go:317 msg=eval reqs=127 score="[3 74 28 19 3]" criteria="[119 42 22 16]"
time=01:07:07.169 level=DEBUG source=/tmp/isucon14/bench/benchmarker/scenario/scenario.go:315 msg=時間経過 tick=1140
time=01:07:07.169 level=DEBUG source=/tmp/isucon14/bench/benchmarker/scenario/scenario.go:317 msg=eval reqs=137 score="[7 79 29 19 3]" criteria="[120 48 22 16]"
time=01:07:08.969 level=DEBUG source=/tmp/isucon14/bench/benchmarker/scenario/scenario.go:315 msg=時間経過 tick=1200
time=01:07:08.969 level=DEBUG source=/tmp/isucon14/bench/benchmarker/scenario/scenario.go:317 msg=eval reqs=147 score="[12 83 30 19 3]" criteria="[120 53 22 17]"
time=01:07:09.033 level=DEBUG source=/tmp/isucon14/bench/benchmarker/scenario/worldclient/worldclient.go:255 msg="GET /api/chair/notificationへのリクエストに対して、期待されたHTTPステータスコードが確認できませんでした (expected:200, actual:500)"
time=01:07:09.037 level=DEBUG source=/tmp/isucon14/bench/benchmarker/scenario/worldclient/worldclient.go:255 msg="GET /api/chair/notificationへのリクエストに対して、期待されたHTTPステータスコードが確認できませんでした (expected:200, actual:500)"
time=01:07:09.038 level=DEBUG source=/tmp/isucon14/bench/benchmarker/scenario/worldclient/worldclient.go:255 msg="GET /api/chair/notificationへのリクエストに対して、期待されたHTTPステータスコードが確認できませんでした (expected:200, actual:500)"
time=01:07:09.042 level=DEBUG source=/tmp/isucon14/bench/benchmarker/scenario/worldclient/worldclient.go:255 msg="GET /api/chair/notificationへのリクエストに対して、期待されたHTTPステータスコードが確認できませんでした (expected:200, actual:500)"
time=01:07:10.769 level=DEBUG source=/tmp/isucon14/bench/benchmarker/scenario/scenario.go:315 msg=時間経過 tick=1260
time=01:07:10.769 level=DEBUG source=/tmp/isucon14/bench/benchmarker/scenario/scenario.go:317 msg=eval reqs=156 score="[15 88 31 19 3]" criteria="[120 59 22 18]"
time=01:07:12.570 level=DEBUG source=/tmp/isucon14/bench/benchmarker/scenario/scenario.go:315 msg=時間経過 tick=1320
time=01:07:12.570 level=DEBUG source=/tmp/isucon14/bench/benchmarker/scenario/scenario.go:317 msg=eval reqs=165 score="[20 91 32 19 3]" criteria="[120 63 22 19]"
time=01:07:14.369 level=DEBUG source=/tmp/isucon14/bench/benchmarker/scenario/scenario.go:315 msg=時間経過 tick=1380
time=01:07:14.369 level=DEBUG source=/tmp/isucon14/bench/benchmarker/scenario/scenario.go:317 msg=eval reqs=174 score="[23 96 33 19 3]" criteria="[120 69 22 20]"
time=01:07:16.169 level=DEBUG source=/tmp/isucon14/bench/benchmarker/scenario/scenario.go:315 msg=時間経過 tick=1440
time=01:07:16.169 level=DEBUG source=/tmp/isucon14/bench/benchmarker/scenario/scenario.go:317 msg=eval reqs=182 score="[24 103 33 19 3]" criteria="[121 75 22 20]"
time=01:07:16.242 level=DEBUG source=/tmp/isucon14/bench/benchmarker/scenario/worldclient/worldclient.go:454 msg="GET /api/app/notificationsへのリクエストに対して、期待されたHTTPステータスコードが確認できませんでした (expected:200, actual:500)"
time=01:07:17.969 level=DEBUG source=/tmp/isucon14/bench/benchmarker/scenario/scenario.go:315 msg=時間経過 tick=1500
time=01:07:17.969 level=DEBUG source=/tmp/isucon14/bench/benchmarker/scenario/scenario.go:317 msg=eval reqs=194 score="[26 113 33 19 3]" criteria="[122 84 22 20]"
time=01:07:19.770 level=DEBUG source=/tmp/isucon14/bench/benchmarker/scenario/scenario.go:315 msg=時間経過 tick=1560
time=01:07:19.770 level=DEBUG source=/tmp/isucon14/bench/benchmarker/scenario/scenario.go:317 msg=eval reqs=204 score="[28 121 33 19 3]" criteria="[124 90 22 20]"
time=01:07:21.569 level=DEBUG source=/tmp/isucon14/bench/benchmarker/scenario/scenario.go:315 msg=時間経過 tick=1620
time=01:07:21.569 level=DEBUG source=/tmp/isucon14/bench/benchmarker/scenario/scenario.go:317 msg=eval reqs=215 score="[28 132 33 19 3]" criteria="[126 99 22 20]"
time=01:07:23.369 level=DEBUG source=/tmp/isucon14/bench/benchmarker/scenario/scenario.go:315 msg=時間経過 tick=1680
time=01:07:23.369 level=DEBUG source=/tmp/isucon14/bench/benchmarker/scenario/scenario.go:317 msg=eval reqs=221 score="[28 138 33 19 3]" criteria="[127 104 22 20]"
time=01:07:25.170 level=DEBUG source=/tmp/isucon14/bench/benchmarker/scenario/scenario.go:315 msg=時間経過 tick=1740
time=01:07:25.170 level=DEBUG source=/tmp/isucon14/bench/benchmarker/scenario/scenario.go:317 msg=eval reqs=226 score="[29 141 34 19 3]" criteria="[127 108 22 21]"
time=01:07:25.476 level=DEBUG source=/tmp/isucon14/bench/benchmarker/scenario/worldclient/worldclient.go:255 msg="GET /api/chair/notificationへのリクエストに対して、期待されたHTTPステータスコードが確認できませんでした (expected:200, actual:500)"
time=01:07:25.476 level=DEBUG source=/tmp/isucon14/bench/benchmarker/scenario/worldclient/worldclient.go:255 msg="GET /api/chair/notificationへのリクエストに対して、期待されたHTTPステータスコードが確認できませんでした (expected:200, actual:500)"
time=01:07:26.969 level=DEBUG source=/tmp/isucon14/bench/benchmarker/scenario/scenario.go:315 msg=時間経過 tick=1800
time=01:07:26.969 level=DEBUG source=/tmp/isucon14/bench/benchmarker/scenario/scenario.go:317 msg=eval reqs=234 score="[30 148 34 19 3]" criteria="[127 115 22 21]"
time=01:07:28.770 level=DEBUG source=/tmp/isucon14/bench/benchmarker/scenario/scenario.go:315 msg=時間経過 tick=1860
time=01:07:28.770 level=DEBUG source=/tmp/isucon14/bench/benchmarker/scenario/scenario.go:317 msg=eval reqs=246 score="[30 160 34 19 3]" criteria="[127 127 22 21]"
time=01:07:30.570 level=DEBUG source=/tmp/isucon14/bench/benchmarker/scenario/scenario.go:315 msg=時間経過 tick=1920
time=01:07:30.570 level=DEBUG source=/tmp/isucon14/bench/benchmarker/scenario/scenario.go:317 msg=eval reqs=249 score="[30 163 34 19 3]" criteria="[127 130 22 21]"
time=01:07:30.604 level=DEBUG source=/tmp/isucon14/bench/benchmarker/scenario/worldclient/worldclient.go:255 msg="GET /api/chair/notificationへのリクエストに対して、期待されたHTTPステータスコードが確認できませんでした (expected:200, actual:500)"
time=01:07:30.604 level=DEBUG source=/tmp/isucon14/bench/benchmarker/scenario/worldclient/worldclient.go:255 msg="GET /api/chair/notificationへのリクエストに対して、期待されたHTTPステータスコードが確認できませんでした (expected:200, actual:500)"
time=01:07:30.604 level=DEBUG source=/tmp/isucon14/bench/benchmarker/scenario/worldclient/worldclient.go:255 msg="GET /api/chair/notificationへのリクエストに対して、期待されたHTTPステータスコードが確認できませんでした (expected:200, actual:500)"
time=01:07:30.604 level=DEBUG source=/tmp/isucon14/bench/benchmarker/scenario/worldclient/worldclient.go:255 msg="GET /api/chair/notificationへのリクエストに対して、期待されたHTTPステータスコードが確認できませんでした (expected:200, actual:500)"
time=01:07:30.604 level=DEBUG source=/tmp/isucon14/bench/benchmarker/scenario/worldclient/worldclient.go:255 msg="GET /api/chair/notificationへのリクエストに対して、期待されたHTTPステータスコードが確認できませんでした (expected:200, actual:500)"
time=01:07:31.593 level=DEBUG source=/tmp/isucon14/bench/benchmarker/scenario/worldclient/worldclient.go:454 msg="GET /api/app/notificationsへのリクエストに対して、期待されたHTTPステータスコードが確認できませんでした (expected:200, actual:500)"
time=01:07:31.593 level=DEBUG source=/tmp/isucon14/bench/benchmarker/scenario/worldclient/worldclient.go:255 msg="GET /api/chair/notificationへのリクエストに対して、期待されたHTTPステータスコードが確認できませんでした (expected:200, actual:500)"
time=01:07:31.971 level=DEBUG source=/tmp/isucon14/bench/benchmarker/scenario/worldclient/worldclient.go:255 msg="GET /api/chair/notificationへのリクエストに対して、期待されたHTTPステータスコードが確認できませんでした (expected:200, actual:500)"
time=01:07:31.977 level=DEBUG source=/tmp/isucon14/bench/benchmarker/scenario/worldclient/worldclient.go:255 msg="GET /api/chair/notificationへのリクエストに対して、期待されたHTTPステータスコードが確認できませんでした (expected:200, actual:500)"
time=01:07:32.370 level=DEBUG source=/tmp/isucon14/bench/benchmarker/scenario/scenario.go:315 msg=時間経過 tick=1980
time=01:07:32.370 level=DEBUG source=/tmp/isucon14/bench/benchmarker/scenario/scenario.go:317 msg=eval reqs=253 score="[31 166 34 19 3]" criteria="[127 133 22 21]"
time=01:07:32.427 level=DEBUG source=/tmp/isucon14/bench/benchmarker/scenario/worldclient/worldclient.go:255 msg="GET /api/chair/notificationへのリクエストに対して、期待されたHTTPステータスコードが確認できませんでした (expected:200, actual:500)"
time=01:07:32.428 level=DEBUG source=/tmp/isucon14/bench/benchmarker/scenario/worldclient/worldclient.go:454 msg="GET /api/app/notificationsへのリクエストに対して、期待されたHTTPステータスコードが確認できませんでした (expected:200, actual:500)"
time=01:07:32.437 level=DEBUG source=/tmp/isucon14/bench/benchmarker/scenario/worldclient/worldclient.go:255 msg="GET /api/chair/notificationへのリクエストに対して、期待されたHTTPステータスコードが確認できませんでした (expected:200, actual:500)"
time=01:07:32.437 level=DEBUG source=/tmp/isucon14/bench/benchmarker/scenario/worldclient/worldclient.go:255 msg="GET /api/chair/notificationへのリクエストに対して、期待されたHTTPステータスコードが確認できませんでした (expected:200, actual:500)"
time=01:07:32.438 level=DEBUG source=/tmp/isucon14/bench/benchmarker/scenario/worldclient/worldclient.go:454 msg="GET /api/app/notificationsへのリクエストに対して、期待されたHTTPステータスコードが確認できませんでした (expected:200, actual:500)"
time=01:07:32.443 level=DEBUG source=/tmp/isucon14/bench/benchmarker/scenario/worldclient/worldclient.go:255 msg="GET /api/chair/notificationへのリクエストに対して、期待されたHTTPステータスコードが確認できませんでした (expected:200, actual:500)"
time=01:07:32.443 level=DEBUG source=/tmp/isucon14/bench/benchmarker/scenario/worldclient/worldclient.go:454 msg="GET /api/app/notificationsへのリクエストに対して、期待されたHTTPステータスコードが確認できませんでした (expected:200, actual:500)"
time=01:07:32.444 level=DEBUG source=/tmp/isucon14/bench/benchmarker/scenario/worldclient/worldclient.go:255 msg="GET /api/chair/notificationへのリクエストに対して、期待されたHTTPステータスコードが確認できませんでした (expected:200, actual:500)"
time=01:07:32.445 level=DEBUG source=/tmp/isucon14/bench/benchmarker/scenario/worldclient/worldclient.go:255 msg="GET /api/chair/notificationへのリクエストに対して、期待されたHTTPステータスコードが確認できませんでした (expected:200, actual:500)"
time=01:07:32.515 level=DEBUG source=/tmp/isucon14/bench/benchmarker/scenario/worldclient/worldclient.go:255 msg="GET /api/chair/notificationへのリクエストに対して、期待されたHTTPステータスコードが確認できませんでした (expected:200, actual:500)"
time=01:07:32.515 level=DEBUG source=/tmp/isucon14/bench/benchmarker/scenario/worldclient/worldclient.go:255 msg="GET /api/chair/notificationへのリクエストに対して、期待されたHTTPステータスコードが確認できませんでした (expected:200, actual:500)"
time=01:07:32.515 level=DEBUG source=/tmp/isucon14/bench/benchmarker/scenario/worldclient/worldclient.go:255 msg="GET /api/chair/notificationへのリクエストに対して、期待されたHTTPステータスコードが確認できませんでした (expected:200, actual:500)"
time=01:07:32.515 level=DEBUG source=/tmp/isucon14/bench/benchmarker/scenario/worldclient/worldclient.go:255 msg="GET /api/chair/notificationへのリクエストに対して、期待されたHTTPステータスコードが確認できませんでした (expected:200, actual:500)"
time=01:07:32.526 level=DEBUG source=/tmp/isucon14/bench/benchmarker/scenario/worldclient/worldclient.go:255 msg="GET /api/chair/notificationへのリクエストに対して、期待されたHTTPステータスコードが確認できませんでした (expected:200, actual:500)"
time=01:07:32.527 level=DEBUG source=/tmp/isucon14/bench/benchmarker/scenario/worldclient/worldclient.go:255 msg="GET /api/chair/notificationへのリクエストに対して、期待されたHTTPステータスコードが確認できませんでした (expected:200, actual:500)"
time=01:07:32.529 level=DEBUG source=/tmp/isucon14/bench/benchmarker/scenario/worldclient/worldclient.go:255 msg="GET /api/chair/notificationへのリクエストに対して、期待されたHTTPステータスコードが確認できませんでした (expected:200, actual:500)"
time=01:07:32.564 level=DEBUG source=/tmp/isucon14/bench/benchmarker/scenario/worldclient/worldclient.go:255 msg="GET /api/chair/notificationへのリクエストに対して、期待されたHTTPステータスコードが確認できませんでした (expected:200, actual:500)"
time=01:07:32.575 level=DEBUG source=/tmp/isucon14/bench/benchmarker/scenario/worldclient/worldclient.go:255 msg="GET /api/chair/notificationへのリクエストに対して、期待されたHTTPステータスコードが確認できませんでした (expected:200, actual:500)"
time=01:07:32.587 level=DEBUG source=/tmp/isucon14/bench/benchmarker/scenario/worldclient/worldclient.go:255 msg="GET /api/chair/notificationへのリクエストに対して、期待されたHTTPステータスコードが確認できませんでした (expected:200, actual:500)"
time=01:07:32.588 level=DEBUG source=/tmp/isucon14/bench/benchmarker/scenario/worldclient/worldclient.go:454 msg="GET /api/app/notificationsへのリクエストに対して、期待されたHTTPステータスコードが確認できませんでした (expected:200, actual:500)"
time=01:07:32.635 level=DEBUG source=/tmp/isucon14/bench/benchmarker/scenario/worldclient/worldclient.go:255 msg="GET /api/chair/notificationへのリクエストに対して、期待されたHTTPステータスコードが確認できませんでした (expected:200, actual:500)"
time=01:07:32.637 level=DEBUG source=/tmp/isucon14/bench/benchmarker/scenario/worldclient/worldclient.go:454 msg="GET /api/app/notificationsへのリクエストに対して、期待されたHTTPステータスコードが確認できませんでした (expected:200, actual:500)"
time=01:07:32.637 level=DEBUG source=/tmp/isucon14/bench/benchmarker/scenario/worldclient/worldclient.go:454 msg="GET /api/app/notificationsへのリクエストに対して、期待されたHTTPステータスコードが確認できませんでした (expected:200, actual:500)"
time=01:07:32.638 level=DEBUG source=/tmp/isucon14/bench/benchmarker/scenario/worldclient/worldclient.go:255 msg="GET /api/chair/notificationへのリクエストに対して、期待されたHTTPステータスコードが確認できませんでした (expected:200, actual:500)"
time=01:07:32.639 level=DEBUG source=/tmp/isucon14/bench/benchmarker/scenario/worldclient/worldclient.go:255 msg="GET /api/chair/notificationへのリクエストに対して、期待されたHTTPステータスコードが確認できませんでした (expected:200, actual:500)"
time=01:07:32.646 level=DEBUG source=/tmp/isucon14/bench/benchmarker/scenario/worldclient/worldclient.go:255 msg="GET /api/chair/notificationへのリクエストに対して、期待されたHTTPステータスコードが確認できませんでした (expected:200, actual:500)"
time=01:07:32.647 level=DEBUG source=/tmp/isucon14/bench/benchmarker/scenario/worldclient/worldclient.go:255 msg="GET /api/chair/notificationへのリクエストに対して、期待されたHTTPステータスコードが確認できませんでした (expected:200, actual:500)"
time=01:07:32.647 level=DEBUG source=/tmp/isucon14/bench/benchmarker/scenario/worldclient/worldclient.go:255 msg="GET /api/chair/notificationへのリクエストに対して、期待されたHTTPステータスコードが確認できませんでした (expected:200, actual:500)"
time=01:07:32.727 level=DEBUG source=/tmp/isucon14/bench/benchmarker/scenario/worldclient/worldclient.go:255 msg="GET /api/chair/notificationへのリクエストに対して、期待されたHTTPステータスコードが確認できませんでした (expected:200, actual:500)"
time=01:07:32.728 level=DEBUG source=/tmp/isucon14/bench/benchmarker/scenario/worldclient/worldclient.go:255 msg="GET /api/chair/notificationへのリクエストに対して、期待されたHTTPステータスコードが確認できませんでした (expected:200, actual:500)"
time=01:07:32.728 level=DEBUG source=/tmp/isucon14/bench/benchmarker/scenario/worldclient/worldclient.go:255 msg="GET /api/chair/notificationへのリクエストに対して、期待されたHTTPステータスコードが確認できませんでした (expected:200, actual:500)"
time=01:07:32.731 level=DEBUG source=/tmp/isucon14/bench/benchmarker/scenario/worldclient/worldclient.go:255 msg="GET /api/chair/notificationへのリクエストに対して、期待されたHTTPステータスコードが確認できませんでした (expected:200, actual:500)"
time=01:07:32.732 level=DEBUG source=/tmp/isucon14/bench/benchmarker/scenario/worldclient/worldclient.go:255 msg="GET /api/chair/notificationへのリクエストに対して、期待されたHTTPステータスコードが確認できませんでした (expected:200, actual:500)"
time=01:07:32.953 level=DEBUG source=/tmp/isucon14/bench/benchmarker/scenario/worldclient/worldclient.go:454 msg="GET /api/app/notificationsへのリクエストに対して、期待されたHTTPステータスコードが確認できませんでした (expected:200, actual:500)"
time=01:07:32.970 level=DEBUG source=/tmp/isucon14/bench/benchmarker/scenario/worldclient/worldclient.go:255 msg="GET /api/chair/notificationへのリクエストに対して、期待されたHTTPステータスコードが確認できませんでした (expected:200, actual:500)"
time=01:07:32.970 level=DEBUG source=/tmp/isucon14/bench/benchmarker/scenario/worldclient/worldclient.go:255 msg="GET /api/chair/notificationへのリクエストに対して、期待されたHTTPステータスコードが確認できませんでした (expected:200, actual:500)"
time=01:07:32.970 level=DEBUG source=/tmp/isucon14/bench/benchmarker/scenario/worldclient/worldclient.go:255 msg="GET /api/chair/notificationへのリクエストに対して、期待されたHTTPステータスコードが確認できませんでした (expected:200, actual:500)"
time=01:07:32.970 level=DEBUG source=/tmp/isucon14/bench/benchmarker/scenario/worldclient/worldclient.go:255 msg="GET /api/chair/notificationへのリクエストに対して、期待されたHTTPステータスコードが確認できませんでした (expected:200, actual:500)"
time=01:07:32.971 level=DEBUG source=/tmp/isucon14/bench/benchmarker/scenario/worldclient/worldclient.go:255 msg="GET /api/chair/notificationへのリクエストに対して、期待されたHTTPステータスコードが確認できませんでした (expected:200, actual:500)"
