time=06:41:42.058 level=INFO msg=負荷走行を開始します
time=06:41:48.079 level=INFO msg=一定の売上が立ったためオーナーの椅子が増加します 名前=おもてなしタクシー 増加数=1
time=06:41:48.079 level=INFO msg=一定の売上が立ったためオーナーの椅子が増加します 名前=椅子と暮らし舎 増加数=1
time=06:41:48.079 level=INFO msg=一定の売上が立ったためオーナーの椅子が増加します 名前="SitWell Designs" 増加数=3
time=06:41:48.080 level=INFO msg=一定の売上が立ったためオーナーの椅子が増加します 名前=座和インダストリー 増加数=1
time=06:41:49.875 level=INFO msg=一定の売上が立ったためオーナーの椅子が増加します 名前=おもてなしタクシー 増加数=2
time=06:41:49.877 level=INFO msg=一定の売上が立ったためオーナーの椅子が増加します 名前=椅子と暮らし舎 増加数=2
time=06:41:49.879 level=INFO msg=一定の売上が立ったためオーナーの椅子が増加します 名前=座和インダストリー 増加数=1
time=06:41:49.883 level=INFO msg=一定の売上が立ったためオーナーの椅子が増加します 名前=ZenDrive 増加数=2
time=06:41:49.883 level=INFO msg=一定の売上が立ったためオーナーの椅子が増加します 名前="SitWell Designs" 増加数=2
time=06:41:49.903 level=INFO msg=これまでに地域内の評判によって7人、既存ユーザーの招待経由で53人が新規登録しました
time=06:41:49.903 level=INFO msg=0.0%のライドは椅子がマッチされるまでの時間、65.5%のライドはマッチされた椅子が乗車地点までに掛かる時間、1.8%のライドは椅子の実移動時間に不満がありました
time=06:41:51.676 level=INFO msg=一定の売上が立ったためオーナーの椅子が増加します 名前=おもてなしタクシー 増加数=3
time=06:41:51.681 level=INFO msg=一定の売上が立ったためオーナーの椅子が増加します 名前=椅子と暮らし舎 増加数=3
time=06:41:51.681 level=INFO msg=一定の売上が立ったためオーナーの椅子が増加します 名前=座和インダストリー 増加数=2
time=06:41:51.682 level=INFO msg=一定の売上が立ったためオーナーの椅子が増加します 名前=ZenDrive 増加数=2
time=06:41:51.683 level=INFO msg=一定の売上が立ったためオーナーの椅子が増加します 名前="SitWell Designs" 増加数=5
time=06:41:53.477 level=INFO msg=一定の売上が立ったためオーナーの椅子が増加します 名前=椅子と暮らし舎 増加数=4
time=06:41:53.482 level=INFO msg=一定の売上が立ったためオーナーの椅子が増加します 名前=ZenDrive 増加数=3
time=06:41:53.483 level=INFO msg=一定の売上が立ったためオーナーの椅子が増加します 名前="SitWell Designs" 増加数=7
time=06:41:53.484 level=INFO msg=一定の売上が立ったためオーナーの椅子が増加します 名前=座和インダストリー 増加数=4
time=06:41:53.484 level=INFO msg=一定の売上が立ったためオーナーの椅子が増加します 名前=おもてなしタクシー 増加数=5
time=06:41:55.279 level=INFO msg=一定の売上が立ったためオーナーの椅子が増加します 名前=椅子と暮らし舎 増加数=7
time=06:41:55.281 level=INFO msg=一定の売上が立ったためオーナーの椅子が増加します 名前=座和インダストリー 増加数=5
time=06:41:55.281 level=INFO msg=一定の売上が立ったためオーナーの椅子が増加します 名前=おもてなしタクシー 増加数=7
time=06:41:55.285 level=INFO msg=一定の売上が立ったためオーナーの椅子が増加します 名前=ZenDrive 増加数=5
time=06:41:55.285 level=INFO msg=一定の売上が立ったためオーナーの椅子が増加します 名前="SitWell Designs" 増加数=9
time=06:41:55.303 level=INFO msg=これまでに地域内の評判によって19人、既存ユーザーの招待経由で257人が新規登録しました
time=06:41:55.303 level=INFO msg=0.0%のライドは椅子がマッチされるまでの時間、35.9%のライドはマッチされた椅子が乗車地点までに掛かる時間、0.4%のライドは椅子の実移動時間に不満がありました
time=06:41:57.082 level=INFO msg=一定の売上が立ったためオーナーの椅子が増加します 名前=おもてなしタクシー 増加数=10
time=06:41:57.084 level=INFO msg=一定の売上が立ったためオーナーの椅子が増加します 名前="SitWell Designs" 増加数=10
time=06:41:57.084 level=INFO msg=一定の売上が立ったためオーナーの椅子が増加します 名前=ZenDrive 増加数=9
time=06:41:57.086 level=INFO msg=一定の売上が立ったためオーナーの椅子が増加します 名前=椅子と暮らし舎 増加数=10
time=06:41:57.086 level=INFO msg=一定の売上が立ったためオーナーの椅子が増加します 名前=座和インダストリー 増加数=8
time=06:41:58.884 level=INFO msg=一定の売上が立ったためオーナーの椅子が増加します 名前="SitWell Designs" 増加数=14
time=06:41:58.885 level=INFO msg=一定の売上が立ったためオーナーの椅子が増加します 名前=椅子と暮らし舎 増加数=11
time=06:41:58.886 level=INFO msg=一定の売上が立ったためオーナーの椅子が増加します 名前=おもてなしタクシー 増加数=12
time=06:41:58.886 level=INFO msg=一定の売上が立ったためオーナーの椅子が増加します 名前=ZenDrive 増加数=11
time=06:41:58.894 level=INFO msg=一定の売上が立ったためオーナーの椅子が増加します 名前=座和インダストリー 増加数=11
time=06:42:00.693 level=INFO msg=一定の売上が立ったためオーナーの椅子が増加します 名前=おもてなしタクシー 増加数=12
time=06:42:00.693 level=INFO msg=一定の売上が立ったためオーナーの椅子が増加します 名前=座和インダストリー 増加数=10
time=06:42:00.693 level=INFO msg=一定の売上が立ったためオーナーの椅子が増加します 名前=椅子と暮らし舎 増加数=13
time=06:42:00.694 level=INFO msg=一定の売上が立ったためオーナーの椅子が増加します 名前="SitWell Designs" 増加数=13
time=06:42:00.697 level=INFO msg=一定の売上が立ったためオーナーの椅子が増加します 名前=ZenDrive 増加数=12
time=06:42:00.703 level=INFO msg=これまでに地域内の評判によって33人、既存ユーザーの招待経由で947人が新規登録しました
time=06:42:00.703 level=INFO msg=0.0%のライドは椅子がマッチされるまでの時間、15.9%のライドはマッチされた椅子が乗車地点までに掛かる時間、0.7%のライドは椅子の実移動時間に不満がありました
time=06:42:02.589 level=INFO msg=一定の売上が立ったためオーナーの椅子が増加します 名前=おもてなしタクシー 増加数=13
time=06:42:02.590 level=INFO msg=一定の売上が立ったためオーナーの椅子が増加します 名前=ZenDrive 増加数=11
time=06:42:02.590 level=INFO msg=一定の売上が立ったためオーナーの椅子が増加します 名前="SitWell Designs" 増加数=16
time=06:42:02.590 level=INFO msg=一定の売上が立ったためオーナーの椅子が増加します 名前=座和インダストリー 増加数=12
time=06:42:02.590 level=INFO msg=一定の売上が立ったためオーナーの椅子が増加します 名前=椅子と暮らし舎 増加数=12
time=06:42:04.404 level=INFO msg=一定の売上が立ったためオーナーの椅子が増加します 名前="SitWell Designs" 増加数=16
time=06:42:04.404 level=INFO msg=一定の売上が立ったためオーナーの椅子が増加します 名前=おもてなしタクシー 増加数=12
time=06:42:04.405 level=INFO msg=一定の売上が立ったためオーナーの椅子が増加します 名前=ZenDrive 増加数=11
time=06:42:04.405 level=INFO msg=一定の売上が立ったためオーナーの椅子が増加します 名前=座和インダストリー 増加数=10
time=06:42:04.405 level=INFO msg=一定の売上が立ったためオーナーの椅子が増加します 名前=椅子と暮らし舎 増加数=13
time=06:42:06.373 level=INFO msg=これまでに地域内の評判によって51人、既存ユーザーの招待経由で1872人が新規登録しました
time=06:42:06.373 level=INFO msg=これまでに低評価なライドによって5人が利用をやめました
time=06:42:06.373 level=INFO msg=7.4%のライドは椅子がマッチされるまでの時間、10.9%のライドはマッチされた椅子が乗車地点までに掛かる時間、12.3%のライドは椅子の実移動時間に不満がありました
time=06:42:06.391 level=INFO msg=一定の売上が立ったためオーナーの椅子が増加します 名前=椅子と暮らし舎 増加数=13
time=06:42:06.391 level=INFO msg=一定の売上が立ったためオーナーの椅子が増加します 名前=おもてなしタクシー 増加数=13
time=06:42:06.392 level=INFO msg=一定の売上が立ったためオーナーの椅子が増加します 名前=座和インダストリー 増加数=11
time=06:42:06.394 level=INFO msg=一定の売上が立ったためオーナーの椅子が増加します 名前=ZenDrive 増加数=11
time=06:42:06.394 level=INFO msg=一定の売上が立ったためオーナーの椅子が増加します 名前="SitWell Designs" 増加数=16
time=06:42:08.296 level=INFO msg=一定の売上が立ったためオーナーの椅子が増加します 名前=ZenDrive 増加数=14
time=06:42:08.297 level=INFO msg=一定の売上が立ったためオーナーの椅子が増加します 名前="SitWell Designs" 増加数=21
time=06:42:08.306 level=INFO msg=一定の売上が立ったためオーナーの椅子が増加します 名前=おもてなしタクシー 増加数=17
time=06:42:08.311 level=INFO msg=一定の売上が立ったためオーナーの椅子が増加します 名前=椅子と暮らし舎 増加数=16
time=06:42:08.314 level=INFO msg=一定の売上が立ったためオーナーの椅子が増加します 名前=座和インダストリー 増加数=14
time=06:42:10.163 level=INFO msg=一定の売上が立ったためオーナーの椅子が増加します 名前=おもてなしタクシー 増加数=22
time=06:42:10.172 level=INFO msg=一定の売上が立ったためオーナーの椅子が増加します 名前="SitWell Designs" 増加数=25
time=06:42:10.174 level=INFO msg=一定の売上が立ったためオーナーの椅子が増加します 名前=ZenDrive 増加数=16
time=06:42:10.189 level=INFO msg=一定の売上が立ったためオーナーの椅子が増加します 名前=座和インダストリー 増加数=16
time=06:42:10.193 level=INFO msg=一定の売上が立ったためオーナーの椅子が増加します 名前=椅子と暮らし舎 増加数=21
time=06:42:11.312 level=WARN msg="取得した付近の椅子情報に不備があります (CODE=30): ID:01M32YPGE8N8Y9RMY7DRFJ67MJの椅子は既にライド中です"
time=06:42:11.312 level=WARN msg="取得した付近の椅子情報に不備があります (CODE=30): ID:01M32YPGE8N8Y9RMY7DRFJ67MJの椅子は既にライド中です"
time=06:42:11.313 level=WARN msg="取得した付近の椅子情報に不備があります (CODE=30): ID:01M32YPGE8N8Y9RMY7DRFJ67MJの椅子は既にライド中です"
time=06:42:11.314 level=WARN msg="取得した付近の椅子情報に不備があります (CODE=30): ID:01M32YPGE8N8Y9RMY7DRFJ67MJの椅子は既にライド中です"
time=06:42:11.893 level=INFO msg=これまでに地域内の評判によって69人、既存ユーザーの招待経由で2500人が新規登録しました
time=06:42:11.893 level=INFO msg=これまでに低評価なライドによって38人が利用をやめました
time=06:42:11.893 level=INFO msg=45.0%のライドは椅子がマッチされるまでの時間、8.6%のライドはマッチされた椅子が乗車地点までに掛かる時間、21.7%のライドは椅子の実移動時間に不満がありました
time=06:42:11.905 level=INFO msg=一定の売上が立ったためオーナーの椅子が増加します 名前=座和インダストリー 増加数=15
time=06:42:11.906 level=INFO msg=一定の売上が立ったためオーナーの椅子が増加します 名前=ZenDrive 増加数=17
time=06:42:13.742 level=INFO msg=一定の売上が立ったためオーナーの椅子が増加します 名前=椅子と暮らし舎 増加数=37
time=06:42:13.746 level=INFO msg=一定の売上が立ったためオーナーの椅子が増加します 名前=おもてなしタクシー 増加数=41
time=06:42:13.748 level=INFO msg=一定の売上が立ったためオーナーの椅子が増加します 名前=座和インダストリー 増加数=18
time=06:42:13.749 level=INFO msg=一定の売上が立ったためオーナーの椅子が増加します 名前=ZenDrive 増加数=19
time=06:42:13.751 level=INFO msg=一定の売上が立ったためオーナーの椅子が増加します 名前="SitWell Designs" 増加数=47
time=06:42:17.293 level=INFO msg=これまでに地域内の評判によって87人、既存ユーザーの招待経由で2884人が新規登録しました
time=06:42:17.293 level=INFO msg=これまでに低評価なライドによって84人が利用をやめました
time=06:42:17.293 level=INFO msg=64.0%のライドは椅子がマッチされるまでの時間、7.3%のライドはマッチされた椅子が乗車地点までに掛かる時間、28.3%のライドは椅子の実移動時間に不満がありました
time=06:42:17.353 level=INFO msg=一定の売上が立ったためオーナーの椅子が増加します 名前=座和インダストリー 増加数=43
time=06:42:17.356 level=INFO msg=一定の売上が立ったためオーナーの椅子が増加します 名前=ZenDrive 増加数=43
time=06:42:19.413 level=INFO msg=一定の売上が立ったためオーナーの椅子が増加します 名前=椅子と暮らし舎 増加数=65
time=06:42:19.414 level=INFO msg=一定の売上が立ったためオーナーの椅子が増加します 名前=おもてなしタクシー 増加数=64
time=06:42:19.414 level=INFO msg=一定の売上が立ったためオーナーの椅子が増加します 名前="SitWell Designs" 増加数=76
time=06:42:23.294 level=INFO msg=これまでに地域内の評判によって105人、既存ユーザーの招待経由で3217人が新規登録しました
time=06:42:23.294 level=INFO msg=これまでに低評価なライドによって118人が利用をやめました
time=06:42:23.294 level=INFO msg=73.5%のライドは椅子がマッチされるまでの時間、6.2%のライドはマッチされた椅子が乗車地点までに掛かる時間、32.3%のライドは椅子の実移動時間に不満がありました
time=06:42:23.315 level=INFO msg=一定の売上が立ったためオーナーの椅子が増加します 名前=座和インダストリー 増加数=60
time=06:42:23.317 level=INFO msg=一定の売上が立ったためオーナーの椅子が増加します 名前=ZenDrive 増加数=66
time=06:42:27.448 level=WARN msg="取得した付近の椅子情報に不備があります (CODE=30): ID:01M32YPVEY83H5K0XB3715K5BCの椅子は既にライド中です"
time=06:42:28.693 level=INFO msg=これまでに地域内の評判によって123人、既存ユーザーの招待経由で3364人が新規登録しました
time=06:42:28.693 level=INFO msg=これまでに低評価なライドによって176人が利用をやめました
time=06:42:28.693 level=INFO msg=79.4%のライドは椅子がマッチされるまでの時間、5.7%のライドはマッチされた椅子が乗車地点までに掛かる時間、36.9%のライドは椅子の実移動時間に不満がありました
time=06:42:28.834 level=INFO msg=一定の売上が立ったためオーナーの椅子が増加します 名前=椅子と暮らし舎 増加数=125
time=06:42:28.837 level=INFO msg=一定の売上が立ったためオーナーの椅子が増加します 名前=おもてなしタクシー 増加数=129
time=06:42:30.997 level=INFO msg=一定の売上が立ったためオーナーの椅子が増加します 名前="SitWell Designs" 増加数=187
time=06:42:32.833 level=INFO msg=一定の売上が立ったためオーナーの椅子が増加します 名前=座和インダストリー 増加数=115
time=06:42:34.994 level=INFO msg=これまでに地域内の評判によって141人、既存ユーザーの招待経由で3433人が新規登録しました
time=06:42:34.994 level=INFO msg=これまでに低評価なライドによって213人が利用をやめました
time=06:42:34.994 level=INFO msg=83.5%のライドは椅子がマッチされるまでの時間、5.2%のライドはマッチされた椅子が乗車地点までに掛かる時間、40.9%のライドは椅子の実移動時間に不満がありました
time=06:42:35.208 level=INFO msg=一定の売上が立ったためオーナーの椅子が増加します 名前=ZenDrive 増加数=153
time=06:42:36.500 level=WARN msg="取得した付近の椅子情報に不備があります (CODE=30): ID:01M32YPM7SZRV3YT8PMK4SD95Cの椅子は既にライド中です"
time=06:42:36.500 level=WARN msg="取得した付近の椅子情報に不備があります (CODE=30): ID:01M32YPM7SZRV3YT8PMK4SD95Cの椅子は既にライド中です"
time=06:42:36.500 level=WARN msg="取得した付近の椅子情報に不備があります (CODE=30): ID:01M32YPM7SZRV3YT8PMK4SD95Cの椅子は既にライド中です"
time=06:42:36.500 level=WARN msg="取得した付近の椅子情報に不備があります (CODE=30): ID:01M32YPM7SZRV3YT8PMK4SD95Cの椅子は既にライド中です"
time=06:42:36.500 level=WARN msg="取得した付近の椅子情報に不備があります (CODE=30): ID:01M32YPM7SZRV3YT8PMK4SD95Cの椅子は既にライド中です"
time=06:42:36.508 level=WARN msg="取得した付近の椅子情報に不備があります (CODE=30): ID:01M32YPM7SZRV3YT8PMK4SD95Cの椅子は既にライド中です"
time=06:42:36.512 level=WARN msg="取得した付近の椅子情報に不備があります (CODE=30): ID:01M32YPM7SZRV3YT8PMK4SD95Cの椅子は既にライド中です"
time=06:42:39.103 level=WARN msg="取得した付近の椅子情報に不備があります (CODE=30): ID:01M32YQ1SC8MTS3VJGESSTNK38の椅子は既にライド中です"
time=06:42:39.107 level=WARN msg="取得した付近の椅子情報に不備があります (CODE=30): ID:01M32YQ1SC8MTS3VJGESSTNK38の椅子は既にライド中です"
time=06:42:40.573 level=INFO msg=これまでに地域内の評判によって159人、既存ユーザーの招待経由で3486人が新規登録しました
time=06:42:40.573 level=INFO msg=これまでに低評価なライドによって262人が利用をやめました
time=06:42:40.573 level=INFO msg=86.1%のライドは椅子がマッチされるまでの時間、5.0%のライドはマッチされた椅子が乗車地点までに掛かる時間、44.3%のライドは椅子の実移動時間に不満がありました
time=06:42:42.054 level=WARN msg="取得した付近の椅子情報に不備があります (CODE=30): ID:01M32YPTCJBZ7B7CFTXH7XF581の椅子は既にライド中です"
time=06:42:42.061 level=WARN msg="取得した付近の椅子情報に不備があります (CODE=30): ID:01M32YPTCJBZ7B7CFTXH7XF581の椅子は既にライド中です"
time=06:42:49.504 level=INFO msg=最終地域情報 名前=チェアタウン ユーザー登録数=2138 アクティブユーザー数=1986
time=06:42:49.504 level=INFO msg=最終地域情報 名前=コシカケシティ ユーザー登録数=1580 アクティブユーザー数=1439
time=06:42:49.504 level=INFO msg=最終オーナー情報 名前="SitWell Designs" 売上=26539400 椅子数=471
time=06:42:49.504 level=INFO msg=最終オーナー情報 名前=ZenDrive 売上=20555300 椅子数=409
time=06:42:49.504 level=INFO msg=最終オーナー情報 名前=座和インダストリー 売上=19970600 椅子数=360
time=06:42:49.504 level=INFO msg=最終オーナー情報 名前=おもてなしタクシー 売上=22923300 椅子数=367
time=06:42:49.504 level=INFO msg=最終オーナー情報 名前=椅子と暮らし舎 売上=22265600 椅子数=357
time=06:42:49.504 level=INFO msg=87.7%のライドは椅子がマッチされるまでの時間、4.8%のライドはマッチされた椅子が乗車地点までに掛かる時間、47.1%のライドは椅子の実移動時間に不満がありました
time=06:42:49.505 level=INFO msg=結果 pass=true スコア=1182649 種別エラー数=map[30:16]
time=06:42:49.505 level=INFO msg=負荷走行が終了しました
