time=01:28:30.087 level=INFO msg=負荷走行を開始します
time=01:28:36.089 level=INFO msg=一定の売上が立ったためオーナーの椅子が増加します 名前="Skyline Taxis" 増加数=1
time=01:28:37.888 level=INFO msg=一定の売上が立ったためオーナーの椅子が増加します 名前=風座プロダクツ 増加数=1
time=01:28:37.890 level=INFO msg=一定の売上が立ったためオーナーの椅子が増加します 名前=椅子と暮らし舎 増加数=1
time=01:28:37.895 level=INFO msg=一定の売上が立ったためオーナーの椅子が増加します 名前="SitWell Designs" 増加数=1
time=01:28:37.897 level=INFO msg=一定の売上が立ったためオーナーの椅子が増加します 名前="Skyline Taxis" 増加数=1
time=01:28:37.897 level=INFO msg=一定の売上が立ったためオーナーの椅子が増加します 名前=座り心地再生所 増加数=2
time=01:28:37.902 level=INFO msg=これまでに地域内の評判によって6人、既存ユーザーの招待経由で29人が新規登録しました
time=01:28:37.902 level=INFO msg=0.0%のライドは椅子がマッチされるまでの時間、65.5%のライドはマッチされた椅子が乗車地点までに掛かる時間、0.0%のライドは椅子の実移動時間に不満がありました
time=01:28:39.709 level=INFO msg=一定の売上が立ったためオーナーの椅子が増加します 名前="Skyline Taxis" 増加数=2
time=01:28:39.714 level=INFO msg=一定の売上が立ったためオーナーの椅子が増加します 名前=座り心地再生所 増加数=1
time=01:28:39.720 level=INFO msg=一定の売上が立ったためオーナーの椅子が増加します 名前="SitWell Designs" 増加数=1
time=01:28:39.721 level=INFO msg=一定の売上が立ったためオーナーの椅子が増加します 名前=風座プロダクツ 増加数=1
time=01:28:41.502 level=INFO msg=一定の売上が立ったためオーナーの椅子が増加します 名前=椅子と暮らし舎 増加数=2
time=01:28:41.505 level=INFO msg=一定の売上が立ったためオーナーの椅子が増加します 名前=風座プロダクツ 増加数=2
time=01:28:41.505 level=INFO msg=一定の売上が立ったためオーナーの椅子が増加します 名前="SitWell Designs" 増加数=1
time=01:28:43.302 level=INFO msg=これまでに地域内の評判によって18人、既存ユーザーの招待経由で64人が新規登録しました
time=01:28:43.302 level=INFO msg=0.0%のライドは椅子がマッチされるまでの時間、74.6%のライドはマッチされた椅子が乗車地点までに掛かる時間、2.2%のライドは椅子の実移動時間に不満がありました
time=01:28:43.320 level=INFO msg=一定の売上が立ったためオーナーの椅子が増加します 名前="SitWell Designs" 増加数=1
time=01:28:43.324 level=INFO msg=一定の売上が立ったためオーナーの椅子が増加します 名前="Skyline Taxis" 増加数=1
time=01:28:43.325 level=INFO msg=一定の売上が立ったためオーナーの椅子が増加します 名前=座り心地再生所 増加数=2
time=01:28:43.331 level=INFO msg=一定の売上が立ったためオーナーの椅子が増加します 名前=風座プロダクツ 増加数=1
time=01:28:45.118 level=INFO msg=一定の売上が立ったためオーナーの椅子が増加します 名前="Skyline Taxis" 増加数=2
time=01:28:45.122 level=INFO msg=一定の売上が立ったためオーナーの椅子が増加します 名前=座り心地再生所 増加数=1
time=01:28:45.134 level=INFO msg=一定の売上が立ったためオーナーの椅子が増加します 名前=椅子と暮らし舎 増加数=2
time=01:28:45.143 level=INFO msg=一定の売上が立ったためオーナーの椅子が増加します 名前="SitWell Designs" 増加数=1
time=01:28:46.940 level=INFO msg=一定の売上が立ったためオーナーの椅子が増加します 名前="SitWell Designs" 増加数=1
time=01:28:46.946 level=INFO msg=一定の売上が立ったためオーナーの椅子が増加します 名前=風座プロダクツ 増加数=1
time=01:28:46.961 level=INFO msg=一定の売上が立ったためオーナーの椅子が増加します 名前=座り心地再生所 増加数=1
time=01:28:46.968 level=INFO msg=一定の売上が立ったためオーナーの椅子が増加します 名前="Skyline Taxis" 増加数=1
time=01:28:46.975 level=INFO msg=一定の売上が立ったためオーナーの椅子が増加します 名前=椅子と暮らし舎 増加数=1
time=01:28:48.702 level=INFO msg=これまでに地域内の評判によって30人、既存ユーザーの招待経由で77人が新規登録しました
time=01:28:48.702 level=INFO msg=これまでに低評価なライドによって8人が利用をやめました
time=01:28:48.702 level=INFO msg=33.9%のライドは椅子がマッチされるまでの時間、67.8%のライドはマッチされた椅子が乗車地点までに掛かる時間、14.0%のライドは椅子の実移動時間に不満がありました
time=01:28:48.746 level=INFO msg=一定の売上が立ったためオーナーの椅子が増加します 名前="SitWell Designs" 増加数=1
time=01:28:48.796 level=INFO msg=一定の売上が立ったためオーナーの椅子が増加します 名前=風座プロダクツ 増加数=1
time=01:28:48.798 level=INFO msg=一定の売上が立ったためオーナーの椅子が増加します 名前=椅子と暮らし舎 増加数=1
time=01:28:48.803 level=INFO msg=一定の売上が立ったためオーナーの椅子が増加します 名前=座り心地再生所 増加数=1
time=01:28:48.828 level=INFO msg=一定の売上が立ったためオーナーの椅子が増加します 名前="Skyline Taxis" 増加数=2
time=01:28:50.606 level=INFO msg=一定の売上が立ったためオーナーの椅子が増加します 名前=風座プロダクツ 増加数=2
time=01:28:50.610 level=INFO msg=一定の売上が立ったためオーナーの椅子が増加します 名前=椅子と暮らし舎 増加数=2
time=01:28:50.627 level=INFO msg=一定の売上が立ったためオーナーの椅子が増加します 名前=座り心地再生所 増加数=1
time=01:28:50.641 level=INFO msg=一定の売上が立ったためオーナーの椅子が増加します 名前="SitWell Designs" 増加数=1
time=01:28:50.643 level=INFO msg=一定の売上が立ったためオーナーの椅子が増加します 名前="Skyline Taxis" 増加数=2
time=01:28:52.378 level=INFO msg=一定の売上が立ったためオーナーの椅子が増加します 名前=椅子と暮らし舎 増加数=1
time=01:28:52.396 level=INFO msg=一定の売上が立ったためオーナーの椅子が増加します 名前="SitWell Designs" 増加数=1
time=01:28:52.402 level=INFO msg=一定の売上が立ったためオーナーの椅子が増加します 名前="Skyline Taxis" 増加数=1
time=01:28:52.408 level=INFO msg=一定の売上が立ったためオーナーの椅子が増加します 名前=座り心地再生所 増加数=1
time=01:28:54.102 level=INFO msg=これまでに地域内の評判によって42人、既存ユーザーの招待経由で83人が新規登録しました
time=01:28:54.102 level=INFO msg=これまでに低評価なライドによって25人が利用をやめました
time=01:28:54.102 level=INFO msg=53.8%のライドは椅子がマッチされるまでの時間、62.9%のライドはマッチされた椅子が乗車地点までに掛かる時間、32.3%のライドは椅子の実移動時間に不満がありました
time=01:28:54.182 level=INFO msg=一定の売上が立ったためオーナーの椅子が増加します 名前=風座プロダクツ 増加数=2
time=01:28:54.196 level=INFO msg=一定の売上が立ったためオーナーの椅子が増加します 名前="SitWell Designs" 増加数=2
time=01:28:54.256 level=INFO msg=一定の売上が立ったためオーナーの椅子が増加します 名前="Skyline Taxis" 増加数=2
time=01:28:54.256 level=INFO msg=一定の売上が立ったためオーナーの椅子が増加します 名前=座り心地再生所 増加数=2
time=01:28:54.271 level=INFO msg=一定の売上が立ったためオーナーの椅子が増加します 名前=椅子と暮らし舎 増加数=1
time=01:28:56.013 level=INFO msg=一定の売上が立ったためオーナーの椅子が増加します 名前=座り心地再生所 増加数=1
time=01:28:56.051 level=INFO msg=一定の売上が立ったためオーナーの椅子が増加します 名前=風座プロダクツ 増加数=1
time=01:28:56.095 level=INFO msg=一定の売上が立ったためオーナーの椅子が増加します 名前=椅子と暮らし舎 増加数=2
time=01:28:56.111 level=INFO msg=一定の売上が立ったためオーナーの椅子が増加します 名前="Skyline Taxis" 増加数=2
time=01:28:57.797 level=INFO msg=一定の売上が立ったためオーナーの椅子が増加します 名前=風座プロダクツ 増加数=1
time=01:28:57.818 level=INFO msg=一定の売上が立ったためオーナーの椅子が増加します 名前=椅子と暮らし舎 増加数=1
time=01:28:57.818 level=INFO msg=一定の売上が立ったためオーナーの椅子が増加します 名前=座り心地再生所 増加数=3
time=01:28:57.819 level=INFO msg=一定の売上が立ったためオーナーの椅子が増加します 名前="SitWell Designs" 増加数=3
time=01:28:57.839 level=INFO msg=一定の売上が立ったためオーナーの椅子が増加します 名前="Skyline Taxis" 増加数=1
time=01:28:59.502 level=INFO msg=これまでに地域内の評判によって54人、既存ユーザーの招待経由で84人が新規登録しました
time=01:28:59.502 level=INFO msg=これまでに低評価なライドによって42人が利用をやめました
time=01:28:59.502 level=INFO msg=64.1%のライドは椅子がマッチされるまでの時間、58.2%のライドはマッチされた椅子が乗車地点までに掛かる時間、45.4%のライドは椅子の実移動時間に不満がありました
time=01:28:59.672 level=INFO msg=一定の売上が立ったためオーナーの椅子が増加します 名前=風座プロダクツ 増加数=1
time=01:28:59.677 level=INFO msg=一定の売上が立ったためオーナーの椅子が増加します 名前="SitWell Designs" 増加数=2
time=01:28:59.678 level=INFO msg=一定の売上が立ったためオーナーの椅子が増加します 名前=椅子と暮らし舎 増加数=1
time=01:28:59.688 level=INFO msg=一定の売上が立ったためオーナーの椅子が増加します 名前="Skyline Taxis" 増加数=2
time=01:29:01.459 level=INFO msg=一定の売上が立ったためオーナーの椅子が増加します 名前=椅子と暮らし舎 増加数=1
time=01:29:01.504 level=INFO msg=一定の売上が立ったためオーナーの椅子が増加します 名前=風座プロダクツ 増加数=1
time=01:29:01.555 level=INFO msg=一定の売上が立ったためオーナーの椅子が増加します 名前="SitWell Designs" 増加数=1
time=01:29:01.559 level=INFO msg=一定の売上が立ったためオーナーの椅子が増加します 名前=座り心地再生所 増加数=1
time=01:29:01.597 level=INFO msg=一定の売上が立ったためオーナーの椅子が増加します 名前="Skyline Taxis" 増加数=1
time=01:29:03.328 level=INFO msg=一定の売上が立ったためオーナーの椅子が増加します 名前=椅子と暮らし舎 増加数=2
time=01:29:03.367 level=INFO msg=一定の売上が立ったためオーナーの椅子が増加します 名前="Skyline Taxis" 増加数=1
time=01:29:03.397 level=INFO msg=一定の売上が立ったためオーナーの椅子が増加します 名前=座り心地再生所 増加数=2
time=01:29:03.433 level=INFO msg=一定の売上が立ったためオーナーの椅子が増加します 名前=風座プロダクツ 増加数=1
time=01:29:03.579 level=INFO msg=一定の売上が立ったためオーナーの椅子が増加します 名前="SitWell Designs" 増加数=1
time=01:29:04.902 level=INFO msg=これまでに地域内の評判によって66人、既存ユーザーの招待経由で94人が新規登録しました
time=01:29:04.902 level=INFO msg=これまでに低評価なライドによって52人が利用をやめました
time=01:29:04.902 level=INFO msg=59.3%のライドは椅子がマッチされるまでの時間、53.9%のライドはマッチされた椅子が乗車地点までに掛かる時間、53.9%のライドは椅子の実移動時間に不満がありました
time=01:29:05.106 level=INFO msg=一定の売上が立ったためオーナーの椅子が増加します 名前="Skyline Taxis" 増加数=1
time=01:29:05.109 level=INFO msg=一定の売上が立ったためオーナーの椅子が増加します 名前=座り心地再生所 増加数=1
time=01:29:05.124 level=INFO msg=一定の売上が立ったためオーナーの椅子が増加します 名前="SitWell Designs" 増加数=1
time=01:29:06.909 level=INFO msg=一定の売上が立ったためオーナーの椅子が増加します 名前=座り心地再生所 増加数=1
time=01:29:06.945 level=INFO msg=一定の売上が立ったためオーナーの椅子が増加します 名前=椅子と暮らし舎 増加数=1
time=01:29:07.058 level=INFO msg=一定の売上が立ったためオーナーの椅子が増加します 名前="SitWell Designs" 増加数=1
time=01:29:07.076 level=INFO msg=一定の売上が立ったためオーナーの椅子が増加します 名前=風座プロダクツ 増加数=2
time=01:29:07.117 level=INFO msg=一定の売上が立ったためオーナーの椅子が増加します 名前="Skyline Taxis" 増加数=2
time=01:29:08.772 level=INFO msg=一定の売上が立ったためオーナーの椅子が増加します 名前=椅子と暮らし舎 増加数=2
time=01:29:08.775 level=INFO msg=一定の売上が立ったためオーナーの椅子が増加します 名前="SitWell Designs" 増加数=2
time=01:29:08.789 level=INFO msg=一定の売上が立ったためオーナーの椅子が増加します 名前=座り心地再生所 増加数=2
time=01:29:08.815 level=INFO msg=一定の売上が立ったためオーナーの椅子が増加します 名前="Skyline Taxis" 増加数=2
time=01:29:08.823 level=INFO msg=一定の売上が立ったためオーナーの椅子が増加します 名前=風座プロダクツ 増加数=1
time=01:29:10.302 level=INFO msg=これまでに地域内の評判によって78人、既存ユーザーの招待経由で96人が新規登録しました
time=01:29:10.302 level=INFO msg=これまでに低評価なライドによって68人が利用をやめました
time=01:29:10.302 level=INFO msg=61.5%のライドは椅子がマッチされるまでの時間、48.0%のライドはマッチされた椅子が乗車地点までに掛かる時間、61.6%のライドは椅子の実移動時間に不満がありました
time=01:29:10.565 level=INFO msg=一定の売上が立ったためオーナーの椅子が増加します 名前="SitWell Designs" 増加数=1
time=01:29:10.587 level=INFO msg=一定の売上が立ったためオーナーの椅子が増加します 名前=風座プロダクツ 増加数=1
time=01:29:10.609 level=INFO msg=一定の売上が立ったためオーナーの椅子が増加します 名前="Skyline Taxis" 増加数=1
time=01:29:10.654 level=INFO msg=一定の売上が立ったためオーナーの椅子が増加します 名前=椅子と暮らし舎 増加数=1
time=01:29:12.249 level=INFO msg=一定の売上が立ったためオーナーの椅子が増加します 名前=座り心地再生所 増加数=1
time=01:29:12.346 level=INFO msg=一定の売上が立ったためオーナーの椅子が増加します 名前=風座プロダクツ 増加数=1
time=01:29:12.349 level=INFO msg=一定の売上が立ったためオーナーの椅子が増加します 名前=椅子と暮らし舎 増加数=1
time=01:29:12.415 level=INFO msg=一定の売上が立ったためオーナーの椅子が増加します 名前="Skyline Taxis" 増加数=1
time=01:29:14.092 level=INFO msg=一定の売上が立ったためオーナーの椅子が増加します 名前=風座プロダクツ 増加数=1
time=01:29:14.206 level=INFO msg=一定の売上が立ったためオーナーの椅子が増加します 名前=椅子と暮らし舎 増加数=2
time=01:29:14.209 level=INFO msg=一定の売上が立ったためオーナーの椅子が増加します 名前=座り心地再生所 増加数=1
time=01:29:14.238 level=INFO msg=一定の売上が立ったためオーナーの椅子が増加します 名前="Skyline Taxis" 増加数=1
time=01:29:14.251 level=INFO msg=一定の売上が立ったためオーナーの椅子が増加します 名前="SitWell Designs" 増加数=2
time=01:29:15.702 level=INFO msg=これまでに地域内の評判によって90人、既存ユーザーの招待経由で96人が新規登録しました
time=01:29:15.702 level=INFO msg=これまでに低評価なライドによって87人が利用をやめました
time=01:29:15.702 level=INFO msg=67.4%のライドは椅子がマッチされるまでの時間、44.4%のライドはマッチされた椅子が乗車地点までに掛かる時間、66.4%のライドは椅子の実移動時間に不満がありました
time=01:29:15.968 level=INFO msg=一定の売上が立ったためオーナーの椅子が増加します 名前=風座プロダクツ 増加数=1
time=01:29:15.992 level=INFO msg=一定の売上が立ったためオーナーの椅子が増加します 名前=椅子と暮らし舎 増加数=1
time=01:29:16.006 level=INFO msg=一定の売上が立ったためオーナーの椅子が増加します 名前="SitWell Designs" 増加数=1
time=01:29:16.046 level=INFO msg=一定の売上が立ったためオーナーの椅子が増加します 名前="Skyline Taxis" 増加数=1
time=01:29:16.188 level=INFO msg=一定の売上が立ったためオーナーの椅子が増加します 名前=座り心地再生所 増加数=2
time=01:29:17.895 level=INFO msg=一定の売上が立ったためオーナーの椅子が増加します 名前=座り心地再生所 増加数=1
time=01:29:17.902 level=INFO msg=一定の売上が立ったためオーナーの椅子が増加します 名前="SitWell Designs" 増加数=1
time=01:29:17.914 level=INFO msg=一定の売上が立ったためオーナーの椅子が増加します 名前="Skyline Taxis" 増加数=1
time=01:29:17.969 level=INFO msg=一定の売上が立ったためオーナーの椅子が増加します 名前=風座プロダクツ 増加数=2
time=01:29:19.564 level=INFO msg=一定の売上が立ったためオーナーの椅子が増加します 名前=椅子と暮らし舎 増加数=1
time=01:29:19.580 level=INFO msg=一定の売上が立ったためオーナーの椅子が増加します 名前="Skyline Taxis" 増加数=2
time=01:29:19.657 level=INFO msg=一定の売上が立ったためオーナーの椅子が増加します 名前=風座プロダクツ 増加数=1
time=01:29:19.915 level=INFO msg=一定の売上が立ったためオーナーの椅子が増加します 名前=座り心地再生所 増加数=1
time=01:29:21.102 level=INFO msg=これまでに地域内の評判によって102人、既存ユーザーの招待経由で96人が新規登録しました
time=01:29:21.102 level=INFO msg=これまでに低評価なライドによって102人が利用をやめました
time=01:29:21.102 level=INFO msg=71.4%のライドは椅子がマッチされるまでの時間、41.4%のライドはマッチされた椅子が乗車地点までに掛かる時間、69.7%のライドは椅子の実移動時間に不満がありました
time=01:29:21.525 level=INFO msg=一定の売上が立ったためオーナーの椅子が増加します 名前=座り心地再生所 増加数=1
time=01:29:21.525 level=INFO msg=一定の売上が立ったためオーナーの椅子が増加します 名前="SitWell Designs" 増加数=2
time=01:29:21.564 level=INFO msg=一定の売上が立ったためオーナーの椅子が増加します 名前=椅子と暮らし舎 増加数=2
time=01:29:21.715 level=INFO msg=一定の売上が立ったためオーナーの椅子が増加します 名前="Skyline Taxis" 増加数=2
time=01:29:23.149 level=INFO msg=一定の売上が立ったためオーナーの椅子が増加します 名前=座り心地再生所 増加数=1
time=01:29:23.261 level=INFO msg=一定の売上が立ったためオーナーの椅子が増加します 名前=風座プロダクツ 増加数=1
time=01:29:25.225 level=INFO msg=一定の売上が立ったためオーナーの椅子が増加します 名前="Skyline Taxis" 増加数=1
time=01:29:25.294 level=INFO msg=一定の売上が立ったためオーナーの椅子が増加します 名前="SitWell Designs" 増加数=2
time=01:29:26.502 level=INFO msg=これまでに地域内の評判によって114人、既存ユーザーの招待経由で96人が新規登録しました
time=01:29:26.502 level=INFO msg=これまでに低評価なライドによって113人が利用をやめました
time=01:29:26.502 level=INFO msg=74.0%のライドは椅子がマッチされるまでの時間、38.3%のライドはマッチされた椅子が乗車地点までに掛かる時間、71.5%のライドは椅子の実移動時間に不満がありました
time=01:29:26.843 level=INFO msg=一定の売上が立ったためオーナーの椅子が増加します 名前=椅子と暮らし舎 増加数=2
time=01:29:26.952 level=INFO msg=一定の売上が立ったためオーナーの椅子が増加します 名前=風座プロダクツ 増加数=1
time=01:29:27.083 level=INFO msg=一定の売上が立ったためオーナーの椅子が増加します 名前=座り心地再生所 増加数=1
time=01:29:27.138 level=INFO msg=一定の売上が立ったためオーナーの椅子が増加します 名前="Skyline Taxis" 増加数=1
time=01:29:28.604 level=INFO msg=一定の売上が立ったためオーナーの椅子が増加します 名前="SitWell Designs" 増加数=1
time=01:29:28.810 level=INFO msg=一定の売上が立ったためオーナーの椅子が増加します 名前="Skyline Taxis" 増加数=1
time=01:29:30.356 level=INFO msg=一定の売上が立ったためオーナーの椅子が増加します 名前=風座プロダクツ 増加数=1
time=01:29:30.504 level=INFO msg=一定の売上が立ったためオーナーの椅子が増加します 名前="SitWell Designs" 増加数=2
time=01:29:30.531 level=INFO msg=一定の売上が立ったためオーナーの椅子が増加します 名前=座り心地再生所 増加数=1
time=01:29:30.666 level=INFO msg=一定の売上が立ったためオーナーの椅子が増加します 名前="Skyline Taxis" 増加数=1
time=01:29:31.902 level=INFO msg=これまでに地域内の評判によって126人、既存ユーザーの招待経由で96人が新規登録しました
time=01:29:31.902 level=INFO msg=これまでに低評価なライドによって127人が利用をやめました
time=01:29:31.902 level=INFO msg=76.2%のライドは椅子がマッチされるまでの時間、36.0%のライドはマッチされた椅子が乗車地点までに掛かる時間、73.7%のライドは椅子の実移動時間に不満がありました
time=01:29:32.288 level=INFO msg=一定の売上が立ったためオーナーの椅子が増加します 名前=椅子と暮らし舎 増加数=2
time=01:29:32.383 level=INFO msg=一定の売上が立ったためオーナーの椅子が増加します 名前=風座プロダクツ 増加数=1
time=01:29:32.411 level=INFO msg=一定の売上が立ったためオーナーの椅子が増加します 名前="Skyline Taxis" 増加数=1
time=01:29:32.554 level=INFO msg=一定の売上が立ったためオーナーの椅子が増加します 名前=座り心地再生所 増加数=1
time=01:29:37.502 level=INFO msg=最終地域情報 名前=チェアタウン ユーザー登録数=129 アクティブユーザー数=63
time=01:29:37.502 level=INFO msg=最終地域情報 名前=コシカケシティ ユーザー登録数=107 アクティブユーザー数=46
time=01:29:37.502 level=INFO msg=最終オーナー情報 名前=座り心地再生所 売上=736900 椅子数=38
time=01:29:37.502 level=INFO msg=最終オーナー情報 名前="Skyline Taxis" 売上=963400 椅子数=45
time=01:29:37.502 level=INFO msg=最終オーナー情報 名前=椅子と暮らし舎 売上=708000 椅子数=37
time=01:29:37.502 level=INFO msg=最終オーナー情報 名前=風座プロダクツ 売上=622000 椅子数=34
time=01:29:37.502 level=INFO msg=最終オーナー情報 名前="SitWell Designs" 売上=756100 椅子数=38
time=01:29:37.502 level=INFO msg=76.6%のライドは椅子がマッチされるまでの時間、35.4%のライドはマッチされた椅子が乗車地点までに掛かる時間、74.1%のライドは椅子の実移動時間に不満がありました
time=01:29:37.502 level=INFO msg=結果 pass=true スコア=43608 種別エラー数=map[]
time=01:29:37.502 level=INFO msg=負荷走行が終了しました
