time=03:40:58.641 level=INFO msg=負荷走行を開始します
time=03:41:04.674 level=INFO msg=一定の売上が立ったためオーナーの椅子が増加します 名前=ふたたび椅子堂 増加数=1
time=03:41:04.677 level=INFO msg=一定の売上が立ったためオーナーの椅子が増加します 名前=快旅タクシー 増加数=2
time=03:41:04.677 level=INFO msg=一定の売上が立ったためオーナーの椅子が増加します 名前=ゆったり号 増加数=1
time=03:41:06.474 level=INFO msg=一定の売上が立ったためオーナーの椅子が増加します 名前=ゆったり号 増加数=1
time=03:41:06.479 level=INFO msg=一定の売上が立ったためオーナーの椅子が増加します 名前="Timeless Seats" 増加数=3
time=03:41:06.479 level=INFO msg=一定の売上が立ったためオーナーの椅子が増加します 名前=ふたたび椅子堂 増加数=3
time=03:41:06.479 level=INFO msg=一定の売上が立ったためオーナーの椅子が増加します 名前=瞬道タクシー 増加数=3
time=03:41:06.480 level=INFO msg=一定の売上が立ったためオーナーの椅子が増加します 名前=快旅タクシー 増加数=2
time=03:41:06.502 level=INFO msg=これまでに地域内の評判によって7人、既存ユーザーの招待経由で50人が新規登録しました
time=03:41:06.502 level=INFO msg=0.0%のライドは椅子がマッチされるまでの時間、58.8%のライドはマッチされた椅子が乗車地点までに掛かる時間、0.0%のライドは椅子の実移動時間に不満がありました
time=03:41:08.276 level=INFO msg=一定の売上が立ったためオーナーの椅子が増加します 名前=快旅タクシー 増加数=4
time=03:41:08.276 level=INFO msg=一定の売上が立ったためオーナーの椅子が増加します 名前=ふたたび椅子堂 増加数=5
time=03:41:08.280 level=INFO msg=一定の売上が立ったためオーナーの椅子が増加します 名前=ゆったり号 増加数=3
time=03:41:08.280 level=INFO msg=一定の売上が立ったためオーナーの椅子が増加します 名前=瞬道タクシー 増加数=2
time=03:41:08.280 level=INFO msg=一定の売上が立ったためオーナーの椅子が増加します 名前="Timeless Seats" 増加数=3
time=03:41:10.076 level=INFO msg=一定の売上が立ったためオーナーの椅子が増加します 名前=瞬道タクシー 増加数=5
time=03:41:10.080 level=INFO msg=一定の売上が立ったためオーナーの椅子が増加します 名前=快旅タクシー 増加数=6
time=03:41:10.082 level=INFO msg=一定の売上が立ったためオーナーの椅子が増加します 名前=ゆったり号 増加数=4
time=03:41:10.083 level=INFO msg=一定の売上が立ったためオーナーの椅子が増加します 名前=ふたたび椅子堂 増加数=6
time=03:41:10.090 level=INFO msg=一定の売上が立ったためオーナーの椅子が増加します 名前="Timeless Seats" 増加数=5
time=03:41:11.878 level=INFO msg=一定の売上が立ったためオーナーの椅子が増加します 名前=ふたたび椅子堂 増加数=9
time=03:41:11.884 level=INFO msg=一定の売上が立ったためオーナーの椅子が増加します 名前=快旅タクシー 増加数=9
time=03:41:11.885 level=INFO msg=一定の売上が立ったためオーナーの椅子が増加します 名前=ゆったり号 増加数=7
time=03:41:11.885 level=INFO msg=一定の売上が立ったためオーナーの椅子が増加します 名前="Timeless Seats" 増加数=8
time=03:41:11.885 level=INFO msg=一定の売上が立ったためオーナーの椅子が増加します 名前=瞬道タクシー 増加数=7
time=03:41:11.902 level=INFO msg=これまでに地域内の評判によって19人、既存ユーザーの招待経由で314人が新規登録しました
time=03:41:11.902 level=INFO msg=0.3%のライドは椅子がマッチされるまでの時間、15.2%のライドはマッチされた椅子が乗車地点までに掛かる時間、1.0%のライドは椅子の実移動時間に不満がありました
time=03:41:13.680 level=INFO msg=一定の売上が立ったためオーナーの椅子が増加します 名前=ふたたび椅子堂 増加数=11
time=03:41:13.687 level=INFO msg=一定の売上が立ったためオーナーの椅子が増加します 名前=ゆったり号 増加数=10
time=03:41:13.688 level=INFO msg=一定の売上が立ったためオーナーの椅子が増加します 名前="Timeless Seats" 増加数=10
time=03:41:13.688 level=INFO msg=一定の売上が立ったためオーナーの椅子が増加します 名前=瞬道タクシー 増加数=9
time=03:41:13.700 level=INFO msg=一定の売上が立ったためオーナーの椅子が増加します 名前=快旅タクシー 増加数=12
time=03:41:15.482 level=INFO msg=一定の売上が立ったためオーナーの椅子が増加します 名前=ふたたび椅子堂 増加数=13
time=03:41:15.489 level=INFO msg=一定の売上が立ったためオーナーの椅子が増加します 名前=ゆったり号 増加数=12
time=03:41:15.489 level=INFO msg=一定の売上が立ったためオーナーの椅子が増加します 名前=瞬道タクシー 増加数=12
time=03:41:15.489 level=INFO msg=一定の売上が立ったためオーナーの椅子が増加します 名前="Timeless Seats" 増加数=11
time=03:41:15.494 level=INFO msg=一定の売上が立ったためオーナーの椅子が増加します 名前=快旅タクシー 増加数=12
time=03:41:17.331 level=INFO msg=一定の売上が立ったためオーナーの椅子が増加します 名前=ふたたび椅子堂 増加数=14
time=03:41:17.332 level=INFO msg=これまでに地域内の評判によって36人、既存ユーザーの招待経由で1075人が新規登録しました
time=03:41:17.332 level=INFO msg=2.6%のライドは椅子がマッチされるまでの時間、4.5%のライドはマッチされた椅子が乗車地点までに掛かる時間、0.7%のライドは椅子の実移動時間に不満がありました
time=03:41:17.336 level=INFO msg=一定の売上が立ったためオーナーの椅子が増加します 名前=瞬道タクシー 増加数=12
time=03:41:17.349 level=INFO msg=一定の売上が立ったためオーナーの椅子が増加します 名前="Timeless Seats" 増加数=13
time=03:41:17.350 level=INFO msg=一定の売上が立ったためオーナーの椅子が増加します 名前=快旅タクシー 増加数=12
time=03:41:17.350 level=INFO msg=一定の売上が立ったためオーナーの椅子が増加します 名前=ゆったり号 増加数=11
time=03:41:19.302 level=INFO msg=一定の売上が立ったためオーナーの椅子が増加します 名前="Timeless Seats" 増加数=13
time=03:41:19.307 level=INFO msg=一定の売上が立ったためオーナーの椅子が増加します 名前=瞬道タクシー 増加数=12
time=03:41:19.309 level=INFO msg=一定の売上が立ったためオーナーの椅子が増加します 名前=快旅タクシー 増加数=14
time=03:41:19.309 level=INFO msg=一定の売上が立ったためオーナーの椅子が増加します 名前=ふたたび椅子堂 増加数=14
time=03:41:19.309 level=INFO msg=一定の売上が立ったためオーナーの椅子が増加します 名前=ゆったり号 増加数=12
time=03:41:21.101 level=INFO msg=一定の売上が立ったためオーナーの椅子が増加します 名前=ゆったり号 増加数=13
time=03:41:21.102 level=INFO msg=一定の売上が立ったためオーナーの椅子が増加します 名前="Timeless Seats" 増加数=12
time=03:41:21.102 level=WARN msg="取得したオーナーの売り上げ情報が想定しているものと異なります (CODE=24): salesが大きいデータがあります (id: 01M32MBBZJK58F5F4BVR8KCPP0, got: 48500)"
time=03:41:21.103 level=WARN msg="取得したオーナーの売り上げ情報が想定しているものと異なります (CODE=24): salesが大きいデータがあります (id: 01M32MBG3B2KPEGRM3F4F4YB3X, got: 21100)"
time=03:41:21.103 level=INFO msg=一定の売上が立ったためオーナーの椅子が増加します 名前=瞬道タクシー 増加数=13
time=03:41:22.912 level=INFO msg=これまでに地域内の評判によって54人、既存ユーザーの招待経由で1971人が新規登録しました
time=03:41:22.912 level=INFO msg=これまでに低評価なライドによって3人が利用をやめました
time=03:41:22.912 level=INFO msg=18.2%のライドは椅子がマッチされるまでの時間、2.9%のライドはマッチされた椅子が乗車地点までに掛かる時間、12.7%のライドは椅子の実移動時間に不満がありました
time=03:41:22.922 level=INFO msg=一定の売上が立ったためオーナーの椅子が増加します 名前=瞬道タクシー 増加数=12
time=03:41:22.924 level=INFO msg=一定の売上が立ったためオーナーの椅子が増加します 名前=ゆったり号 増加数=14
time=03:41:22.924 level=INFO msg=一定の売上が立ったためオーナーの椅子が増加します 名前="Timeless Seats" 増加数=14
time=03:41:22.925 level=INFO msg=一定の売上が立ったためオーナーの椅子が増加します 名前=ふたたび椅子堂 増加数=32
time=03:41:22.933 level=INFO msg=一定の売上が立ったためオーナーの椅子が増加します 名前=快旅タクシー 増加数=29
time=03:41:24.730 level=INFO msg=一定の売上が立ったためオーナーの椅子が増加します 名前=瞬道タクシー 増加数=15
time=03:41:24.730 level=INFO msg=一定の売上が立ったためオーナーの椅子が増加します 名前="Timeless Seats" 増加数=15
time=03:41:24.731 level=INFO msg=一定の売上が立ったためオーナーの椅子が増加します 名前=ゆったり号 増加数=15
time=03:41:26.686 level=INFO msg=一定の売上が立ったためオーナーの椅子が増加します 名前="Timeless Seats" 増加数=16
time=03:41:26.689 level=INFO msg=一定の売上が立ったためオーナーの椅子が増加します 名前=ゆったり号 増加数=18
time=03:41:26.690 level=INFO msg=一定の売上が立ったためオーナーの椅子が増加します 名前=瞬道タクシー 増加数=18
time=03:41:26.691 level=INFO msg=一定の売上が立ったためオーナーの椅子が増加します 名前=快旅タクシー 増加数=34
time=03:41:26.706 level=INFO msg=一定の売上が立ったためオーナーの椅子が増加します 名前=ふたたび椅子堂 増加数=36
time=03:41:28.492 level=INFO msg=これまでに地域内の評判によって72人、既存ユーザーの招待経由で2676人が新規登録しました
time=03:41:28.492 level=INFO msg=これまでに低評価なライドによって12人が利用をやめました
time=03:41:28.492 level=INFO msg=47.2%のライドは椅子がマッチされるまでの時間、2.2%のライドはマッチされた椅子が乗車地点までに掛かる時間、21.0%のライドは椅子の実移動時間に不満がありました
time=03:41:28.512 level=INFO msg=一定の売上が立ったためオーナーの椅子が増加します 名前="Timeless Seats" 増加数=22
time=03:41:28.516 level=INFO msg=一定の売上が立ったためオーナーの椅子が増加します 名前=瞬道タクシー 増加数=20
time=03:41:28.517 level=INFO msg=一定の売上が立ったためオーナーの椅子が増加します 名前=ゆったり号 増加数=22
time=03:41:30.291 level=INFO msg=一定の売上が立ったためオーナーの椅子が増加します 名前=快旅タクシー 増加数=41
time=03:41:30.308 level=INFO msg=一定の売上が立ったためオーナーの椅子が増加します 名前=ふたたび椅子堂 増加数=39
time=03:41:32.112 level=INFO msg=一定の売上が立ったためオーナーの椅子が増加します 名前="Timeless Seats" 増加数=43
time=03:41:32.113 level=INFO msg=一定の売上が立ったためオーナーの椅子が増加します 名前=瞬道タクシー 増加数=41
time=03:41:32.113 level=INFO msg=一定の売上が立ったためオーナーの椅子が増加します 名前=ゆったり号 増加数=39
time=03:41:33.892 level=INFO msg=これまでに地域内の評判によって90人、既存ユーザーの招待経由で3126人が新規登録しました
time=03:41:33.892 level=INFO msg=これまでに低評価なライドによって30人が利用をやめました
time=03:41:33.892 level=INFO msg=63.9%のライドは椅子がマッチされるまでの時間、1.9%のライドはマッチされた椅子が乗車地点までに掛かる時間、27.1%のライドは椅子の実移動時間に不満がありました
time=03:41:35.753 level=INFO msg=一定の売上が立ったためオーナーの椅子が増加します 名前=快旅タクシー 増加数=67
time=03:41:35.755 level=INFO msg=一定の売上が立ったためオーナーの椅子が増加します 名前=ふたたび椅子堂 増加数=70
time=03:41:37.516 level=INFO msg=一定の売上が立ったためオーナーの椅子が増加します 名前=瞬道タクシー 増加数=65
time=03:41:37.518 level=INFO msg=一定の売上が立ったためオーナーの椅子が増加します 名前=ゆったり号 増加数=63
time=03:41:37.520 level=INFO msg=一定の売上が立ったためオーナーの椅子が増加します 名前="Timeless Seats" 増加数=66
time=03:41:38.611 level=WARN msg="取得した付近の椅子情報に不備があります (CODE=30): ID:01M32MBNBT5FQK8TZRVC670PAFの椅子は既にライド中です"
time=03:41:39.412 level=INFO msg=これまでに地域内の評判によって108人、既存ユーザーの招待経由で3473人が新規登録しました
time=03:41:39.412 level=INFO msg=これまでに低評価なライドによって47人が利用をやめました
time=03:41:39.412 level=INFO msg=73.2%のライドは椅子がマッチされるまでの時間、1.8%のライドはマッチされた椅子が乗車地点までに掛かる時間、31.3%のライドは椅子の実移動時間に不満がありました
time=03:41:44.815 level=INFO msg=これまでに地域内の評判によって126人、既存ユーザーの招待経由で3745人が新規登録しました
time=03:41:44.815 level=INFO msg=これまでに低評価なライドによって84人が利用をやめました
time=03:41:44.815 level=INFO msg=78.4%のライドは椅子がマッチされるまでの時間、1.9%のライドはマッチされた椅子が乗車地点までに掛かる時間、34.4%のライドは椅子の実移動時間に不満がありました
time=03:41:47.287 level=INFO msg=一定の売上が立ったためオーナーの椅子が増加します 名前=快旅タクシー 増加数=151
time=03:41:47.288 level=INFO msg=一定の売上が立ったためオーナーの椅子が増加します 名前=ふたたび椅子堂 増加数=150
time=03:41:49.276 level=INFO msg=一定の売上が立ったためオーナーの椅子が増加します 名前=ゆったり号 増加数=145
time=03:41:49.279 level=INFO msg=一定の売上が立ったためオーナーの椅子が増加します 名前=瞬道タクシー 増加数=140
time=03:41:49.282 level=INFO msg=一定の売上が立ったためオーナーの椅子が増加します 名前="Timeless Seats" 増加数=147
time=03:41:49.833 level=WARN msg="取得した付近の椅子情報に不備があります (CODE=30): ID:01M32MBDWNRZSRH9PEMXVDY2QRの椅子は既にライド中です"
time=03:41:49.834 level=WARN msg="取得した付近の椅子情報に不備があります (CODE=30): ID:01M32MBDWNRZSRH9PEMXVDY2QRの椅子は既にライド中です"
time=03:41:49.836 level=WARN msg="取得した付近の椅子情報に不備があります (CODE=30): ID:01M32MBDWNRZSRH9PEMXVDY2QRの椅子は既にライド中です"
time=03:41:49.892 level=WARN msg="取得した付近の椅子情報に不備があります (CODE=30): ID:01M32MBDWNRZSRH9PEMXVDY2QRの椅子は既にライド中です"
time=03:41:49.893 level=WARN msg="取得した付近の椅子情報に不備があります (CODE=30): ID:01M32MBDWNRZSRH9PEMXVDY2QRの椅子は既にライド中です"
time=03:41:49.897 level=WARN msg="取得した付近の椅子情報に不備があります (CODE=30): ID:01M32MBDWNRZSRH9PEMXVDY2QRの椅子は既にライド中です"
time=03:41:49.970 level=WARN msg="取得した付近の椅子情報に不備があります (CODE=30): ID:01M32MBDWNRZSRH9PEMXVDY2QRの椅子は既にライド中です"
time=03:41:49.992 level=WARN msg="取得した付近の椅子情報に不備があります (CODE=30): ID:01M32MBDWNRZSRH9PEMXVDY2QRの椅子は既にライド中です"
time=03:41:49.999 level=WARN msg="取得した付近の椅子情報に不備があります (CODE=30): ID:01M32MBDWNRZSRH9PEMXVDY2QRの椅子は既にライド中です"
time=03:41:50.008 level=WARN msg="取得した付近の椅子情報に不備があります (CODE=30): ID:01M32MBDWNRZSRH9PEMXVDY2QRの椅子は既にライド中です"
time=03:41:50.036 level=WARN msg="取得した付近の椅子情報に不備があります (CODE=30): ID:01M32MBDWNRZSRH9PEMXVDY2QRの椅子は既にライド中です"
time=03:41:50.100 level=WARN msg="取得した付近の椅子情報に不備があります (CODE=30): ID:01M32MCBV9HEB3BPMYB2VSASG2の椅子は既にライド中です"
time=03:41:50.102 level=WARN msg="取得した付近の椅子情報に不備があります (CODE=30): ID:01M32MCBV9HEB3BPMYB2VSASG2の椅子は既にライド中です"
time=03:41:50.103 level=WARN msg="取得した付近の椅子情報に不備があります (CODE=30): ID:01M32MCBV9HEB3BPMYB2VSASG2の椅子は既にライド中です"
time=03:41:50.104 level=WARN msg="取得した付近の椅子情報に不備があります (CODE=30): ID:01M32MCBV9HEB3BPMYB2VSASG2の椅子は既にライド中です"
time=03:41:50.105 level=WARN msg="取得した付近の椅子情報に不備があります (CODE=30): ID:01M32MCBV9HEB3BPMYB2VSASG2の椅子は既にライド中です"
time=03:41:50.113 level=WARN msg="取得した付近の椅子情報に不備があります (CODE=30): ID:01M32MCBV9HEB3BPMYB2VSASG2の椅子は既にライド中です"
time=03:41:50.114 level=WARN msg="取得した付近の椅子情報に不備があります (CODE=30): ID:01M32MCBV9HEB3BPMYB2VSASG2の椅子は既にライド中です"
time=03:41:50.129 level=WARN msg="取得した付近の椅子情報に不備があります (CODE=30): ID:01M32MCBV9HEB3BPMYB2VSASG2の椅子は既にライド中です"
time=03:41:50.134 level=WARN msg="取得した付近の椅子情報に不備があります (CODE=30): ID:01M32MCBV9HEB3BPMYB2VSASG2の椅子は既にライド中です"
time=03:41:50.134 level=WARN msg="取得した付近の椅子情報に不備があります (CODE=30): ID:01M32MCBV9HEB3BPMYB2VSASG2の椅子は既にライド中です"
time=03:41:51.112 level=INFO msg=これまでに地域内の評判によって143人、既存ユーザーの招待経由で3952人が新規登録しました
time=03:41:51.112 level=INFO msg=これまでに低評価なライドによって102人が利用をやめました
time=03:41:51.112 level=INFO msg=82.6%のライドは椅子がマッチされるまでの時間、1.7%のライドはマッチされた椅子が乗車地点までに掛かる時間、36.7%のライドは椅子の実移動時間に不満がありました
time=03:41:57.413 level=INFO msg=これまでに地域内の評判によって162人、既存ユーザーの招待経由で4187人が新規登録しました
time=03:41:57.413 level=INFO msg=これまでに低評価なライドによって115人が利用をやめました
time=03:41:57.413 level=INFO msg=85.4%のライドは椅子がマッチされるまでの時間、1.6%のライドはマッチされた椅子が乗車地点までに掛かる時間、38.4%のライドは椅子の実移動時間に不満がありました
time=03:42:06.103 level=INFO msg=最終地域情報 名前=チェアタウン ユーザー登録数=2592 アクティブユーザー数=2531
time=03:42:06.103 level=INFO msg=最終地域情報 名前=コシカケシティ ユーザー登録数=1978 アクティブユーザー数=1917
time=03:42:06.103 level=INFO msg=最終オーナー情報 名前=ゆったり号 売上=21092200 椅子数=394
time=03:42:06.103 level=INFO msg=最終オーナー情報 名前=快旅タクシー 売上=22230900 椅子数=399
time=03:42:06.103 level=INFO msg=最終オーナー情報 名前="Timeless Seats" 売上=21642900 椅子数=405
time=03:42:06.103 level=INFO msg=最終オーナー情報 名前=瞬道タクシー 売上=20853500 椅子数=390
time=03:42:06.103 level=INFO msg=最終オーナー情報 名前=ふたたび椅子堂 売上=22722000 椅子数=407
time=03:42:06.103 level=INFO msg=86.8%のライドは椅子がマッチされるまでの時間、1.6%のライドはマッチされた椅子が乗車地点までに掛かる時間、39.5%のライドは椅子の実移動時間に不満がありました
time=03:42:06.104 level=INFO msg=結果 pass=true スコア=1136787 種別エラー数="map[24:2 30:22]"
time=03:42:06.104 level=INFO msg=負荷走行が終了しました
