time=08:02:58.402 level=INFO msg=負荷走行を開始します
time=08:03:04.430 level=INFO msg=一定の売上が立ったためオーナーの椅子が増加します 名前="CraftChair Co., Ltd." 増加数=1
time=08:03:04.431 level=INFO msg=一定の売上が立ったためオーナーの椅子が増加します 名前="Urban Wheels" 増加数=3
time=08:03:04.431 level=INFO msg=一定の売上が立ったためオーナーの椅子が増加します 名前=暮らしの椅子研究所 増加数=1
time=08:03:04.432 level=INFO msg=一定の売上が立ったためオーナーの椅子が増加します 名前=晴れ道タクシー 増加数=1
time=08:03:04.432 level=INFO msg=一定の売上が立ったためオーナーの椅子が増加します 名前="Sit Second Life" 増加数=1
time=08:03:06.232 level=INFO msg=一定の売上が立ったためオーナーの椅子が増加します 名前="CraftChair Co., Ltd." 増加数=3
time=08:03:06.232 level=INFO msg=一定の売上が立ったためオーナーの椅子が増加します 名前="Urban Wheels" 増加数=2
time=08:03:06.233 level=INFO msg=一定の売上が立ったためオーナーの椅子が増加します 名前=暮らしの椅子研究所 増加数=2
time=08:03:06.235 level=INFO msg=一定の売上が立ったためオーナーの椅子が増加します 名前="Sit Second Life" 増加数=2
time=08:03:06.238 level=INFO msg=一定の売上が立ったためオーナーの椅子が増加します 名前=晴れ道タクシー 増加数=2
time=08:03:06.259 level=INFO msg=これまでに地域内の評判によって7人、既存ユーザーの招待経由で52人が新規登録しました
time=08:03:06.259 level=INFO msg=0.0%のライドは椅子がマッチされるまでの時間、66.0%のライドはマッチされた椅子が乗車地点までに掛かる時間、0.0%のライドは椅子の実移動時間に不満がありました
time=08:03:08.032 level=INFO msg=一定の売上が立ったためオーナーの椅子が増加します 名前="Urban Wheels" 増加数=4
time=08:03:08.036 level=INFO msg=一定の売上が立ったためオーナーの椅子が増加します 名前="Sit Second Life" 増加数=2
time=08:03:08.036 level=INFO msg=一定の売上が立ったためオーナーの椅子が増加します 名前=晴れ道タクシー 増加数=4
time=08:03:08.038 level=INFO msg=一定の売上が立ったためオーナーの椅子が増加します 名前="CraftChair Co., Ltd." 増加数=3
time=08:03:08.038 level=INFO msg=一定の売上が立ったためオーナーの椅子が増加します 名前=暮らしの椅子研究所 増加数=4
time=08:03:09.836 level=INFO msg=一定の売上が立ったためオーナーの椅子が増加します 名前="Sit Second Life" 増加数=4
time=08:03:09.836 level=INFO msg=一定の売上が立ったためオーナーの椅子が増加します 名前=晴れ道タクシー 増加数=5
time=08:03:09.837 level=INFO msg=一定の売上が立ったためオーナーの椅子が増加します 名前="CraftChair Co., Ltd." 増加数=5
time=08:03:09.840 level=INFO msg=一定の売上が立ったためオーナーの椅子が増加します 名前="Urban Wheels" 増加数=6
time=08:03:09.844 level=INFO msg=一定の売上が立ったためオーナーの椅子が増加します 名前=暮らしの椅子研究所 増加数=5
time=08:03:11.633 level=INFO msg=一定の売上が立ったためオーナーの椅子が増加します 名前="Sit Second Life" 増加数=7
time=08:03:11.638 level=INFO msg=一定の売上が立ったためオーナーの椅子が増加します 名前=暮らしの椅子研究所 増加数=9
time=08:03:11.638 level=INFO msg=一定の売上が立ったためオーナーの椅子が増加します 名前="Urban Wheels" 増加数=9
time=08:03:11.638 level=INFO msg=一定の売上が立ったためオーナーの椅子が増加します 名前="CraftChair Co., Ltd." 増加数=9
time=08:03:11.638 level=INFO msg=一定の売上が立ったためオーナーの椅子が増加します 名前=晴れ道タクシー 増加数=8
time=08:03:11.660 level=INFO msg=これまでに地域内の評判によって19人、既存ユーザーの招待経由で301人が新規登録しました
time=08:03:11.660 level=INFO msg=0.0%のライドは椅子がマッチされるまでの時間、26.2%のライドはマッチされた椅子が乗車地点までに掛かる時間、0.5%のライドは椅子の実移動時間に不満がありました
time=08:03:13.438 level=INFO msg=一定の売上が立ったためオーナーの椅子が増加します 名前="CraftChair Co., Ltd." 増加数=10
time=08:03:13.447 level=INFO msg=一定の売上が立ったためオーナーの椅子が増加します 名前="Urban Wheels" 増加数=12
time=08:03:13.447 level=INFO msg=一定の売上が立ったためオーナーの椅子が増加します 名前=暮らしの椅子研究所 増加数=10
time=08:03:13.454 level=INFO msg=一定の売上が立ったためオーナーの椅子が増加します 名前="Sit Second Life" 増加数=9
time=08:03:13.454 level=INFO msg=一定の売上が立ったためオーナーの椅子が増加します 名前=晴れ道タクシー 増加数=12
time=08:03:15.240 level=INFO msg=一定の売上が立ったためオーナーの椅子が増加します 名前="CraftChair Co., Ltd." 増加数=13
time=08:03:15.240 level=INFO msg=一定の売上が立ったためオーナーの椅子が増加します 名前=暮らしの椅子研究所 増加数=13
time=08:03:15.240 level=INFO msg=一定の売上が立ったためオーナーの椅子が増加します 名前="Urban Wheels" 増加数=12
time=08:03:15.241 level=INFO msg=一定の売上が立ったためオーナーの椅子が増加します 名前="Sit Second Life" 増加数=10
time=08:03:15.241 level=INFO msg=一定の売上が立ったためオーナーの椅子が増加します 名前=晴れ道タクシー 増加数=11
time=08:03:17.113 level=INFO msg=一定の売上が立ったためオーナーの椅子が増加します 名前=暮らしの椅子研究所 増加数=13
time=08:03:17.117 level=INFO msg=一定の売上が立ったためオーナーの椅子が増加します 名前=晴れ道タクシー 増加数=14
time=08:03:17.117 level=INFO msg=一定の売上が立ったためオーナーの椅子が増加します 名前="Sit Second Life" 増加数=12
time=08:03:17.119 level=INFO msg=これまでに地域内の評判によって35人、既存ユーザーの招待経由で1084人が新規登録しました
time=08:03:17.119 level=INFO msg=0.0%のライドは椅子がマッチされるまでの時間、9.1%のライドはマッチされた椅子が乗車地点までに掛かる時間、0.6%のライドは椅子の実移動時間に不満がありました
time=08:03:17.119 level=INFO msg=一定の売上が立ったためオーナーの椅子が増加します 名前="Urban Wheels" 増加数=14
time=08:03:17.129 level=INFO msg=一定の売上が立ったためオーナーの椅子が増加します 名前="CraftChair Co., Ltd." 増加数=13
time=08:03:18.997 level=INFO msg=一定の売上が立ったためオーナーの椅子が増加します 名前=暮らしの椅子研究所 増加数=12
time=08:03:18.997 level=INFO msg=一定の売上が立ったためオーナーの椅子が増加します 名前="Urban Wheels" 増加数=13
time=08:03:18.997 level=INFO msg=一定の売上が立ったためオーナーの椅子が増加します 名前="CraftChair Co., Ltd." 増加数=12
time=08:03:19.022 level=INFO msg=一定の売上が立ったためオーナーの椅子が増加します 名前=晴れ道タクシー 増加数=13
time=08:03:19.023 level=INFO msg=一定の売上が立ったためオーナーの椅子が増加します 名前="Sit Second Life" 増加数=11
time=08:03:20.970 level=INFO msg=一定の売上が立ったためオーナーの椅子が増加します 名前=暮らしの椅子研究所 増加数=13
time=08:03:20.971 level=INFO msg=一定の売上が立ったためオーナーの椅子が増加します 名前="Urban Wheels" 増加数=15
time=08:03:20.970 level=INFO msg=一定の売上が立ったためオーナーの椅子が増加します 名前="CraftChair Co., Ltd." 増加数=15
time=08:03:20.973 level=INFO msg=一定の売上が立ったためオーナーの椅子が増加します 名前=晴れ道タクシー 増加数=12
time=08:03:20.974 level=INFO msg=一定の売上が立ったためオーナーの椅子が増加します 名前="Sit Second Life" 増加数=11
time=08:03:22.759 level=INFO msg=一定の売上が立ったためオーナーの椅子が増加します 名前="Sit Second Life" 増加数=14
time=08:03:22.759 level=INFO msg=一定の売上が立ったためオーナーの椅子が増加します 名前=晴れ道タクシー 増加数=18
time=08:03:22.759 level=INFO msg=これまでに地域内の評判によって53人、既存ユーザーの招待経由で1991人が新規登録しました
time=08:03:22.759 level=INFO msg=これまでに低評価なライドによって8人が利用をやめました
time=08:03:22.759 level=INFO msg=17.1%のライドは椅子がマッチされるまでの時間、5.9%のライドはマッチされた椅子が乗車地点までに掛かる時間、15.1%のライドは椅子の実移動時間に不満がありました
time=08:03:22.780 level=INFO msg=一定の売上が立ったためオーナーの椅子が増加します 名前="CraftChair Co., Ltd." 増加数=16
time=08:03:22.781 level=INFO msg=一定の売上が立ったためオーナーの椅子が増加します 名前=暮らしの椅子研究所 増加数=17
time=08:03:22.781 level=INFO msg=一定の売上が立ったためオーナーの椅子が増加します 名前="Urban Wheels" 増加数=17
time=08:03:24.617 level=INFO msg=一定の売上が立ったためオーナーの椅子が増加します 名前=晴れ道タクシー 増加数=16
time=08:03:24.619 level=INFO msg=一定の売上が立ったためオーナーの椅子が増加します 名前="Urban Wheels" 増加数=17
time=08:03:24.678 level=INFO msg=一定の売上が立ったためオーナーの椅子が増加します 名前=暮らしの椅子研究所 増加数=15
time=08:03:26.478 level=INFO msg=一定の売上が立ったためオーナーの椅子が増加します 名前="CraftChair Co., Ltd." 増加数=37
time=08:03:26.478 level=INFO msg=一定の売上が立ったためオーナーの椅子が増加します 名前=暮らしの椅子研究所 増加数=21
time=08:03:26.480 level=INFO msg=一定の売上が立ったためオーナーの椅子が増加します 名前="Urban Wheels" 増加数=21
time=08:03:26.501 level=INFO msg=一定の売上が立ったためオーナーの椅子が増加します 名前="Sit Second Life" 増加数=30
time=08:03:26.501 level=INFO msg=一定の売上が立ったためオーナーの椅子が増加します 名前=晴れ道タクシー 増加数=21
time=08:03:28.279 level=INFO msg=これまでに地域内の評判によって71人、既存ユーザーの招待経由で2597人が新規登録しました
time=08:03:28.279 level=INFO msg=これまでに低評価なライドによって26人が利用をやめました
time=08:03:28.280 level=INFO msg=47.5%のライドは椅子がマッチされるまでの時間、4.5%のライドはマッチされた椅子が乗車地点までに掛かる時間、22.7%のライドは椅子の実移動時間に不満がありました
time=08:03:28.308 level=INFO msg=一定の売上が立ったためオーナーの椅子が増加します 名前=晴れ道タクシー 増加数=24
time=08:03:28.310 level=INFO msg=一定の売上が立ったためオーナーの椅子が増加します 名前="Urban Wheels" 増加数=25
time=08:03:28.332 level=INFO msg=一定の売上が立ったためオーナーの椅子が増加します 名前=暮らしの椅子研究所 増加数=22
time=08:03:30.085 level=INFO msg=一定の売上が立ったためオーナーの椅子が増加します 名前="Sit Second Life" 増加数=32
time=08:03:30.107 level=INFO msg=一定の売上が立ったためオーナーの椅子が増加します 名前="CraftChair Co., Ltd." 増加数=39
time=08:03:30.109 level=INFO msg=一定の売上が立ったためオーナーの椅子が増加します 名前=暮らしの椅子研究所 増加数=22
time=08:03:31.902 level=INFO msg=一定の売上が立ったためオーナーの椅子が増加します 名前=晴れ道タクシー 増加数=41
time=08:03:31.902 level=INFO msg=一定の売上が立ったためオーナーの椅子が増加します 名前="Urban Wheels" 増加数=42
time=08:03:31.904 level=INFO msg=一定の売上が立ったためオーナーの椅子が増加します 名前=暮らしの椅子研究所 増加数=20
time=08:03:33.769 level=INFO msg=これまでに地域内の評判によって89人、既存ユーザーの招待経由で3025人が新規登録しました
time=08:03:33.769 level=INFO msg=これまでに低評価なライドによって52人が利用をやめました
time=08:03:33.769 level=INFO msg=64.4%のライドは椅子がマッチされるまでの時間、4.0%のライドはマッチされた椅子が乗車地点までに掛かる時間、27.7%のライドは椅子の実移動時間に不満がありました
time=08:03:33.776 level=INFO msg=一定の売上が立ったためオーナーの椅子が増加します 名前="Sit Second Life" 増加数=36
time=08:03:33.778 level=INFO msg=一定の売上が立ったためオーナーの椅子が増加します 名前=暮らしの椅子研究所 増加数=30
time=08:03:33.781 level=INFO msg=一定の売上が立ったためオーナーの椅子が増加します 名前="CraftChair Co., Ltd." 増加数=44
time=08:03:37.391 level=INFO msg=一定の売上が立ったためオーナーの椅子が増加します 名前=暮らしの椅子研究所 増加数=48
time=08:03:37.392 level=INFO msg=一定の売上が立ったためオーナーの椅子が増加します 名前="Urban Wheels" 増加数=79
time=08:03:37.430 level=INFO msg=一定の売上が立ったためオーナーの椅子が増加します 名前="Sit Second Life" 増加数=37
time=08:03:37.430 level=INFO msg=一定の売上が立ったためオーナーの椅子が増加します 名前=晴れ道タクシー 増加数=74
time=08:03:39.526 level=INFO msg=これまでに地域内の評判によって107人、既存ユーザーの招待経由で3256人が新規登録しました
time=08:03:39.526 level=INFO msg=これまでに低評価なライドによって86人が利用をやめました
time=08:03:39.526 level=INFO msg=74.1%のライドは椅子がマッチされるまでの時間、3.6%のライドはマッチされた椅子が乗車地点までに掛かる時間、33.8%のライドは椅子の実移動時間に不満がありました
time=08:03:39.571 level=INFO msg=一定の売上が立ったためオーナーの椅子が増加します 名前="CraftChair Co., Ltd." 増加数=78
time=08:03:41.455 level=INFO msg=一定の売上が立ったためオーナーの椅子が増加します 名前="Sit Second Life" 増加数=49
time=08:03:43.267 level=INFO msg=一定の売上が立ったためオーナーの椅子が増加します 名前=暮らしの椅子研究所 増加数=96
time=08:03:45.019 level=INFO msg=これまでに地域内の評判によって122人、既存ユーザーの招待経由で3348人が新規登録しました
time=08:03:45.019 level=INFO msg=これまでに低評価なライドによって113人が利用をやめました
time=08:03:45.020 level=INFO msg=79.5%のライドは椅子がマッチされるまでの時間、3.3%のライドはマッチされた椅子が乗車地点までに掛かる時間、38.2%のライドは椅子の実移動時間に不満がありました
time=08:03:45.246 level=WARN msg="取得した付近の椅子情報に不備があります (CODE=30): ID:01M333BTY7KAPR2XNZHKKW5NKCの椅子は既にライド中です"
time=08:03:45.264 level=WARN msg="取得した付近の椅子情報に不備があります (CODE=30): ID:01M333BGF2E45AMMFV2D3NHQPYの椅子は既にライド中です"
time=08:03:45.264 level=WARN msg="取得した付近の椅子情報に不備があります (CODE=30): ID:01M333BGF2E45AMMFV2D3NHQPYの椅子は既にライド中です"
time=08:03:45.284 level=WARN msg="取得した付近の椅子情報に不備があります (CODE=30): ID:01M333BTY7KAPR2XNZHKKW5NKCの椅子は既にライド中です"
time=08:03:45.284 level=WARN msg="取得した付近の椅子情報に不備があります (CODE=30): ID:01M333BTY7KAPR2XNZHKKW5NKCの椅子は既にライド中です"
time=08:03:46.425 level=WARN msg="取得した付近の椅子情報に不備があります (CODE=30): ID:01M333BXVAF9Y312Y6N5EG0PAVの椅子は既にライド中です"
time=08:03:47.026 level=INFO msg=一定の売上が立ったためオーナーの椅子が増加します 名前="Urban Wheels" 増加数=136
time=08:03:47.028 level=INFO msg=一定の売上が立ったためオーナーの椅子が増加します 名前=晴れ道タクシー 増加数=134
time=08:03:49.190 level=INFO msg=一定の売上が立ったためオーナーの椅子が増加します 名前="Sit Second Life" 増加数=102
time=08:03:50.500 level=WARN msg="取得した付近の椅子情報に不備があります (CODE=30): ID:01M333C0YPEXXZRTT9RYSXA95Mの椅子は既にライド中です"
time=08:03:51.260 level=INFO msg=これまでに地域内の評判によって143人、既存ユーザーの招待経由で3458人が新規登録しました
time=08:03:51.260 level=INFO msg=これまでに低評価なライドによって149人が利用をやめました
time=08:03:51.260 level=INFO msg=83.0%のライドは椅子がマッチされるまでの時間、3.1%のライドはマッチされた椅子が乗車地点までに掛かる時間、42.2%のライドは椅子の実移動時間に不満がありました
time=08:03:51.472 level=INFO msg=一定の売上が立ったためオーナーの椅子が増加します 名前="CraftChair Co., Ltd." 増加数=159
time=08:03:53.573 level=WARN msg="取得した付近の椅子情報に不備があります (CODE=30): ID:01M333BM4H03RW1FDY1QHJRBZ8の椅子は既にライド中です"
time=08:03:53.575 level=WARN msg="取得した付近の椅子情報に不備があります (CODE=30): ID:01M333BM4H03RW1FDY1QHJRBZ8の椅子は既にライド中です"
time=08:03:53.576 level=WARN msg="取得した付近の椅子情報に不備があります (CODE=30): ID:01M333B9ERANPXQ30F4E307MVBの椅子は既にライド中です"
time=08:03:53.579 level=WARN msg="取得した付近の椅子情報に不備があります (CODE=30): ID:01M333BMM9B703XV88DZQFQH89の椅子は既にライド中です"
time=08:03:53.603 level=WARN msg="取得した付近の椅子情報に不備があります (CODE=30): ID:01M333B9ERANPXQ30F4E307MVBの椅子は既にライド中です"
time=08:03:53.627 level=WARN msg="取得した付近の椅子情報に不備があります (CODE=30): ID:01M333B9ERANPXQ30F4E307MVBの椅子は既にライド中です"
time=08:03:53.940 level=WARN msg="取得した付近の椅子情報に不備があります (CODE=30): ID:01M333BJHWTK1K7ENGYRXGBQP5の椅子は既にライド中です"
time=08:03:53.941 level=WARN msg="取得した付近の椅子情報に不備があります (CODE=30): ID:01M333BJHWTK1K7ENGYRXGBQP5の椅子は既にライド中です"
time=08:03:53.941 level=WARN msg="取得した付近の椅子情報に不備があります (CODE=30): ID:01M333BNJEQWYT39MPDSDYY94Sの椅子は既にライド中です"
time=08:03:53.942 level=WARN msg="取得した付近の椅子情報に不備があります (CODE=30): ID:01M333BJHWTK1K7ENGYRXGBQP5の椅子は既にライド中です"
time=08:03:53.943 level=WARN msg="取得した付近の椅子情報に不備があります (CODE=30): ID:01M333BNJEQWYT39MPDSDYY94Sの椅子は既にライド中です"
time=08:03:53.955 level=WARN msg="取得した付近の椅子情報に不備があります (CODE=30): ID:01M333BJHWTK1K7ENGYRXGBQP5の椅子は既にライド中です"
time=08:03:53.955 level=WARN msg="取得した付近の椅子情報に不備があります (CODE=30): ID:01M333BJHWTK1K7ENGYRXGBQP5の椅子は既にライド中です"
time=08:03:53.955 level=WARN msg="取得した付近の椅子情報に不備があります (CODE=30): ID:01M333BJHWTK1K7ENGYRXGBQP5の椅子は既にライド中です"
time=08:03:53.955 level=WARN msg="取得した付近の椅子情報に不備があります (CODE=30): ID:01M333BJHWTK1K7ENGYRXGBQP5の椅子は既にライド中です"
time=08:03:55.320 level=WARN msg="取得した付近の椅子情報に不備があります (CODE=30): ID:01M333BCMMTR4Y9YWP5ZW2PVSAの椅子は既にライド中です"
time=08:03:55.322 level=WARN msg="取得した付近の椅子情報に不備があります (CODE=30): ID:01M333C67QTD0TDCS7KASNZGKZの椅子は既にライド中です"
time=08:03:55.323 level=WARN msg="取得した付近の椅子情報に不備があります (CODE=30): ID:01M333C67QTD0TDCS7KASNZGKZの椅子は既にライド中です"
time=08:03:56.564 level=WARN msg="取得した付近の椅子情報に不備があります (CODE=30): ID:01M333BW571BKX65XQS8E5K957の椅子は既にライド中です"
time=08:03:56.565 level=WARN msg="取得した付近の椅子情報に不備があります (CODE=30): ID:01M333B962424Y9JKDY7AZV4ENの椅子は既にライド中です"
time=08:03:56.570 level=WARN msg="取得した付近の椅子情報に不備があります (CODE=30): ID:01M333B3CAS75093YTYPZKCCX7の椅子は既にライド中です"
time=08:03:56.583 level=WARN msg="取得した付近の椅子情報に不備があります (CODE=30): ID:01M333BW571BKX65XQS8E5K957の椅子は既にライド中です"
time=08:03:56.584 level=WARN msg="取得した付近の椅子情報に不備があります (CODE=30): ID:01M333BEGVFV6H4002WBGQ4KQ0の椅子は既にライド中です"
time=08:03:56.584 level=WARN msg="取得した付近の椅子情報に不備があります (CODE=30): ID:01M333B3CAS75093YTYPZKCCX7の椅子は既にライド中です"
time=08:03:56.584 level=WARN msg="取得した付近の椅子情報に不備があります (CODE=30): ID:01M333B3CAS75093YTYPZKCCX7の椅子は既にライド中です"
time=08:03:56.585 level=WARN msg="取得した付近の椅子情報に不備があります (CODE=30): ID:01M333BEGVFV6H4002WBGQ4KQ0の椅子は既にライド中です"
time=08:03:56.586 level=WARN msg="取得した付近の椅子情報に不備があります (CODE=30): ID:01M333AY0EHYSRAM9AGF7GJD9Zの椅子は既にライド中です"
time=08:03:57.382 level=INFO msg=これまでに地域内の評判によって161人、既存ユーザーの招待経由で3599人が新規登録しました
time=08:03:57.382 level=INFO msg=これまでに低評価なライドによって190人が利用をやめました
time=08:03:57.382 level=INFO msg=84.4%のライドは椅子がマッチされるまでの時間、2.9%のライドはマッチされた椅子が乗車地点までに掛かる時間、46.1%のライドは椅子の実移動時間に不満がありました
time=08:03:58.358 level=WARN msg="取得した付近の椅子情報に不備があります (CODE=30): ID:01M333BR45R3E9BRA7D45ZHA3Eの椅子は既にライド中です"
time=08:03:58.359 level=WARN msg="取得した付近の椅子情報に不備があります (CODE=30): ID:01M333BR45R3E9BRA7D45ZHA3Eの椅子は既にライド中です"
time=08:03:59.394 level=INFO msg=一定の売上が立ったためオーナーの椅子が増加します 名前=暮らしの椅子研究所 増加数=243
time=08:03:59.532 level=WARN msg="取得した付近の椅子情報に不備があります (CODE=30): ID:01M333B7D6MJ3VW5FY3D5T93Y5の椅子は既にライド中です"
time=08:03:59.532 level=WARN msg="取得した付近の椅子情報に不備があります (CODE=30): ID:01M333B7D6MJ3VW5FY3D5T93Y5の椅子は既にライド中です"
time=08:03:59.532 level=WARN msg="取得した付近の椅子情報に不備があります (CODE=30): ID:01M333B7D6MJ3VW5FY3D5T93Y5の椅子は既にライド中です"
time=08:03:59.533 level=WARN msg="取得した付近の椅子情報に不備があります (CODE=30): ID:01M333B7D6MJ3VW5FY3D5T93Y5の椅子は既にライド中です"
time=08:03:59.534 level=WARN msg="取得した付近の椅子情報に不備があります (CODE=30): ID:01M333C821DXS2QFTEG0C1ZSQKの椅子は既にライド中です"
time=08:03:59.535 level=WARN msg="取得した付近の椅子情報に不備があります (CODE=30): ID:01M333B7D6MJ3VW5FY3D5T93Y5の椅子は既にライド中です"
time=08:03:59.538 level=WARN msg="取得した付近の椅子情報に不備があります (CODE=30): ID:01M333B7D6MJ3VW5FY3D5T93Y5の椅子は既にライド中です"
time=08:03:59.539 level=WARN msg="取得した付近の椅子情報に不備があります (CODE=30): ID:01M333C821DXS2QFTEG0C1ZSQKの椅子は既にライド中です"
time=08:03:59.543 level=WARN msg="取得した付近の椅子情報に不備があります (CODE=30): ID:01M333B7D6MJ3VW5FY3D5T93Y5の椅子は既にライド中です"
time=08:03:59.559 level=WARN msg="取得した付近の椅子情報に不備があります (CODE=30): ID:01M333C821DXS2QFTEG0C1ZSQKの椅子は既にライド中です"
time=08:03:59.561 level=WARN msg="取得した付近の椅子情報に不備があります (CODE=30): ID:01M333B7D6MJ3VW5FY3D5T93Y5の椅子は既にライド中です"
time=08:03:59.569 level=WARN msg="取得した付近の椅子情報に不備があります (CODE=30): ID:01M333B7D6MJ3VW5FY3D5T93Y5の椅子は既にライド中です"
time=08:03:59.570 level=WARN msg="取得した付近の椅子情報に不備があります (CODE=30): ID:01M333B7D6MJ3VW5FY3D5T93Y5の椅子は既にライド中です"
time=08:03:59.570 level=WARN msg="取得した付近の椅子情報に不備があります (CODE=30): ID:01M333B7D6MJ3VW5FY3D5T93Y5の椅子は既にライド中です"
time=08:03:59.578 level=WARN msg="取得した付近の椅子情報に不備があります (CODE=30): ID:01M333B7D6MJ3VW5FY3D5T93Y5の椅子は既にライド中です"
time=08:03:59.578 level=WARN msg="取得した付近の椅子情報に不備があります (CODE=30): ID:01M333B7D6MJ3VW5FY3D5T93Y5の椅子は既にライド中です"
time=08:03:59.580 level=WARN msg="取得した付近の椅子情報に不備があります (CODE=30): ID:01M333B7D6MJ3VW5FY3D5T93Y5の椅子は既にライド中です"
time=08:03:59.595 level=WARN msg="取得した付近の椅子情報に不備があります (CODE=30): ID:01M333C821DXS2QFTEG0C1ZSQKの椅子は既にライド中です"
time=08:03:59.602 level=WARN msg="取得した付近の椅子情報に不備があります (CODE=30): ID:01M333C821DXS2QFTEG0C1ZSQKの椅子は既にライド中です"
time=08:03:59.618 level=WARN msg="取得した付近の椅子情報に不備があります (CODE=30): ID:01M333B7D6MJ3VW5FY3D5T93Y5の椅子は既にライド中です"
time=08:03:59.619 level=WARN msg="取得した付近の椅子情報に不備があります (CODE=30): ID:01M333B7D6MJ3VW5FY3D5T93Y5の椅子は既にライド中です"
time=08:04:00.248 level=WARN msg="取得した付近の椅子情報に不備があります (CODE=30): ID:01M333BRRK4NF0V63XHZCF231Cの椅子は既にライド中です"
time=08:04:05.875 level=INFO msg=最終地域情報 名前=チェアタウン ユーザー登録数=2299 アクティブユーザー数=2183
time=08:04:05.875 level=INFO msg=最終地域情報 名前=コシカケシティ ユーザー登録数=1549 アクティブユーザー数=1439
time=08:04:05.875 level=INFO msg=最終オーナー情報 名前=暮らしの椅子研究所 売上=24880400 椅子数=620
time=08:04:05.875 level=INFO msg=最終オーナー情報 名前="Urban Wheels" 売上=24296100 椅子数=431
time=08:04:05.875 level=INFO msg=最終オーナー情報 名前=晴れ道タクシー 売上=23752800 椅子数=414
time=08:04:05.875 level=INFO msg=最終オーナー情報 名前="Sit Second Life" 売上=19628600 椅子数=373
time=08:04:05.875 level=INFO msg=最終オーナー情報 名前="CraftChair Co., Ltd." 売上=22985900 椅子数=461
time=08:04:05.875 level=INFO msg=85.6%のライドは椅子がマッチされるまでの時間、2.8%のライドはマッチされた椅子が乗車地点までに掛かる時間、48.4%のライドは椅子の実移動時間に不満がありました
time=08:04:05.876 level=INFO msg=結果 pass=true スコア=1211918 種別エラー数=map[30:58]
time=08:04:05.876 level=INFO msg=負荷走行が終了しました
