time=01:54:50.816 level=INFO msg=負荷走行を開始します
time=01:54:56.798 level=INFO msg=一定の売上が立ったためオーナーの椅子が増加します 名前=ChairCycle 増加数=1
time=01:54:56.799 level=INFO msg=一定の売上が立ったためオーナーの椅子が増加します 名前=晴れ道タクシー 増加数=1
time=01:54:56.799 level=INFO msg=一定の売上が立ったためオーナーの椅子が増加します 名前="LuxeLine Taxi" 増加数=2
time=01:54:58.595 level=INFO msg=一定の売上が立ったためオーナーの椅子が増加します 名前=ChairCycle 増加数=1
time=01:54:58.595 level=INFO msg=一定の売上が立ったためオーナーの椅子が増加します 名前=晴れ道タクシー 増加数=1
time=01:54:58.596 level=INFO msg=一定の売上が立ったためオーナーの椅子が増加します 名前=暮らしの椅子研究所 増加数=1
time=01:54:58.597 level=INFO msg=一定の売上が立ったためオーナーの椅子が増加します 名前="Orbit Taxi" 増加数=1
time=01:54:58.618 level=INFO msg=これまでに地域内の評判によって10人、既存ユーザーの招待経由で34人が新規登録しました
time=01:54:58.618 level=INFO msg=0.0%のライドは椅子がマッチされるまでの時間、68.6%のライドはマッチされた椅子が乗車地点までに掛かる時間、0.0%のライドは椅子の実移動時間に不満がありました
time=01:55:00.396 level=INFO msg=一定の売上が立ったためオーナーの椅子が増加します 名前="LuxeLine Taxi" 増加数=2
time=01:55:00.397 level=INFO msg=一定の売上が立ったためオーナーの椅子が増加します 名前=暮らしの椅子研究所 増加数=1
time=01:55:00.399 level=INFO msg=一定の売上が立ったためオーナーの椅子が増加します 名前="Orbit Taxi" 増加数=1
time=01:55:00.399 level=INFO msg=一定の売上が立ったためオーナーの椅子が増加します 名前=晴れ道タクシー 増加数=1
time=01:55:00.404 level=INFO msg=一定の売上が立ったためオーナーの椅子が増加します 名前=ChairCycle 増加数=2
time=01:55:02.198 level=INFO msg=一定の売上が立ったためオーナーの椅子が増加します 名前="Orbit Taxi" 増加数=1
time=01:55:02.198 level=INFO msg=一定の売上が立ったためオーナーの椅子が増加します 名前=暮らしの椅子研究所 増加数=1
time=01:55:02.199 level=INFO msg=一定の売上が立ったためオーナーの椅子が増加します 名前=晴れ道タクシー 増加数=1
time=01:55:02.203 level=INFO msg=一定の売上が立ったためオーナーの椅子が増加します 名前=ChairCycle 増加数=2
time=01:55:02.203 level=INFO msg=一定の売上が立ったためオーナーの椅子が増加します 名前="LuxeLine Taxi" 増加数=2
time=01:55:04.003 level=INFO msg=一定の売上が立ったためオーナーの椅子が増加します 名前=暮らしの椅子研究所 増加数=1
time=01:55:04.004 level=INFO msg=一定の売上が立ったためオーナーの椅子が増加します 名前=晴れ道タクシー 増加数=1
time=01:55:04.004 level=INFO msg=一定の売上が立ったためオーナーの椅子が増加します 名前="Orbit Taxi" 増加数=2
time=01:55:04.006 level=INFO msg=一定の売上が立ったためオーナーの椅子が増加します 名前=ChairCycle 増加数=2
time=01:55:04.008 level=INFO msg=一定の売上が立ったためオーナーの椅子が増加します 名前="LuxeLine Taxi" 増加数=1
time=01:55:04.018 level=INFO msg=これまでに地域内の評判によって19人、既存ユーザーの招待経由で87人が新規登録しました
time=01:55:04.018 level=INFO msg=8.9%のライドは椅子がマッチされるまでの時間、73.3%のライドはマッチされた椅子が乗車地点までに掛かる時間、0.6%のライドは椅子の実移動時間に不満がありました
time=01:55:05.802 level=INFO msg=一定の売上が立ったためオーナーの椅子が増加します 名前="Orbit Taxi" 増加数=1
time=01:55:05.802 level=INFO msg=一定の売上が立ったためオーナーの椅子が増加します 名前=暮らしの椅子研究所 増加数=2
time=01:55:05.802 level=INFO msg=一定の売上が立ったためオーナーの椅子が増加します 名前="LuxeLine Taxi" 増加数=3
time=01:55:05.810 level=INFO msg=一定の売上が立ったためオーナーの椅子が増加します 名前=ChairCycle 増加数=3
time=01:55:05.810 level=INFO msg=一定の売上が立ったためオーナーの椅子が増加します 名前=晴れ道タクシー 増加数=1
time=01:55:07.607 level=INFO msg=一定の売上が立ったためオーナーの椅子が増加します 名前="Orbit Taxi" 増加数=1
time=01:55:07.608 level=INFO msg=一定の売上が立ったためオーナーの椅子が増加します 名前=晴れ道タクシー 増加数=2
time=01:55:07.609 level=INFO msg=一定の売上が立ったためオーナーの椅子が増加します 名前=暮らしの椅子研究所 増加数=1
time=01:55:07.613 level=INFO msg=一定の売上が立ったためオーナーの椅子が増加します 名前="LuxeLine Taxi" 増加数=3
time=01:55:07.615 level=INFO msg=一定の売上が立ったためオーナーの椅子が増加します 名前=ChairCycle 増加数=2
time=01:55:09.407 level=INFO msg=一定の売上が立ったためオーナーの椅子が増加します 名前="Orbit Taxi" 増加数=1
time=01:55:09.408 level=INFO msg=一定の売上が立ったためオーナーの椅子が増加します 名前=晴れ道タクシー 増加数=2
time=01:55:09.408 level=INFO msg=一定の売上が立ったためオーナーの椅子が増加します 名前=暮らしの椅子研究所 増加数=2
time=01:55:09.414 level=INFO msg=一定の売上が立ったためオーナーの椅子が増加します 名前="LuxeLine Taxi" 増加数=1
time=01:55:09.415 level=INFO msg=一定の売上が立ったためオーナーの椅子が増加します 名前=ChairCycle 増加数=3
time=01:55:09.418 level=INFO msg=これまでに地域内の評判によって31人、既存ユーザーの招待経由で144人が新規登録しました
time=01:55:09.418 level=INFO msg=41.5%のライドは椅子がマッチされるまでの時間、66.1%のライドはマッチされた椅子が乗車地点までに掛かる時間、0.3%のライドは椅子の実移動時間に不満がありました
time=01:55:11.218 level=INFO msg=一定の売上が立ったためオーナーの椅子が増加します 名前=晴れ道タクシー 増加数=3
time=01:55:11.219 level=INFO msg=一定の売上が立ったためオーナーの椅子が増加します 名前="Orbit Taxi" 増加数=2
time=01:55:11.231 level=INFO msg=一定の売上が立ったためオーナーの椅子が増加します 名前=暮らしの椅子研究所 増加数=1
time=01:55:11.232 level=INFO msg=一定の売上が立ったためオーナーの椅子が増加します 名前=ChairCycle 増加数=3
time=01:55:11.234 level=INFO msg=一定の売上が立ったためオーナーの椅子が増加します 名前="LuxeLine Taxi" 増加数=3
time=01:55:13.015 level=INFO msg=一定の売上が立ったためオーナーの椅子が増加します 名前="Orbit Taxi" 増加数=3
time=01:55:13.020 level=INFO msg=一定の売上が立ったためオーナーの椅子が増加します 名前=晴れ道タクシー 増加数=3
time=01:55:13.020 level=INFO msg=一定の売上が立ったためオーナーの椅子が増加します 名前=暮らしの椅子研究所 増加数=3
time=01:55:13.024 level=INFO msg=一定の売上が立ったためオーナーの椅子が増加します 名前="LuxeLine Taxi" 増加数=4
time=01:55:13.030 level=INFO msg=一定の売上が立ったためオーナーの椅子が増加します 名前=ChairCycle 増加数=4
time=01:55:14.819 level=INFO msg=これまでに地域内の評判によって43人、既存ユーザーの招待経由で221人が新規登録しました
time=01:55:14.819 level=INFO msg=これまでに低評価なライドによって2人が利用をやめました
time=01:55:14.819 level=INFO msg=67.1%のライドは椅子がマッチされるまでの時間、58.7%のライドはマッチされた椅子が乗車地点までに掛かる時間、1.0%のライドは椅子の実移動時間に不満がありました
time=01:55:14.832 level=INFO msg=一定の売上が立ったためオーナーの椅子が増加します 名前=暮らしの椅子研究所 増加数=4
time=01:55:14.834 level=INFO msg=一定の売上が立ったためオーナーの椅子が増加します 名前="Orbit Taxi" 増加数=3
time=01:55:14.837 level=INFO msg=一定の売上が立ったためオーナーの椅子が増加します 名前=晴れ道タクシー 増加数=4
time=01:55:14.846 level=INFO msg=一定の売上が立ったためオーナーの椅子が増加します 名前="LuxeLine Taxi" 増加数=2
time=01:55:14.859 level=INFO msg=一定の売上が立ったためオーナーの椅子が増加します 名前=ChairCycle 増加数=4
time=01:55:16.667 level=INFO msg=一定の売上が立ったためオーナーの椅子が増加します 名前="Orbit Taxi" 増加数=5
time=01:55:16.672 level=INFO msg=一定の売上が立ったためオーナーの椅子が増加します 名前="LuxeLine Taxi" 増加数=4
time=01:55:16.672 level=INFO msg=一定の売上が立ったためオーナーの椅子が増加します 名前=暮らしの椅子研究所 増加数=4
time=01:55:16.679 level=INFO msg=一定の売上が立ったためオーナーの椅子が増加します 名前=晴れ道タクシー 増加数=4
time=01:55:16.694 level=INFO msg=一定の売上が立ったためオーナーの椅子が増加します 名前=ChairCycle 増加数=5
time=01:55:18.446 level=INFO msg=一定の売上が立ったためオーナーの椅子が増加します 名前="Orbit Taxi" 増加数=4
time=01:55:18.454 level=INFO msg=一定の売上が立ったためオーナーの椅子が増加します 名前=晴れ道タクシー 増加数=5
time=01:55:18.456 level=INFO msg=一定の売上が立ったためオーナーの椅子が増加します 名前="LuxeLine Taxi" 増加数=4
time=01:55:18.474 level=INFO msg=一定の売上が立ったためオーナーの椅子が増加します 名前=ChairCycle 増加数=4
time=01:55:18.480 level=INFO msg=一定の売上が立ったためオーナーの椅子が増加します 名前=暮らしの椅子研究所 増加数=4
time=01:55:20.218 level=INFO msg=これまでに地域内の評判によって55人、既存ユーザーの招待経由で403人が新規登録しました
time=01:55:20.218 level=INFO msg=これまでに低評価なライドによって3人が利用をやめました
time=01:55:20.218 level=INFO msg=70.4%のライドは椅子がマッチされるまでの時間、50.8%のライドはマッチされた椅子が乗車地点までに掛かる時間、0.8%のライドは椅子の実移動時間に不満がありました
time=01:55:20.266 level=INFO msg=一定の売上が立ったためオーナーの椅子が増加します 名前=暮らしの椅子研究所 増加数=4
time=01:55:20.268 level=INFO msg=一定の売上が立ったためオーナーの椅子が増加します 名前="Orbit Taxi" 増加数=4
time=01:55:20.281 level=INFO msg=一定の売上が立ったためオーナーの椅子が増加します 名前="LuxeLine Taxi" 増加数=4
time=01:55:20.282 level=INFO msg=一定の売上が立ったためオーナーの椅子が増加します 名前=晴れ道タクシー 増加数=4
time=01:55:20.286 level=INFO msg=一定の売上が立ったためオーナーの椅子が増加します 名前=ChairCycle 増加数=6
time=01:55:22.144 level=INFO msg=一定の売上が立ったためオーナーの椅子が増加します 名前="Orbit Taxi" 増加数=2
time=01:55:22.150 level=INFO msg=一定の売上が立ったためオーナーの椅子が増加します 名前=暮らしの椅子研究所 増加数=3
time=01:55:22.191 level=INFO msg=一定の売上が立ったためオーナーの椅子が増加します 名前=晴れ道タクシー 増加数=4
time=01:55:22.214 level=INFO msg=一定の売上が立ったためオーナーの椅子が増加します 名前="LuxeLine Taxi" 増加数=3
time=01:55:22.243 level=INFO msg=一定の売上が立ったためオーナーの椅子が増加します 名前=ChairCycle 増加数=4
time=01:55:22.700 level=WARN msg="取得した付近の椅子情報に不備があります (CODE=30): ID:01M32E91B0VFAC4B4VV2W5DDW2の椅子は既にライド中です"
time=01:55:22.700 level=WARN msg="取得した付近の椅子情報に不備があります (CODE=30): ID:01M32E91B0VFAC4B4VV2W5DDW2の椅子は既にライド中です"
time=01:55:24.056 level=INFO msg=一定の売上が立ったためオーナーの椅子が増加します 名前="Orbit Taxi" 増加数=5
time=01:55:24.063 level=INFO msg=一定の売上が立ったためオーナーの椅子が増加します 名前=暮らしの椅子研究所 増加数=3
time=01:55:24.095 level=INFO msg=一定の売上が立ったためオーナーの椅子が増加します 名前="LuxeLine Taxi" 増加数=5
time=01:55:24.142 level=INFO msg=一定の売上が立ったためオーナーの椅子が増加します 名前=晴れ道タクシー 増加数=4
time=01:55:24.162 level=INFO msg=一定の売上が立ったためオーナーの椅子が増加します 名前=ChairCycle 増加数=3
time=01:55:25.618 level=INFO msg=これまでに地域内の評判によって67人、既存ユーザーの招待経由で574人が新規登録しました
time=01:55:25.618 level=INFO msg=これまでに低評価なライドによって24人が利用をやめました
time=01:55:25.618 level=INFO msg=78.2%のライドは椅子がマッチされるまでの時間、45.1%のライドはマッチされた椅子が乗車地点までに掛かる時間、5.6%のライドは椅子の実移動時間に不満がありました
time=01:55:25.869 level=INFO msg=一定の売上が立ったためオーナーの椅子が増加します 名前="LuxeLine Taxi" 増加数=3
time=01:55:25.908 level=INFO msg=一定の売上が立ったためオーナーの椅子が増加します 名前=ChairCycle 増加数=4
time=01:55:25.971 level=INFO msg=一定の売上が立ったためオーナーの椅子が増加します 名前=晴れ道タクシー 増加数=5
time=01:55:26.158 level=INFO msg=一定の売上が立ったためオーナーの椅子が増加します 名前="Orbit Taxi" 増加数=3
time=01:55:26.208 level=INFO msg=一定の売上が立ったためオーナーの椅子が増加します 名前=暮らしの椅子研究所 増加数=4
time=01:55:27.716 level=INFO msg=一定の売上が立ったためオーナーの椅子が増加します 名前=暮らしの椅子研究所 増加数=3
time=01:55:27.727 level=INFO msg=一定の売上が立ったためオーナーの椅子が増加します 名前="Orbit Taxi" 増加数=4
time=01:55:27.734 level=INFO msg=一定の売上が立ったためオーナーの椅子が増加します 名前=晴れ道タクシー 増加数=3
time=01:55:27.751 level=INFO msg=一定の売上が立ったためオーナーの椅子が増加します 名前="LuxeLine Taxi" 増加数=3
time=01:55:27.775 level=INFO msg=一定の売上が立ったためオーナーの椅子が増加します 名前=ChairCycle 増加数=4
time=01:55:29.499 level=INFO msg=一定の売上が立ったためオーナーの椅子が増加します 名前=暮らしの椅子研究所 増加数=2
time=01:55:29.532 level=INFO msg=一定の売上が立ったためオーナーの椅子が増加します 名前="Orbit Taxi" 増加数=4
time=01:55:29.584 level=INFO msg=一定の売上が立ったためオーナーの椅子が増加します 名前=晴れ道タクシー 増加数=3
time=01:55:29.605 level=INFO msg=一定の売上が立ったためオーナーの椅子が増加します 名前="LuxeLine Taxi" 増加数=4
time=01:55:29.622 level=INFO msg=一定の売上が立ったためオーナーの椅子が増加します 名前=ChairCycle 増加数=4
time=01:55:31.018 level=INFO msg=これまでに地域内の評判によって79人、既存ユーザーの招待経由で670人が新規登録しました
time=01:55:31.018 level=INFO msg=これまでに低評価なライドによって70人が利用をやめました
time=01:55:31.018 level=INFO msg=83.2%のライドは椅子がマッチされるまでの時間、42.2%のライドはマッチされた椅子が乗車地点までに掛かる時間、15.2%のライドは椅子の実移動時間に不満がありました
time=01:55:31.390 level=INFO msg=一定の売上が立ったためオーナーの椅子が増加します 名前="LuxeLine Taxi" 増加数=4
time=01:55:31.400 level=INFO msg=一定の売上が立ったためオーナーの椅子が増加します 名前=晴れ道タクシー 増加数=2
time=01:55:31.469 level=INFO msg=一定の売上が立ったためオーナーの椅子が増加します 名前=暮らしの椅子研究所 増加数=4
time=01:55:31.471 level=INFO msg=一定の売上が立ったためオーナーの椅子が増加します 名前=ChairCycle 増加数=4
time=01:55:31.715 level=INFO msg=一定の売上が立ったためオーナーの椅子が増加します 名前="Orbit Taxi" 増加数=3
time=01:55:33.260 level=INFO msg=一定の売上が立ったためオーナーの椅子が増加します 名前="Orbit Taxi" 増加数=4
time=01:55:33.284 level=INFO msg=一定の売上が立ったためオーナーの椅子が増加します 名前="LuxeLine Taxi" 増加数=4
time=01:55:33.326 level=INFO msg=一定の売上が立ったためオーナーの椅子が増加します 名前=晴れ道タクシー 増加数=5
time=01:55:33.471 level=INFO msg=一定の売上が立ったためオーナーの椅子が増加します 名前=ChairCycle 増加数=6
time=01:55:33.490 level=INFO msg=一定の売上が立ったためオーナーの椅子が増加します 名前=暮らしの椅子研究所 増加数=3
time=01:55:34.900 level=INFO msg=一定の売上が立ったためオーナーの椅子が増加します 名前=暮らしの椅子研究所 増加数=2
time=01:55:35.061 level=INFO msg=一定の売上が立ったためオーナーの椅子が増加します 名前=晴れ道タクシー 増加数=3
time=01:55:36.509 level=INFO msg=これまでに地域内の評判によって91人、既存ユーザーの招待経由で713人が新規登録しました
time=01:55:36.509 level=INFO msg=これまでに低評価なライドによって136人が利用をやめました
time=01:55:36.509 level=INFO msg=86.8%のライドは椅子がマッチされるまでの時間、40.9%のライドはマッチされた椅子が乗車地点までに掛かる時間、24.5%のライドは椅子の実移動時間に不満がありました
time=01:55:36.880 level=INFO msg=一定の売上が立ったためオーナーの椅子が増加します 名前=暮らしの椅子研究所 増加数=4
time=01:55:36.899 level=INFO msg=一定の売上が立ったためオーナーの椅子が増加します 名前="Orbit Taxi" 増加数=7
time=01:55:36.976 level=INFO msg=一定の売上が立ったためオーナーの椅子が増加します 名前=晴れ道タクシー 増加数=4
time=01:55:37.009 level=INFO msg=一定の売上が立ったためオーナーの椅子が増加します 名前=ChairCycle 増加数=8
time=01:55:37.029 level=INFO msg=一定の売上が立ったためオーナーの椅子が増加します 名前="LuxeLine Taxi" 増加数=7
time=01:55:38.967 level=INFO msg=一定の売上が立ったためオーナーの椅子が増加します 名前=晴れ道タクシー 増加数=3
time=01:55:40.757 level=INFO msg=一定の売上が立ったためオーナーの椅子が増加します 名前="LuxeLine Taxi" 増加数=7
time=01:55:40.935 level=INFO msg=一定の売上が立ったためオーナーの椅子が増加します 名前=暮らしの椅子研究所 増加数=8
time=01:55:41.908 level=INFO msg=これまでに地域内の評判によって103人、既存ユーザーの招待経由で744人が新規登録しました
time=01:55:41.908 level=INFO msg=これまでに低評価なライドによって184人が利用をやめました
time=01:55:41.908 level=INFO msg=89.3%のライドは椅子がマッチされるまでの時間、40.2%のライドはマッチされた椅子が乗車地点までに掛かる時間、30.6%のライドは椅子の実移動時間に不満がありました
time=01:55:42.292 level=INFO msg=一定の売上が立ったためオーナーの椅子が増加します 名前="Orbit Taxi" 増加数=10
time=01:55:42.474 level=INFO msg=一定の売上が立ったためオーナーの椅子が増加します 名前=晴れ道タクシー 増加数=8
time=01:55:42.542 level=INFO msg=一定の売上が立ったためオーナーの椅子が増加します 名前=ChairCycle 増加数=13
time=01:55:44.020 level=INFO msg=一定の売上が立ったためオーナーの椅子が増加します 名前=暮らしの椅子研究所 増加数=6
time=01:55:44.439 level=INFO msg=一定の売上が立ったためオーナーの椅子が増加します 名前="LuxeLine Taxi" 増加数=7
time=01:55:46.072 level=INFO msg=一定の売上が立ったためオーナーの椅子が増加します 名前=晴れ道タクシー 増加数=9
time=01:55:47.308 level=INFO msg=これまでに地域内の評判によって115人、既存ユーザーの招待経由で754人が新規登録しました
time=01:55:47.308 level=INFO msg=これまでに低評価なライドによって231人が利用をやめました
time=01:55:47.308 level=INFO msg=91.0%のライドは椅子がマッチされるまでの時間、38.9%のライドはマッチされた椅子が乗車地点までに掛かる時間、36.0%のライドは椅子の実移動時間に不満がありました
time=01:55:47.807 level=INFO msg=一定の売上が立ったためオーナーの椅子が増加します 名前=暮らしの椅子研究所 増加数=8
time=01:55:47.901 level=INFO msg=一定の売上が立ったためオーナーの椅子が増加します 名前="Orbit Taxi" 増加数=10
time=01:55:50.156 level=INFO msg=一定の売上が立ったためオーナーの椅子が増加します 名前=ChairCycle 増加数=20
time=01:55:50.162 level=INFO msg=一定の売上が立ったためオーナーの椅子が増加します 名前="LuxeLine Taxi" 増加数=14
time=01:55:52.708 level=INFO msg=これまでに地域内の評判によって127人、既存ユーザーの招待経由で770人が新規登録しました
time=01:55:52.708 level=INFO msg=これまでに低評価なライドによって254人が利用をやめました
time=01:55:52.708 level=INFO msg=92.3%のライドは椅子がマッチされるまでの時間、37.2%のライドはマッチされた椅子が乗車地点までに掛かる時間、38.7%のライドは椅子の実移動時間に不満がありました
time=01:55:53.246 level=INFO msg=一定の売上が立ったためオーナーの椅子が増加します 名前="Orbit Taxi" 増加数=12
time=01:55:53.733 level=INFO msg=一定の売上が立ったためオーナーの椅子が増加します 名前=暮らしの椅子研究所 増加数=10
time=01:55:53.751 level=INFO msg=一定の売上が立ったためオーナーの椅子が増加します 名前=晴れ道タクシー 増加数=15
time=01:55:58.218 level=INFO msg=最終地域情報 名前=チェアタウン ユーザー登録数=550 アクティブユーザー数=388
time=01:55:58.218 level=INFO msg=最終地域情報 名前=コシカケシティ ユーザー登録数=364 アクティブユーザー数=270
time=01:55:58.218 level=INFO msg=最終オーナー情報 名前=ChairCycle 売上=4227300 椅子数=116
time=01:55:58.218 level=INFO msg=最終オーナー情報 名前="LuxeLine Taxi" 売上=3442000 椅子数=100
time=01:55:58.218 level=INFO msg=最終オーナー情報 名前="Orbit Taxi" 売上=3073400 椅子数=97
time=01:55:58.218 level=INFO msg=最終オーナー情報 名前=暮らしの椅子研究所 売上=2934000 椅子数=93
time=01:55:58.218 level=INFO msg=最終オーナー情報 名前=晴れ道タクシー 売上=3406400 椅子数=105
time=01:55:58.218 level=INFO msg=92.5%のライドは椅子がマッチされるまでの時間、36.8%のライドはマッチされた椅子が乗車地点までに掛かる時間、39.6%のライドは椅子の実移動時間に不満がありました
time=01:55:58.219 level=INFO msg=結果 pass=true スコア=196333 種別エラー数=map[30:2]
time=01:55:58.219 level=INFO msg=負荷走行が終了しました
