time=08:00:16.291 level=INFO msg=負荷走行を開始します
time=08:00:22.295 level=INFO msg=一定の売上が立ったためオーナーの椅子が増加します 名前=レトロ椅子館 増加数=1
time=08:00:22.298 level=INFO msg=一定の売上が立ったためオーナーの椅子が増加します 名前=GoEase 増加数=2
time=08:00:22.304 level=INFO msg=一定の売上が立ったためオーナーの椅子が増加します 名前=ひまわり交通 増加数=1
time=08:00:22.304 level=INFO msg=一定の売上が立ったためオーナーの椅子が増加します 名前=ComfortWorks 増加数=1
time=08:00:22.305 level=INFO msg=一定の売上が立ったためオーナーの椅子が増加します 名前=座り心地再生所 増加数=1
time=08:00:24.099 level=INFO msg=一定の売上が立ったためオーナーの椅子が増加します 名前=GoEase 増加数=2
time=08:00:24.105 level=INFO msg=一定の売上が立ったためオーナーの椅子が増加します 名前=ComfortWorks 増加数=2
time=08:00:24.105 level=INFO msg=一定の売上が立ったためオーナーの椅子が増加します 名前=レトロ椅子館 増加数=1
time=08:00:24.106 level=INFO msg=一定の売上が立ったためオーナーの椅子が増加します 名前=ひまわり交通 増加数=2
time=08:00:24.106 level=INFO msg=一定の売上が立ったためオーナーの椅子が増加します 名前=座り心地再生所 増加数=1
time=08:00:24.124 level=INFO msg=これまでに地域内の評判によって7人、既存ユーザーの招待経由で48人が新規登録しました
time=08:00:24.124 level=INFO msg=0.0%のライドは椅子がマッチされるまでの時間、60.4%のライドはマッチされた椅子が乗車地点までに掛かる時間、0.0%のライドは椅子の実移動時間に不満がありました
time=08:00:25.898 level=INFO msg=一定の売上が立ったためオーナーの椅子が増加します 名前=GoEase 増加数=3
time=08:00:25.898 level=INFO msg=一定の売上が立ったためオーナーの椅子が増加します 名前=ひまわり交通 増加数=3
time=08:00:25.898 level=INFO msg=一定の売上が立ったためオーナーの椅子が増加します 名前=座り心地再生所 増加数=2
time=08:00:25.898 level=INFO msg=一定の売上が立ったためオーナーの椅子が増加します 名前=ComfortWorks 増加数=3
time=08:00:25.898 level=INFO msg=一定の売上が立ったためオーナーの椅子が増加します 名前=レトロ椅子館 増加数=2
time=08:00:27.697 level=INFO msg=一定の売上が立ったためオーナーの椅子が増加します 名前=ComfortWorks 増加数=4
time=08:00:27.701 level=INFO msg=一定の売上が立ったためオーナーの椅子が増加します 名前=GoEase 増加数=4
time=08:00:27.703 level=INFO msg=一定の売上が立ったためオーナーの椅子が増加します 名前=座り心地再生所 増加数=3
time=08:00:27.703 level=INFO msg=一定の売上が立ったためオーナーの椅子が増加します 名前=レトロ椅子館 増加数=3
time=08:00:27.703 level=INFO msg=一定の売上が立ったためオーナーの椅子が増加します 名前=ひまわり交通 増加数=4
time=08:00:29.501 level=INFO msg=一定の売上が立ったためオーナーの椅子が増加します 名前=ComfortWorks 増加数=7
time=08:00:29.501 level=INFO msg=一定の売上が立ったためオーナーの椅子が増加します 名前=座り心地再生所 増加数=3
time=08:00:29.501 level=INFO msg=一定の売上が立ったためオーナーの椅子が増加します 名前=ひまわり交通 増加数=6
time=08:00:29.501 level=INFO msg=一定の売上が立ったためオーナーの椅子が増加します 名前=GoEase 増加数=7
time=08:00:29.501 level=INFO msg=一定の売上が立ったためオーナーの椅子が増加します 名前=レトロ椅子館 増加数=5
time=08:00:29.524 level=INFO msg=これまでに地域内の評判によって19人、既存ユーザーの招待経由で204人が新規登録しました
time=08:00:29.524 level=INFO msg=0.0%のライドは椅子がマッチされるまでの時間、28.3%のライドはマッチされた椅子が乗車地点までに掛かる時間、0.6%のライドは椅子の実移動時間に不満がありました
time=08:00:31.299 level=INFO msg=一定の売上が立ったためオーナーの椅子が増加します 名前=レトロ椅子館 増加数=7
time=08:00:31.304 level=INFO msg=一定の売上が立ったためオーナーの椅子が増加します 名前=GoEase 増加数=8
time=08:00:31.307 level=INFO msg=一定の売上が立ったためオーナーの椅子が増加します 名前=ComfortWorks 増加数=10
time=08:00:31.307 level=INFO msg=一定の売上が立ったためオーナーの椅子が増加します 名前=ひまわり交通 増加数=10
time=08:00:31.307 level=INFO msg=一定の売上が立ったためオーナーの椅子が増加します 名前=座り心地再生所 増加数=8
time=08:00:33.100 level=INFO msg=一定の売上が立ったためオーナーの椅子が増加します 名前=ComfortWorks 増加数=10
time=08:00:33.103 level=INFO msg=一定の売上が立ったためオーナーの椅子が増加します 名前=ひまわり交通 増加数=12
time=08:00:33.104 level=INFO msg=一定の売上が立ったためオーナーの椅子が増加します 名前=レトロ椅子館 増加数=10
time=08:00:33.104 level=INFO msg=一定の売上が立ったためオーナーの椅子が増加します 名前=座り心地再生所 増加数=10
time=08:00:33.116 level=INFO msg=一定の売上が立ったためオーナーの椅子が増加します 名前=GoEase 増加数=12
time=08:00:34.921 level=INFO msg=一定の売上が立ったためオーナーの椅子が増加します 名前=GoEase 増加数=13
time=08:00:34.926 level=INFO msg=これまでに地域内の評判によって32人、既存ユーザーの招待経由で861人が新規登録しました
time=08:00:34.926 level=INFO msg=0.0%のライドは椅子がマッチされるまでの時間、11.7%のライドはマッチされた椅子が乗車地点までに掛かる時間、0.6%のライドは椅子の実移動時間に不満がありました
time=08:00:36.709 level=INFO msg=一定の売上が立ったためオーナーの椅子が増加します 名前=GoEase 増加数=15
time=08:00:36.710 level=INFO msg=一定の売上が立ったためオーナーの椅子が増加します 名前=ひまわり交通 増加数=24
time=08:00:36.711 level=INFO msg=一定の売上が立ったためオーナーの椅子が増加します 名前=ComfortWorks 増加数=26
time=08:00:36.711 level=INFO msg=一定の売上が立ったためオーナーの椅子が増加します 名前=レトロ椅子館 増加数=21
time=08:00:36.711 level=INFO msg=一定の売上が立ったためオーナーの椅子が増加します 名前=座り心地再生所 増加数=21
time=08:00:38.590 level=INFO msg=一定の売上が立ったためオーナーの椅子が増加します 名前=座り心地再生所 増加数=11
time=08:00:38.591 level=INFO msg=一定の売上が立ったためオーナーの椅子が増加します 名前=GoEase 増加数=15
time=08:00:38.592 level=INFO msg=一定の売上が立ったためオーナーの椅子が増加します 名前=ひまわり交通 増加数=13
time=08:00:38.592 level=INFO msg=一定の売上が立ったためオーナーの椅子が増加します 名前=ComfortWorks 増加数=14
time=08:00:38.592 level=INFO msg=一定の売上が立ったためオーナーの椅子が増加します 名前=レトロ椅子館 増加数=9
time=08:00:40.536 level=INFO msg=これまでに地域内の評判によって50人、既存ユーザーの招待経由で1767人が新規登録しました
time=08:00:40.536 level=INFO msg=これまでに低評価なライドによって5人が利用をやめました
time=08:00:40.536 level=INFO msg=10.5%のライドは椅子がマッチされるまでの時間、6.9%のライドはマッチされた椅子が乗車地点までに掛かる時間、8.0%のライドは椅子の実移動時間に不満がありました
time=08:00:40.551 level=INFO msg=一定の売上が立ったためオーナーの椅子が増加します 名前=GoEase 増加数=16
time=08:00:40.553 level=INFO msg=一定の売上が立ったためオーナーの椅子が増加します 名前=ひまわり交通 増加数=16
time=08:00:40.555 level=INFO msg=一定の売上が立ったためオーナーの椅子が増加します 名前=ComfortWorks 増加数=15
time=08:00:40.557 level=INFO msg=一定の売上が立ったためオーナーの椅子が増加します 名前=レトロ椅子館 増加数=12
time=08:00:40.559 level=INFO msg=一定の売上が立ったためオーナーの椅子が増加します 名前=座り心地再生所 増加数=13
time=08:00:42.367 level=INFO msg=一定の売上が立ったためオーナーの椅子が増加します 名前=レトロ椅子館 増加数=15
time=08:00:42.368 level=INFO msg=一定の売上が立ったためオーナーの椅子が増加します 名前=座り心地再生所 増加数=16
time=08:00:42.369 level=INFO msg=一定の売上が立ったためオーナーの椅子が増加します 名前=GoEase 増加数=20
time=08:00:42.371 level=INFO msg=一定の売上が立ったためオーナーの椅子が増加します 名前=ひまわり交通 増加数=18
time=08:00:42.394 level=INFO msg=一定の売上が立ったためオーナーの椅子が増加します 名前=ComfortWorks 増加数=19
time=08:00:44.356 level=INFO msg=一定の売上が立ったためオーナーの椅子が増加します 名前=ComfortWorks 増加数=20
time=08:00:44.398 level=INFO msg=一定の売上が立ったためオーナーの椅子が増加します 名前=ひまわり交通 増加数=18
time=08:00:44.420 level=INFO msg=一定の売上が立ったためオーナーの椅子が増加します 名前=座り心地再生所 増加数=15
time=08:00:44.422 level=INFO msg=一定の売上が立ったためオーナーの椅子が増加します 名前=GoEase 増加数=20
time=08:00:44.438 level=INFO msg=一定の売上が立ったためオーナーの椅子が増加します 名前=レトロ椅子館 増加数=14
time=08:00:46.196 level=INFO msg=一定の売上が立ったためオーナーの椅子が増加します 名前=ひまわり交通 増加数=22
time=08:00:46.204 level=INFO msg=これまでに地域内の評判によって68人、既存ユーザーの招待経由で2450人が新規登録しました
time=08:00:46.204 level=INFO msg=これまでに低評価なライドによって25人が利用をやめました
time=08:00:46.204 level=INFO msg=44.2%のライドは椅子がマッチされるまでの時間、5.1%のライドはマッチされた椅子が乗車地点までに掛かる時間、18.9%のライドは椅子の実移動時間に不満がありました
time=08:00:46.224 level=INFO msg=一定の売上が立ったためオーナーの椅子が増加します 名前=座り心地再生所 増加数=16
time=08:00:46.226 level=INFO msg=一定の売上が立ったためオーナーの椅子が増加します 名前=レトロ椅子館 増加数=18
time=08:00:46.227 level=INFO msg=一定の売上が立ったためオーナーの椅子が増加します 名前=GoEase 増加数=23
time=08:00:46.228 level=INFO msg=一定の売上が立ったためオーナーの椅子が増加します 名前=ComfortWorks 増加数=21
time=08:00:48.025 level=INFO msg=一定の売上が立ったためオーナーの椅子が増加します 名前=ComfortWorks 増加数=20
time=08:00:48.041 level=INFO msg=一定の売上が立ったためオーナーの椅子が増加します 名前=レトロ椅子館 増加数=17
time=08:00:48.043 level=INFO msg=一定の売上が立ったためオーナーの椅子が増加します 名前=座り心地再生所 増加数=20
time=08:00:48.044 level=INFO msg=一定の売上が立ったためオーナーの椅子が増加します 名前=ひまわり交通 増加数=21
time=08:00:50.059 level=INFO msg=一定の売上が立ったためオーナーの椅子が増加します 名前=GoEase 増加数=54
time=08:00:50.065 level=INFO msg=一定の売上が立ったためオーナーの椅子が増加します 名前=ComfortWorks 増加数=30
time=08:00:50.067 level=INFO msg=一定の売上が立ったためオーナーの椅子が増加します 名前=ひまわり交通 増加数=28
time=08:00:50.068 level=INFO msg=一定の売上が立ったためオーナーの椅子が増加します 名前=座り心地再生所 増加数=22
time=08:00:50.069 level=INFO msg=一定の売上が立ったためオーナーの椅子が増加します 名前=レトロ椅子館 増加数=24
time=08:00:51.964 level=INFO msg=これまでに地域内の評判によって86人、既存ユーザーの招待経由で2840人が新規登録しました
time=08:00:51.964 level=INFO msg=これまでに低評価なライドによって44人が利用をやめました
time=08:00:51.964 level=INFO msg=64.2%のライドは椅子がマッチされるまでの時間、4.1%のライドはマッチされた椅子が乗車地点までに掛かる時間、27.7%のライドは椅子の実移動時間に不満がありました
time=08:00:53.812 level=INFO msg=一定の売上が立ったためオーナーの椅子が増加します 名前=レトロ椅子館 増加数=43
time=08:00:53.812 level=INFO msg=一定の売上が立ったためオーナーの椅子が増加します 名前=ひまわり交通 増加数=53
time=08:00:53.812 level=INFO msg=一定の売上が立ったためオーナーの椅子が増加します 名前=座り心地再生所 増加数=43
time=08:00:53.820 level=INFO msg=一定の売上が立ったためオーナーの椅子が増加します 名前=ComfortWorks 増加数=53
time=08:00:55.924 level=INFO msg=一定の売上が立ったためオーナーの椅子が増加します 名前=GoEase 増加数=77
time=08:00:57.694 level=INFO msg=これまでに地域内の評判によって104人、既存ユーザーの招待経由で3044人が新規登録しました
time=08:00:57.694 level=INFO msg=これまでに低評価なライドによって78人が利用をやめました
time=08:00:57.694 level=INFO msg=74.0%のライドは椅子がマッチされるまでの時間、3.7%のライドはマッチされた椅子が乗車地点までに掛かる時間、33.8%のライドは椅子の実移動時間に不満がありました
time=08:00:59.546 level=INFO msg=一定の売上が立ったためオーナーの椅子が増加します 名前=座り心地再生所 増加数=73
time=08:00:59.548 level=INFO msg=一定の売上が立ったためオーナーの椅子が増加します 名前=レトロ椅子館 増加数=67
time=08:00:59.549 level=INFO msg=一定の売上が立ったためオーナーの椅子が増加します 名前=ComfortWorks 増加数=87
time=08:01:01.383 level=INFO msg=一定の売上が立ったためオーナーの椅子が増加します 名前=ひまわり交通 増加数=113
time=08:01:03.124 level=INFO msg=これまでに地域内の評判によって122人、既存ユーザーの招待経由で3153人が新規登録しました
time=08:01:03.124 level=INFO msg=これまでに低評価なライドによって119人が利用をやめました
time=08:01:03.124 level=INFO msg=79.3%のライドは椅子がマッチされるまでの時間、3.4%のライドはマッチされた椅子が乗車地点までに掛かる時間、38.2%のライドは椅子の実移動時間に不満がありました
time=08:01:05.092 level=INFO msg=一定の売上が立ったためオーナーの椅子が増加します 名前=GoEase 増加数=135
time=08:01:05.211 level=WARN msg="取得した付近の椅子情報に不備があります (CODE=30): ID:01M3336G39ZSN2AN97B0C8PBGSの椅子は既にライド中です"
time=08:01:05.317 level=WARN msg="取得した付近の椅子情報に不備があります (CODE=30): ID:01M3336NPKNPF1YSR148PWH27Wの椅子は既にライド中です"
time=08:01:08.616 level=INFO msg=これまでに地域内の評判によって138人、既存ユーザーの招待経由で3213人が新規登録しました
time=08:01:08.616 level=INFO msg=これまでに低評価なライドによって158人が利用をやめました
time=08:01:08.616 level=INFO msg=82.8%のライドは椅子がマッチされるまでの時間、3.2%のライドはマッチされた椅子が乗車地点までに掛かる時間、42.8%のライドは椅子の実移動時間に不満がありました
time=08:01:10.735 level=INFO msg=一定の売上が立ったためオーナーの椅子が増加します 名前=レトロ椅子館 増加数=135
time=08:01:13.379 level=INFO msg=一定の売上が立ったためオーナーの椅子が増加します 名前=座り心地再生所 増加数=182
time=08:01:13.472 level=INFO msg=一定の売上が立ったためオーナーの椅子が増加します 名前=ComfortWorks 増加数=221
time=08:01:15.265 level=WARN msg="取得した付近の椅子情報に不備があります (CODE=30): ID:01M3336AJ9VQA2SCQ64Z8T2F4Bの椅子は既にライド中です"
time=08:01:15.394 level=INFO msg=これまでに地域内の評判によって152人、既存ユーザーの招待経由で3321人が新規登録しました
time=08:01:15.394 level=INFO msg=これまでに低評価なライドによって185人が利用をやめました
time=08:01:15.394 level=INFO msg=83.5%のライドは椅子がマッチされるまでの時間、3.1%のライドはマッチされた椅子が乗車地点までに掛かる時間、45.8%のライドは椅子の実移動時間に不満がありました
time=08:01:18.069 level=WARN msg="取得した付近の椅子情報に不備があります (CODE=30): ID:01M3337BPW3ZF6WVPTHMYCDYY3の椅子は既にライド中です"
time=08:01:18.072 level=WARN msg="取得した付近の椅子情報に不備があります (CODE=30): ID:01M33373R9JDF8929XPYJNJYKEの椅子は既にライド中です"
time=08:01:23.728 level=INFO msg=最終地域情報 名前=チェアタウン ユーザー登録数=2452 アクティブユーザー数=2363
time=08:01:23.728 level=INFO msg=最終地域情報 名前=コシカケシティ ユーザー登録数=1646 アクティブユーザー数=1539
time=08:01:23.728 level=INFO msg=最終オーナー情報 名前=ComfortWorks 売上=24452200 椅子数=567
time=08:01:23.728 level=INFO msg=最終オーナー情報 名前=ひまわり交通 売上=23560000 椅子数=368
time=08:01:23.728 level=INFO msg=最終オーナー情報 名前=GoEase 売上=23816900 椅子数=430
time=08:01:23.728 level=INFO msg=最終オーナー情報 名前=座り心地再生所 売上=19792400 椅子数=464
time=08:01:23.728 level=INFO msg=最終オーナー情報 名前=レトロ椅子館 売上=18910200 椅子数=408
time=08:01:23.728 level=INFO msg=80.0%のライドは椅子がマッチされるまでの時間、3.0%のライドはマッチされた椅子が乗車地点までに掛かる時間、47.9%のライドは椅子の実移動時間に不満がありました
time=08:01:23.729 level=INFO msg=結果 pass=true スコア=1171600 種別エラー数=map[30:5]
time=08:01:23.729 level=INFO msg=負荷走行が終了しました
