time=01:23:32.189 level=INFO msg=負荷走行を開始します
time=01:23:37.951 level=INFO msg=一定の売上が立ったためオーナーの椅子が増加します 名前=迅行タクシー 増加数=1
time=01:23:37.960 level=INFO msg=一定の売上が立ったためオーナーの椅子が増加します 名前="ReSit & Renew" 増加数=1
time=01:23:39.763 level=INFO msg=一定の売上が立ったためオーナーの椅子が増加します 名前="Sit Second Life" 増加数=1
time=01:23:39.763 level=INFO msg=一定の売上が立ったためオーナーの椅子が増加します 名前=和やか交通 増加数=1
time=01:23:39.769 level=INFO msg=一定の売上が立ったためオーナーの椅子が増加します 名前="ReSit & Renew" 増加数=1
time=01:23:39.770 level=INFO msg=一定の売上が立ったためオーナーの椅子が増加します 名前=ふたたび椅子堂 増加数=1
time=01:23:39.770 level=INFO msg=これまでに地域内の評判によって5人、既存ユーザーの招待経由で28人が新規登録しました
time=01:23:39.770 level=INFO msg=0.0%のライドは椅子がマッチされるまでの時間、67.9%のライドはマッチされた椅子が乗車地点までに掛かる時間、0.0%のライドは椅子の実移動時間に不満がありました
time=01:23:39.784 level=INFO msg=一定の売上が立ったためオーナーの椅子が増加します 名前=迅行タクシー 増加数=1
time=01:23:41.578 level=INFO msg=一定の売上が立ったためオーナーの椅子が増加します 名前="Sit Second Life" 増加数=1
time=01:23:41.584 level=INFO msg=一定の売上が立ったためオーナーの椅子が増加します 名前="ReSit & Renew" 増加数=1
time=01:23:41.585 level=INFO msg=一定の売上が立ったためオーナーの椅子が増加します 名前=ふたたび椅子堂 増加数=1
time=01:23:41.594 level=INFO msg=一定の売上が立ったためオーナーの椅子が増加します 名前=迅行タクシー 増加数=1
time=01:23:43.397 level=INFO msg=一定の売上が立ったためオーナーの椅子が増加します 名前=和やか交通 増加数=2
time=01:23:43.411 level=INFO msg=一定の売上が立ったためオーナーの椅子が増加します 名前=迅行タクシー 増加数=1
time=01:23:43.420 level=INFO msg=一定の売上が立ったためオーナーの椅子が増加します 名前="ReSit & Renew" 増加数=1
time=01:23:45.170 level=INFO msg=これまでに地域内の評判によって17人、既存ユーザーの招待経由で49人が新規登録しました
time=01:23:45.170 level=INFO msg=4.8%のライドは椅子がマッチされるまでの時間、69.4%のライドはマッチされた椅子が乗車地点までに掛かる時間、13.7%のライドは椅子の実移動時間に不満がありました
time=01:23:45.194 level=INFO msg=一定の売上が立ったためオーナーの椅子が増加します 名前="Sit Second Life" 増加数=1
time=01:23:45.200 level=INFO msg=一定の売上が立ったためオーナーの椅子が増加します 名前=ふたたび椅子堂 増加数=1
time=01:23:45.204 level=INFO msg=一定の売上が立ったためオーナーの椅子が増加します 名前="ReSit & Renew" 増加数=1
time=01:23:45.216 level=INFO msg=一定の売上が立ったためオーナーの椅子が増加します 名前=迅行タクシー 増加数=1
time=01:23:46.993 level=INFO msg=一定の売上が立ったためオーナーの椅子が増加します 名前=ふたたび椅子堂 増加数=1
time=01:23:47.006 level=INFO msg=一定の売上が立ったためオーナーの椅子が増加します 名前=和やか交通 増加数=1
time=01:23:47.044 level=INFO msg=一定の売上が立ったためオーナーの椅子が増加します 名前=迅行タクシー 増加数=1
time=01:23:48.797 level=INFO msg=一定の売上が立ったためオーナーの椅子が増加します 名前="Sit Second Life" 増加数=2
time=01:23:48.797 level=INFO msg=一定の売上が立ったためオーナーの椅子が増加します 名前="ReSit & Renew" 増加数=1
time=01:23:48.812 level=INFO msg=一定の売上が立ったためオーナーの椅子が増加します 名前=迅行タクシー 増加数=1
time=01:23:48.834 level=INFO msg=一定の売上が立ったためオーナーの椅子が増加します 名前=ふたたび椅子堂 増加数=1
time=01:23:50.570 level=INFO msg=これまでに地域内の評判によって29人、既存ユーザーの招待経由で49人が新規登録しました
time=01:23:50.570 level=INFO msg=これまでに低評価なライドによって7人が利用をやめました
time=01:23:50.570 level=INFO msg=31.0%のライドは椅子がマッチされるまでの時間、70.1%のライドはマッチされた椅子が乗車地点までに掛かる時間、30.5%のライドは椅子の実移動時間に不満がありました
time=01:23:50.657 level=INFO msg=一定の売上が立ったためオーナーの椅子が増加します 名前=和やか交通 増加数=1
time=01:23:50.657 level=INFO msg=一定の売上が立ったためオーナーの椅子が増加します 名前=ふたたび椅子堂 増加数=1
time=01:23:50.662 level=INFO msg=一定の売上が立ったためオーナーの椅子が増加します 名前=迅行タクシー 増加数=1
time=01:23:52.422 level=INFO msg=一定の売上が立ったためオーナーの椅子が増加します 名前="Sit Second Life" 増加数=1
time=01:23:52.425 level=INFO msg=一定の売上が立ったためオーナーの椅子が増加します 名前=和やか交通 増加数=1
time=01:23:54.284 level=INFO msg=一定の売上が立ったためオーナーの椅子が増加します 名前=和やか交通 増加数=1
time=01:23:54.285 level=INFO msg=一定の売上が立ったためオーナーの椅子が増加します 名前="Sit Second Life" 増加数=1
time=01:23:54.295 level=INFO msg=一定の売上が立ったためオーナーの椅子が増加します 名前=ふたたび椅子堂 増加数=1
time=01:23:54.310 level=INFO msg=一定の売上が立ったためオーナーの椅子が増加します 名前=迅行タクシー 増加数=2
time=01:23:54.324 level=INFO msg=一定の売上が立ったためオーナーの椅子が増加します 名前="ReSit & Renew" 増加数=1
time=01:23:55.970 level=INFO msg=これまでに地域内の評判によって41人、既存ユーザーの招待経由で50人が新規登録しました
time=01:23:55.970 level=INFO msg=これまでに低評価なライドによって17人が利用をやめました
time=01:23:55.970 level=INFO msg=45.8%のライドは椅子がマッチされるまでの時間、67.5%のライドはマッチされた椅子が乗車地点までに掛かる時間、45.0%のライドは椅子の実移動時間に不満がありました
time=01:23:56.022 level=INFO msg=一定の売上が立ったためオーナーの椅子が増加します 名前="ReSit & Renew" 増加数=1
time=01:23:56.027 level=INFO msg=一定の売上が立ったためオーナーの椅子が増加します 名前="Sit Second Life" 増加数=1
time=01:23:57.843 level=INFO msg=一定の売上が立ったためオーナーの椅子が増加します 名前=和やか交通 増加数=2
time=01:23:57.891 level=INFO msg=一定の売上が立ったためオーナーの椅子が増加します 名前="Sit Second Life" 増加数=1
time=01:23:57.902 level=INFO msg=一定の売上が立ったためオーナーの椅子が増加します 名前=ふたたび椅子堂 増加数=1
time=01:23:59.681 level=INFO msg=一定の売上が立ったためオーナーの椅子が増加します 名前="Sit Second Life" 増加数=1
time=01:23:59.691 level=INFO msg=一定の売上が立ったためオーナーの椅子が増加します 名前=迅行タクシー 増加数=1
time=01:23:59.725 level=INFO msg=一定の売上が立ったためオーナーの椅子が増加します 名前=ふたたび椅子堂 増加数=1
time=01:23:59.752 level=INFO msg=一定の売上が立ったためオーナーの椅子が増加します 名前="ReSit & Renew" 増加数=1
time=01:24:01.370 level=INFO msg=これまでに地域内の評判によって52人、既存ユーザーの招待経由で50人が新規登録しました
time=01:24:01.370 level=INFO msg=これまでに低評価なライドによって38人が利用をやめました
time=01:24:01.370 level=INFO msg=57.0%のライドは椅子がマッチされるまでの時間、64.8%のライドはマッチされた椅子が乗車地点までに掛かる時間、58.8%のライドは椅子の実移動時間に不満がありました
time=01:24:01.432 level=INFO msg=一定の売上が立ったためオーナーの椅子が増加します 名前=和やか交通 増加数=1
time=01:24:01.495 level=INFO msg=一定の売上が立ったためオーナーの椅子が増加します 名前="Sit Second Life" 増加数=1
time=01:24:01.529 level=INFO msg=一定の売上が立ったためオーナーの椅子が増加します 名前="ReSit & Renew" 増加数=1
time=01:24:01.534 level=INFO msg=一定の売上が立ったためオーナーの椅子が増加します 名前=迅行タクシー 増加数=2
time=01:24:01.549 level=INFO msg=一定の売上が立ったためオーナーの椅子が増加します 名前=ふたたび椅子堂 増加数=1
time=01:24:03.289 level=INFO msg=一定の売上が立ったためオーナーの椅子が増加します 名前="ReSit & Renew" 増加数=1
time=01:24:03.301 level=INFO msg=一定の売上が立ったためオーナーの椅子が増加します 名前="Sit Second Life" 増加数=1
time=01:24:05.152 level=INFO msg=一定の売上が立ったためオーナーの椅子が増加します 名前="ReSit & Renew" 増加数=2
time=01:24:05.157 level=INFO msg=一定の売上が立ったためオーナーの椅子が増加します 名前=和やか交通 増加数=2
time=01:24:05.175 level=INFO msg=一定の売上が立ったためオーナーの椅子が増加します 名前=ふたたび椅子堂 増加数=1
time=01:24:06.771 level=INFO msg=これまでに地域内の評判によって64人、既存ユーザーの招待経由で51人が新規登録しました
time=01:24:06.771 level=INFO msg=これまでに低評価なライドによって52人が利用をやめました
time=01:24:06.771 level=INFO msg=54.1%のライドは椅子がマッチされるまでの時間、63.3%のライドはマッチされた椅子が乗車地点までに掛かる時間、66.4%のライドは椅子の実移動時間に不満がありました
time=01:24:06.876 level=INFO msg=一定の売上が立ったためオーナーの椅子が増加します 名前=和やか交通 増加数=1
time=01:24:07.001 level=INFO msg=一定の売上が立ったためオーナーの椅子が増加します 名前="Sit Second Life" 増加数=1
time=01:24:07.014 level=INFO msg=一定の売上が立ったためオーナーの椅子が増加します 名前=迅行タクシー 増加数=2
time=01:24:07.020 level=INFO msg=一定の売上が立ったためオーナーの椅子が増加します 名前=ふたたび椅子堂 増加数=1
time=01:24:08.714 level=INFO msg=一定の売上が立ったためオーナーの椅子が増加します 名前=ふたたび椅子堂 増加数=1
time=01:24:08.789 level=INFO msg=一定の売上が立ったためオーナーの椅子が増加します 名前=和やか交通 増加数=1
time=01:24:08.843 level=INFO msg=一定の売上が立ったためオーナーの椅子が増加します 名前=迅行タクシー 増加数=1
time=01:24:08.887 level=INFO msg=一定の売上が立ったためオーナーの椅子が増加します 名前="ReSit & Renew" 増加数=1
time=01:24:08.892 level=INFO msg=一定の売上が立ったためオーナーの椅子が増加します 名前="Sit Second Life" 増加数=1
time=01:24:10.571 level=INFO msg=一定の売上が立ったためオーナーの椅子が増加します 名前="ReSit & Renew" 増加数=2
time=01:24:10.617 level=INFO msg=一定の売上が立ったためオーナーの椅子が増加します 名前=和やか交通 増加数=1
time=01:24:10.621 level=INFO msg=一定の売上が立ったためオーナーの椅子が増加します 名前=ふたたび椅子堂 増加数=1
time=01:24:10.682 level=INFO msg=一定の売上が立ったためオーナーの椅子が増加します 名前="Sit Second Life" 増加数=2
time=01:24:12.171 level=INFO msg=これまでに地域内の評判によって76人、既存ユーザーの招待経由で52人が新規登録しました
time=01:24:12.171 level=INFO msg=これまでに低評価なライドによって58人が利用をやめました
time=01:24:12.171 level=INFO msg=46.9%のライドは椅子がマッチされるまでの時間、57.9%のライドはマッチされた椅子が乗車地点までに掛かる時間、72.2%のライドは椅子の実移動時間に不満がありました
time=01:24:12.403 level=INFO msg=一定の売上が立ったためオーナーの椅子が増加します 名前=ふたたび椅子堂 増加数=1
time=01:24:12.444 level=INFO msg=一定の売上が立ったためオーナーの椅子が増加します 名前="Sit Second Life" 増加数=1
time=01:24:12.535 level=INFO msg=一定の売上が立ったためオーナーの椅子が増加します 名前=和やか交通 増加数=1
time=01:24:12.586 level=INFO msg=一定の売上が立ったためオーナーの椅子が増加します 名前=迅行タクシー 増加数=1
time=01:24:14.198 level=INFO msg=一定の売上が立ったためオーナーの椅子が増加します 名前=迅行タクシー 増加数=1
time=01:24:14.226 level=INFO msg=一定の売上が立ったためオーナーの椅子が増加します 名前=ふたたび椅子堂 増加数=2
time=01:24:15.976 level=INFO msg=一定の売上が立ったためオーナーの椅子が増加します 名前=迅行タクシー 増加数=1
time=01:24:15.985 level=INFO msg=一定の売上が立ったためオーナーの椅子が増加します 名前=ふたたび椅子堂 増加数=1
time=01:24:16.014 level=INFO msg=一定の売上が立ったためオーナーの椅子が増加します 名前=和やか交通 増加数=1
time=01:24:16.131 level=INFO msg=一定の売上が立ったためオーナーの椅子が増加します 名前="Sit Second Life" 増加数=2
time=01:24:16.303 level=INFO msg=一定の売上が立ったためオーナーの椅子が増加します 名前="ReSit & Renew" 増加数=2
time=01:24:17.571 level=INFO msg=これまでに地域内の評判によって88人、既存ユーザーの招待経由で55人が新規登録しました
time=01:24:17.571 level=INFO msg=これまでに低評価なライドによって67人が利用をやめました
time=01:24:17.571 level=INFO msg=45.7%のライドは椅子がマッチされるまでの時間、51.3%のライドはマッチされた椅子が乗車地点までに掛かる時間、76.0%のライドは椅子の実移動時間に不満がありました
time=01:24:17.742 level=INFO msg=一定の売上が立ったためオーナーの椅子が増加します 名前=迅行タクシー 増加数=1
time=01:24:17.785 level=INFO msg=一定の売上が立ったためオーナーの椅子が増加します 名前=和やか交通 増加数=1
time=01:24:19.652 level=INFO msg=一定の売上が立ったためオーナーの椅子が増加します 名前="ReSit & Renew" 増加数=2
time=01:24:19.686 level=INFO msg=一定の売上が立ったためオーナーの椅子が増加します 名前=ふたたび椅子堂 増加数=1
time=01:24:19.736 level=INFO msg=一定の売上が立ったためオーナーの椅子が増加します 名前="Sit Second Life" 増加数=1
time=01:24:19.817 level=INFO msg=一定の売上が立ったためオーナーの椅子が増加します 名前=迅行タクシー 増加数=1
time=01:24:21.439 level=INFO msg=一定の売上が立ったためオーナーの椅子が増加します 名前="Sit Second Life" 増加数=1
time=01:24:21.449 level=INFO msg=一定の売上が立ったためオーナーの椅子が増加します 名前=和やか交通 増加数=1
time=01:24:21.464 level=INFO msg=一定の売上が立ったためオーナーの椅子が増加します 名前=ふたたび椅子堂 増加数=1
time=01:24:21.465 level=INFO msg=一定の売上が立ったためオーナーの椅子が増加します 名前=迅行タクシー 増加数=1
time=01:24:22.971 level=INFO msg=これまでに地域内の評判によって100人、既存ユーザーの招待経由で55人が新規登録しました
time=01:24:22.971 level=INFO msg=これまでに低評価なライドによって82人が利用をやめました
time=01:24:22.971 level=INFO msg=53.0%のライドは椅子がマッチされるまでの時間、45.9%のライドはマッチされた椅子が乗車地点までに掛かる時間、79.2%のライドは椅子の実移動時間に不満がありました
time=01:24:23.223 level=INFO msg=一定の売上が立ったためオーナーの椅子が増加します 名前=和やか交通 増加数=1
time=01:24:23.226 level=INFO msg=一定の売上が立ったためオーナーの椅子が増加します 名前="ReSit & Renew" 増加数=1
time=01:24:23.245 level=INFO msg=一定の売上が立ったためオーナーの椅子が増加します 名前="Sit Second Life" 増加数=1
time=01:24:23.371 level=INFO msg=一定の売上が立ったためオーナーの椅子が増加します 名前=ふたたび椅子堂 増加数=1
time=01:24:25.006 level=INFO msg=一定の売上が立ったためオーナーの椅子が増加します 名前=ふたたび椅子堂 増加数=1
time=01:24:25.044 level=INFO msg=一定の売上が立ったためオーナーの椅子が増加します 名前="Sit Second Life" 増加数=1
time=01:24:25.057 level=INFO msg=一定の売上が立ったためオーナーの椅子が増加します 名前=迅行タクシー 増加数=1
time=01:24:25.083 level=INFO msg=一定の売上が立ったためオーナーの椅子が増加します 名前=和やか交通 増加数=1
time=01:24:26.774 level=INFO msg=一定の売上が立ったためオーナーの椅子が増加します 名前="ReSit & Renew" 増加数=1
time=01:24:26.800 level=INFO msg=一定の売上が立ったためオーナーの椅子が増加します 名前=ふたたび椅子堂 増加数=1
time=01:24:26.840 level=INFO msg=一定の売上が立ったためオーナーの椅子が増加します 名前="Sit Second Life" 増加数=1
time=01:24:26.916 level=INFO msg=一定の売上が立ったためオーナーの椅子が増加します 名前=迅行タクシー 増加数=2
time=01:24:28.371 level=INFO msg=これまでに地域内の評判によって112人、既存ユーザーの招待経由で55人が新規登録しました
time=01:24:28.371 level=INFO msg=これまでに低評価なライドによって97人が利用をやめました
time=01:24:28.371 level=INFO msg=58.6%のライドは椅子がマッチされるまでの時間、42.4%のライドはマッチされた椅子が乗車地点までに掛かる時間、81.7%のライドは椅子の実移動時間に不満がありました
time=01:24:28.645 level=INFO msg=一定の売上が立ったためオーナーの椅子が増加します 名前="ReSit & Renew" 増加数=2
time=01:24:28.692 level=INFO msg=一定の売上が立ったためオーナーの椅子が増加します 名前=和やか交通 増加数=1
time=01:24:28.727 level=INFO msg=一定の売上が立ったためオーナーの椅子が増加します 名前=ふたたび椅子堂 増加数=1
time=01:24:30.435 level=INFO msg=一定の売上が立ったためオーナーの椅子が増加します 名前="ReSit & Renew" 増加数=1
time=01:24:30.514 level=INFO msg=一定の売上が立ったためオーナーの椅子が増加します 名前=和やか交通 増加数=1
time=01:24:30.547 level=INFO msg=一定の売上が立ったためオーナーの椅子が増加します 名前=ふたたび椅子堂 増加数=1
time=01:24:30.636 level=INFO msg=一定の売上が立ったためオーナーの椅子が増加します 名前="Sit Second Life" 増加数=1
time=01:24:32.254 level=INFO msg=一定の売上が立ったためオーナーの椅子が増加します 名前=和やか交通 増加数=1
time=01:24:32.348 level=INFO msg=一定の売上が立ったためオーナーの椅子が増加します 名前=迅行タクシー 増加数=1
time=01:24:32.355 level=INFO msg=一定の売上が立ったためオーナーの椅子が増加します 名前="Sit Second Life" 増加数=1
time=01:24:33.770 level=INFO msg=これまでに地域内の評判によって124人、既存ユーザーの招待経由で55人が新規登録しました
time=01:24:33.770 level=INFO msg=これまでに低評価なライドによって109人が利用をやめました
time=01:24:33.770 level=INFO msg=63.1%のライドは椅子がマッチされるまでの時間、38.4%のライドはマッチされた椅子が乗車地点までに掛かる時間、83.1%のライドは椅子の実移動時間に不満がありました
time=01:24:34.055 level=INFO msg=一定の売上が立ったためオーナーの椅子が増加します 名前=ふたたび椅子堂 増加数=1
time=01:24:34.085 level=INFO msg=一定の売上が立ったためオーナーの椅子が増加します 名前="ReSit & Renew" 増加数=1
time=01:24:34.168 level=INFO msg=一定の売上が立ったためオーナーの椅子が増加します 名前="Sit Second Life" 増加数=1
time=01:24:34.277 level=INFO msg=一定の売上が立ったためオーナーの椅子が増加します 名前=迅行タクシー 増加数=1
time=01:24:39.371 level=INFO msg=最終地域情報 名前=チェアタウン ユーザー登録数=102 アクティブユーザー数=43
time=01:24:39.371 level=INFO msg=最終地域情報 名前=コシカケシティ ユーザー登録数=91 アクティブユーザー数=40
time=01:24:39.371 level=INFO msg=最終オーナー情報 名前=ふたたび椅子堂 売上=525900 椅子数=30
time=01:24:39.371 level=INFO msg=最終オーナー情報 名前="ReSit & Renew" 売上=527600 椅子数=30
time=01:24:39.371 level=INFO msg=最終オーナー情報 名前="Sit Second Life" 売上=545600 椅子数=31
time=01:24:39.371 level=INFO msg=最終オーナー情報 名前=和やか交通 売上=478600 椅子数=28
time=01:24:39.371 level=INFO msg=最終オーナー情報 名前=迅行タクシー 売上=551600 椅子数=31
time=01:24:39.371 level=INFO msg=64.0%のライドは椅子がマッチされるまでの時間、37.7%のライドはマッチされた椅子が乗車地点までに掛かる時間、83.5%のライドは椅子の実移動時間に不満がありました
time=01:24:39.371 level=INFO msg=結果 pass=true スコア=31337 種別エラー数=map[]
time=01:24:39.371 level=INFO msg=負荷走行が終了しました
