time=02:39:26.365 level=INFO msg=負荷走行を開始します
time=02:39:32.326 level=INFO msg=一定の売上が立ったためオーナーの椅子が増加します 名前=ひまわり交通 増加数=1
time=02:39:32.328 level=INFO msg=一定の売上が立ったためオーナーの椅子が増加します 名前=いすの道 増加数=1
time=02:39:32.330 level=INFO msg=一定の売上が立ったためオーナーの椅子が増加します 名前="Orbit Taxi" 増加数=2
time=02:39:34.126 level=INFO msg=一定の売上が立ったためオーナーの椅子が増加します 名前=GoEase 増加数=1
time=02:39:34.127 level=INFO msg=一定の売上が立ったためオーナーの椅子が増加します 名前=ひまわり交通 増加数=1
time=02:39:34.127 level=INFO msg=一定の売上が立ったためオーナーの椅子が増加します 名前="Chair Charm" 増加数=1
time=02:39:34.129 level=INFO msg=一定の売上が立ったためオーナーの椅子が増加します 名前=いすの道 増加数=1
time=02:39:34.130 level=INFO msg=一定の売上が立ったためオーナーの椅子が増加します 名前="Orbit Taxi" 増加数=2
time=02:39:34.151 level=INFO msg=これまでに地域内の評判によって11人、既存ユーザーの招待経由で42人が新規登録しました
time=02:39:34.151 level=INFO msg=0.0%のライドは椅子がマッチされるまでの時間、59.5%のライドはマッチされた椅子が乗車地点までに掛かる時間、0.0%のライドは椅子の実移動時間に不満がありました
time=02:39:35.929 level=INFO msg=一定の売上が立ったためオーナーの椅子が増加します 名前="Chair Charm" 増加数=2
time=02:39:35.929 level=INFO msg=一定の売上が立ったためオーナーの椅子が増加します 名前=ひまわり交通 増加数=4
time=02:39:35.929 level=INFO msg=一定の売上が立ったためオーナーの椅子が増加します 名前=いすの道 増加数=3
time=02:39:35.929 level=INFO msg=一定の売上が立ったためオーナーの椅子が増加します 名前=GoEase 増加数=3
time=02:39:35.932 level=INFO msg=一定の売上が立ったためオーナーの椅子が増加します 名前="Orbit Taxi" 増加数=3
time=02:39:37.730 level=INFO msg=一定の売上が立ったためオーナーの椅子が増加します 名前="Orbit Taxi" 増加数=5
time=02:39:37.732 level=INFO msg=一定の売上が立ったためオーナーの椅子が増加します 名前="Chair Charm" 増加数=2
time=02:39:37.734 level=INFO msg=一定の売上が立ったためオーナーの椅子が増加します 名前=いすの道 増加数=4
time=02:39:37.735 level=INFO msg=一定の売上が立ったためオーナーの椅子が増加します 名前=GoEase 増加数=3
time=02:39:37.737 level=INFO msg=一定の売上が立ったためオーナーの椅子が増加します 名前=ひまわり交通 増加数=3
time=02:39:39.533 level=INFO msg=一定の売上が立ったためオーナーの椅子が増加します 名前="Chair Charm" 増加数=4
time=02:39:39.536 level=INFO msg=一定の売上が立ったためオーナーの椅子が増加します 名前=GoEase 増加数=4
time=02:39:39.540 level=INFO msg=一定の売上が立ったためオーナーの椅子が増加します 名前=ひまわり交通 増加数=6
time=02:39:39.542 level=INFO msg=一定の売上が立ったためオーナーの椅子が増加します 名前=いすの道 増加数=6
time=02:39:39.543 level=INFO msg=一定の売上が立ったためオーナーの椅子が増加します 名前="Orbit Taxi" 増加数=6
time=02:39:39.550 level=INFO msg=これまでに地域内の評判によって19人、既存ユーザーの招待経由で187人が新規登録しました
time=02:39:39.550 level=INFO msg=9.1%のライドは椅子がマッチされるまでの時間、21.2%のライドはマッチされた椅子が乗車地点までに掛かる時間、1.0%のライドは椅子の実移動時間に不満がありました
time=02:39:41.340 level=INFO msg=一定の売上が立ったためオーナーの椅子が増加します 名前="Chair Charm" 増加数=6
time=02:39:41.344 level=INFO msg=一定の売上が立ったためオーナーの椅子が増加します 名前=GoEase 増加数=7
time=02:39:41.347 level=INFO msg=一定の売上が立ったためオーナーの椅子が増加します 名前=ひまわり交通 増加数=6
time=02:39:41.349 level=INFO msg=一定の売上が立ったためオーナーの椅子が増加します 名前=いすの道 増加数=6
time=02:39:41.350 level=INFO msg=一定の売上が立ったためオーナーの椅子が増加します 名前="Orbit Taxi" 増加数=8
time=02:39:43.173 level=INFO msg=一定の売上が立ったためオーナーの椅子が増加します 名前="Chair Charm" 増加数=7
time=02:39:43.191 level=INFO msg=一定の売上が立ったためオーナーの椅子が増加します 名前=いすの道 増加数=9
time=02:39:43.198 level=INFO msg=一定の売上が立ったためオーナーの椅子が増加します 名前=GoEase 増加数=6
time=02:39:43.204 level=INFO msg=一定の売上が立ったためオーナーの椅子が増加します 名前=ひまわり交通 増加数=9
time=02:39:43.207 level=INFO msg=一定の売上が立ったためオーナーの椅子が増加します 名前="Orbit Taxi" 増加数=9
time=02:39:45.010 level=INFO msg=これまでに地域内の評判によって34人、既存ユーザーの招待経由で625人が新規登録しました
time=02:39:45.010 level=INFO msg=14.0%のライドは椅子がマッチされるまでの時間、7.2%のライドはマッチされた椅子が乗車地点までに掛かる時間、0.7%のライドは椅子の実移動時間に不満がありました
time=02:39:45.090 level=INFO msg=一定の売上が立ったためオーナーの椅子が増加します 名前=GoEase 増加数=8
time=02:39:45.093 level=INFO msg=一定の売上が立ったためオーナーの椅子が増加します 名前="Chair Charm" 増加数=7
time=02:39:45.123 level=INFO msg=一定の売上が立ったためオーナーの椅子が増加します 名前=ひまわり交通 増加数=9
time=02:39:45.123 level=INFO msg=一定の売上が立ったためオーナーの椅子が増加します 名前=いすの道 増加数=8
time=02:39:45.150 level=INFO msg=一定の売上が立ったためオーナーの椅子が増加します 名前="Orbit Taxi" 増加数=9
time=02:39:47.027 level=INFO msg=一定の売上が立ったためオーナーの椅子が増加します 名前="Chair Charm" 増加数=8
time=02:39:47.057 level=INFO msg=一定の売上が立ったためオーナーの椅子が増加します 名前=GoEase 増加数=9
time=02:39:47.170 level=INFO msg=一定の売上が立ったためオーナーの椅子が増加します 名前=いすの道 増加数=8
time=02:39:47.194 level=INFO msg=一定の売上が立ったためオーナーの椅子が増加します 名前=ひまわり交通 増加数=9
time=02:39:47.241 level=INFO msg=一定の売上が立ったためオーナーの椅子が増加します 名前="Orbit Taxi" 増加数=10
time=02:39:48.923 level=INFO msg=一定の売上が立ったためオーナーの椅子が増加します 名前="Chair Charm" 増加数=8
time=02:39:48.927 level=INFO msg=一定の売上が立ったためオーナーの椅子が増加します 名前=GoEase 増加数=7
time=02:39:48.946 level=INFO msg=一定の売上が立ったためオーナーの椅子が増加します 名前=ひまわり交通 増加数=6
time=02:39:48.970 level=INFO msg=一定の売上が立ったためオーナーの椅子が増加します 名前="Orbit Taxi" 増加数=8
time=02:39:48.974 level=INFO msg=一定の売上が立ったためオーナーの椅子が増加します 名前=いすの道 増加数=7
time=02:39:50.411 level=INFO msg=これまでに地域内の評判によって51人、既存ユーザーの招待経由で1219人が新規登録しました
time=02:39:50.411 level=INFO msg=31.3%のライドは椅子がマッチされるまでの時間、3.6%のライドはマッチされた椅子が乗車地点までに掛かる時間、2.0%のライドは椅子の実移動時間に不満がありました
time=02:39:50.649 level=INFO msg=一定の売上が立ったためオーナーの椅子が増加します 名前="Chair Charm" 増加数=6
time=02:39:50.653 level=INFO msg=一定の売上が立ったためオーナーの椅子が増加します 名前=GoEase 増加数=8
time=02:39:50.677 level=INFO msg=一定の売上が立ったためオーナーの椅子が増加します 名前=いすの道 増加数=8
time=02:39:50.715 level=INFO msg=一定の売上が立ったためオーナーの椅子が増加します 名前=ひまわり交通 増加数=9
time=02:39:50.716 level=INFO msg=一定の売上が立ったためオーナーの椅子が増加します 名前="Orbit Taxi" 増加数=9
time=02:39:53.017 level=INFO msg=一定の売上が立ったためオーナーの椅子が増加します 名前="Chair Charm" 増加数=8
time=02:39:53.123 level=INFO msg=一定の売上が立ったためオーナーの椅子が増加します 名前=GoEase 増加数=9
time=02:39:53.199 level=INFO msg=一定の売上が立ったためオーナーの椅子が増加します 名前=いすの道 増加数=9
time=02:39:53.208 level=INFO msg=一定の売上が立ったためオーナーの椅子が増加します 名前=ひまわり交通 増加数=10
time=02:39:53.214 level=INFO msg=一定の売上が立ったためオーナーの椅子が増加します 名前="Orbit Taxi" 増加数=10
time=02:39:54.468 level=INFO msg=一定の売上が立ったためオーナーの椅子が増加します 名前="Chair Charm" 増加数=6
time=02:39:54.473 level=INFO msg=一定の売上が立ったためオーナーの椅子が増加します 名前=GoEase 増加数=6
time=02:39:54.480 level=INFO msg=一定の売上が立ったためオーナーの椅子が増加します 名前=いすの道 増加数=8
time=02:39:55.810 level=INFO msg=これまでに地域内の評判によって63人、既存ユーザーの招待経由で1764人が新規登録しました
time=02:39:55.810 level=INFO msg=これまでに低評価なライドによって1人が利用をやめました
time=02:39:55.810 level=INFO msg=53.8%のライドは椅子がマッチされるまでの時間、2.5%のライドはマッチされた椅子が乗車地点までに掛かる時間、7.1%のライドは椅子の実移動時間に不満がありました
time=02:39:57.038 level=INFO msg=一定の売上が立ったためオーナーの椅子が増加します 名前="Chair Charm" 増加数=9
time=02:39:57.056 level=INFO msg=一定の売上が立ったためオーナーの椅子が増加します 名前=いすの道 増加数=10
time=02:39:57.067 level=INFO msg=一定の売上が立ったためオーナーの椅子が増加します 名前="Orbit Taxi" 増加数=20
time=02:39:57.082 level=INFO msg=一定の売上が立ったためオーナーの椅子が増加します 名前=GoEase 増加数=10
time=02:39:57.093 level=INFO msg=一定の売上が立ったためオーナーの椅子が増加します 名前=ひまわり交通 増加数=18
time=02:40:01.169 level=INFO msg=一定の売上が立ったためオーナーの椅子が増加します 名前="Chair Charm" 増加数=15
time=02:40:01.211 level=INFO msg=これまでに地域内の評判によって75人、既存ユーザーの招待経由で2200人が新規登録しました
time=02:40:01.211 level=INFO msg=これまでに低評価なライドによって6人が利用をやめました
time=02:40:01.211 level=INFO msg=66.3%のライドは椅子がマッチされるまでの時間、2.0%のライドはマッチされた椅子が乗車地点までに掛かる時間、11.2%のライドは椅子の実移動時間に不満がありました
time=02:40:01.331 level=INFO msg=一定の売上が立ったためオーナーの椅子が増加します 名前=ひまわり交通 増加数=16
time=02:40:01.529 level=INFO msg=一定の売上が立ったためオーナーの椅子が増加します 名前=GoEase 増加数=15
time=02:40:01.621 level=INFO msg=一定の売上が立ったためオーナーの椅子が増加します 名前=いすの道 増加数=16
time=02:40:02.328 level=INFO msg=一定の売上が立ったためオーナーの椅子が増加します 名前="Orbit Taxi" 増加数=17
time=02:40:03.190 level=INFO msg=一定の売上が立ったためオーナーの椅子が増加します 名前="Chair Charm" 増加数=16
time=02:40:03.258 level=INFO msg=一定の売上が立ったためオーナーの椅子が増加します 名前=ひまわり交通 増加数=18
time=02:40:06.611 level=INFO msg=これまでに地域内の評判によって88人、既存ユーザーの招待経由で2561人が新規登録しました
time=02:40:06.611 level=INFO msg=これまでに低評価なライドによって12人が利用をやめました
time=02:40:06.611 level=INFO msg=73.8%のライドは椅子がマッチされるまでの時間、1.7%のライドはマッチされた椅子が乗車地点までに掛かる時間、14.7%のライドは椅子の実移動時間に不満がありました
time=02:40:07.639 level=INFO msg=一定の売上が立ったためオーナーの椅子が増加します 名前=いすの道 増加数=28
time=02:40:07.748 level=INFO msg=一定の売上が立ったためオーナーの椅子が増加します 名前=GoEase 増加数=24
time=02:40:08.342 level=INFO msg=一定の売上が立ったためオーナーの椅子が増加します 名前="Orbit Taxi" 増加数=29
time=02:40:08.450 level=INFO msg=一定の売上が立ったためオーナーの椅子が増加します 名前="Chair Charm" 増加数=20
time=02:40:08.693 level=INFO msg=一定の売上が立ったためオーナーの椅子が増加します 名前=ひまわり交通 増加数=22
time=02:40:12.010 level=INFO msg=これまでに地域内の評判によって102人、既存ユーザーの招待経由で2865人が新規登録しました
time=02:40:12.010 level=INFO msg=これまでに低評価なライドによって18人が利用をやめました
time=02:40:12.010 level=INFO msg=78.4%のライドは椅子がマッチされるまでの時間、1.5%のライドはマッチされた椅子が乗車地点までに掛かる時間、17.3%のライドは椅子の実移動時間に不満がありました
time=02:40:15.190 level=INFO msg=一定の売上が立ったためオーナーの椅子が増加します 名前="Chair Charm" 増加数=24
time=02:40:15.327 level=INFO msg=一定の売上が立ったためオーナーの椅子が増加します 名前=いすの道 増加数=36
time=02:40:15.420 level=INFO msg=一定の売上が立ったためオーナーの椅子が増加します 名前=GoEase 増加数=35
time=02:40:15.808 level=INFO msg=一定の売上が立ったためオーナーの椅子が増加します 名前="Orbit Taxi" 増加数=43
time=02:40:15.834 level=INFO msg=一定の売上が立ったためオーナーの椅子が増加します 名前=ひまわり交通 増加数=29
time=02:40:17.621 level=INFO msg=これまでに地域内の評判によって119人、既存ユーザーの招待経由で3064人が新規登録しました
time=02:40:17.621 level=INFO msg=これまでに低評価なライドによって28人が利用をやめました
time=02:40:17.621 level=INFO msg=81.7%のライドは椅子がマッチされるまでの時間、1.5%のライドはマッチされた椅子が乗車地点までに掛かる時間、19.5%のライドは椅子の実移動時間に不満がありました
time=02:40:22.764 level=INFO msg=一定の売上が立ったためオーナーの椅子が増加します 名前="Chair Charm" 増加数=38
time=02:40:23.022 level=INFO msg=これまでに地域内の評判によって137人、既存ユーザーの招待経由で3314人が新規登録しました
time=02:40:23.022 level=INFO msg=これまでに低評価なライドによって47人が利用をやめました
time=02:40:23.022 level=INFO msg=84.4%のライドは椅子がマッチされるまでの時間、1.3%のライドはマッチされた椅子が乗車地点までに掛かる時間、23.1%のライドは椅子の実移動時間に不満がありました
time=02:40:25.340 level=INFO msg=一定の売上が立ったためオーナーの椅子が増加します 名前=ひまわり交通 増加数=49
time=02:40:25.954 level=INFO msg=一定の売上が立ったためオーナーの椅子が増加します 名前=いすの道 増加数=59
time=02:40:25.956 level=INFO msg=一定の売上が立ったためオーナーの椅子が増加します 名前=GoEase 増加数=57
time=02:40:27.505 level=INFO msg=一定の売上が立ったためオーナーの椅子が増加します 名前="Orbit Taxi" 増加数=80
time=02:40:28.541 level=INFO msg=これまでに地域内の評判によって155人、既存ユーザーの招待経由で3527人が新規登録しました
time=02:40:28.541 level=INFO msg=これまでに低評価なライドによって60人が利用をやめました
time=02:40:28.541 level=INFO msg=86.2%のライドは椅子がマッチされるまでの時間、1.3%のライドはマッチされた椅子が乗車地点までに掛かる時間、24.6%のライドは椅子の実移動時間に不満がありました
time=02:40:33.751 level=INFO msg=最終地域情報 名前=チェアタウン ユーザー登録数=2198 アクティブユーザー数=2166
time=02:40:33.751 level=INFO msg=最終地域情報 名前=コシカケシティ ユーザー登録数=1571 アクティブユーザー数=1541
time=02:40:33.751 level=INFO msg=最終オーナー情報 名前="Chair Charm" 売上=8885900 椅子数=191
time=02:40:33.751 level=INFO msg=最終オーナー情報 名前=GoEase 売上=9132700 椅子数=216
time=02:40:33.751 level=INFO msg=最終オーナー情報 名前=ひまわり交通 売上=10315900 椅子数=229
time=02:40:33.751 level=INFO msg=最終オーナー情報 名前=いすの道 売上=9747200 椅子数=231
time=02:40:33.751 level=INFO msg=最終オーナー情報 名前="Orbit Taxi" 売上=10977700 椅子数=274
time=02:40:33.752 level=INFO msg=86.9%のライドは椅子がマッチされるまでの時間、1.2%のライドはマッチされた椅子が乗車地点までに掛かる時間、26.0%のライドは椅子の実移動時間に不満がありました
time=02:40:33.752 level=INFO msg=結果 pass=true スコア=509473 種別エラー数=map[]
time=02:40:33.752 level=INFO msg=負荷走行が終了しました
