time=02:09:11.848 level=INFO msg=負荷走行を開始します
time=02:09:17.808 level=INFO msg=一定の売上が立ったためオーナーの椅子が増加します 名前=風座プロダクツ 増加数=1
time=02:09:17.809 level=INFO msg=一定の売上が立ったためオーナーの椅子が増加します 名前=椅子やいちば 増加数=1
time=02:09:17.809 level=INFO msg=一定の売上が立ったためオーナーの椅子が増加します 名前=ふたたび椅子堂 増加数=1
time=02:09:19.610 level=INFO msg=一定の売上が立ったためオーナーの椅子が増加します 名前=風座プロダクツ 増加数=1
time=02:09:19.610 level=INFO msg=一定の売上が立ったためオーナーの椅子が増加します 名前=座心工房 増加数=1
time=02:09:19.610 level=INFO msg=一定の売上が立ったためオーナーの椅子が増加します 名前=レトロ椅子館 増加数=1
time=02:09:19.610 level=INFO msg=一定の売上が立ったためオーナーの椅子が増加します 名前=ふたたび椅子堂 増加数=1
time=02:09:19.633 level=INFO msg=これまでに地域内の評判によって9人、既存ユーザーの招待経由で30人が新規登録しました
time=02:09:19.633 level=INFO msg=0.0%のライドは椅子がマッチされるまでの時間、66.7%のライドはマッチされた椅子が乗車地点までに掛かる時間、0.0%のライドは椅子の実移動時間に不満がありました
time=02:09:21.411 level=INFO msg=一定の売上が立ったためオーナーの椅子が増加します 名前=椅子やいちば 増加数=1
time=02:09:21.412 level=INFO msg=一定の売上が立ったためオーナーの椅子が増加します 名前=座心工房 増加数=2
time=02:09:21.412 level=INFO msg=一定の売上が立ったためオーナーの椅子が増加します 名前=風座プロダクツ 増加数=2
time=02:09:21.413 level=INFO msg=一定の売上が立ったためオーナーの椅子が増加します 名前=レトロ椅子館 増加数=1
time=02:09:21.414 level=INFO msg=一定の売上が立ったためオーナーの椅子が増加します 名前=ふたたび椅子堂 増加数=1
time=02:09:23.211 level=INFO msg=一定の売上が立ったためオーナーの椅子が増加します 名前=座心工房 増加数=1
time=02:09:23.212 level=INFO msg=一定の売上が立ったためオーナーの椅子が増加します 名前=椅子やいちば 増加数=1
time=02:09:23.213 level=INFO msg=一定の売上が立ったためオーナーの椅子が増加します 名前=風座プロダクツ 増加数=1
time=02:09:23.214 level=INFO msg=一定の売上が立ったためオーナーの椅子が増加します 名前=ふたたび椅子堂 増加数=2
time=02:09:25.014 level=INFO msg=一定の売上が立ったためオーナーの椅子が増加します 名前=ふたたび椅子堂 増加数=2
time=02:09:25.015 level=INFO msg=一定の売上が立ったためオーナーの椅子が増加します 名前=風座プロダクツ 増加数=2
time=02:09:25.015 level=INFO msg=一定の売上が立ったためオーナーの椅子が増加します 名前=レトロ椅子館 増加数=1
time=02:09:25.015 level=INFO msg=一定の売上が立ったためオーナーの椅子が増加します 名前=座心工房 増加数=2
time=02:09:25.015 level=INFO msg=一定の売上が立ったためオーナーの椅子が増加します 名前=椅子やいちば 増加数=1
time=02:09:25.033 level=INFO msg=これまでに地域内の評判によって20人、既存ユーザーの招待経由で86人が新規登録しました
time=02:09:25.033 level=INFO msg=0.0%のライドは椅子がマッチされるまでの時間、73.6%のライドはマッチされた椅子が乗車地点までに掛かる時間、0.0%のライドは椅子の実移動時間に不満がありました
time=02:09:26.815 level=INFO msg=一定の売上が立ったためオーナーの椅子が増加します 名前=レトロ椅子館 増加数=2
time=02:09:26.815 level=INFO msg=一定の売上が立ったためオーナーの椅子が増加します 名前=ふたたび椅子堂 増加数=2
time=02:09:26.815 level=INFO msg=一定の売上が立ったためオーナーの椅子が増加します 名前=椅子やいちば 増加数=2
time=02:09:26.816 level=INFO msg=一定の売上が立ったためオーナーの椅子が増加します 名前=座心工房 増加数=2
time=02:09:26.820 level=INFO msg=一定の売上が立ったためオーナーの椅子が増加します 名前=風座プロダクツ 増加数=1
time=02:09:28.613 level=INFO msg=一定の売上が立ったためオーナーの椅子が増加します 名前=ふたたび椅子堂 増加数=3
time=02:09:28.616 level=INFO msg=一定の売上が立ったためオーナーの椅子が増加します 名前=レトロ椅子館 増加数=1
time=02:09:28.618 level=INFO msg=一定の売上が立ったためオーナーの椅子が増加します 名前=椅子やいちば 増加数=2
time=02:09:28.618 level=INFO msg=一定の売上が立ったためオーナーの椅子が増加します 名前=座心工房 増加数=3
time=02:09:28.621 level=INFO msg=一定の売上が立ったためオーナーの椅子が増加します 名前=風座プロダクツ 増加数=2
time=02:09:30.417 level=INFO msg=一定の売上が立ったためオーナーの椅子が増加します 名前=椅子やいちば 増加数=3
time=02:09:30.418 level=INFO msg=一定の売上が立ったためオーナーの椅子が増加します 名前=ふたたび椅子堂 増加数=3
time=02:09:30.418 level=INFO msg=一定の売上が立ったためオーナーの椅子が増加します 名前=レトロ椅子館 増加数=2
time=02:09:30.421 level=INFO msg=一定の売上が立ったためオーナーの椅子が増加します 名前=座心工房 増加数=2
time=02:09:30.422 level=INFO msg=一定の売上が立ったためオーナーの椅子が増加します 名前=風座プロダクツ 増加数=2
time=02:09:30.433 level=INFO msg=これまでに地域内の評判によって31人、既存ユーザーの招待経由で137人が新規登録しました
time=02:09:30.433 level=INFO msg=39.7%のライドは椅子がマッチされるまでの時間、67.6%のライドはマッチされた椅子が乗車地点までに掛かる時間、0.3%のライドは椅子の実移動時間に不満がありました
time=02:09:32.220 level=INFO msg=一定の売上が立ったためオーナーの椅子が増加します 名前=座心工房 増加数=2
time=02:09:32.220 level=INFO msg=一定の売上が立ったためオーナーの椅子が増加します 名前=椅子やいちば 増加数=3
time=02:09:32.223 level=INFO msg=一定の売上が立ったためオーナーの椅子が増加します 名前=レトロ椅子館 増加数=3
time=02:09:32.225 level=INFO msg=一定の売上が立ったためオーナーの椅子が増加します 名前=風座プロダクツ 増加数=3
time=02:09:32.227 level=INFO msg=一定の売上が立ったためオーナーの椅子が増加します 名前=ふたたび椅子堂 増加数=2
time=02:09:34.020 level=INFO msg=一定の売上が立ったためオーナーの椅子が増加します 名前=レトロ椅子館 増加数=1
time=02:09:34.024 level=INFO msg=一定の売上が立ったためオーナーの椅子が増加します 名前=座心工房 増加数=4
time=02:09:34.024 level=INFO msg=一定の売上が立ったためオーナーの椅子が増加します 名前=風座プロダクツ 増加数=4
time=02:09:34.026 level=INFO msg=一定の売上が立ったためオーナーの椅子が増加します 名前=ふたたび椅子堂 増加数=2
time=02:09:34.026 level=INFO msg=一定の売上が立ったためオーナーの椅子が増加します 名前=椅子やいちば 増加数=3
time=02:09:35.830 level=INFO msg=一定の売上が立ったためオーナーの椅子が増加します 名前=椅子やいちば 増加数=4
time=02:09:35.831 level=INFO msg=一定の売上が立ったためオーナーの椅子が増加します 名前=レトロ椅子館 増加数=3
time=02:09:35.832 level=INFO msg=一定の売上が立ったためオーナーの椅子が増加します 名前=座心工房 増加数=4
time=02:09:35.833 level=INFO msg=一定の売上が立ったためオーナーの椅子が増加します 名前=風座プロダクツ 増加数=4
time=02:09:35.838 level=INFO msg=一定の売上が立ったためオーナーの椅子が増加します 名前=ふたたび椅子堂 増加数=3
time=02:09:35.840 level=INFO msg=これまでに地域内の評判によって44人、既存ユーザーの招待経由で218人が新規登録しました
time=02:09:35.840 level=INFO msg=これまでに低評価なライドによって1人が利用をやめました
time=02:09:35.840 level=INFO msg=66.1%のライドは椅子がマッチされるまでの時間、61.6%のライドはマッチされた椅子が乗車地点までに掛かる時間、0.3%のライドは椅子の実移動時間に不満がありました
time=02:09:37.639 level=INFO msg=一定の売上が立ったためオーナーの椅子が増加します 名前=レトロ椅子館 増加数=5
time=02:09:37.646 level=INFO msg=一定の売上が立ったためオーナーの椅子が増加します 名前=風座プロダクツ 増加数=4
time=02:09:37.650 level=INFO msg=一定の売上が立ったためオーナーの椅子が増加します 名前=ふたたび椅子堂 増加数=5
time=02:09:37.654 level=INFO msg=一定の売上が立ったためオーナーの椅子が増加します 名前=椅子やいちば 増加数=3
time=02:09:37.659 level=INFO msg=一定の売上が立ったためオーナーの椅子が増加します 名前=座心工房 増加数=4
time=02:09:39.440 level=INFO msg=一定の売上が立ったためオーナーの椅子が増加します 名前=レトロ椅子館 増加数=4
time=02:09:39.443 level=INFO msg=一定の売上が立ったためオーナーの椅子が増加します 名前=椅子やいちば 増加数=4
time=02:09:39.445 level=INFO msg=一定の売上が立ったためオーナーの椅子が増加します 名前=ふたたび椅子堂 増加数=4
time=02:09:39.446 level=INFO msg=一定の売上が立ったためオーナーの椅子が増加します 名前=座心工房 増加数=3
time=02:09:39.447 level=INFO msg=一定の売上が立ったためオーナーの椅子が増加します 名前=風座プロダクツ 増加数=4
time=02:09:41.233 level=INFO msg=これまでに地域内の評判によって56人、既存ユーザーの招待経由で382人が新規登録しました
time=02:09:41.233 level=INFO msg=これまでに低評価なライドによって1人が利用をやめました
time=02:09:41.233 level=INFO msg=72.2%のライドは椅子がマッチされるまでの時間、54.3%のライドはマッチされた椅子が乗車地点までに掛かる時間、0.7%のライドは椅子の実移動時間に不満がありました
time=02:09:41.260 level=INFO msg=一定の売上が立ったためオーナーの椅子が増加します 名前=レトロ椅子館 増加数=4
time=02:09:41.267 level=INFO msg=一定の売上が立ったためオーナーの椅子が増加します 名前=座心工房 増加数=4
time=02:09:41.267 level=INFO msg=一定の売上が立ったためオーナーの椅子が増加します 名前=椅子やいちば 増加数=4
time=02:09:41.268 level=INFO msg=一定の売上が立ったためオーナーの椅子が増加します 名前=ふたたび椅子堂 増加数=6
time=02:09:41.269 level=INFO msg=一定の売上が立ったためオーナーの椅子が増加します 名前=風座プロダクツ 増加数=4
time=02:09:43.065 level=INFO msg=一定の売上が立ったためオーナーの椅子が増加します 名前=レトロ椅子館 増加数=4
time=02:09:43.075 level=INFO msg=一定の売上が立ったためオーナーの椅子が増加します 名前=椅子やいちば 増加数=6
time=02:09:43.089 level=INFO msg=一定の売上が立ったためオーナーの椅子が増加します 名前=風座プロダクツ 増加数=5
time=02:09:43.090 level=INFO msg=一定の売上が立ったためオーナーの椅子が増加します 名前=ふたたび椅子堂 増加数=5
time=02:09:43.096 level=INFO msg=一定の売上が立ったためオーナーの椅子が増加します 名前=座心工房 増加数=4
time=02:09:44.941 level=INFO msg=一定の売上が立ったためオーナーの椅子が増加します 名前=レトロ椅子館 増加数=5
time=02:09:44.944 level=INFO msg=一定の売上が立ったためオーナーの椅子が増加します 名前=座心工房 増加数=5
time=02:09:44.965 level=INFO msg=一定の売上が立ったためオーナーの椅子が増加します 名前=風座プロダクツ 増加数=3
time=02:09:44.967 level=INFO msg=一定の売上が立ったためオーナーの椅子が増加します 名前=椅子やいちば 増加数=3
time=02:09:44.967 level=INFO msg=一定の売上が立ったためオーナーの椅子が増加します 名前=ふたたび椅子堂 増加数=5
time=02:09:46.753 level=INFO msg=これまでに地域内の評判によって65人、既存ユーザーの招待経由で629人が新規登録しました
time=02:09:46.753 level=INFO msg=これまでに低評価なライドによって5人が利用をやめました
time=02:09:46.753 level=INFO msg=80.3%のライドは椅子がマッチされるまでの時間、46.9%のライドはマッチされた椅子が乗車地点までに掛かる時間、0.7%のライドは椅子の実移動時間に不満がありました
time=02:09:46.837 level=INFO msg=一定の売上が立ったためオーナーの椅子が増加します 名前=風座プロダクツ 増加数=5
time=02:09:46.837 level=INFO msg=一定の売上が立ったためオーナーの椅子が増加します 名前=椅子やいちば 増加数=5
time=02:09:46.839 level=INFO msg=一定の売上が立ったためオーナーの椅子が増加します 名前=レトロ椅子館 増加数=4
time=02:09:46.848 level=INFO msg=一定の売上が立ったためオーナーの椅子が増加します 名前=座心工房 増加数=4
time=02:09:46.850 level=INFO msg=一定の売上が立ったためオーナーの椅子が増加します 名前=ふたたび椅子堂 増加数=4
time=02:09:48.762 level=INFO msg=一定の売上が立ったためオーナーの椅子が増加します 名前=レトロ椅子館 増加数=5
time=02:09:48.779 level=INFO msg=一定の売上が立ったためオーナーの椅子が増加します 名前=風座プロダクツ 増加数=5
time=02:09:48.783 level=INFO msg=一定の売上が立ったためオーナーの椅子が増加します 名前=座心工房 増加数=6
time=02:09:48.787 level=INFO msg=一定の売上が立ったためオーナーの椅子が増加します 名前=ふたたび椅子堂 増加数=6
time=02:09:48.787 level=INFO msg=一定の売上が立ったためオーナーの椅子が増加します 名前=椅子やいちば 増加数=4
time=02:09:50.732 level=INFO msg=一定の売上が立ったためオーナーの椅子が増加します 名前=レトロ椅子館 増加数=5
time=02:09:50.779 level=INFO msg=一定の売上が立ったためオーナーの椅子が増加します 名前=椅子やいちば 増加数=7
time=02:09:50.808 level=INFO msg=一定の売上が立ったためオーナーの椅子が増加します 名前=風座プロダクツ 増加数=6
time=02:09:50.812 level=INFO msg=一定の売上が立ったためオーナーの椅子が増加します 名前=座心工房 増加数=6
time=02:09:50.823 level=INFO msg=一定の売上が立ったためオーナーの椅子が増加します 名前=ふたたび椅子堂 増加数=5
time=02:09:52.334 level=INFO msg=これまでに地域内の評判によって77人、既存ユーザーの招待経由で925人が新規登録しました
time=02:09:52.334 level=INFO msg=これまでに低評価なライドによって5人が利用をやめました
time=02:09:52.334 level=INFO msg=86.0%のライドは椅子がマッチされるまでの時間、43.8%のライドはマッチされた椅子が乗車地点までに掛かる時間、0.7%のライドは椅子の実移動時間に不満がありました
time=02:09:52.692 level=INFO msg=一定の売上が立ったためオーナーの椅子が増加します 名前=椅子やいちば 増加数=5
time=02:09:52.701 level=INFO msg=一定の売上が立ったためオーナーの椅子が増加します 名前=レトロ椅子館 増加数=5
time=02:09:52.708 level=INFO msg=一定の売上が立ったためオーナーの椅子が増加します 名前=風座プロダクツ 増加数=4
time=02:09:52.727 level=INFO msg=一定の売上が立ったためオーナーの椅子が増加します 名前=ふたたび椅子堂 増加数=7
time=02:09:52.729 level=INFO msg=一定の売上が立ったためオーナーの椅子が増加します 名前=座心工房 増加数=4
time=02:09:54.328 level=INFO msg=一定の売上が立ったためオーナーの椅子が増加します 名前=レトロ椅子館 増加数=5
time=02:09:54.329 level=INFO msg=一定の売上が立ったためオーナーの椅子が増加します 名前=座心工房 増加数=7
time=02:09:54.351 level=INFO msg=一定の売上が立ったためオーナーの椅子が増加します 名前=ふたたび椅子堂 増加数=5
time=02:09:54.353 level=INFO msg=一定の売上が立ったためオーナーの椅子が増加します 名前=風座プロダクツ 増加数=7
time=02:09:54.357 level=INFO msg=一定の売上が立ったためオーナーの椅子が増加します 名前=椅子やいちば 増加数=6
time=02:09:56.480 level=INFO msg=一定の売上が立ったためオーナーの椅子が増加します 名前=風座プロダクツ 増加数=4
time=02:09:56.489 level=INFO msg=一定の売上が立ったためオーナーの椅子が増加します 名前=椅子やいちば 増加数=4
time=02:09:56.523 level=INFO msg=一定の売上が立ったためオーナーの椅子が増加します 名前=ふたたび椅子堂 増加数=8
time=02:09:56.526 level=INFO msg=一定の売上が立ったためオーナーの椅子が増加します 名前=レトロ椅子館 増加数=5
time=02:09:56.551 level=INFO msg=一定の売上が立ったためオーナーの椅子が増加します 名前=座心工房 増加数=6
time=02:09:57.763 level=INFO msg=これまでに地域内の評判によって89人、既存ユーザーの招待経由で1162人が新規登録しました
time=02:09:57.763 level=INFO msg=これまでに低評価なライドによって50人が利用をやめました
time=02:09:57.763 level=INFO msg=89.7%のライドは椅子がマッチされるまでの時間、40.7%のライドはマッチされた椅子が乗車地点までに掛かる時間、5.9%のライドは椅子の実移動時間に不満がありました
time=02:09:57.912 level=INFO msg=一定の売上が立ったためオーナーの椅子が増加します 名前=レトロ椅子館 増加数=7
time=02:09:57.934 level=INFO msg=一定の売上が立ったためオーナーの椅子が増加します 名前=座心工房 増加数=6
time=02:09:57.934 level=INFO msg=一定の売上が立ったためオーナーの椅子が増加します 名前=ふたたび椅子堂 増加数=6
time=02:09:57.938 level=INFO msg=一定の売上が立ったためオーナーの椅子が増加します 名前=椅子やいちば 増加数=6
time=02:09:57.954 level=INFO msg=一定の売上が立ったためオーナーの椅子が増加します 名前=風座プロダクツ 増加数=7
time=02:09:59.978 level=INFO msg=一定の売上が立ったためオーナーの椅子が増加します 名前=レトロ椅子館 増加数=4
time=02:09:59.992 level=INFO msg=一定の売上が立ったためオーナーの椅子が増加します 名前=風座プロダクツ 増加数=6
time=02:10:00.035 level=INFO msg=一定の売上が立ったためオーナーの椅子が増加します 名前=椅子やいちば 増加数=6
time=02:10:00.052 level=INFO msg=一定の売上が立ったためオーナーの椅子が増加します 名前=ふたたび椅子堂 増加数=7
time=02:10:00.056 level=INFO msg=一定の売上が立ったためオーナーの椅子が増加します 名前=座心工房 増加数=6
time=02:10:01.764 level=INFO msg=一定の売上が立ったためオーナーの椅子が増加します 名前=レトロ椅子館 増加数=6
time=02:10:01.779 level=INFO msg=一定の売上が立ったためオーナーの椅子が増加します 名前=椅子やいちば 増加数=4
time=02:10:01.782 level=INFO msg=一定の売上が立ったためオーナーの椅子が増加します 名前=風座プロダクツ 増加数=7
time=02:10:01.798 level=INFO msg=一定の売上が立ったためオーナーの椅子が増加します 名前=座心工房 増加数=6
time=02:10:01.809 level=INFO msg=一定の売上が立ったためオーナーの椅子が増加します 名前=ふたたび椅子堂 増加数=6
time=02:10:03.163 level=INFO msg=これまでに地域内の評判によって101人、既存ユーザーの招待経由で1334人が新規登録しました
time=02:10:03.163 level=INFO msg=これまでに低評価なライドによって113人が利用をやめました
time=02:10:03.163 level=INFO msg=92.1%のライドは椅子がマッチされるまでの時間、37.7%のライドはマッチされた椅子が乗車地点までに掛かる時間、13.6%のライドは椅子の実移動時間に不満がありました
time=02:10:03.819 level=INFO msg=一定の売上が立ったためオーナーの椅子が増加します 名前=椅子やいちば 増加数=8
time=02:10:03.865 level=INFO msg=一定の売上が立ったためオーナーの椅子が増加します 名前=風座プロダクツ 増加数=6
time=02:10:03.878 level=INFO msg=一定の売上が立ったためオーナーの椅子が増加します 名前=座心工房 増加数=6
time=02:10:03.880 level=INFO msg=一定の売上が立ったためオーナーの椅子が増加します 名前=レトロ椅子館 増加数=7
time=02:10:03.908 level=INFO msg=一定の売上が立ったためオーナーの椅子が増加します 名前=ふたたび椅子堂 増加数=8
time=02:10:05.517 level=INFO msg=一定の売上が立ったためオーナーの椅子が増加します 名前=レトロ椅子館 増加数=5
time=02:10:05.586 level=INFO msg=一定の売上が立ったためオーナーの椅子が増加します 名前=椅子やいちば 増加数=5
time=02:10:05.608 level=INFO msg=一定の売上が立ったためオーナーの椅子が増加します 名前=ふたたび椅子堂 増加数=7
time=02:10:05.617 level=INFO msg=一定の売上が立ったためオーナーの椅子が増加します 名前=風座プロダクツ 増加数=6
time=02:10:05.623 level=INFO msg=一定の売上が立ったためオーナーの椅子が増加します 名前=座心工房 増加数=8
time=02:10:07.523 level=INFO msg=一定の売上が立ったためオーナーの椅子が増加します 名前=レトロ椅子館 増加数=6
time=02:10:07.526 level=INFO msg=一定の売上が立ったためオーナーの椅子が増加します 名前=ふたたび椅子堂 増加数=6
time=02:10:07.533 level=INFO msg=一定の売上が立ったためオーナーの椅子が増加します 名前=椅子やいちば 増加数=6
time=02:10:07.551 level=INFO msg=一定の売上が立ったためオーナーの椅子が増加します 名前=風座プロダクツ 増加数=7
time=02:10:07.556 level=INFO msg=一定の売上が立ったためオーナーの椅子が増加します 名前=座心工房 増加数=5
time=02:10:08.744 level=INFO msg=これまでに地域内の評判によって113人、既存ユーザーの招待経由で1456人が新規登録しました
time=02:10:08.744 level=INFO msg=これまでに低評価なライドによって185人が利用をやめました
time=02:10:08.744 level=INFO msg=93.6%のライドは椅子がマッチされるまでの時間、35.6%のライドはマッチされた椅子が乗車地点までに掛かる時間、20.7%のライドは椅子の実移動時間に不満がありました
time=02:10:09.434 level=INFO msg=一定の売上が立ったためオーナーの椅子が増加します 名前=風座プロダクツ 増加数=6
time=02:10:09.482 level=INFO msg=一定の売上が立ったためオーナーの椅子が増加します 名前=座心工房 増加数=7
time=02:10:09.484 level=INFO msg=一定の売上が立ったためオーナーの椅子が増加します 名前=椅子やいちば 増加数=8
time=02:10:09.488 level=INFO msg=一定の売上が立ったためオーナーの椅子が増加します 名前=ふたたび椅子堂 増加数=8
time=02:10:09.488 level=INFO msg=一定の売上が立ったためオーナーの椅子が増加します 名前=レトロ椅子館 増加数=7
time=02:10:11.260 level=INFO msg=一定の売上が立ったためオーナーの椅子が増加します 名前=レトロ椅子館 増加数=6
time=02:10:11.263 level=INFO msg=一定の売上が立ったためオーナーの椅子が増加します 名前=風座プロダクツ 増加数=6
time=02:10:11.275 level=INFO msg=一定の売上が立ったためオーナーの椅子が増加します 名前=椅子やいちば 増加数=5
time=02:10:11.278 level=INFO msg=一定の売上が立ったためオーナーの椅子が増加します 名前=座心工房 増加数=6
time=02:10:11.284 level=INFO msg=一定の売上が立ったためオーナーの椅子が増加します 名前=ふたたび椅子堂 増加数=7
time=02:10:13.563 level=INFO msg=一定の売上が立ったためオーナーの椅子が増加します 名前=風座プロダクツ 増加数=7
time=02:10:13.569 level=INFO msg=一定の売上が立ったためオーナーの椅子が増加します 名前=レトロ椅子館 増加数=7
time=02:10:13.581 level=INFO msg=一定の売上が立ったためオーナーの椅子が増加します 名前=椅子やいちば 増加数=7
time=02:10:13.597 level=INFO msg=一定の売上が立ったためオーナーの椅子が増加します 名前=座心工房 増加数=7
time=02:10:13.630 level=INFO msg=一定の売上が立ったためオーナーの椅子が増加します 名前=ふたたび椅子堂 増加数=8
time=02:10:14.143 level=INFO msg=これまでに地域内の評判によって125人、既存ユーザーの招待経由で1515人が新規登録しました
time=02:10:14.143 level=INFO msg=これまでに低評価なライドによって271人が利用をやめました
time=02:10:14.143 level=INFO msg=94.6%のライドは椅子がマッチされるまでの時間、34.2%のライドはマッチされた椅子が乗車地点までに掛かる時間、27.9%のライドは椅子の実移動時間に不満がありました
time=02:10:19.233 level=INFO msg=最終地域情報 名前=チェアタウン ユーザー登録数=1022 アクティブユーザー数=874
time=02:10:19.233 level=INFO msg=最終地域情報 名前=コシカケシティ ユーザー登録数=670 アクティブユーザー数=547
time=02:10:19.233 level=INFO msg=最終オーナー情報 名前=レトロ椅子館 売上=4598900 椅子数=125
time=02:10:19.234 level=INFO msg=最終オーナー情報 名前=座心工房 売上=5052400 椅子数=137
time=02:10:19.234 level=INFO msg=最終オーナー情報 名前=ふたたび椅子堂 売上=5610000 椅子数=149
time=02:10:19.234 level=INFO msg=最終オーナー情報 名前=椅子やいちば 売上=4831500 椅子数=131
time=02:10:19.234 level=INFO msg=最終オーナー情報 名前=風座プロダクツ 売上=5009300 椅子数=136
time=02:10:19.234 level=INFO msg=94.9%のライドは椅子がマッチされるまでの時間、33.9%のライドはマッチされた椅子が乗車地点までに掛かる時間、29.6%のライドは椅子の実移動時間に不満がありました
time=02:10:19.234 level=INFO msg=結果 pass=true スコア=287776 種別エラー数=map[]
time=02:10:19.234 level=INFO msg=負荷走行が終了しました
