time=01:09:45.407 level=INFO msg=負荷走行を開始します
time=01:09:49.809 level=WARN msg="ユーザー登録に失敗しました (CODE=17): POST /api/app/usersへのリクエストに対して、期待されたHTTPステータスコードが確認できませんでした (expected:201, actual:500)"
time=01:09:51.485 level=INFO msg=一定の売上が立ったためオーナーの椅子が増加します 名前=GoEase 増加数=1
time=01:09:51.486 level=INFO msg=一定の売上が立ったためオーナーの椅子が増加します 名前=つばさ交通 増加数=2
time=01:09:53.262 level=INFO msg=これまでに地域内の評判によって7人、既存ユーザーの招待経由で18人が新規登録しました
time=01:09:53.262 level=INFO msg=これまでに低評価なライドによって1人が利用をやめました
time=01:09:53.262 level=INFO msg=0.0%のライドは椅子がマッチされるまでの時間、65.2%のライドはマッチされた椅子が乗車地点までに掛かる時間、19.6%のライドは椅子の実移動時間に不満がありました
time=01:09:53.300 level=INFO msg=一定の売上が立ったためオーナーの椅子が増加します 名前="CraftChair Co., Ltd." 増加数=1
time=01:09:55.099 level=INFO msg=一定の売上が立ったためオーナーの椅子が増加します 名前=GoEase 増加数=1
time=01:09:56.896 level=INFO msg=一定の売上が立ったためオーナーの椅子が増加します 名前="CraftChair Co., Ltd." 増加数=1
time=01:09:56.913 level=INFO msg=一定の売上が立ったためオーナーの椅子が増加します 名前=つばさ交通 増加数=2
time=01:09:56.923 level=INFO msg=一定の売上が立ったためオーナーの椅子が増加します 名前=迅行タクシー 増加数=2
time=01:09:56.929 level=INFO msg=一定の売上が立ったためオーナーの椅子が増加します 名前="Urban Wheels" 増加数=1
time=01:09:58.662 level=INFO msg=これまでに地域内の評判によって19人、既存ユーザーの招待経由で22人が新規登録しました
time=01:09:58.662 level=INFO msg=これまでに低評価なライドによって8人が利用をやめました
time=01:09:58.662 level=INFO msg=0.0%のライドは椅子がマッチされるまでの時間、72.7%のライドはマッチされた椅子が乗車地点までに掛かる時間、51.1%のライドは椅子の実移動時間に不満がありました
time=01:09:58.725 level=INFO msg=一定の売上が立ったためオーナーの椅子が増加します 名前="Urban Wheels" 増加数=1
time=01:09:58.794 level=INFO msg=一定の売上が立ったためオーナーの椅子が増加します 名前=GoEase 増加数=1
time=01:10:00.569 level=INFO msg=一定の売上が立ったためオーナーの椅子が増加します 名前="CraftChair Co., Ltd." 増加数=1
time=01:10:02.339 level=INFO msg=一定の売上が立ったためオーナーの椅子が増加します 名前=GoEase 増加数=1
time=01:10:02.348 level=INFO msg=一定の売上が立ったためオーナーの椅子が増加します 名前="CraftChair Co., Ltd." 増加数=1
time=01:10:04.062 level=INFO msg=これまでに地域内の評判によって28人、既存ユーザーの招待経由で24人が新規登録しました
time=01:10:04.062 level=INFO msg=これまでに低評価なライドによって15人が利用をやめました
time=01:10:04.062 level=INFO msg=0.0%のライドは椅子がマッチされるまでの時間、75.8%のライドはマッチされた椅子が乗車地点までに掛かる時間、62.9%のライドは椅子の実移動時間に不満がありました
time=01:10:04.142 level=INFO msg=一定の売上が立ったためオーナーの椅子が増加します 名前=迅行タクシー 増加数=1
time=01:10:04.203 level=INFO msg=一定の売上が立ったためオーナーの椅子が増加します 名前=つばさ交通 増加数=1
time=01:10:04.206 level=INFO msg=一定の売上が立ったためオーナーの椅子が増加します 名前="Urban Wheels" 増加数=1
time=01:10:05.984 level=INFO msg=一定の売上が立ったためオーナーの椅子が増加します 名前="CraftChair Co., Ltd." 増加数=1
time=01:10:05.986 level=INFO msg=一定の売上が立ったためオーナーの椅子が増加します 名前=GoEase 増加数=1
time=01:10:09.462 level=INFO msg=これまでに地域内の評判によって37人、既存ユーザーの招待経由で25人が新規登録しました
time=01:10:09.462 level=INFO msg=これまでに低評価なライドによって20人が利用をやめました
time=01:10:09.462 level=INFO msg=1.3%のライドは椅子がマッチされるまでの時間、73.3%のライドはマッチされた椅子が乗車地点までに掛かる時間、68.7%のライドは椅子の実移動時間に不満がありました
time=01:10:09.575 level=INFO msg=一定の売上が立ったためオーナーの椅子が増加します 名前=迅行タクシー 増加数=1
time=01:10:09.590 level=INFO msg=一定の売上が立ったためオーナーの椅子が増加します 名前=つばさ交通 増加数=1
time=01:10:09.695 level=INFO msg=一定の売上が立ったためオーナーの椅子が増加します 名前=GoEase 増加数=1
time=01:10:11.412 level=INFO msg=一定の売上が立ったためオーナーの椅子が増加します 名前="CraftChair Co., Ltd." 増加数=1
time=01:10:13.204 level=INFO msg=一定の売上が立ったためオーナーの椅子が増加します 名前="Urban Wheels" 増加数=1
time=01:10:13.226 level=INFO msg=一定の売上が立ったためオーナーの椅子が増加します 名前=つばさ交通 増加数=1
time=01:10:13.322 level=INFO msg=一定の売上が立ったためオーナーの椅子が増加します 名前=迅行タクシー 増加数=1
time=01:10:14.863 level=INFO msg=これまでに地域内の評判によって46人、既存ユーザーの招待経由で25人が新規登録しました
time=01:10:14.863 level=INFO msg=これまでに低評価なライドによって28人が利用をやめました
time=01:10:14.863 level=INFO msg=5.4%のライドは椅子がマッチされるまでの時間、73.9%のライドはマッチされた椅子が乗車地点までに掛かる時間、73.9%のライドは椅子の実移動時間に不満がありました
time=01:10:15.019 level=INFO msg=一定の売上が立ったためオーナーの椅子が増加します 名前="Urban Wheels" 増加数=1
time=01:10:16.816 level=INFO msg=一定の売上が立ったためオーナーの椅子が増加します 名前=つばさ交通 増加数=1
time=01:10:16.872 level=INFO msg=一定の売上が立ったためオーナーの椅子が増加します 名前="CraftChair Co., Ltd." 増加数=2
time=01:10:18.631 level=INFO msg=一定の売上が立ったためオーナーの椅子が増加します 名前=迅行タクシー 増加数=1
time=01:10:18.719 level=INFO msg=一定の売上が立ったためオーナーの椅子が増加します 名前=GoEase 増加数=2
time=01:10:20.262 level=INFO msg=これまでに地域内の評判によって55人、既存ユーザーの招待経由で25人が新規登録しました
time=01:10:20.262 level=INFO msg=これまでに低評価なライドによって35人が利用をやめました
time=01:10:20.262 level=INFO msg=6.2%のライドは椅子がマッチされるまでの時間、69.6%のライドはマッチされた椅子が乗車地点までに掛かる時間、78.6%のライドは椅子の実移動時間に不満がありました
time=01:10:20.423 level=INFO msg=一定の売上が立ったためオーナーの椅子が増加します 名前=GoEase 増加数=1
time=01:10:20.571 level=INFO msg=一定の売上が立ったためオーナーの椅子が増加します 名前=つばさ交通 増加数=1
time=01:10:22.251 level=INFO msg=一定の売上が立ったためオーナーの椅子が増加します 名前="Urban Wheels" 増加数=1
time=01:10:22.289 level=INFO msg=一定の売上が立ったためオーナーの椅子が増加します 名前=迅行タクシー 増加数=1
time=01:10:24.075 level=INFO msg=一定の売上が立ったためオーナーの椅子が増加します 名前=つばさ交通 増加数=1
time=01:10:24.154 level=INFO msg=一定の売上が立ったためオーナーの椅子が増加します 名前=GoEase 増加数=1
time=01:10:25.662 level=INFO msg=これまでに地域内の評判によって66人、既存ユーザーの招待経由で25人が新規登録しました
time=01:10:25.662 level=INFO msg=これまでに低評価なライドによって39人が利用をやめました
time=01:10:25.662 level=INFO msg=5.1%のライドは椅子がマッチされるまでの時間、65.4%のライドはマッチされた椅子が乗車地点までに掛かる時間、82.4%のライドは椅子の実移動時間に不満がありました
time=01:10:25.951 level=INFO msg=一定の売上が立ったためオーナーの椅子が増加します 名前=迅行タクシー 増加数=1
time=01:10:25.953 level=INFO msg=一定の売上が立ったためオーナーの椅子が増加します 名前=つばさ交通 増加数=1
time=01:10:27.673 level=INFO msg=一定の売上が立ったためオーナーの椅子が増加します 名前=GoEase 増加数=1
time=01:10:27.698 level=INFO msg=一定の売上が立ったためオーナーの椅子が増加します 名前=迅行タクシー 増加数=1
time=01:10:27.847 level=INFO msg=一定の売上が立ったためオーナーの椅子が増加します 名前="CraftChair Co., Ltd." 増加数=2
time=01:10:29.395 level=INFO msg=一定の売上が立ったためオーナーの椅子が増加します 名前=迅行タクシー 増加数=1
time=01:10:29.410 level=INFO msg=一定の売上が立ったためオーナーの椅子が増加します 名前="Urban Wheels" 増加数=1
time=01:10:31.062 level=INFO msg=これまでに地域内の評判によって78人、既存ユーザーの招待経由で25人が新規登録しました
time=01:10:31.062 level=INFO msg=これまでに低評価なライドによって46人が利用をやめました
time=01:10:31.062 level=INFO msg=5.6%のライドは椅子がマッチされるまでの時間、64.4%のライドはマッチされた椅子が乗車地点までに掛かる時間、85.0%のライドは椅子の実移動時間に不満がありました
time=01:10:31.271 level=INFO msg=一定の売上が立ったためオーナーの椅子が増加します 名前="Urban Wheels" 増加数=1
time=01:10:31.310 level=INFO msg=一定の売上が立ったためオーナーの椅子が増加します 名前=GoEase 増加数=1
time=01:10:31.343 level=INFO msg=一定の売上が立ったためオーナーの椅子が増加します 名前=迅行タクシー 増加数=1
time=01:10:31.412 level=INFO msg=一定の売上が立ったためオーナーの椅子が増加します 名前=つばさ交通 増加数=1
time=01:10:33.085 level=INFO msg=一定の売上が立ったためオーナーの椅子が増加します 名前=GoEase 増加数=1
time=01:10:33.261 level=INFO msg=一定の売上が立ったためオーナーの椅子が増加します 名前=つばさ交通 増加数=1
time=01:10:34.901 level=INFO msg=一定の売上が立ったためオーナーの椅子が増加します 名前="CraftChair Co., Ltd." 増加数=1
time=01:10:34.950 level=INFO msg=一定の売上が立ったためオーナーの椅子が増加します 名前=GoEase 増加数=1
time=01:10:36.462 level=INFO msg=これまでに地域内の評判によって90人、既存ユーザーの招待経由で25人が新規登録しました
time=01:10:36.462 level=INFO msg=これまでに低評価なライドによって58人が利用をやめました
time=01:10:36.462 level=INFO msg=18.2%のライドは椅子がマッチされるまでの時間、60.4%のライドはマッチされた椅子が乗車地点までに掛かる時間、87.0%のライドは椅子の実移動時間に不満がありました
time=01:10:36.648 level=INFO msg=一定の売上が立ったためオーナーの椅子が増加します 名前="Urban Wheels" 増加数=1
time=01:10:36.690 level=INFO msg=一定の売上が立ったためオーナーの椅子が増加します 名前=迅行タクシー 増加数=1
time=01:10:36.713 level=INFO msg=一定の売上が立ったためオーナーの椅子が増加します 名前=つばさ交通 増加数=1
time=01:10:36.723 level=INFO msg=一定の売上が立ったためオーナーの椅子が増加します 名前=GoEase 増加数=1
time=01:10:38.557 level=INFO msg=一定の売上が立ったためオーナーの椅子が増加します 名前="CraftChair Co., Ltd." 増加数=2
time=01:10:38.743 level=INFO msg=一定の売上が立ったためオーナーの椅子が増加します 名前=迅行タクシー 増加数=1
time=01:10:40.324 level=INFO msg=一定の売上が立ったためオーナーの椅子が増加します 名前="CraftChair Co., Ltd." 増加数=1
time=01:10:40.353 level=INFO msg=一定の売上が立ったためオーナーの椅子が増加します 名前=GoEase 増加数=1
time=01:10:40.372 level=INFO msg=一定の売上が立ったためオーナーの椅子が増加します 名前=つばさ交通 増加数=2
time=01:10:40.410 level=INFO msg=一定の売上が立ったためオーナーの椅子が増加します 名前="Urban Wheels" 増加数=1
time=01:10:41.862 level=INFO msg=これまでに地域内の評判によって100人、既存ユーザーの招待経由で25人が新規登録しました
time=01:10:41.862 level=INFO msg=これまでに低評価なライドによって75人が利用をやめました
time=01:10:41.862 level=INFO msg=29.3%のライドは椅子がマッチされるまでの時間、56.3%のライドはマッチされた椅子が乗車地点までに掛かる時間、88.9%のライドは椅子の実移動時間に不満がありました
time=01:10:42.082 level=INFO msg=一定の売上が立ったためオーナーの椅子が増加します 名前="Urban Wheels" 増加数=1
time=01:10:42.271 level=INFO msg=一定の売上が立ったためオーナーの椅子が増加します 名前=迅行タクシー 増加数=1
time=01:10:43.935 level=INFO msg=一定の売上が立ったためオーナーの椅子が増加します 名前="CraftChair Co., Ltd." 増加数=1
time=01:10:43.976 level=INFO msg=一定の売上が立ったためオーナーの椅子が増加します 名前=迅行タクシー 増加数=1
time=01:10:43.987 level=INFO msg=一定の売上が立ったためオーナーの椅子が増加します 名前=GoEase 増加数=1
time=01:10:44.019 level=INFO msg=一定の売上が立ったためオーナーの椅子が増加します 名前=つばさ交通 増加数=1
time=01:10:45.757 level=INFO msg=一定の売上が立ったためオーナーの椅子が増加します 名前="CraftChair Co., Ltd." 増加数=1
time=01:10:45.873 level=INFO msg=一定の売上が立ったためオーナーの椅子が増加します 名前=GoEase 増加数=1
time=01:10:47.262 level=INFO msg=これまでに地域内の評判によって112人、既存ユーザーの招待経由で25人が新規登録しました
time=01:10:47.262 level=INFO msg=これまでに低評価なライドによって86人が利用をやめました
time=01:10:47.262 level=INFO msg=36.6%のライドは椅子がマッチされるまでの時間、53.3%のライドはマッチされた椅子が乗車地点までに掛かる時間、90.1%のライドは椅子の実移動時間に不満がありました
time=01:10:47.563 level=INFO msg=一定の売上が立ったためオーナーの椅子が増加します 名前=つばさ交通 増加数=1
time=01:10:47.626 level=INFO msg=一定の売上が立ったためオーナーの椅子が増加します 名前=GoEase 増加数=1
time=01:10:47.644 level=INFO msg=一定の売上が立ったためオーナーの椅子が増加します 名前="Urban Wheels" 増加数=1
time=01:10:52.863 level=INFO msg=最終地域情報 名前=チェアタウン ユーザー登録数=89 アクティブユーザー数=37
time=01:10:52.863 level=INFO msg=最終地域情報 名前=コシカケシティ ユーザー登録数=62 アクティブユーザー数=27
time=01:10:52.863 level=INFO msg=最終オーナー情報 名前="CraftChair Co., Ltd." 売上=299000 椅子数=20
time=01:10:52.863 level=INFO msg=最終オーナー情報 名前=つばさ交通 売上=344400 椅子数=22
time=01:10:52.863 level=INFO msg=最終オーナー情報 名前=迅行タクシー 売上=285100 椅子数=19
time=01:10:52.863 level=INFO msg=最終オーナー情報 名前="Urban Wheels" 売上=226300 椅子数=16
time=01:10:52.863 level=INFO msg=最終オーナー情報 名前=GoEase 売上=371400 椅子数=23
time=01:10:52.863 level=INFO msg=38.1%のライドは椅子がマッチされるまでの時間、52.5%のライドはマッチされた椅子が乗車地点までに掛かる時間、90.4%のライドは椅子の実移動時間に不満がありました
time=01:10:52.863 level=INFO msg=結果 pass=true スコア=18686 種別エラー数=map[17:1]
time=01:10:52.863 level=INFO msg=負荷走行が終了しました
