time=06:36:25.754 level=INFO msg=負荷走行を開始します
time=06:36:31.727 level=INFO msg=一定の売上が立ったためオーナーの椅子が増加します 名前=椅子やいちば 増加数=1
time=06:36:31.730 level=INFO msg=一定の売上が立ったためオーナーの椅子が増加します 名前=EcoChairs 増加数=1
time=06:36:31.730 level=INFO msg=一定の売上が立ったためオーナーの椅子が増加します 名前=晴れ道タクシー 増加数=1
time=06:36:31.731 level=INFO msg=一定の売上が立ったためオーナーの椅子が増加します 名前="PreLoved Chairs" 増加数=2
time=06:36:33.527 level=INFO msg=一定の売上が立ったためオーナーの椅子が増加します 名前=椅子やいちば 増加数=3
time=06:36:33.527 level=INFO msg=一定の売上が立ったためオーナーの椅子が増加します 名前=EcoChairs 増加数=1
time=06:36:33.527 level=INFO msg=一定の売上が立ったためオーナーの椅子が増加します 名前=おもてなしタクシー 増加数=1
time=06:36:33.533 level=INFO msg=一定の売上が立ったためオーナーの椅子が増加します 名前=晴れ道タクシー 増加数=2
time=06:36:33.533 level=INFO msg=一定の売上が立ったためオーナーの椅子が増加します 名前="PreLoved Chairs" 増加数=2
time=06:36:33.553 level=INFO msg=これまでに地域内の評判によって7人、既存ユーザーの招待経由で45人が新規登録しました
time=06:36:33.553 level=INFO msg=0.0%のライドは椅子がマッチされるまでの時間、65.2%のライドはマッチされた椅子が乗車地点までに掛かる時間、0.0%のライドは椅子の実移動時間に不満がありました
time=06:36:35.328 level=INFO msg=一定の売上が立ったためオーナーの椅子が増加します 名前=椅子やいちば 増加数=4
time=06:36:35.329 level=INFO msg=一定の売上が立ったためオーナーの椅子が増加します 名前="PreLoved Chairs" 増加数=5
time=06:36:35.329 level=INFO msg=一定の売上が立ったためオーナーの椅子が増加します 名前=晴れ道タクシー 増加数=4
time=06:36:35.332 level=INFO msg=一定の売上が立ったためオーナーの椅子が増加します 名前=EcoChairs 増加数=4
time=06:36:35.332 level=INFO msg=一定の売上が立ったためオーナーの椅子が増加します 名前=おもてなしタクシー 増加数=2
time=06:36:37.130 level=INFO msg=一定の売上が立ったためオーナーの椅子が増加します 名前=晴れ道タクシー 増加数=7
time=06:36:37.132 level=INFO msg=一定の売上が立ったためオーナーの椅子が増加します 名前=おもてなしタクシー 増加数=2
time=06:36:37.133 level=INFO msg=一定の売上が立ったためオーナーの椅子が増加します 名前=EcoChairs 増加数=4
time=06:36:37.133 level=INFO msg=一定の売上が立ったためオーナーの椅子が増加します 名前=椅子やいちば 増加数=7
time=06:36:37.136 level=INFO msg=一定の売上が立ったためオーナーの椅子が増加します 名前="PreLoved Chairs" 増加数=7
time=06:36:38.929 level=INFO msg=一定の売上が立ったためオーナーの椅子が増加します 名前="PreLoved Chairs" 増加数=9
time=06:36:38.931 level=INFO msg=一定の売上が立ったためオーナーの椅子が増加します 名前=晴れ道タクシー 増加数=9
time=06:36:38.935 level=INFO msg=一定の売上が立ったためオーナーの椅子が増加します 名前=椅子やいちば 増加数=10
time=06:36:38.935 level=INFO msg=一定の売上が立ったためオーナーの椅子が増加します 名前=おもてなしタクシー 増加数=4
time=06:36:38.935 level=INFO msg=一定の売上が立ったためオーナーの椅子が増加します 名前=EcoChairs 増加数=8
time=06:36:38.953 level=INFO msg=これまでに地域内の評判によって19人、既存ユーザーの招待経由で279人が新規登録しました
time=06:36:38.953 level=INFO msg=0.6%のライドは椅子がマッチされるまでの時間、23.1%のライドはマッチされた椅子が乗車地点までに掛かる時間、0.6%のライドは椅子の実移動時間に不満がありました
time=06:36:40.728 level=INFO msg=一定の売上が立ったためオーナーの椅子が増加します 名前=椅子やいちば 増加数=12
time=06:36:40.733 level=INFO msg=一定の売上が立ったためオーナーの椅子が増加します 名前=おもてなしタクシー 増加数=6
time=06:36:40.734 level=INFO msg=一定の売上が立ったためオーナーの椅子が増加します 名前=EcoChairs 増加数=10
time=06:36:40.740 level=INFO msg=一定の売上が立ったためオーナーの椅子が増加します 名前=晴れ道タクシー 増加数=12
time=06:36:40.742 level=INFO msg=一定の売上が立ったためオーナーの椅子が増加します 名前="PreLoved Chairs" 増加数=11
time=06:36:42.540 level=INFO msg=一定の売上が立ったためオーナーの椅子が増加します 名前=EcoChairs 増加数=13
time=06:36:44.383 level=INFO msg=一定の売上が立ったためオーナーの椅子が増加します 名前=EcoChairs 増加数=12
time=06:36:44.383 level=INFO msg=一定の売上が立ったためオーナーの椅子が増加します 名前=おもてなしタクシー 増加数=16
time=06:36:44.384 level=INFO msg=一定の売上が立ったためオーナーの椅子が増加します 名前=椅子やいちば 増加数=26
time=06:36:44.384 level=INFO msg=一定の売上が立ったためオーナーの椅子が増加します 名前="PreLoved Chairs" 増加数=25
time=06:36:44.385 level=INFO msg=一定の売上が立ったためオーナーの椅子が増加します 名前=晴れ道タクシー 増加数=24
time=06:36:44.386 level=INFO msg=これまでに地域内の評判によって34人、既存ユーザーの招待経由で1040人が新規登録しました
time=06:36:44.386 level=INFO msg=1.7%のライドは椅子がマッチされるまでの時間、7.6%のライドはマッチされた椅子が乗車地点までに掛かる時間、0.9%のライドは椅子の実移動時間に不満がありました
time=06:36:46.202 level=INFO msg=一定の売上が立ったためオーナーの椅子が増加します 名前="PreLoved Chairs" 増加数=13
time=06:36:46.203 level=INFO msg=一定の売上が立ったためオーナーの椅子が増加します 名前=晴れ道タクシー 増加数=14
time=06:36:46.207 level=INFO msg=一定の売上が立ったためオーナーの椅子が増加します 名前=椅子やいちば 増加数=13
time=06:36:46.208 level=INFO msg=一定の売上が立ったためオーナーの椅子が増加します 名前=おもてなしタクシー 増加数=9
time=06:36:46.208 level=INFO msg=一定の売上が立ったためオーナーの椅子が増加します 名前=EcoChairs 増加数=14
time=06:36:47.975 level=INFO msg=一定の売上が立ったためオーナーの椅子が増加します 名前=椅子やいちば 増加数=17
time=06:36:48.004 level=INFO msg=一定の売上が立ったためオーナーの椅子が増加します 名前="PreLoved Chairs" 増加数=17
time=06:36:48.004 level=INFO msg=一定の売上が立ったためオーナーの椅子が増加します 名前=晴れ道タクシー 増加数=16
time=06:36:48.005 level=INFO msg=一定の売上が立ったためオーナーの椅子が増加します 名前=EcoChairs 増加数=15
time=06:36:48.005 level=INFO msg=一定の売上が立ったためオーナーの椅子が増加します 名前=おもてなしタクシー 増加数=10
time=06:36:49.786 level=INFO msg=これまでに地域内の評判によって52人、既存ユーザーの招待経由で1901人が新規登録しました
time=06:36:49.786 level=INFO msg=これまでに低評価なライドによって3人が利用をやめました
time=06:36:49.786 level=INFO msg=22.9%のライドは椅子がマッチされるまでの時間、4.4%のライドはマッチされた椅子が乗車地点までに掛かる時間、12.9%のライドは椅子の実移動時間に不満がありました
time=06:36:49.831 level=INFO msg=一定の売上が立ったためオーナーの椅子が増加します 名前="PreLoved Chairs" 増加数=16
time=06:36:49.838 level=INFO msg=一定の売上が立ったためオーナーの椅子が増加します 名前=晴れ道タクシー 増加数=17
time=06:36:49.840 level=INFO msg=一定の売上が立ったためオーナーの椅子が増加します 名前=椅子やいちば 増加数=18
time=06:36:49.841 level=INFO msg=一定の売上が立ったためオーナーの椅子が増加します 名前=おもてなしタクシー 増加数=9
time=06:36:49.842 level=INFO msg=一定の売上が立ったためオーナーの椅子が増加します 名前=EcoChairs 増加数=14
time=06:36:51.747 level=INFO msg=一定の売上が立ったためオーナーの椅子が増加します 名前=EcoChairs 増加数=19
time=06:36:51.751 level=INFO msg=一定の売上が立ったためオーナーの椅子が増加します 名前=おもてなしタクシー 増加数=12
time=06:36:51.751 level=INFO msg=一定の売上が立ったためオーナーの椅子が増加します 名前=椅子やいちば 増加数=21
time=06:36:51.752 level=INFO msg=一定の売上が立ったためオーナーの椅子が増加します 名前="PreLoved Chairs" 増加数=20
time=06:36:51.754 level=INFO msg=一定の売上が立ったためオーナーの椅子が増加します 名前=晴れ道タクシー 増加数=18
time=06:36:53.977 level=INFO msg=一定の売上が立ったためオーナーの椅子が増加します 名前=EcoChairs 増加数=20
time=06:36:53.979 level=INFO msg=一定の売上が立ったためオーナーの椅子が増加します 名前="PreLoved Chairs" 増加数=22
time=06:36:53.981 level=INFO msg=一定の売上が立ったためオーナーの椅子が増加します 名前=晴れ道タクシー 増加数=22
time=06:36:53.989 level=INFO msg=一定の売上が立ったためオーナーの椅子が増加します 名前=椅子やいちば 増加数=22
time=06:36:53.989 level=INFO msg=一定の売上が立ったためオーナーの椅子が増加します 名前=おもてなしタクシー 増加数=12
time=06:36:55.750 level=INFO msg=一定の売上が立ったためオーナーの椅子が増加します 名前=晴れ道タクシー 増加数=24
time=06:36:55.753 level=INFO msg=これまでに地域内の評判によって70人、既存ユーザーの招待経由で2578人が新規登録しました
time=06:36:55.753 level=INFO msg=これまでに低評価なライドによって23人が利用をやめました
time=06:36:55.753 level=INFO msg=45.0%のライドは椅子がマッチされるまでの時間、3.5%のライドはマッチされた椅子が乗車地点までに掛かる時間、24.5%のライドは椅子の実移動時間に不満がありました
time=06:36:55.768 level=INFO msg=一定の売上が立ったためオーナーの椅子が増加します 名前="PreLoved Chairs" 増加数=24
time=06:36:55.771 level=INFO msg=一定の売上が立ったためオーナーの椅子が増加します 名前=おもてなしタクシー 増加数=13
time=06:36:55.771 level=INFO msg=一定の売上が立ったためオーナーの椅子が増加します 名前=椅子やいちば 増加数=26
time=06:36:55.772 level=INFO msg=一定の売上が立ったためオーナーの椅子が増加します 名前=EcoChairs 増加数=23
time=06:36:57.747 level=INFO msg=一定の売上が立ったためオーナーの椅子が増加します 名前=おもてなしタクシー 増加数=15
time=06:36:59.804 level=INFO msg=一定の売上が立ったためオーナーの椅子が増加します 名前=おもてなしタクシー 増加数=16
time=06:36:59.804 level=INFO msg=一定の売上が立ったためオーナーの椅子が増加します 名前=EcoChairs 増加数=51
time=06:36:59.811 level=INFO msg=一定の売上が立ったためオーナーの椅子が増加します 名前=椅子やいちば 増加数=56
time=06:36:59.822 level=INFO msg=一定の売上が立ったためオーナーの椅子が増加します 名前="PreLoved Chairs" 増加数=52
time=06:36:59.822 level=INFO msg=一定の売上が立ったためオーナーの椅子が増加します 名前=晴れ道タクシー 増加数=53
time=06:37:01.116 level=WARN msg="取得した付近の椅子情報に不備があります (CODE=30): ID:01M32YCZCJQJT98E41CNFBPGH6の椅子は既にライド中です"
time=06:37:01.117 level=WARN msg="取得した付近の椅子情報に不備があります (CODE=30): ID:01M32YCZCJQJT98E41CNFBPGH6の椅子は既にライド中です"
time=06:37:01.119 level=WARN msg="取得した付近の椅子情報に不備があります (CODE=30): ID:01M32YCZCJQJT98E41CNFBPGH6の椅子は既にライド中です"
time=06:37:01.121 level=WARN msg="取得した付近の椅子情報に不備があります (CODE=30): ID:01M32YCZCJQJT98E41CNFBPGH6の椅子は既にライド中です"
time=06:37:01.604 level=INFO msg=これまでに地域内の評判によって88人、既存ユーザーの招待経由で2931人が新規登録しました
time=06:37:01.604 level=INFO msg=これまでに低評価なライドによって57人が利用をやめました
time=06:37:01.604 level=INFO msg=61.0%のライドは椅子がマッチされるまでの時間、3.1%のライドはマッチされた椅子が乗車地点までに掛かる時間、31.3%のライドは椅子の実移動時間に不満がありました
time=06:37:01.624 level=INFO msg=一定の売上が立ったためオーナーの椅子が増加します 名前=おもてなしタクシー 増加数=15
time=06:37:03.801 level=INFO msg=一定の売上が立ったためオーナーの椅子が増加します 名前=おもてなしタクシー 増加数=17
time=06:37:07.365 level=INFO msg=これまでに地域内の評判によって106人、既存ユーザーの招待経由で3176人が新規登録しました
time=06:37:07.365 level=INFO msg=これまでに低評価なライドによって98人が利用をやめました
time=06:37:07.365 level=INFO msg=70.2%のライドは椅子がマッチされるまでの時間、2.7%のライドはマッチされた椅子が乗車地点までに掛かる時間、36.5%のライドは椅子の実移動時間に不満がありました
time=06:37:07.479 level=INFO msg=一定の売上が立ったためオーナーの椅子が増加します 名前=椅子やいちば 増加数=115
time=06:37:07.482 level=INFO msg=一定の売上が立ったためオーナーの椅子が増加します 名前=おもてなしタクシー 増加数=37
time=06:37:07.488 level=INFO msg=一定の売上が立ったためオーナーの椅子が増加します 名前=EcoChairs 増加数=105
time=06:37:07.494 level=INFO msg=一定の売上が立ったためオーナーの椅子が増加します 名前="PreLoved Chairs" 増加数=106
time=06:37:07.497 level=INFO msg=一定の売上が立ったためオーナーの椅子が増加します 名前=晴れ道タクシー 増加数=107
time=06:37:13.605 level=INFO msg=これまでに地域内の評判によって124人、既存ユーザーの招待経由で3358人が新規登録しました
time=06:37:13.605 level=INFO msg=これまでに低評価なライドによって113人が利用をやめました
time=06:37:13.605 level=INFO msg=75.4%のライドは椅子がマッチされるまでの時間、2.5%のライドはマッチされた椅子が乗車地点までに掛かる時間、39.3%のライドは椅子の実移動時間に不満がありました
time=06:37:15.509 level=INFO msg=一定の売上が立ったためオーナーの椅子が増加します 名前=おもてなしタクシー 増加数=76
time=06:37:19.694 level=INFO msg=これまでに地域内の評判によって142人、既存ユーザーの招待経由で3486人が新規登録しました
time=06:37:19.694 level=INFO msg=これまでに低評価なライドによって138人が利用をやめました
time=06:37:19.694 level=INFO msg=79.2%のライドは椅子がマッチされるまでの時間、2.4%のライドはマッチされた椅子が乗車地点までに掛かる時間、42.5%のライドは椅子の実移動時間に不満がありました
time=06:37:21.188 level=WARN msg="取得した付近の椅子情報に不備があります (CODE=30): ID:01M32YDPDD0G168HBA87BMFHXZの椅子は既にライド中です"
time=06:37:21.190 level=WARN msg="取得した付近の椅子情報に不備があります (CODE=30): ID:01M32YDAA14AD1ZWP0EWHX75NVの椅子は既にライド中です"
time=06:37:21.191 level=WARN msg="取得した付近の椅子情報に不備があります (CODE=30): ID:01M32YDAA14AD1ZWP0EWHX75NVの椅子は既にライド中です"
time=06:37:21.191 level=WARN msg="取得した付近の椅子情報に不備があります (CODE=30): ID:01M32YDPDD0G168HBA87BMFHXZの椅子は既にライド中です"
time=06:37:21.211 level=WARN msg="取得した付近の椅子情報に不備があります (CODE=30): ID:01M32YDAA14AD1ZWP0EWHX75NVの椅子は既にライド中です"
time=06:37:25.353 level=WARN msg="取得した付近の椅子情報に不備があります (CODE=30): ID:01M32YD3JK7YY5QR33KSWHG783の椅子は既にライド中です"
time=06:37:25.354 level=WARN msg="取得した付近の椅子情報に不備があります (CODE=30): ID:01M32YD3JK7YY5QR33KSWHG783の椅子は既にライド中です"
time=06:37:25.355 level=WARN msg="取得した付近の椅子情報に不備があります (CODE=30): ID:01M32YD3JK7YY5QR33KSWHG783の椅子は既にライド中です"
time=06:37:25.356 level=WARN msg="取得した付近の椅子情報に不備があります (CODE=30): ID:01M32YD3JK7YY5QR33KSWHG783の椅子は既にライド中です"
time=06:37:25.358 level=WARN msg="取得した付近の椅子情報に不備があります (CODE=30): ID:01M32YD3JK7YY5QR33KSWHG783の椅子は既にライド中です"
time=06:37:25.363 level=WARN msg="取得した付近の椅子情報に不備があります (CODE=30): ID:01M32YD3JK7YY5QR33KSWHG783の椅子は既にライド中です"
time=06:37:25.364 level=WARN msg="取得した付近の椅子情報に不備があります (CODE=30): ID:01M32YD3JK7YY5QR33KSWHG783の椅子は既にライド中です"
time=06:37:25.365 level=WARN msg="取得した付近の椅子情報に不備があります (CODE=30): ID:01M32YD3JK7YY5QR33KSWHG783の椅子は既にライド中です"
time=06:37:25.365 level=WARN msg="取得した付近の椅子情報に不備があります (CODE=30): ID:01M32YD3JK7YY5QR33KSWHG783の椅子は既にライド中です"
time=06:37:25.396 level=WARN msg="取得した付近の椅子情報に不備があります (CODE=30): ID:01M32YD3JK7YY5QR33KSWHG783の椅子は既にライド中です"
time=06:37:26.024 level=INFO msg=これまでに地域内の評判によって160人、既存ユーザーの招待経由で3600人が新規登録しました
time=06:37:26.024 level=INFO msg=これまでに低評価なライドによって173人が利用をやめました
time=06:37:26.024 level=INFO msg=82.0%のライドは椅子がマッチされるまでの時間、2.3%のライドはマッチされた椅子が乗車地点までに掛かる時間、44.7%のライドは椅子の実移動時間に不満がありました
time=06:37:27.190 level=WARN msg="取得した付近の椅子情報に不備があります (CODE=30): ID:01M32YD3WP9BRWB7732HSV9WT3の椅子は既にライド中です"
time=06:37:27.277 level=WARN msg="取得した付近の椅子情報に不備があります (CODE=30): ID:01M32YD3WP9BRWB7732HSV9WT3の椅子は既にライド中です"
time=06:37:27.279 level=WARN msg="取得した付近の椅子情報に不備があります (CODE=30): ID:01M32YD3WP9BRWB7732HSV9WT3の椅子は既にライド中です"
time=06:37:27.282 level=WARN msg="取得した付近の椅子情報に不備があります (CODE=30): ID:01M32YD3WP9BRWB7732HSV9WT3の椅子は既にライド中です"
time=06:37:27.286 level=WARN msg="取得した付近の椅子情報に不備があります (CODE=30): ID:01M32YD3WP9BRWB7732HSV9WT3の椅子は既にライド中です"
time=06:37:33.155 level=INFO msg=最終地域情報 名前=チェアタウン ユーザー登録数=2442 アクティブユーザー数=2351
time=06:37:33.155 level=INFO msg=最終地域情報 名前=コシカケシティ ユーザー登録数=1434 アクティブユーザー数=1349
time=06:37:33.155 level=INFO msg=最終オーナー情報 名前=EcoChairs 売上=23220000 椅子数=318
time=06:37:33.155 level=INFO msg=最終オーナー情報 名前=おもてなしタクシー 売上=15760300 椅子数=276
time=06:37:33.155 level=INFO msg=最終オーナー情報 名前=椅子やいちば 売上=26081400 椅子数=355
time=06:37:33.155 level=INFO msg=最終オーナー情報 名前=晴れ道タクシー 売上=24489400 椅子数=334
time=06:37:33.155 level=INFO msg=最終オーナー情報 名前="PreLoved Chairs" 売上=24068900 椅子数=335
time=06:37:33.155 level=INFO msg=82.6%のライドは椅子がマッチされるまでの時間、2.3%のライドはマッチされた椅子が乗車地点までに掛かる時間、45.4%のライドは椅子の実移動時間に不満がありました
time=06:37:33.156 level=INFO msg=結果 pass=true スコア=1192594 種別エラー数=map[30:24]
time=06:37:33.156 level=INFO msg=負荷走行が終了しました
