time=03:20:57.128 level=INFO msg=負荷走行を開始します
time=03:21:03.083 level=INFO msg=一定の売上が立ったためオーナーの椅子が増加します 名前="Artisan Seats" 増加数=3
time=03:21:03.084 level=INFO msg=一定の売上が立ったためオーナーの椅子が増加します 名前=瞬道タクシー 増加数=1
time=03:21:03.088 level=INFO msg=一定の売上が立ったためオーナーの椅子が増加します 名前=EcoChairs 増加数=1
time=03:21:04.884 level=INFO msg=一定の売上が立ったためオーナーの椅子が増加します 名前=迅行タクシー 増加数=2
time=03:21:04.886 level=INFO msg=一定の売上が立ったためオーナーの椅子が増加します 名前=おもてなしタクシー 増加数=2
time=03:21:04.886 level=INFO msg=一定の売上が立ったためオーナーの椅子が増加します 名前=EcoChairs 増加数=2
time=03:21:04.887 level=INFO msg=一定の売上が立ったためオーナーの椅子が増加します 名前="Artisan Seats" 増加数=2
time=03:21:04.891 level=INFO msg=一定の売上が立ったためオーナーの椅子が増加します 名前=瞬道タクシー 増加数=2
time=03:21:04.912 level=INFO msg=これまでに地域内の評判によって7人、既存ユーザーの招待経由で55人が新規登録しました
time=03:21:04.912 level=INFO msg=0.0%のライドは椅子がマッチされるまでの時間、53.6%のライドはマッチされた椅子が乗車地点までに掛かる時間、0.0%のライドは椅子の実移動時間に不満がありました
time=03:21:06.684 level=INFO msg=一定の売上が立ったためオーナーの椅子が増加します 名前=迅行タクシー 増加数=4
time=03:21:06.686 level=INFO msg=一定の売上が立ったためオーナーの椅子が増加します 名前=EcoChairs 増加数=3
time=03:21:06.686 level=INFO msg=一定の売上が立ったためオーナーの椅子が増加します 名前=おもてなしタクシー 増加数=3
time=03:21:06.689 level=INFO msg=一定の売上が立ったためオーナーの椅子が増加します 名前=瞬道タクシー 増加数=4
time=03:21:06.690 level=INFO msg=一定の売上が立ったためオーナーの椅子が増加します 名前="Artisan Seats" 増加数=5
time=03:21:08.488 level=INFO msg=一定の売上が立ったためオーナーの椅子が増加します 名前="Artisan Seats" 増加数=5
time=03:21:08.488 level=INFO msg=一定の売上が立ったためオーナーの椅子が増加します 名前=おもてなしタクシー 増加数=4
time=03:21:08.488 level=INFO msg=一定の売上が立ったためオーナーの椅子が増加します 名前=EcoChairs 増加数=5
time=03:21:08.489 level=INFO msg=一定の売上が立ったためオーナーの椅子が増加します 名前=瞬道タクシー 増加数=5
time=03:21:08.492 level=INFO msg=一定の売上が立ったためオーナーの椅子が増加します 名前=迅行タクシー 増加数=4
time=03:21:10.284 level=INFO msg=一定の売上が立ったためオーナーの椅子が増加します 名前=EcoChairs 増加数=7
time=03:21:10.287 level=INFO msg=一定の売上が立ったためオーナーの椅子が増加します 名前=おもてなしタクシー 増加数=6
time=03:21:10.290 level=INFO msg=一定の売上が立ったためオーナーの椅子が増加します 名前=瞬道タクシー 増加数=7
time=03:21:10.290 level=INFO msg=一定の売上が立ったためオーナーの椅子が増加します 名前=迅行タクシー 増加数=7
time=03:21:10.290 level=INFO msg=一定の売上が立ったためオーナーの椅子が増加します 名前="Artisan Seats" 増加数=8
time=03:21:10.312 level=INFO msg=これまでに地域内の評判によって19人、既存ユーザーの招待経由で282人が新規登録しました
time=03:21:10.312 level=INFO msg=1.9%のライドは椅子がマッチされるまでの時間、17.3%のライドはマッチされた椅子が乗車地点までに掛かる時間、0.2%のライドは椅子の実移動時間に不満がありました
time=03:21:12.092 level=INFO msg=一定の売上が立ったためオーナーの椅子が増加します 名前=EcoChairs 増加数=9
time=03:21:12.092 level=INFO msg=一定の売上が立ったためオーナーの椅子が増加します 名前=おもてなしタクシー 増加数=8
time=03:21:12.092 level=INFO msg=一定の売上が立ったためオーナーの椅子が増加します 名前=瞬道タクシー 増加数=10
time=03:21:12.092 level=INFO msg=一定の売上が立ったためオーナーの椅子が増加します 名前="Artisan Seats" 増加数=10
time=03:21:12.093 level=INFO msg=一定の売上が立ったためオーナーの椅子が増加します 名前=迅行タクシー 増加数=8
time=03:21:13.919 level=INFO msg=一定の売上が立ったためオーナーの椅子が増加します 名前="Artisan Seats" 増加数=13
time=03:21:13.920 level=INFO msg=一定の売上が立ったためオーナーの椅子が増加します 名前=迅行タクシー 増加数=11
time=03:21:13.921 level=INFO msg=一定の売上が立ったためオーナーの椅子が増加します 名前=瞬道タクシー 増加数=11
time=03:21:13.921 level=INFO msg=一定の売上が立ったためオーナーの椅子が増加します 名前=おもてなしタクシー 増加数=11
time=03:21:13.923 level=INFO msg=一定の売上が立ったためオーナーの椅子が増加します 名前=EcoChairs 増加数=11
time=03:21:15.703 level=INFO msg=一定の売上が立ったためオーナーの椅子が増加します 名前=迅行タクシー 増加数=12
time=03:21:15.706 level=INFO msg=一定の売上が立ったためオーナーの椅子が増加します 名前=EcoChairs 増加数=11
time=03:21:15.706 level=INFO msg=一定の売上が立ったためオーナーの椅子が増加します 名前=瞬道タクシー 増加数=12
time=03:21:15.706 level=INFO msg=一定の売上が立ったためオーナーの椅子が増加します 名前="Artisan Seats" 増加数=12
time=03:21:15.708 level=INFO msg=一定の売上が立ったためオーナーの椅子が増加します 名前=おもてなしタクシー 増加数=11
time=03:21:15.712 level=INFO msg=これまでに地域内の評判によって34人、既存ユーザーの招待経由で977人が新規登録しました
time=03:21:15.712 level=INFO msg=6.0%のライドは椅子がマッチされるまでの時間、5.8%のライドはマッチされた椅子が乗車地点までに掛かる時間、0.3%のライドは椅子の実移動時間に不満がありました
time=03:21:17.493 level=INFO msg=一定の売上が立ったためオーナーの椅子が増加します 名前=瞬道タクシー 増加数=12
time=03:21:17.516 level=INFO msg=一定の売上が立ったためオーナーの椅子が増加します 名前=迅行タクシー 増加数=10
time=03:21:17.518 level=INFO msg=一定の売上が立ったためオーナーの椅子が増加します 名前="Artisan Seats" 増加数=13
time=03:21:17.524 level=INFO msg=一定の売上が立ったためオーナーの椅子が増加します 名前=おもてなしタクシー 増加数=10
time=03:21:17.538 level=INFO msg=一定の売上が立ったためオーナーの椅子が増加します 名前=EcoChairs 増加数=12
time=03:21:19.318 level=INFO msg=一定の売上が立ったためオーナーの椅子が増加します 名前="Artisan Seats" 増加数=13
time=03:21:19.345 level=INFO msg=一定の売上が立ったためオーナーの椅子が増加します 名前=瞬道タクシー 増加数=13
time=03:21:19.346 level=INFO msg=一定の売上が立ったためオーナーの椅子が増加します 名前=EcoChairs 増加数=10
time=03:21:19.349 level=INFO msg=一定の売上が立ったためオーナーの椅子が増加します 名前=おもてなしタクシー 増加数=10
time=03:21:19.351 level=INFO msg=一定の売上が立ったためオーナーの椅子が増加します 名前=迅行タクシー 増加数=11
time=03:21:21.158 level=INFO msg=一定の売上が立ったためオーナーの椅子が増加します 名前=おもてなしタクシー 増加数=12
time=03:21:21.172 level=INFO msg=これまでに地域内の評判によって52人、既存ユーザーの招待経由で1771人が新規登録しました
time=03:21:21.172 level=INFO msg=これまでに低評価なライドによって4人が利用をやめました
time=03:21:21.172 level=INFO msg=23.0%のライドは椅子がマッチされるまでの時間、3.3%のライドはマッチされた椅子が乗車地点までに掛かる時間、10.7%のライドは椅子の実移動時間に不満がありました
time=03:21:21.178 level=INFO msg=一定の売上が立ったためオーナーの椅子が増加します 名前=EcoChairs 増加数=13
time=03:21:21.208 level=INFO msg=一定の売上が立ったためオーナーの椅子が増加します 名前="Artisan Seats" 増加数=16
time=03:21:21.212 level=INFO msg=一定の売上が立ったためオーナーの椅子が増加します 名前=迅行タクシー 増加数=13
time=03:21:21.217 level=INFO msg=一定の売上が立ったためオーナーの椅子が増加します 名前=瞬道タクシー 増加数=15
time=03:21:23.087 level=INFO msg=一定の売上が立ったためオーナーの椅子が増加します 名前=おもてなしタクシー 増加数=14
time=03:21:23.092 level=INFO msg=一定の売上が立ったためオーナーの椅子が増加します 名前="Artisan Seats" 増加数=18
time=03:21:23.092 level=INFO msg=一定の売上が立ったためオーナーの椅子が増加します 名前=迅行タクシー 増加数=14
time=03:21:23.092 level=INFO msg=一定の売上が立ったためオーナーの椅子が増加します 名前=瞬道タクシー 増加数=15
time=03:21:23.102 level=INFO msg=一定の売上が立ったためオーナーの椅子が増加します 名前=EcoChairs 増加数=14
time=03:21:24.911 level=INFO msg=一定の売上が立ったためオーナーの椅子が増加します 名前=EcoChairs 増加数=14
time=03:21:24.913 level=INFO msg=一定の売上が立ったためオーナーの椅子が増加します 名前=おもてなしタクシー 増加数=14
time=03:21:24.941 level=INFO msg=一定の売上が立ったためオーナーの椅子が増加します 名前=瞬道タクシー 増加数=15
time=03:21:24.947 level=INFO msg=一定の売上が立ったためオーナーの椅子が増加します 名前=迅行タクシー 増加数=12
time=03:21:24.947 level=INFO msg=一定の売上が立ったためオーナーの椅子が増加します 名前="Artisan Seats" 増加数=16
time=03:21:26.714 level=INFO msg=一定の売上が立ったためオーナーの椅子が増加します 名前=おもてなしタクシー 増加数=15
time=03:21:26.722 level=INFO msg=これまでに地域内の評判によって70人、既存ユーザーの招待経由で2346人が新規登録しました
time=03:21:26.722 level=INFO msg=これまでに低評価なライドによって11人が利用をやめました
time=03:21:26.722 level=INFO msg=48.6%のライドは椅子がマッチされるまでの時間、2.6%のライドはマッチされた椅子が乗車地点までに掛かる時間、20.0%のライドは椅子の実移動時間に不満がありました
time=03:21:26.733 level=INFO msg=一定の売上が立ったためオーナーの椅子が増加します 名前=EcoChairs 増加数=16
time=03:21:26.750 level=INFO msg=一定の売上が立ったためオーナーの椅子が増加します 名前=迅行タクシー 増加数=16
time=03:21:26.751 level=INFO msg=一定の売上が立ったためオーナーの椅子が増加します 名前="Artisan Seats" 増加数=18
time=03:21:26.751 level=INFO msg=一定の売上が立ったためオーナーの椅子が増加します 名前=瞬道タクシー 増加数=18
time=03:21:28.547 level=INFO msg=一定の売上が立ったためオーナーの椅子が増加します 名前=EcoChairs 増加数=16
time=03:21:28.551 level=INFO msg=一定の売上が立ったためオーナーの椅子が増加します 名前=おもてなしタクシー 増加数=14
time=03:21:28.562 level=INFO msg=一定の売上が立ったためオーナーの椅子が増加します 名前=瞬道タクシー 増加数=18
time=03:21:28.562 level=INFO msg=一定の売上が立ったためオーナーの椅子が増加します 名前=迅行タクシー 増加数=17
time=03:21:30.367 level=INFO msg=一定の売上が立ったためオーナーの椅子が増加します 名前=おもてなしタクシー 増加数=15
time=03:21:30.423 level=INFO msg=一定の売上が立ったためオーナーの椅子が増加します 名前="Artisan Seats" 増加数=40
time=03:21:32.122 level=INFO msg=これまでに地域内の評判によって88人、既存ユーザーの招待経由で2683人が新規登録しました
time=03:21:32.122 level=INFO msg=これまでに低評価なライドによって29人が利用をやめました
time=03:21:32.122 level=INFO msg=64.2%のライドは椅子がマッチされるまでの時間、2.4%のライドはマッチされた椅子が乗車地点までに掛かる時間、26.9%のライドは椅子の実移動時間に不満がありました
time=03:21:32.163 level=INFO msg=一定の売上が立ったためオーナーの椅子が増加します 名前=瞬道タクシー 増加数=37
time=03:21:32.164 level=INFO msg=一定の売上が立ったためオーナーの椅子が増加します 名前=EcoChairs 増加数=35
time=03:21:32.164 level=INFO msg=一定の売上が立ったためオーナーの椅子が増加します 名前=迅行タクシー 増加数=35
time=03:21:33.945 level=INFO msg=一定の売上が立ったためオーナーの椅子が増加します 名前=おもてなしタクシー 増加数=36
time=03:21:35.775 level=INFO msg=一定の売上が立ったためオーナーの椅子が増加します 名前="Artisan Seats" 増加数=66
time=03:21:37.523 level=INFO msg=これまでに地域内の評判によって106人、既存ユーザーの招待経由で2889人が新規登録しました
time=03:21:37.523 level=INFO msg=これまでに低評価なライドによって55人が利用をやめました
time=03:21:37.523 level=INFO msg=73.0%のライドは椅子がマッチされるまでの時間、2.3%のライドはマッチされた椅子が乗車地点までに掛かる時間、31.4%のライドは椅子の実移動時間に不満がありました
time=03:21:37.587 level=INFO msg=一定の売上が立ったためオーナーの椅子が増加します 名前=迅行タクシー 増加数=52
time=03:21:37.590 level=INFO msg=一定の売上が立ったためオーナーの椅子が増加します 名前=瞬道タクシー 増加数=58
time=03:21:37.593 level=INFO msg=一定の売上が立ったためオーナーの椅子が増加します 名前=EcoChairs 増加数=54
time=03:21:41.163 level=INFO msg=一定の売上が立ったためオーナーの椅子が増加します 名前=おもてなしタクシー 増加数=71
time=03:21:42.922 level=INFO msg=これまでに地域内の評判によって124人、既存ユーザーの招待経由で3042人が新規登録しました
time=03:21:42.922 level=INFO msg=これまでに低評価なライドによって81人が利用をやめました
time=03:21:42.922 level=INFO msg=78.4%のライドは椅子がマッチされるまでの時間、2.2%のライドはマッチされた椅子が乗車地点までに掛かる時間、34.9%のライドは椅子の実移動時間に不満がありました
time=03:21:47.008 level=WARN msg="取得した付近の椅子情報に不備があります (CODE=30): ID:01M32K74GXHFNNWNG2HK49VCTWの椅子は既にライド中です"
time=03:21:47.008 level=WARN msg="取得した付近の椅子情報に不備があります (CODE=30): ID:01M32K7MS0Y5NBNQF558JS5ZRZの椅子は既にライド中です"
time=03:21:47.013 level=WARN msg="取得した付近の椅子情報に不備があります (CODE=30): ID:01M32K74GXHFNNWNG2HK49VCTWの椅子は既にライド中です"
time=03:21:47.014 level=WARN msg="取得した付近の椅子情報に不備があります (CODE=30): ID:01M32K7MS0Y5NBNQF558JS5ZRZの椅子は既にライド中です"
time=03:21:47.015 level=WARN msg="取得した付近の椅子情報に不備があります (CODE=30): ID:01M32K7MS0Y5NBNQF558JS5ZRZの椅子は既にライド中です"
time=03:21:47.019 level=WARN msg="取得した付近の椅子情報に不備があります (CODE=30): ID:01M32K7MS0Y5NBNQF558JS5ZRZの椅子は既にライド中です"
time=03:21:47.130 level=WARN msg="取得した付近の椅子情報に不備があります (CODE=30): ID:01M32K6MSYDXM3X9FXYT0019GRの椅子は既にライド中です"
time=03:21:48.802 level=INFO msg=これまでに地域内の評判によって142人、既存ユーザーの招待経由で3188人が新規登録しました
time=03:21:48.802 level=INFO msg=これまでに低評価なライドによって114人が利用をやめました
time=03:21:48.802 level=INFO msg=82.3%のライドは椅子がマッチされるまでの時間、2.2%のライドはマッチされた椅子が乗車地点までに掛かる時間、38.0%のライドは椅子の実移動時間に不満がありました
time=03:21:48.884 level=INFO msg=一定の売上が立ったためオーナーの椅子が増加します 名前=EcoChairs 増加数=118
time=03:21:48.901 level=INFO msg=一定の売上が立ったためオーナーの椅子が増加します 名前=迅行タクシー 増加数=114
time=03:21:48.901 level=INFO msg=一定の売上が立ったためオーナーの椅子が増加します 名前="Artisan Seats" 増加数=157
time=03:21:48.972 level=INFO msg=一定の売上が立ったためオーナーの椅子が増加します 名前=瞬道タクシー 増加数=126
time=03:21:51.022 level=WARN msg="取得した付近の椅子情報に不備があります (CODE=30): ID:01M32K70J7TX0T0H4EVMPZETECの椅子は既にライド中です"
time=03:21:51.034 level=WARN msg="取得した付近の椅子情報に不備があります (CODE=30): ID:01M32K70J7TX0T0H4EVMPZETECの椅子は既にライド中です"
time=03:21:51.588 level=WARN msg="取得した付近の椅子情報に不備があります (CODE=30): ID:01M32K7HYZ16Y68HPS3VCVA2V3の椅子は既にライド中です"
time=03:21:53.481 level=WARN msg="取得した付近の椅子情報に不備があります (CODE=30): ID:01M32K7CYH21J4ZEFVGPQ754AEの椅子は既にライド中です"
time=03:21:53.483 level=WARN msg="取得した付近の椅子情報に不備があります (CODE=30): ID:01M32K6VXEJEM15629JQBYHWJFの椅子は既にライド中です"
time=03:21:53.486 level=WARN msg="取得した付近の椅子情報に不備があります (CODE=30): ID:01M32K7896E7AZVJB3QDMZS7J5の椅子は既にライド中です"
time=03:21:53.488 level=WARN msg="取得した付近の椅子情報に不備があります (CODE=30): ID:01M32K7CYH21J4ZEFVGPQ754AEの椅子は既にライド中です"
time=03:21:53.495 level=WARN msg="取得した付近の椅子情報に不備があります (CODE=30): ID:01M32K7896E7AZVJB3QDMZS7J5の椅子は既にライド中です"
time=03:21:53.496 level=WARN msg="取得した付近の椅子情報に不備があります (CODE=30): ID:01M32K7896E7AZVJB3QDMZS7J5の椅子は既にライド中です"
time=03:21:53.499 level=WARN msg="取得した付近の椅子情報に不備があります (CODE=30): ID:01M32K7896E7AZVJB3QDMZS7J5の椅子は既にライド中です"
time=03:21:53.506 level=WARN msg="取得した付近の椅子情報に不備があります (CODE=30): ID:01M32K7896E7AZVJB3QDMZS7J5の椅子は既にライド中です"
time=03:21:53.508 level=WARN msg="取得した付近の椅子情報に不備があります (CODE=30): ID:01M32K7896E7AZVJB3QDMZS7J5の椅子は既にライド中です"
time=03:21:53.515 level=WARN msg="取得した付近の椅子情報に不備があります (CODE=30): ID:01M32K7896E7AZVJB3QDMZS7J5の椅子は既にライド中です"
time=03:21:55.102 level=INFO msg=これまでに地域内の評判によって160人、既存ユーザーの招待経由で3351人が新規登録しました
time=03:21:55.102 level=INFO msg=これまでに低評価なライドによって149人が利用をやめました
time=03:21:55.102 level=INFO msg=85.2%のライドは椅子がマッチされるまでの時間、2.2%のライドはマッチされた椅子が乗車地点までに掛かる時間、40.5%のライドは椅子の実移動時間に不満がありました
time=03:21:55.402 level=INFO msg=一定の売上が立ったためオーナーの椅子が増加します 名前=おもてなしタクシー 増加数=142
time=03:21:56.116 level=WARN msg="取得した付近の椅子情報に不備があります (CODE=30): ID:01M32K7AJRPQAQYF1941VC0EQCの椅子は既にライド中です"
time=03:21:56.905 level=WARN msg="取得した付近の椅子情報に不備があります (CODE=30): ID:01M32K6Y065S2R1AS17PTAZ8ZAの椅子は既にライド中です"
time=03:21:56.908 level=WARN msg="取得した付近の椅子情報に不備があります (CODE=30): ID:01M32K7Y66E3P5361NPGX7J9YYの椅子は既にライド中です"
time=03:22:04.512 level=INFO msg=最終地域情報 名前=チェアタウン ユーザー登録数=2084 アクティブユーザー数=1989
time=03:22:04.512 level=INFO msg=最終地域情報 名前=コシカケシティ ユーザー登録数=1542 アクティブユーザー数=1457
time=03:22:04.512 level=INFO msg=最終オーナー情報 名前=瞬道タクシー 売上=19521900 椅子数=383
time=03:22:04.512 level=INFO msg=最終オーナー情報 名前="Artisan Seats" 売上=20880800 椅子数=419
time=03:22:04.512 level=INFO msg=最終オーナー情報 名前=迅行タクシー 売上=17472300 椅子数=346
time=03:22:04.512 level=INFO msg=最終オーナー情報 名前=おもてなしタクシー 売上=16953100 椅子数=402
time=03:22:04.512 level=INFO msg=最終オーナー情報 名前=EcoChairs 売上=18104800 椅子数=355
time=03:22:04.512 level=INFO msg=86.6%のライドは椅子がマッチされるまでの時間、2.1%のライドはマッチされた椅子が乗車地点までに掛かる時間、42.5%のライドは椅子の実移動時間に不満がありました
time=03:22:04.513 level=INFO msg=結果 pass=true スコア=978690 種別エラー数=map[30:23]
time=03:22:04.513 level=INFO msg=負荷走行が終了しました
