time=01:31:20.812 level=INFO msg=負荷走行を開始します
time=01:31:26.758 level=INFO msg=一定の売上が立ったためオーナーの椅子が増加します 名前=椅子やいちば 増加数=1
time=01:31:26.766 level=INFO msg=一定の売上が立ったためオーナーの椅子が増加します 名前=ふたたび椅子堂 増加数=1
time=01:31:28.563 level=INFO msg=一定の売上が立ったためオーナーの椅子が増加します 名前=快旅タクシー 増加数=1
time=01:31:28.564 level=INFO msg=一定の売上が立ったためオーナーの椅子が増加します 名前=ふたたび椅子堂 増加数=2
time=01:31:28.569 level=INFO msg=一定の売上が立ったためオーナーの椅子が増加します 名前="Orbit Taxi" 増加数=2
time=01:31:28.572 level=INFO msg=一定の売上が立ったためオーナーの椅子が増加します 名前=晴れ道タクシー 増加数=1
time=01:31:28.573 level=INFO msg=これまでに地域内の評判によって6人、既存ユーザーの招待経由で27人が新規登録しました
time=01:31:28.573 level=INFO msg=0.0%のライドは椅子がマッチされるまでの時間、71.4%のライドはマッチされた椅子が乗車地点までに掛かる時間、0.0%のライドは椅子の実移動時間に不満がありました
time=01:31:30.361 level=INFO msg=一定の売上が立ったためオーナーの椅子が増加します 名前=晴れ道タクシー 増加数=2
time=01:31:30.364 level=INFO msg=一定の売上が立ったためオーナーの椅子が増加します 名前=椅子やいちば 増加数=1
time=01:31:30.367 level=INFO msg=一定の売上が立ったためオーナーの椅子が増加します 名前=ふたたび椅子堂 増加数=1
time=01:31:32.169 level=INFO msg=一定の売上が立ったためオーナーの椅子が増加します 名前=椅子やいちば 増加数=1
time=01:31:32.177 level=INFO msg=一定の売上が立ったためオーナーの椅子が増加します 名前=快旅タクシー 増加数=1
time=01:31:32.177 level=INFO msg=一定の売上が立ったためオーナーの椅子が増加します 名前="Orbit Taxi" 増加数=1
time=01:31:32.184 level=INFO msg=一定の売上が立ったためオーナーの椅子が増加します 名前=晴れ道タクシー 増加数=1
time=01:31:32.187 level=INFO msg=一定の売上が立ったためオーナーの椅子が増加します 名前=ふたたび椅子堂 増加数=2
time=01:31:33.973 level=INFO msg=これまでに地域内の評判によって18人、既存ユーザーの招待経由で76人が新規登録しました
time=01:31:33.973 level=INFO msg=7.6%のライドは椅子がマッチされるまでの時間、67.1%のライドはマッチされた椅子が乗車地点までに掛かる時間、0.0%のライドは椅子の実移動時間に不満がありました
time=01:31:33.977 level=INFO msg=一定の売上が立ったためオーナーの椅子が増加します 名前=快旅タクシー 増加数=1
time=01:31:33.983 level=INFO msg=一定の売上が立ったためオーナーの椅子が増加します 名前=椅子やいちば 増加数=1
time=01:31:33.983 level=INFO msg=一定の売上が立ったためオーナーの椅子が増加します 名前="Orbit Taxi" 増加数=2
time=01:31:33.989 level=INFO msg=一定の売上が立ったためオーナーの椅子が増加します 名前=晴れ道タクシー 増加数=3
time=01:31:33.996 level=INFO msg=一定の売上が立ったためオーナーの椅子が増加します 名前=ふたたび椅子堂 増加数=1
time=01:31:35.792 level=INFO msg=一定の売上が立ったためオーナーの椅子が増加します 名前=椅子やいちば 増加数=1
time=01:31:35.810 level=INFO msg=一定の売上が立ったためオーナーの椅子が増加します 名前=快旅タクシー 増加数=1
time=01:31:35.832 level=INFO msg=一定の売上が立ったためオーナーの椅子が増加します 名前=ふたたび椅子堂 増加数=1
time=01:31:35.836 level=INFO msg=一定の売上が立ったためオーナーの椅子が増加します 名前=晴れ道タクシー 増加数=2
time=01:31:35.844 level=INFO msg=一定の売上が立ったためオーナーの椅子が増加します 名前="Orbit Taxi" 増加数=1
time=01:31:37.590 level=INFO msg=一定の売上が立ったためオーナーの椅子が増加します 名前=快旅タクシー 増加数=2
time=01:31:37.595 level=INFO msg=一定の売上が立ったためオーナーの椅子が増加します 名前="Orbit Taxi" 増加数=2
time=01:31:37.595 level=INFO msg=一定の売上が立ったためオーナーの椅子が増加します 名前=ふたたび椅子堂 増加数=2
time=01:31:37.596 level=INFO msg=一定の売上が立ったためオーナーの椅子が増加します 名前=椅子やいちば 増加数=1
time=01:31:37.601 level=INFO msg=一定の売上が立ったためオーナーの椅子が増加します 名前=晴れ道タクシー 増加数=1
time=01:31:39.373 level=INFO msg=これまでに地域内の評判によって30人、既存ユーザーの招待経由で97人が新規登録しました
time=01:31:39.373 level=INFO msg=これまでに低評価なライドによって11人が利用をやめました
time=01:31:39.373 level=INFO msg=40.7%のライドは椅子がマッチされるまでの時間、62.1%のライドはマッチされた椅子が乗車地点までに掛かる時間、14.1%のライドは椅子の実移動時間に不満がありました
time=01:31:39.411 level=INFO msg=一定の売上が立ったためオーナーの椅子が増加します 名前=椅子やいちば 増加数=1
time=01:31:39.411 level=INFO msg=一定の売上が立ったためオーナーの椅子が増加します 名前="Orbit Taxi" 増加数=1
time=01:31:39.421 level=INFO msg=一定の売上が立ったためオーナーの椅子が増加します 名前=快旅タクシー 増加数=1
time=01:31:39.436 level=INFO msg=一定の売上が立ったためオーナーの椅子が増加します 名前=晴れ道タクシー 増加数=3
time=01:31:39.437 level=INFO msg=一定の売上が立ったためオーナーの椅子が増加します 名前=ふたたび椅子堂 増加数=2
time=01:31:41.252 level=INFO msg=一定の売上が立ったためオーナーの椅子が増加します 名前=椅子やいちば 増加数=1
time=01:31:41.255 level=INFO msg=一定の売上が立ったためオーナーの椅子が増加します 名前="Orbit Taxi" 増加数=2
time=01:31:41.261 level=INFO msg=一定の売上が立ったためオーナーの椅子が増加します 名前=快旅タクシー 増加数=2
time=01:31:41.265 level=INFO msg=一定の売上が立ったためオーナーの椅子が増加します 名前=晴れ道タクシー 増加数=2
time=01:31:41.293 level=INFO msg=一定の売上が立ったためオーナーの椅子が増加します 名前=ふたたび椅子堂 増加数=2
time=01:31:43.040 level=INFO msg=一定の売上が立ったためオーナーの椅子が増加します 名前=快旅タクシー 増加数=3
time=01:31:43.048 level=INFO msg=一定の売上が立ったためオーナーの椅子が増加します 名前="Orbit Taxi" 増加数=1
time=01:31:43.066 level=INFO msg=一定の売上が立ったためオーナーの椅子が増加します 名前=ふたたび椅子堂 増加数=2
time=01:31:43.072 level=INFO msg=一定の売上が立ったためオーナーの椅子が増加します 名前=晴れ道タクシー 増加数=3
time=01:31:44.773 level=INFO msg=これまでに地域内の評判によって42人、既存ユーザーの招待経由で105人が新規登録しました
time=01:31:44.773 level=INFO msg=これまでに低評価なライドによって29人が利用をやめました
time=01:31:44.773 level=INFO msg=62.3%のライドは椅子がマッチされるまでの時間、58.9%のライドはマッチされた椅子が乗車地点までに掛かる時間、30.7%のライドは椅子の実移動時間に不満がありました
time=01:31:44.825 level=INFO msg=一定の売上が立ったためオーナーの椅子が増加します 名前=椅子やいちば 増加数=2
time=01:31:44.841 level=INFO msg=一定の売上が立ったためオーナーの椅子が増加します 名前="Orbit Taxi" 増加数=2
time=01:31:44.844 level=INFO msg=一定の売上が立ったためオーナーの椅子が増加します 名前=快旅タクシー 増加数=2
time=01:31:44.849 level=INFO msg=一定の売上が立ったためオーナーの椅子が増加します 名前=ふたたび椅子堂 増加数=3
time=01:31:44.888 level=INFO msg=一定の売上が立ったためオーナーの椅子が増加します 名前=晴れ道タクシー 増加数=2
time=01:31:46.666 level=INFO msg=一定の売上が立ったためオーナーの椅子が増加します 名前=椅子やいちば 増加数=1
time=01:31:46.715 level=INFO msg=一定の売上が立ったためオーナーの椅子が増加します 名前="Orbit Taxi" 増加数=3
time=01:31:46.728 level=INFO msg=一定の売上が立ったためオーナーの椅子が増加します 名前=快旅タクシー 増加数=1
time=01:31:46.735 level=INFO msg=一定の売上が立ったためオーナーの椅子が増加します 名前=晴れ道タクシー 増加数=3
time=01:31:46.766 level=INFO msg=一定の売上が立ったためオーナーの椅子が増加します 名前=ふたたび椅子堂 増加数=1
time=01:31:48.460 level=INFO msg=一定の売上が立ったためオーナーの椅子が増加します 名前=快旅タクシー 増加数=2
time=01:31:48.471 level=INFO msg=一定の売上が立ったためオーナーの椅子が増加します 名前=椅子やいちば 増加数=3
time=01:31:48.502 level=INFO msg=一定の売上が立ったためオーナーの椅子が増加します 名前="Orbit Taxi" 増加数=1
time=01:31:48.537 level=INFO msg=一定の売上が立ったためオーナーの椅子が増加します 名前=ふたたび椅子堂 増加数=4
time=01:31:48.544 level=INFO msg=一定の売上が立ったためオーナーの椅子が増加します 名前=晴れ道タクシー 増加数=1
time=01:31:50.174 level=INFO msg=これまでに地域内の評判によって54人、既存ユーザーの招待経由で139人が新規登録しました
time=01:31:50.174 level=INFO msg=これまでに低評価なライドによって50人が利用をやめました
time=01:31:50.174 level=INFO msg=59.5%のライドは椅子がマッチされるまでの時間、52.9%のライドはマッチされた椅子が乗車地点までに掛かる時間、42.1%のライドは椅子の実移動時間に不満がありました
time=01:31:50.302 level=INFO msg=一定の売上が立ったためオーナーの椅子が増加します 名前=椅子やいちば 増加数=1
time=01:31:50.325 level=INFO msg=一定の売上が立ったためオーナーの椅子が増加します 名前="Orbit Taxi" 増加数=2
time=01:31:50.375 level=INFO msg=一定の売上が立ったためオーナーの椅子が増加します 名前=晴れ道タクシー 増加数=3
time=01:31:50.380 level=INFO msg=一定の売上が立ったためオーナーの椅子が増加します 名前=快旅タクシー 増加数=2
time=01:31:50.425 level=INFO msg=一定の売上が立ったためオーナーの椅子が増加します 名前=ふたたび椅子堂 増加数=1
time=01:31:52.155 level=INFO msg=一定の売上が立ったためオーナーの椅子が増加します 名前=椅子やいちば 増加数=2
time=01:31:52.163 level=INFO msg=一定の売上が立ったためオーナーの椅子が増加します 名前="Orbit Taxi" 増加数=2
time=01:31:52.167 level=INFO msg=一定の売上が立ったためオーナーの椅子が増加します 名前=快旅タクシー 増加数=2
time=01:31:52.222 level=INFO msg=一定の売上が立ったためオーナーの椅子が増加します 名前=晴れ道タクシー 増加数=2
time=01:31:52.267 level=INFO msg=一定の売上が立ったためオーナーの椅子が増加します 名前=ふたたび椅子堂 増加数=2
time=01:31:53.958 level=INFO msg=一定の売上が立ったためオーナーの椅子が増加します 名前=椅子やいちば 増加数=2
time=01:31:53.987 level=INFO msg=一定の売上が立ったためオーナーの椅子が増加します 名前=快旅タクシー 増加数=2
time=01:31:53.991 level=INFO msg=一定の売上が立ったためオーナーの椅子が増加します 名前="Orbit Taxi" 増加数=2
time=01:31:54.044 level=INFO msg=一定の売上が立ったためオーナーの椅子が増加します 名前=晴れ道タクシー 増加数=3
time=01:31:54.065 level=INFO msg=一定の売上が立ったためオーナーの椅子が増加します 名前=ふたたび椅子堂 増加数=2
time=01:31:55.573 level=INFO msg=これまでに地域内の評判によって66人、既存ユーザーの招待経由で172人が新規登録しました
time=01:31:55.573 level=INFO msg=これまでに低評価なライドによって65人が利用をやめました
time=01:31:55.573 level=INFO msg=46.0%のライドは椅子がマッチされるまでの時間、49.9%のライドはマッチされた椅子が乗車地点までに掛かる時間、51.9%のライドは椅子の実移動時間に不満がありました
time=01:31:55.733 level=INFO msg=一定の売上が立ったためオーナーの椅子が増加します 名前=椅子やいちば 増加数=1
time=01:31:55.814 level=INFO msg=一定の売上が立ったためオーナーの椅子が増加します 名前=晴れ道タクシー 増加数=2
time=01:31:55.825 level=INFO msg=一定の売上が立ったためオーナーの椅子が増加します 名前=ふたたび椅子堂 増加数=3
time=01:31:55.832 level=INFO msg=一定の売上が立ったためオーナーの椅子が増加します 名前=快旅タクシー 増加数=1
time=01:31:57.541 level=INFO msg=一定の売上が立ったためオーナーの椅子が増加します 名前=椅子やいちば 増加数=1
time=01:31:57.604 level=INFO msg=一定の売上が立ったためオーナーの椅子が増加します 名前="Orbit Taxi" 増加数=2
time=01:31:57.649 level=INFO msg=一定の売上が立ったためオーナーの椅子が増加します 名前=快旅タクシー 増加数=2
time=01:31:57.668 level=INFO msg=一定の売上が立ったためオーナーの椅子が増加します 名前=晴れ道タクシー 増加数=1
time=01:31:57.668 level=INFO msg=一定の売上が立ったためオーナーの椅子が増加します 名前=ふたたび椅子堂 増加数=2
time=01:31:59.494 level=INFO msg=一定の売上が立ったためオーナーの椅子が増加します 名前=椅子やいちば 増加数=1
time=01:31:59.500 level=INFO msg=一定の売上が立ったためオーナーの椅子が増加します 名前="Orbit Taxi" 増加数=2
time=01:31:59.504 level=INFO msg=一定の売上が立ったためオーナーの椅子が増加します 名前=快旅タクシー 増加数=2
time=01:31:59.504 level=INFO msg=一定の売上が立ったためオーナーの椅子が増加します 名前=晴れ道タクシー 増加数=2
time=01:31:59.553 level=INFO msg=一定の売上が立ったためオーナーの椅子が増加します 名前=ふたたび椅子堂 増加数=1
time=01:32:00.973 level=INFO msg=これまでに地域内の評判によって78人、既存ユーザーの招待経由で182人が新規登録しました
time=01:32:00.973 level=INFO msg=これまでに低評価なライドによって83人が利用をやめました
time=01:32:00.973 level=INFO msg=46.2%のライドは椅子がマッチされるまでの時間、45.3%のライドはマッチされた椅子が乗車地点までに掛かる時間、59.4%のライドは椅子の実移動時間に不満がありました
time=01:32:01.194 level=INFO msg=一定の売上が立ったためオーナーの椅子が増加します 名前=椅子やいちば 増加数=2
time=01:32:01.248 level=INFO msg=一定の売上が立ったためオーナーの椅子が増加します 名前="Orbit Taxi" 増加数=1
time=01:32:01.266 level=INFO msg=一定の売上が立ったためオーナーの椅子が増加します 名前=快旅タクシー 増加数=1
time=01:32:01.285 level=INFO msg=一定の売上が立ったためオーナーの椅子が増加します 名前=ふたたび椅子堂 増加数=2
time=01:32:01.375 level=INFO msg=一定の売上が立ったためオーナーの椅子が増加します 名前=晴れ道タクシー 増加数=3
time=01:32:03.010 level=INFO msg=一定の売上が立ったためオーナーの椅子が増加します 名前=椅子やいちば 増加数=2
time=01:32:03.025 level=INFO msg=一定の売上が立ったためオーナーの椅子が増加します 名前=快旅タクシー 増加数=2
time=01:32:03.104 level=INFO msg=一定の売上が立ったためオーナーの椅子が増加します 名前=晴れ道タクシー 増加数=2
time=01:32:03.121 level=INFO msg=一定の売上が立ったためオーナーの椅子が増加します 名前="Orbit Taxi" 増加数=2
time=01:32:03.129 level=INFO msg=一定の売上が立ったためオーナーの椅子が増加します 名前=ふたたび椅子堂 増加数=2
time=01:32:04.866 level=INFO msg=一定の売上が立ったためオーナーの椅子が増加します 名前=椅子やいちば 増加数=2
time=01:32:04.879 level=INFO msg=一定の売上が立ったためオーナーの椅子が増加します 名前=快旅タクシー 増加数=2
time=01:32:04.883 level=INFO msg=一定の売上が立ったためオーナーの椅子が増加します 名前=ふたたび椅子堂 増加数=2
time=01:32:04.917 level=INFO msg=一定の売上が立ったためオーナーの椅子が増加します 名前=晴れ道タクシー 増加数=1
time=01:32:04.931 level=INFO msg=一定の売上が立ったためオーナーの椅子が増加します 名前="Orbit Taxi" 増加数=2
time=01:32:06.373 level=INFO msg=これまでに地域内の評判によって90人、既存ユーザーの招待経由で184人が新規登録しました
time=01:32:06.373 level=INFO msg=これまでに低評価なライドによって113人が利用をやめました
time=01:32:06.373 level=INFO msg=53.9%のライドは椅子がマッチされるまでの時間、42.8%のライドはマッチされた椅子が乗車地点までに掛かる時間、64.4%のライドは椅子の実移動時間に不満がありました
time=01:32:06.585 level=INFO msg=一定の売上が立ったためオーナーの椅子が増加します 名前=椅子やいちば 増加数=1
time=01:32:06.636 level=INFO msg=一定の売上が立ったためオーナーの椅子が増加します 名前="Orbit Taxi" 増加数=1
time=01:32:06.714 level=INFO msg=一定の売上が立ったためオーナーの椅子が増加します 名前=ふたたび椅子堂 増加数=1
time=01:32:06.861 level=INFO msg=一定の売上が立ったためオーナーの椅子が増加します 名前=晴れ道タクシー 増加数=3
time=01:32:08.381 level=INFO msg=一定の売上が立ったためオーナーの椅子が増加します 名前=椅子やいちば 増加数=2
time=01:32:08.455 level=INFO msg=一定の売上が立ったためオーナーの椅子が増加します 名前=快旅タクシー 増加数=3
time=01:32:08.456 level=INFO msg=一定の売上が立ったためオーナーの椅子が増加します 名前="Orbit Taxi" 増加数=1
time=01:32:08.553 level=INFO msg=一定の売上が立ったためオーナーの椅子が増加します 名前=晴れ道タクシー 増加数=2
time=01:32:08.741 level=INFO msg=一定の売上が立ったためオーナーの椅子が増加します 名前=ふたたび椅子堂 増加数=2
time=01:32:10.111 level=WARN msg="取得した付近の椅子情報に不備があります (CODE=30): ID:01M32CYKYMJ9CYJB3DFAXG9VH8の椅子は既にライド中です"
time=01:32:10.205 level=INFO msg=一定の売上が立ったためオーナーの椅子が増加します 名前=椅子やいちば 増加数=1
time=01:32:10.247 level=INFO msg=一定の売上が立ったためオーナーの椅子が増加します 名前="Orbit Taxi" 増加数=3
time=01:32:10.249 level=INFO msg=一定の売上が立ったためオーナーの椅子が増加します 名前=快旅タクシー 増加数=1
time=01:32:10.357 level=INFO msg=一定の売上が立ったためオーナーの椅子が増加します 名前=晴れ道タクシー 増加数=2
time=01:32:10.413 level=INFO msg=一定の売上が立ったためオーナーの椅子が増加します 名前=ふたたび椅子堂 増加数=2
time=01:32:10.610 level=WARN msg="取得した付近の椅子情報に不備があります (CODE=30): ID:01M32CYS8Y2RQQWTTJ5KVZAN25の椅子は既にライド中です"
time=01:32:11.773 level=INFO msg=これまでに地域内の評判によって102人、既存ユーザーの招待経由で197人が新規登録しました
time=01:32:11.773 level=INFO msg=これまでに低評価なライドによって128人が利用をやめました
time=01:32:11.773 level=INFO msg=56.1%のライドは椅子がマッチされるまでの時間、40.5%のライドはマッチされた椅子が乗車地点までに掛かる時間、68.0%のライドは椅子の実移動時間に不満がありました
time=01:32:12.064 level=INFO msg=一定の売上が立ったためオーナーの椅子が増加します 名前=椅子やいちば 増加数=1
time=01:32:12.109 level=INFO msg=一定の売上が立ったためオーナーの椅子が増加します 名前="Orbit Taxi" 増加数=1
time=01:32:12.110 level=INFO msg=一定の売上が立ったためオーナーの椅子が増加します 名前=快旅タクシー 増加数=1
time=01:32:12.192 level=INFO msg=一定の売上が立ったためオーナーの椅子が増加します 名前=ふたたび椅子堂 増加数=2
time=01:32:12.238 level=INFO msg=一定の売上が立ったためオーナーの椅子が増加します 名前=晴れ道タクシー 増加数=1
time=01:32:13.788 level=INFO msg=一定の売上が立ったためオーナーの椅子が増加します 名前=快旅タクシー 増加数=2
time=01:32:13.913 level=INFO msg=一定の売上が立ったためオーナーの椅子が増加します 名前=ふたたび椅子堂 増加数=2
time=01:32:13.914 level=INFO msg=一定の売上が立ったためオーナーの椅子が増加します 名前=椅子やいちば 増加数=1
time=01:32:13.922 level=INFO msg=一定の売上が立ったためオーナーの椅子が増加します 名前="Orbit Taxi" 増加数=2
time=01:32:13.962 level=INFO msg=一定の売上が立ったためオーナーの椅子が増加します 名前=晴れ道タクシー 増加数=2
time=01:32:15.712 level=INFO msg=一定の売上が立ったためオーナーの椅子が増加します 名前=椅子やいちば 増加数=3
time=01:32:15.776 level=INFO msg=一定の売上が立ったためオーナーの椅子が増加します 名前=快旅タクシー 増加数=2
time=01:32:15.821 level=INFO msg=一定の売上が立ったためオーナーの椅子が増加します 名前="Orbit Taxi" 増加数=2
time=01:32:15.844 level=INFO msg=一定の売上が立ったためオーナーの椅子が増加します 名前=晴れ道タクシー 増加数=2
time=01:32:15.844 level=INFO msg=一定の売上が立ったためオーナーの椅子が増加します 名前=ふたたび椅子堂 増加数=2
time=01:32:17.173 level=INFO msg=これまでに地域内の評判によって114人、既存ユーザーの招待経由で212人が新規登録しました
time=01:32:17.173 level=INFO msg=これまでに低評価なライドによって137人が利用をやめました
time=01:32:17.173 level=INFO msg=55.1%のライドは椅子がマッチされるまでの時間、36.8%のライドはマッチされた椅子が乗車地点までに掛かる時間、70.1%のライドは椅子の実移動時間に不満がありました
time=01:32:17.483 level=INFO msg=一定の売上が立ったためオーナーの椅子が増加します 名前=椅子やいちば 増加数=1
time=01:32:17.504 level=INFO msg=一定の売上が立ったためオーナーの椅子が増加します 名前="Orbit Taxi" 増加数=2
time=01:32:17.557 level=INFO msg=一定の売上が立ったためオーナーの椅子が増加します 名前=晴れ道タクシー 増加数=2
time=01:32:17.589 level=INFO msg=一定の売上が立ったためオーナーの椅子が増加します 名前=快旅タクシー 増加数=1
time=01:32:17.623 level=INFO msg=一定の売上が立ったためオーナーの椅子が増加します 名前=ふたたび椅子堂 増加数=2
time=01:32:19.380 level=INFO msg=一定の売上が立ったためオーナーの椅子が増加します 名前=快旅タクシー 増加数=2
time=01:32:19.553 level=INFO msg=一定の売上が立ったためオーナーの椅子が増加します 名前=晴れ道タクシー 増加数=1
time=01:32:21.122 level=INFO msg=一定の売上が立ったためオーナーの椅子が増加します 名前="Orbit Taxi" 増加数=2
time=01:32:21.200 level=INFO msg=一定の売上が立ったためオーナーの椅子が増加します 名前=椅子やいちば 増加数=2
time=01:32:21.258 level=INFO msg=一定の売上が立ったためオーナーの椅子が増加します 名前=ふたたび椅子堂 増加数=2
time=01:32:21.290 level=INFO msg=一定の売上が立ったためオーナーの椅子が増加します 名前=快旅タクシー 増加数=1
time=01:32:21.291 level=INFO msg=一定の売上が立ったためオーナーの椅子が増加します 名前=晴れ道タクシー 増加数=3
time=01:32:22.573 level=INFO msg=これまでに地域内の評判によって126人、既存ユーザーの招待経由で215人が新規登録しました
time=01:32:22.573 level=INFO msg=これまでに低評価なライドによって159人が利用をやめました
time=01:32:22.573 level=INFO msg=60.3%のライドは椅子がマッチされるまでの時間、33.9%のライドはマッチされた椅子が乗車地点までに掛かる時間、71.9%のライドは椅子の実移動時間に不満がありました
time=01:32:22.908 level=INFO msg=一定の売上が立ったためオーナーの椅子が増加します 名前=椅子やいちば 増加数=2
time=01:32:22.951 level=INFO msg=一定の売上が立ったためオーナーの椅子が増加します 名前="Orbit Taxi" 増加数=1
time=01:32:23.032 level=INFO msg=一定の売上が立ったためオーナーの椅子が増加します 名前=快旅タクシー 増加数=1
time=01:32:23.040 level=INFO msg=一定の売上が立ったためオーナーの椅子が増加します 名前=晴れ道タクシー 増加数=1
time=01:32:23.145 level=INFO msg=一定の売上が立ったためオーナーの椅子が増加します 名前=ふたたび椅子堂 増加数=2
time=01:32:28.174 level=INFO msg=最終地域情報 名前=チェアタウン ユーザー登録数=202 アクティブユーザー数=115
time=01:32:28.174 level=INFO msg=最終地域情報 名前=コシカケシティ ユーザー登録数=156 アクティブユーザー数=82
time=01:32:28.174 level=INFO msg=最終オーナー情報 名前=快旅タクシー 売上=1203400 椅子数=51
time=01:32:28.174 level=INFO msg=最終オーナー情報 名前=ふたたび椅子堂 売上=1640800 椅子数=62
time=01:32:28.174 level=INFO msg=最終オーナー情報 名前=晴れ道タクシー 売上=1809100 椅子数=66
time=01:32:28.174 level=INFO msg=最終オーナー情報 名前="Orbit Taxi" 売上=1235400 椅子数=52
time=01:32:28.174 level=INFO msg=最終オーナー情報 名前=椅子やいちば 売上=992900 椅子数=46
time=01:32:28.174 level=INFO msg=61.2%のライドは椅子がマッチされるまでの時間、33.3%のライドはマッチされた椅子が乗車地点までに掛かる時間、71.7%のライドは椅子の実移動時間に不満がありました
time=01:32:28.174 level=INFO msg=結果 pass=true スコア=77891 種別エラー数=map[30:2]
time=01:32:28.174 level=INFO msg=負荷走行が終了しました
