time=07:54:15.684 level=INFO msg=負荷走行を開始します
time=07:54:21.653 level=INFO msg=一定の売上が立ったためオーナーの椅子が増加します 名前="CraftChair Co., Ltd." 増加数=1
time=07:54:21.653 level=INFO msg=一定の売上が立ったためオーナーの椅子が増加します 名前=椅子と暮らし舎 増加数=2
time=07:54:21.653 level=INFO msg=一定の売上が立ったためオーナーの椅子が増加します 名前=ひまわり交通 増加数=1
time=07:54:21.653 level=INFO msg=一定の売上が立ったためオーナーの椅子が増加します 名前="ReSit & Renew" 増加数=1
time=07:54:21.657 level=INFO msg=一定の売上が立ったためオーナーの椅子が増加します 名前="Artisan Seats" 増加数=1
time=07:54:23.451 level=INFO msg=一定の売上が立ったためオーナーの椅子が増加します 名前=椅子と暮らし舎 増加数=1
time=07:54:23.455 level=INFO msg=一定の売上が立ったためオーナーの椅子が増加します 名前="ReSit & Renew" 増加数=1
time=07:54:23.456 level=INFO msg=一定の売上が立ったためオーナーの椅子が増加します 名前="CraftChair Co., Ltd." 増加数=2
time=07:54:23.457 level=INFO msg=一定の売上が立ったためオーナーの椅子が増加します 名前=ひまわり交通 増加数=1
time=07:54:23.457 level=INFO msg=一定の売上が立ったためオーナーの椅子が増加します 名前="Artisan Seats" 増加数=3
time=07:54:23.479 level=INFO msg=これまでに地域内の評判によって7人、既存ユーザーの招待経由で49人が新規登録しました
time=07:54:23.479 level=INFO msg=0.0%のライドは椅子がマッチされるまでの時間、66.7%のライドはマッチされた椅子が乗車地点までに掛かる時間、1.0%のライドは椅子の実移動時間に不満がありました
time=07:54:25.252 level=INFO msg=一定の売上が立ったためオーナーの椅子が増加します 名前=椅子と暮らし舎 増加数=3
time=07:54:25.256 level=INFO msg=一定の売上が立ったためオーナーの椅子が増加します 名前="CraftChair Co., Ltd." 増加数=3
time=07:54:25.256 level=INFO msg=一定の売上が立ったためオーナーの椅子が増加します 名前="Artisan Seats" 増加数=3
time=07:54:25.258 level=INFO msg=一定の売上が立ったためオーナーの椅子が増加します 名前="ReSit & Renew" 増加数=2
time=07:54:25.258 level=INFO msg=一定の売上が立ったためオーナーの椅子が増加します 名前=ひまわり交通 増加数=2
time=07:54:27.053 level=INFO msg=一定の売上が立ったためオーナーの椅子が増加します 名前="CraftChair Co., Ltd." 増加数=5
time=07:54:27.056 level=INFO msg=一定の売上が立ったためオーナーの椅子が増加します 名前="ReSit & Renew" 増加数=4
time=07:54:27.056 level=INFO msg=一定の売上が立ったためオーナーの椅子が増加します 名前=椅子と暮らし舎 増加数=5
time=07:54:27.056 level=INFO msg=一定の売上が立ったためオーナーの椅子が増加します 名前=ひまわり交通 増加数=3
time=07:54:27.056 level=INFO msg=一定の売上が立ったためオーナーの椅子が増加します 名前="Artisan Seats" 増加数=6
time=07:54:28.855 level=INFO msg=一定の売上が立ったためオーナーの椅子が増加します 名前="Artisan Seats" 増加数=8
time=07:54:28.857 level=INFO msg=一定の売上が立ったためオーナーの椅子が増加します 名前="CraftChair Co., Ltd." 増加数=7
time=07:54:28.859 level=INFO msg=一定の売上が立ったためオーナーの椅子が増加します 名前=椅子と暮らし舎 増加数=6
time=07:54:28.859 level=INFO msg=一定の売上が立ったためオーナーの椅子が増加します 名前=ひまわり交通 増加数=5
time=07:54:28.859 level=INFO msg=一定の売上が立ったためオーナーの椅子が増加します 名前="ReSit & Renew" 増加数=7
time=07:54:28.879 level=INFO msg=これまでに地域内の評判によって19人、既存ユーザーの招待経由で245人が新規登録しました
time=07:54:28.879 level=INFO msg=0.4%のライドは椅子がマッチされるまでの時間、32.2%のライドはマッチされた椅子が乗車地点までに掛かる時間、0.4%のライドは椅子の実移動時間に不満がありました
time=07:54:30.657 level=INFO msg=一定の売上が立ったためオーナーの椅子が増加します 名前=ひまわり交通 増加数=7
time=07:54:30.657 level=INFO msg=一定の売上が立ったためオーナーの椅子が増加します 名前=椅子と暮らし舎 増加数=11
time=07:54:30.657 level=INFO msg=一定の売上が立ったためオーナーの椅子が増加します 名前="CraftChair Co., Ltd." 増加数=10
time=07:54:30.657 level=INFO msg=一定の売上が立ったためオーナーの椅子が増加します 名前="ReSit & Renew" 増加数=8
time=07:54:30.658 level=INFO msg=一定の売上が立ったためオーナーの椅子が増加します 名前="Artisan Seats" 増加数=11
time=07:54:32.460 level=INFO msg=一定の売上が立ったためオーナーの椅子が増加します 名前=ひまわり交通 増加数=11
time=07:54:32.463 level=INFO msg=一定の売上が立ったためオーナーの椅子が増加します 名前=椅子と暮らし舎 増加数=11
time=07:54:32.465 level=INFO msg=一定の売上が立ったためオーナーの椅子が増加します 名前="ReSit & Renew" 増加数=10
time=07:54:32.466 level=INFO msg=一定の売上が立ったためオーナーの椅子が増加します 名前="CraftChair Co., Ltd." 増加数=12
time=07:54:32.466 level=INFO msg=一定の売上が立ったためオーナーの椅子が増加します 名前="Artisan Seats" 増加数=12
time=07:54:34.270 level=INFO msg=一定の売上が立ったためオーナーの椅子が増加します 名前="Artisan Seats" 増加数=13
time=07:54:34.279 level=INFO msg=これまでに地域内の評判によって33人、既存ユーザーの招待経由で935人が新規登録しました
time=07:54:34.279 level=INFO msg=0.1%のライドは椅子がマッチされるまでの時間、12.1%のライドはマッチされた椅子が乗車地点までに掛かる時間、0.4%のライドは椅子の実移動時間に不満がありました
time=07:54:34.285 level=INFO msg=一定の売上が立ったためオーナーの椅子が増加します 名前="ReSit & Renew" 増加数=12
time=07:54:34.286 level=INFO msg=一定の売上が立ったためオーナーの椅子が増加します 名前=ひまわり交通 増加数=11
time=07:54:34.285 level=INFO msg=一定の売上が立ったためオーナーの椅子が増加します 名前=椅子と暮らし舎 増加数=12
time=07:54:34.288 level=INFO msg=一定の売上が立ったためオーナーの椅子が増加します 名前="CraftChair Co., Ltd." 増加数=12
time=07:54:36.154 level=INFO msg=一定の売上が立ったためオーナーの椅子が増加します 名前="CraftChair Co., Ltd." 増加数=14
time=07:54:36.180 level=INFO msg=一定の売上が立ったためオーナーの椅子が増加します 名前=椅子と暮らし舎 増加数=13
time=07:54:36.180 level=INFO msg=一定の売上が立ったためオーナーの椅子が増加します 名前="Artisan Seats" 増加数=15
time=07:54:36.181 level=INFO msg=一定の売上が立ったためオーナーの椅子が増加します 名前="ReSit & Renew" 増加数=12
time=07:54:36.181 level=INFO msg=一定の売上が立ったためオーナーの椅子が増加します 名前=ひまわり交通 増加数=12
time=07:54:37.957 level=INFO msg=一定の売上が立ったためオーナーの椅子が増加します 名前="CraftChair Co., Ltd." 増加数=12
time=07:54:37.984 level=INFO msg=一定の売上が立ったためオーナーの椅子が増加します 名前="ReSit & Renew" 増加数=10
time=07:54:37.986 level=INFO msg=一定の売上が立ったためオーナーの椅子が増加します 名前=ひまわり交通 増加数=9
time=07:54:37.986 level=INFO msg=一定の売上が立ったためオーナーの椅子が増加します 名前=椅子と暮らし舎 増加数=11
time=07:54:37.987 level=INFO msg=一定の売上が立ったためオーナーの椅子が増加します 名前="Artisan Seats" 増加数=13
time=07:54:39.767 level=INFO msg=一定の売上が立ったためオーナーの椅子が増加します 名前=ひまわり交通 増加数=12
time=07:54:39.767 level=INFO msg=一定の売上が立ったためオーナーの椅子が増加します 名前=椅子と暮らし舎 増加数=15
time=07:54:39.767 level=INFO msg=一定の売上が立ったためオーナーの椅子が増加します 名前="ReSit & Renew" 増加数=15
time=07:54:39.767 level=INFO msg=一定の売上が立ったためオーナーの椅子が増加します 名前="Artisan Seats" 増加数=17
time=07:54:39.768 level=INFO msg=一定の売上が立ったためオーナーの椅子が増加します 名前="CraftChair Co., Ltd." 増加数=16
time=07:54:39.769 level=INFO msg=これまでに地域内の評判によって51人、既存ユーザーの招待経由で1838人が新規登録しました
time=07:54:39.769 level=INFO msg=これまでに低評価なライドによって3人が利用をやめました
time=07:54:39.769 level=INFO msg=10.9%のライドは椅子がマッチされるまでの時間、7.0%のライドはマッチされた椅子が乗車地点までに掛かる時間、14.5%のライドは椅子の実移動時間に不満がありました
time=07:54:41.567 level=INFO msg=一定の売上が立ったためオーナーの椅子が増加します 名前=ひまわり交通 増加数=15
time=07:54:41.581 level=INFO msg=一定の売上が立ったためオーナーの椅子が増加します 名前="CraftChair Co., Ltd." 増加数=19
time=07:54:41.591 level=INFO msg=一定の売上が立ったためオーナーの椅子が増加します 名前=椅子と暮らし舎 増加数=18
time=07:54:41.592 level=INFO msg=一定の売上が立ったためオーナーの椅子が増加します 名前="ReSit & Renew" 増加数=16
time=07:54:41.597 level=INFO msg=一定の売上が立ったためオーナーの椅子が増加します 名前="Artisan Seats" 増加数=20
time=07:54:43.369 level=INFO msg=一定の売上が立ったためオーナーの椅子が増加します 名前="CraftChair Co., Ltd." 増加数=20
time=07:54:43.369 level=INFO msg=一定の売上が立ったためオーナーの椅子が増加します 名前="Artisan Seats" 増加数=20
time=07:54:43.381 level=INFO msg=一定の売上が立ったためオーナーの椅子が増加します 名前=椅子と暮らし舎 増加数=20
time=07:54:43.382 level=INFO msg=一定の売上が立ったためオーナーの椅子が増加します 名前="ReSit & Renew" 増加数=15
time=07:54:43.383 level=INFO msg=一定の売上が立ったためオーナーの椅子が増加します 名前=ひまわり交通 増加数=14
time=07:54:45.410 level=INFO msg=これまでに地域内の評判によって69人、既存ユーザーの招待経由で2413人が新規登録しました
time=07:54:45.410 level=INFO msg=これまでに低評価なライドによって16人が利用をやめました
time=07:54:45.410 level=INFO msg=46.8%のライドは椅子がマッチされるまでの時間、5.2%のライドはマッチされた椅子が乗車地点までに掛かる時間、23.5%のライドは椅子の実移動時間に不満がありました
time=07:54:45.422 level=INFO msg=一定の売上が立ったためオーナーの椅子が増加します 名前="CraftChair Co., Ltd." 増加数=25
time=07:54:45.433 level=INFO msg=一定の売上が立ったためオーナーの椅子が増加します 名前="Artisan Seats" 増加数=25
time=07:54:45.437 level=INFO msg=一定の売上が立ったためオーナーの椅子が増加します 名前=ひまわり交通 増加数=18
time=07:54:45.437 level=INFO msg=一定の売上が立ったためオーナーの椅子が増加します 名前="ReSit & Renew" 増加数=22
time=07:54:45.437 level=INFO msg=一定の売上が立ったためオーナーの椅子が増加します 名前=椅子と暮らし舎 増加数=22
time=07:54:47.505 level=INFO msg=一定の売上が立ったためオーナーの椅子が増加します 名前=椅子と暮らし舎 増加数=26
time=07:54:47.555 level=INFO msg=一定の売上が立ったためオーナーの椅子が増加します 名前="Artisan Seats" 増加数=31
time=07:54:47.559 level=INFO msg=一定の売上が立ったためオーナーの椅子が増加します 名前="CraftChair Co., Ltd." 増加数=28
time=07:54:47.564 level=INFO msg=一定の売上が立ったためオーナーの椅子が増加します 名前="ReSit & Renew" 増加数=24
time=07:54:47.565 level=INFO msg=一定の売上が立ったためオーナーの椅子が増加します 名前=ひまわり交通 増加数=21
time=07:54:50.987 level=INFO msg=一定の売上が立ったためオーナーの椅子が増加します 名前="Artisan Seats" 増加数=50
time=07:54:50.987 level=INFO msg=一定の売上が立ったためオーナーの椅子が増加します 名前=ひまわり交通 増加数=36
time=07:54:50.989 level=INFO msg=これまでに地域内の評判によって87人、既存ユーザーの招待経由で2827人が新規登録しました
time=07:54:50.989 level=INFO msg=これまでに低評価なライドによって40人が利用をやめました
time=07:54:50.989 level=INFO msg=一定の売上が立ったためオーナーの椅子が増加します 名前=椅子と暮らし舎 増加数=44
time=07:54:50.987 level=INFO msg=一定の売上が立ったためオーナーの椅子が増加します 名前="ReSit & Renew" 増加数=41
time=07:54:50.990 level=INFO msg=一定の売上が立ったためオーナーの椅子が増加します 名前="CraftChair Co., Ltd." 増加数=46
time=07:54:50.989 level=INFO msg=64.3%のライドは椅子がマッチされるまでの時間、4.2%のライドはマッチされた椅子が乗車地点までに掛かる時間、30.0%のライドは椅子の実移動時間に不満がありました
time=07:54:55.083 level=INFO msg=一定の売上が立ったためオーナーの椅子が増加します 名前=椅子と暮らし舎 増加数=56
time=07:54:55.085 level=INFO msg=一定の売上が立ったためオーナーの椅子が増加します 名前="CraftChair Co., Ltd." 増加数=58
time=07:54:55.086 level=INFO msg=一定の売上が立ったためオーナーの椅子が増加します 名前=ひまわり交通 増加数=46
time=07:54:55.087 level=INFO msg=一定の売上が立ったためオーナーの椅子が増加します 名前="ReSit & Renew" 増加数=52
time=07:54:55.087 level=INFO msg=一定の売上が立ったためオーナーの椅子が増加します 名前="Artisan Seats" 増加数=62
time=07:54:56.869 level=INFO msg=これまでに地域内の評判によって105人、既存ユーザーの招待経由で3086人が新規登録しました
time=07:54:56.869 level=INFO msg=これまでに低評価なライドによって85人が利用をやめました
time=07:54:56.869 level=INFO msg=73.2%のライドは椅子がマッチされるまでの時間、3.7%のライドはマッチされた椅子が乗車地点までに掛かる時間、35.2%のライドは椅子の実移動時間に不満がありました
time=07:55:03.289 level=INFO msg=これまでに地域内の評判によって123人、既存ユーザーの招待経由で3208人が新規登録しました
time=07:55:03.289 level=INFO msg=これまでに低評価なライドによって146人が利用をやめました
time=07:55:03.289 level=INFO msg=78.8%のライドは椅子がマッチされるまでの時間、3.4%のライドはマッチされた椅子が乗車地点までに掛かる時間、40.4%のライドは椅子の実移動時間に不満がありました
time=07:55:03.319 level=INFO msg=一定の売上が立ったためオーナーの椅子が増加します 名前="ReSit & Renew" 増加数=106
time=07:55:03.320 level=INFO msg=一定の売上が立ったためオーナーの椅子が増加します 名前=ひまわり交通 増加数=94
time=07:55:03.334 level=INFO msg=一定の売上が立ったためオーナーの椅子が増加します 名前=椅子と暮らし舎 増加数=112
time=07:55:03.335 level=INFO msg=一定の売上が立ったためオーナーの椅子が増加します 名前="CraftChair Co., Ltd." 増加数=124
time=07:55:03.336 level=INFO msg=一定の売上が立ったためオーナーの椅子が増加します 名前="Artisan Seats" 増加数=131
time=07:55:03.893 level=WARN msg="取得した付近の椅子情報に不備があります (CODE=30): ID:01M332VG6E70E6HSDRM00QP21Cの椅子は既にライド中です"
time=07:55:08.860 level=WARN msg="取得した付近の椅子情報に不備があります (CODE=30): ID:01M332V6J8FHHVNP0EVGK8574Sの椅子は既にライド中です"
time=07:55:08.861 level=WARN msg="取得した付近の椅子情報に不備があります (CODE=30): ID:01M332V6J8FHHVNP0EVGK8574Sの椅子は既にライド中です"
time=07:55:08.895 level=WARN msg="取得した付近の椅子情報に不備があります (CODE=30): ID:01M332V6J8FHHVNP0EVGK8574Sの椅子は既にライド中です"
time=07:55:08.903 level=WARN msg="取得した付近の椅子情報に不備があります (CODE=30): ID:01M332V6J8FHHVNP0EVGK8574Sの椅子は既にライド中です"
time=07:55:08.903 level=WARN msg="取得した付近の椅子情報に不備があります (CODE=30): ID:01M332V6J8FHHVNP0EVGK8574Sの椅子は既にライド中です"
time=07:55:08.906 level=WARN msg="取得した付近の椅子情報に不備があります (CODE=30): ID:01M332V6J8FHHVNP0EVGK8574Sの椅子は既にライド中です"
time=07:55:08.945 level=WARN msg="取得した付近の椅子情報に不備があります (CODE=30): ID:01M332V6J8FHHVNP0EVGK8574Sの椅子は既にライド中です"
time=07:55:08.959 level=INFO msg=これまでに地域内の評判によって141人、既存ユーザーの招待経由で3404人が新規登録しました
time=07:55:08.959 level=INFO msg=これまでに低評価なライドによって169人が利用をやめました
time=07:55:08.959 level=INFO msg=80.4%のライドは椅子がマッチされるまでの時間、3.2%のライドはマッチされた椅子が乗車地点までに掛かる時間、44.2%のライドは椅子の実移動時間に不満がありました
time=07:55:14.325 level=WARN msg="取得した付近の椅子情報に不備があります (CODE=30): ID:01M332V4T4NJM42EHZKCNFEEX7の椅子は既にライド中です"
time=07:55:14.325 level=WARN msg="取得した付近の椅子情報に不備があります (CODE=30): ID:01M332V4T4NJM42EHZKCNFEEX7の椅子は既にライド中です"
time=07:55:14.325 level=WARN msg="取得した付近の椅子情報に不備があります (CODE=30): ID:01M332V4T4NJM42EHZKCNFEEX7の椅子は既にライド中です"
time=07:55:14.326 level=WARN msg="取得した付近の椅子情報に不備があります (CODE=30): ID:01M332V4T4NJM42EHZKCNFEEX7の椅子は既にライド中です"
time=07:55:14.326 level=WARN msg="取得した付近の椅子情報に不備があります (CODE=30): ID:01M332V4T4NJM42EHZKCNFEEX7の椅子は既にライド中です"
time=07:55:14.327 level=WARN msg="取得した付近の椅子情報に不備があります (CODE=30): ID:01M332V4T4NJM42EHZKCNFEEX7の椅子は既にライド中です"
time=07:55:14.329 level=WARN msg="取得した付近の椅子情報に不備があります (CODE=30): ID:01M332V4T4NJM42EHZKCNFEEX7の椅子は既にライド中です"
time=07:55:14.329 level=WARN msg="取得した付近の椅子情報に不備があります (CODE=30): ID:01M332V4T4NJM42EHZKCNFEEX7の椅子は既にライド中です"
time=07:55:14.329 level=WARN msg="取得した付近の椅子情報に不備があります (CODE=30): ID:01M332V4T4NJM42EHZKCNFEEX7の椅子は既にライド中です"
time=07:55:14.329 level=WARN msg="取得した付近の椅子情報に不備があります (CODE=30): ID:01M332V4T4NJM42EHZKCNFEEX7の椅子は既にライド中です"
time=07:55:14.329 level=WARN msg="取得した付近の椅子情報に不備があります (CODE=30): ID:01M332V4T4NJM42EHZKCNFEEX7の椅子は既にライド中です"
time=07:55:14.330 level=WARN msg="取得した付近の椅子情報に不備があります (CODE=30): ID:01M332V4T4NJM42EHZKCNFEEX7の椅子は既にライド中です"
time=07:55:14.330 level=WARN msg="取得した付近の椅子情報に不備があります (CODE=30): ID:01M332V4T4NJM42EHZKCNFEEX7の椅子は既にライド中です"
time=07:55:14.330 level=WARN msg="取得した付近の椅子情報に不備があります (CODE=30): ID:01M332V4T4NJM42EHZKCNFEEX7の椅子は既にライド中です"
time=07:55:14.330 level=WARN msg="取得した付近の椅子情報に不備があります (CODE=30): ID:01M332V4T4NJM42EHZKCNFEEX7の椅子は既にライド中です"
time=07:55:14.330 level=WARN msg="取得した付近の椅子情報に不備があります (CODE=30): ID:01M332V4T4NJM42EHZKCNFEEX7の椅子は既にライド中です"
time=07:55:14.330 level=WARN msg="取得した付近の椅子情報に不備があります (CODE=30): ID:01M332V4T4NJM42EHZKCNFEEX7の椅子は既にライド中です"
time=07:55:14.330 level=WARN msg="取得した付近の椅子情報に不備があります (CODE=30): ID:01M332V4T4NJM42EHZKCNFEEX7の椅子は既にライド中です"
time=07:55:14.330 level=WARN msg="取得した付近の椅子情報に不備があります (CODE=30): ID:01M332V4T4NJM42EHZKCNFEEX7の椅子は既にライド中です"
time=07:55:14.330 level=WARN msg="取得した付近の椅子情報に不備があります (CODE=30): ID:01M332V4T4NJM42EHZKCNFEEX7の椅子は既にライド中です"
time=07:55:14.331 level=WARN msg="取得した付近の椅子情報に不備があります (CODE=30): ID:01M332V4T4NJM42EHZKCNFEEX7の椅子は既にライド中です"
time=07:55:14.331 level=WARN msg="取得した付近の椅子情報に不備があります (CODE=30): ID:01M332V4T4NJM42EHZKCNFEEX7の椅子は既にライド中です"
time=07:55:14.331 level=WARN msg="取得した付近の椅子情報に不備があります (CODE=30): ID:01M332V4T4NJM42EHZKCNFEEX7の椅子は既にライド中です"
time=07:55:14.331 level=WARN msg="取得した付近の椅子情報に不備があります (CODE=30): ID:01M332V4T4NJM42EHZKCNFEEX7の椅子は既にライド中です"
time=07:55:14.331 level=WARN msg="取得した付近の椅子情報に不備があります (CODE=30): ID:01M332V4T4NJM42EHZKCNFEEX7の椅子は既にライド中です"
time=07:55:14.332 level=WARN msg="取得した付近の椅子情報に不備があります (CODE=30): ID:01M332V4T4NJM42EHZKCNFEEX7の椅子は既にライド中です"
time=07:55:14.332 level=WARN msg="取得した付近の椅子情報に不備があります (CODE=30): ID:01M332V4T4NJM42EHZKCNFEEX7の椅子は既にライド中です"
time=07:55:14.333 level=WARN msg="取得した付近の椅子情報に不備があります (CODE=30): ID:01M332V4T4NJM42EHZKCNFEEX7の椅子は既にライド中です"
time=07:55:14.585 level=WARN msg="取得した付近の椅子情報に不備があります (CODE=30): ID:01M332V4T4NJM42EHZKCNFEEX7の椅子は既にライド中です"
time=07:55:14.586 level=WARN msg="取得した付近の椅子情報に不備があります (CODE=30): ID:01M332V4T4NJM42EHZKCNFEEX7の椅子は既にライド中です"
time=07:55:14.586 level=WARN msg="取得した付近の椅子情報に不備があります (CODE=30): ID:01M332V4T4NJM42EHZKCNFEEX7の椅子は既にライド中です"
time=07:55:14.596 level=WARN msg="取得した付近の椅子情報に不備があります (CODE=30): ID:01M332V4T4NJM42EHZKCNFEEX7の椅子は既にライド中です"
time=07:55:15.169 level=INFO msg=これまでに地域内の評判によって159人、既存ユーザーの招待経由で3478人が新規登録しました
time=07:55:15.169 level=INFO msg=これまでに低評価なライドによって244人が利用をやめました
time=07:55:15.169 level=INFO msg=82.9%のライドは椅子がマッチされるまでの時間、3.0%のライドはマッチされた椅子が乗車地点までに掛かる時間、47.9%のライドは椅子の実移動時間に不満がありました
time=07:55:23.080 level=INFO msg=最終地域情報 名前=チェアタウン ユーザー登録数=2298 アクティブユーザー数=2139
time=07:55:23.080 level=INFO msg=最終地域情報 名前=コシカケシティ ユーザー登録数=1414 アクティブユーザー数=1283
time=07:55:23.080 level=INFO msg=最終オーナー情報 名前="Artisan Seats" 売上=26035400 椅子数=445
time=07:55:23.080 level=INFO msg=最終オーナー情報 名前=椅子と暮らし舎 売上=22391300 椅子数=392
time=07:55:23.080 level=INFO msg=最終オーナー情報 名前="ReSit & Renew" 売上=21038600 椅子数=362
time=07:55:23.080 level=INFO msg=最終オーナー情報 名前=ひまわり交通 売上=18333900 椅子数=322
time=07:55:23.080 level=INFO msg=最終オーナー情報 名前="CraftChair Co., Ltd." 売上=24323300 椅子数=418
time=07:55:23.080 level=INFO msg=83.8%のライドは椅子がマッチされるまでの時間、3.0%のライドはマッチされた椅子が乗車地点までに掛かる時間、49.8%のライドは椅子の実移動時間に不満がありました
time=07:55:23.081 level=INFO msg=結果 pass=true スコア=1187052 種別エラー数=map[30:40]
time=07:55:23.081 level=INFO msg=負荷走行が終了しました
