time=03:01:21.231 level=INFO msg=負荷走行を開始します
time=03:01:27.222 level=INFO msg=一定の売上が立ったためオーナーの椅子が増加します 名前="Timeless Seats" 増加数=1
time=03:01:27.222 level=INFO msg=一定の売上が立ったためオーナーの椅子が増加します 名前=晴れ道タクシー 増加数=2
time=03:01:27.222 level=INFO msg=一定の売上が立ったためオーナーの椅子が増加します 名前="CraftChair Co., Ltd." 増加数=1
time=03:01:29.024 level=INFO msg=一定の売上が立ったためオーナーの椅子が増加します 名前="Skyline Taxis" 増加数=1
time=03:01:29.026 level=INFO msg=一定の売上が立ったためオーナーの椅子が増加します 名前=晴れ道タクシー 増加数=2
time=03:01:29.026 level=INFO msg=一定の売上が立ったためオーナーの椅子が増加します 名前=風座プロダクツ 増加数=2
time=03:01:29.026 level=INFO msg=一定の売上が立ったためオーナーの椅子が増加します 名前="CraftChair Co., Ltd." 増加数=2
time=03:01:29.029 level=INFO msg=一定の売上が立ったためオーナーの椅子が増加します 名前="Timeless Seats" 増加数=2
time=03:01:29.047 level=INFO msg=これまでに地域内の評判によって8人、既存ユーザーの招待経由で44人が新規登録しました
time=03:01:29.047 level=INFO msg=0.0%のライドは椅子がマッチされるまでの時間、52.3%のライドはマッチされた椅子が乗車地点までに掛かる時間、1.1%のライドは椅子の実移動時間に不満がありました
time=03:01:30.825 level=INFO msg=一定の売上が立ったためオーナーの椅子が増加します 名前="Skyline Taxis" 増加数=2
time=03:01:30.828 level=INFO msg=一定の売上が立ったためオーナーの椅子が増加します 名前=風座プロダクツ 増加数=2
time=03:01:30.828 level=INFO msg=一定の売上が立ったためオーナーの椅子が増加します 名前="Timeless Seats" 増加数=3
time=03:01:30.828 level=INFO msg=一定の売上が立ったためオーナーの椅子が増加します 名前="CraftChair Co., Ltd." 増加数=4
time=03:01:30.832 level=INFO msg=一定の売上が立ったためオーナーの椅子が増加します 名前=晴れ道タクシー 増加数=4
time=03:01:32.629 level=INFO msg=一定の売上が立ったためオーナーの椅子が増加します 名前=風座プロダクツ 増加数=4
time=03:01:32.632 level=INFO msg=一定の売上が立ったためオーナーの椅子が増加します 名前="Skyline Taxis" 増加数=3
time=03:01:32.634 level=INFO msg=一定の売上が立ったためオーナーの椅子が増加します 名前="CraftChair Co., Ltd." 増加数=5
time=03:01:32.635 level=INFO msg=一定の売上が立ったためオーナーの椅子が増加します 名前=晴れ道タクシー 増加数=5
time=03:01:32.636 level=INFO msg=一定の売上が立ったためオーナーの椅子が増加します 名前="Timeless Seats" 増加数=4
time=03:01:34.434 level=INFO msg=一定の売上が立ったためオーナーの椅子が増加します 名前="Skyline Taxis" 増加数=3
time=03:01:34.439 level=INFO msg=一定の売上が立ったためオーナーの椅子が増加します 名前=風座プロダクツ 増加数=4
time=03:01:34.442 level=INFO msg=一定の売上が立ったためオーナーの椅子が増加します 名前="Timeless Seats" 増加数=6
time=03:01:34.444 level=INFO msg=一定の売上が立ったためオーナーの椅子が増加します 名前="CraftChair Co., Ltd." 増加数=6
time=03:01:34.445 level=INFO msg=一定の売上が立ったためオーナーの椅子が増加します 名前=晴れ道タクシー 増加数=6
time=03:01:34.448 level=INFO msg=これまでに地域内の評判によって20人、既存ユーザーの招待経由で218人が新規登録しました
time=03:01:34.448 level=INFO msg=6.8%のライドは椅子がマッチされるまでの時間、14.8%のライドはマッチされた椅子が乗車地点までに掛かる時間、0.2%のライドは椅子の実移動時間に不満がありました
time=03:01:36.244 level=INFO msg=一定の売上が立ったためオーナーの椅子が増加します 名前=風座プロダクツ 増加数=6
time=03:01:36.251 level=INFO msg=一定の売上が立ったためオーナーの椅子が増加します 名前="Skyline Taxis" 増加数=6
time=03:01:36.254 level=INFO msg=一定の売上が立ったためオーナーの椅子が増加します 名前="CraftChair Co., Ltd." 増加数=6
time=03:01:36.255 level=INFO msg=一定の売上が立ったためオーナーの椅子が増加します 名前="Timeless Seats" 増加数=8
time=03:01:36.255 level=INFO msg=一定の売上が立ったためオーナーの椅子が増加します 名前=晴れ道タクシー 増加数=8
time=03:01:38.059 level=INFO msg=一定の売上が立ったためオーナーの椅子が増加します 名前="CraftChair Co., Ltd." 増加数=10
time=03:01:38.063 level=INFO msg=一定の売上が立ったためオーナーの椅子が増加します 名前="Skyline Taxis" 増加数=6
time=03:01:38.075 level=INFO msg=一定の売上が立ったためオーナーの椅子が増加します 名前=風座プロダクツ 増加数=9
time=03:01:38.087 level=INFO msg=一定の売上が立ったためオーナーの椅子が増加します 名前="Timeless Seats" 増加数=9
time=03:01:38.092 level=INFO msg=一定の売上が立ったためオーナーの椅子が増加します 名前=晴れ道タクシー 増加数=11
time=03:01:39.847 level=INFO msg=これまでに地域内の評判によって31人、既存ユーザーの招待経由で696人が新規登録しました
time=03:01:39.847 level=INFO msg=16.4%のライドは椅子がマッチされるまでの時間、5.2%のライドはマッチされた椅子が乗車地点までに掛かる時間、0.4%のライドは椅子の実移動時間に不満がありました
time=03:01:39.887 level=INFO msg=一定の売上が立ったためオーナーの椅子が増加します 名前="Skyline Taxis" 増加数=8
time=03:01:39.894 level=INFO msg=一定の売上が立ったためオーナーの椅子が増加します 名前="Timeless Seats" 増加数=9
time=03:01:39.895 level=INFO msg=一定の売上が立ったためオーナーの椅子が増加します 名前=晴れ道タクシー 増加数=8
time=03:01:39.896 level=INFO msg=一定の売上が立ったためオーナーの椅子が増加します 名前="CraftChair Co., Ltd." 増加数=10
time=03:01:39.897 level=INFO msg=一定の売上が立ったためオーナーの椅子が増加します 名前=風座プロダクツ 増加数=8
time=03:01:41.698 level=INFO msg=一定の売上が立ったためオーナーの椅子が増加します 名前="Skyline Taxis" 増加数=9
time=03:01:41.715 level=INFO msg=一定の売上が立ったためオーナーの椅子が増加します 名前=風座プロダクツ 増加数=11
time=03:01:41.723 level=INFO msg=一定の売上が立ったためオーナーの椅子が増加します 名前="Timeless Seats" 増加数=11
time=03:01:41.724 level=INFO msg=一定の売上が立ったためオーナーの椅子が増加します 名前=晴れ道タクシー 増加数=10
time=03:01:41.725 level=INFO msg=一定の売上が立ったためオーナーの椅子が増加します 名前="CraftChair Co., Ltd." 増加数=11
time=03:01:43.536 level=INFO msg=一定の売上が立ったためオーナーの椅子が増加します 名前="Skyline Taxis" 増加数=11
time=03:01:43.565 level=INFO msg=一定の売上が立ったためオーナーの椅子が増加します 名前="CraftChair Co., Ltd." 増加数=12
time=03:01:43.567 level=INFO msg=一定の売上が立ったためオーナーの椅子が増加します 名前=晴れ道タクシー 増加数=12
time=03:01:43.571 level=INFO msg=一定の売上が立ったためオーナーの椅子が増加します 名前="Timeless Seats" 増加数=12
time=03:01:43.573 level=INFO msg=一定の売上が立ったためオーナーの椅子が増加します 名前=風座プロダクツ 増加数=9
time=03:01:45.247 level=INFO msg=これまでに地域内の評判によって44人、既存ユーザーの招待経由で1490人が新規登録しました
time=03:01:45.247 level=INFO msg=34.5%のライドは椅子がマッチされるまでの時間、2.3%のライドはマッチされた椅子が乗車地点までに掛かる時間、0.9%のライドは椅子の実移動時間に不満がありました
time=03:01:45.406 level=INFO msg=一定の売上が立ったためオーナーの椅子が増加します 名前="Skyline Taxis" 増加数=7
time=03:01:45.436 level=INFO msg=一定の売上が立ったためオーナーの椅子が増加します 名前=晴れ道タクシー 増加数=12
time=03:01:45.439 level=INFO msg=一定の売上が立ったためオーナーの椅子が増加します 名前=風座プロダクツ 増加数=9
time=03:01:45.440 level=INFO msg=一定の売上が立ったためオーナーの椅子が増加します 名前="Timeless Seats" 増加数=12
time=03:01:45.458 level=INFO msg=一定の売上が立ったためオーナーの椅子が増加します 名前="CraftChair Co., Ltd." 増加数=11
time=03:01:47.258 level=INFO msg=一定の売上が立ったためオーナーの椅子が増加します 名前="Skyline Taxis" 増加数=10
time=03:01:47.271 level=INFO msg=一定の売上が立ったためオーナーの椅子が増加します 名前=風座プロダクツ 増加数=11
time=03:01:47.308 level=INFO msg=一定の売上が立ったためオーナーの椅子が増加します 名前="CraftChair Co., Ltd." 増加数=13
time=03:01:47.311 level=INFO msg=一定の売上が立ったためオーナーの椅子が増加します 名前="Timeless Seats" 増加数=12
time=03:01:47.317 level=INFO msg=一定の売上が立ったためオーナーの椅子が増加します 名前=晴れ道タクシー 増加数=13
time=03:01:49.386 level=INFO msg=一定の売上が立ったためオーナーの椅子が増加します 名前="Skyline Taxis" 増加数=10
time=03:01:49.401 level=INFO msg=一定の売上が立ったためオーナーの椅子が増加します 名前=風座プロダクツ 増加数=13
time=03:01:49.401 level=INFO msg=一定の売上が立ったためオーナーの椅子が増加します 名前="CraftChair Co., Ltd." 増加数=15
time=03:01:49.405 level=INFO msg=一定の売上が立ったためオーナーの椅子が増加します 名前="Timeless Seats" 増加数=15
time=03:01:49.438 level=INFO msg=一定の売上が立ったためオーナーの椅子が増加します 名前=晴れ道タクシー 増加数=16
time=03:01:50.707 level=INFO msg=これまでに地域内の評判によって56人、既存ユーザーの招待経由で2352人が新規登録しました
time=03:01:50.707 level=INFO msg=これまでに低評価なライドによって1人が利用をやめました
time=03:01:50.707 level=INFO msg=56.5%のライドは椅子がマッチされるまでの時間、1.5%のライドはマッチされた椅子が乗車地点までに掛かる時間、5.1%のライドは椅子の実移動時間に不満がありました
time=03:01:51.021 level=INFO msg=一定の売上が立ったためオーナーの椅子が増加します 名前="Skyline Taxis" 増加数=9
time=03:01:51.046 level=INFO msg=一定の売上が立ったためオーナーの椅子が増加します 名前=風座プロダクツ 増加数=9
time=03:01:51.077 level=INFO msg=一定の売上が立ったためオーナーの椅子が増加します 名前=晴れ道タクシー 増加数=12
time=03:01:51.085 level=INFO msg=一定の売上が立ったためオーナーの椅子が増加します 名前="CraftChair Co., Ltd." 増加数=12
time=03:01:51.108 level=INFO msg=一定の売上が立ったためオーナーの椅子が増加します 名前="Timeless Seats" 増加数=11
time=03:01:52.831 level=INFO msg=一定の売上が立ったためオーナーの椅子が増加します 名前=風座プロダクツ 増加数=12
time=03:01:52.835 level=INFO msg=一定の売上が立ったためオーナーの椅子が増加します 名前="Skyline Taxis" 増加数=9
time=03:01:52.914 level=INFO msg=一定の売上が立ったためオーナーの椅子が増加します 名前="Timeless Seats" 増加数=12
time=03:01:52.918 level=INFO msg=一定の売上が立ったためオーナーの椅子が増加します 名前=晴れ道タクシー 増加数=14
time=03:01:52.924 level=INFO msg=一定の売上が立ったためオーナーの椅子が増加します 名前="CraftChair Co., Ltd." 増加数=14
time=03:01:54.837 level=INFO msg=一定の売上が立ったためオーナーの椅子が増加します 名前="Skyline Taxis" 増加数=14
time=03:01:54.860 level=INFO msg=一定の売上が立ったためオーナーの椅子が増加します 名前="CraftChair Co., Ltd." 増加数=21
time=03:01:54.889 level=INFO msg=一定の売上が立ったためオーナーの椅子が増加します 名前=風座プロダクツ 増加数=18
time=03:01:55.002 level=INFO msg=一定の売上が立ったためオーナーの椅子が増加します 名前="Timeless Seats" 増加数=19
time=03:01:55.016 level=INFO msg=一定の売上が立ったためオーナーの椅子が増加します 名前=晴れ道タクシー 増加数=21
time=03:01:56.377 level=INFO msg=これまでに地域内の評判によって68人、既存ユーザーの招待経由で3005人が新規登録しました
time=03:01:56.377 level=INFO msg=これまでに低評価なライドによって5人が利用をやめました
time=03:01:56.377 level=INFO msg=69.9%のライドは椅子がマッチされるまでの時間、1.1%のライドはマッチされた椅子が乗車地点までに掛かる時間、10.6%のライドは椅子の実移動時間に不満がありました
time=03:01:56.697 level=INFO msg=一定の売上が立ったためオーナーの椅子が増加します 名前="Skyline Taxis" 増加数=9
time=03:01:58.859 level=INFO msg=一定の売上が立ったためオーナーの椅子が増加します 名前="Skyline Taxis" 増加数=16
time=03:01:58.887 level=INFO msg=一定の売上が立ったためオーナーの椅子が増加します 名前="CraftChair Co., Ltd." 増加数=30
time=03:01:58.887 level=INFO msg=一定の売上が立ったためオーナーの椅子が増加します 名前=風座プロダクツ 増加数=26
time=03:01:58.897 level=INFO msg=一定の売上が立ったためオーナーの椅子が増加します 名前="Timeless Seats" 増加数=28
time=03:01:58.921 level=INFO msg=一定の売上が立ったためオーナーの椅子が増加します 名前=晴れ道タクシー 増加数=30
time=03:02:02.107 level=INFO msg=これまでに地域内の評判によって82人、既存ユーザーの招待経由で3499人が新規登録しました
time=03:02:02.107 level=INFO msg=これまでに低評価なライドによって9人が利用をやめました
time=03:02:02.107 level=INFO msg=78.6%のライドは椅子がマッチされるまでの時間、0.9%のライドはマッチされた椅子が乗車地点までに掛かる時間、16.2%のライドは椅子の実移動時間に不満がありました
time=03:02:03.099 level=INFO msg=一定の売上が立ったためオーナーの椅子が増加します 名前="Skyline Taxis" 増加数=32
time=03:02:03.128 level=INFO msg=一定の売上が立ったためオーナーの椅子が増加します 名前=風座プロダクツ 増加数=33
time=03:02:04.314 level=INFO msg=一定の売上が立ったためオーナーの椅子が増加します 名前="Timeless Seats" 増加数=49
time=03:02:04.315 level=INFO msg=一定の売上が立ったためオーナーの椅子が増加します 名前="CraftChair Co., Ltd." 増加数=50
time=03:02:04.344 level=INFO msg=一定の売上が立ったためオーナーの椅子が増加します 名前=晴れ道タクシー 増加数=52
time=03:02:07.507 level=INFO msg=これまでに地域内の評判によって100人、既存ユーザーの招待経由で3864人が新規登録しました
time=03:02:07.507 level=INFO msg=これまでに低評価なライドによって13人が利用をやめました
time=03:02:07.507 level=INFO msg=82.6%のライドは椅子がマッチされるまでの時間、0.8%のライドはマッチされた椅子が乗車地点までに掛かる時間、20.8%のライドは椅子の実移動時間に不満がありました
time=03:02:08.105 level=INFO msg=一定の売上が立ったためオーナーの椅子が増加します 名前="Skyline Taxis" 増加数=36
time=03:02:08.124 level=INFO msg=一定の売上が立ったためオーナーの椅子が増加します 名前=風座プロダクツ 増加数=45
time=03:02:08.126 level=INFO msg=一定の売上が立ったためオーナーの椅子が増加します 名前="CraftChair Co., Ltd." 増加数=36
time=03:02:10.083 level=INFO msg=一定の売上が立ったためオーナーの椅子が増加します 名前="Timeless Seats" 増加数=47
time=03:02:10.100 level=INFO msg=一定の売上が立ったためオーナーの椅子が増加します 名前=晴れ道タクシー 増加数=51
time=03:02:12.908 level=INFO msg=これまでに地域内の評判によって118人、既存ユーザーの招待経由で4136人が新規登録しました
time=03:02:12.908 level=INFO msg=これまでに低評価なライドによって16人が利用をやめました
time=03:02:12.908 level=INFO msg=85.8%のライドは椅子がマッチされるまでの時間、0.8%のライドはマッチされた椅子が乗車地点までに掛かる時間、24.0%のライドは椅子の実移動時間に不満がありました
time=03:02:13.931 level=INFO msg=一定の売上が立ったためオーナーの椅子が増加します 名前="Skyline Taxis" 増加数=41
time=03:02:13.935 level=INFO msg=一定の売上が立ったためオーナーの椅子が増加します 名前=風座プロダクツ 増加数=47
time=03:02:14.215 level=INFO msg=一定の売上が立ったためオーナーの椅子が増加します 名前="CraftChair Co., Ltd." 増加数=57
time=03:02:15.680 level=INFO msg=一定の売上が立ったためオーナーの椅子が増加します 名前="Timeless Seats" 増加数=52
time=03:02:15.700 level=INFO msg=一定の売上が立ったためオーナーの椅子が増加します 名前=晴れ道タクシー 増加数=53
time=03:02:17.586 level=INFO msg=一定の売上が立ったためオーナーの椅子が増加します 名前="Skyline Taxis" 増加数=24
time=03:02:17.821 level=INFO msg=一定の売上が立ったためオーナーの椅子が増加します 名前=風座プロダクツ 増加数=29
time=03:02:18.308 level=INFO msg=これまでに地域内の評判によって136人、既存ユーザーの招待経由で4371人が新規登録しました
time=03:02:18.308 level=INFO msg=これまでに低評価なライドによって20人が利用をやめました
time=03:02:18.308 level=INFO msg=87.8%のライドは椅子がマッチされるまでの時間、0.8%のライドはマッチされた椅子が乗車地点までに掛かる時間、26.7%のライドは椅子の実移動時間に不満がありました
time=03:02:19.392 level=INFO msg=一定の売上が立ったためオーナーの椅子が増加します 名前="Skyline Taxis" 増加数=13
time=03:02:19.407 level=INFO msg=一定の売上が立ったためオーナーの椅子が増加します 名前="CraftChair Co., Ltd." 増加数=45
time=03:02:21.994 level=INFO msg=一定の売上が立ったためオーナーの椅子が増加します 名前="Skyline Taxis" 増加数=15
time=03:02:22.024 level=INFO msg=一定の売上が立ったためオーナーの椅子が増加します 名前=風座プロダクツ 増加数=32
time=03:02:22.051 level=INFO msg=一定の売上が立ったためオーナーの椅子が増加します 名前="Timeless Seats" 増加数=48
time=03:02:22.075 level=INFO msg=一定の売上が立ったためオーナーの椅子が増加します 名前=晴れ道タクシー 増加数=54
time=03:02:28.648 level=INFO msg=最終地域情報 名前=チェアタウン ユーザー登録数=2707 アクティブユーザー数=2697
time=03:02:28.648 level=INFO msg=最終地域情報 名前=コシカケシティ ユーザー登録数=1930 アクティブユーザー数=1914
time=03:02:28.648 level=INFO msg=最終オーナー情報 名前="Timeless Seats" 売上=15202800 椅子数=374
time=03:02:28.648 level=INFO msg=最終オーナー情報 名前=晴れ道タクシー 売上=16290400 椅子数=400
time=03:02:28.648 level=INFO msg=最終オーナー情報 名前="Skyline Taxis" 売上=11900100 椅子数=298
time=03:02:28.648 level=INFO msg=最終オーナー情報 名前=風座プロダクツ 売上=13796900 椅子数=343
time=03:02:28.648 level=INFO msg=最終オーナー情報 名前="CraftChair Co., Ltd." 売上=16009800 椅子数=375
time=03:02:28.648 level=INFO msg=89.3%のライドは椅子がマッチされるまでの時間、0.7%のライドはマッチされた椅子が乗車地点までに掛かる時間、29.2%のライドは椅子の実移動時間に不満がありました
time=03:02:28.649 level=INFO msg=結果 pass=true スコア=750992 種別エラー数=map[]
time=03:02:28.649 level=INFO msg=負荷走行が終了しました
