time=02:06:25.698 level=INFO msg=負荷走行を開始します
time=02:06:31.656 level=INFO msg=一定の売上が立ったためオーナーの椅子が増加します 名前=街のりタクシー 増加数=1
time=02:06:33.456 level=INFO msg=一定の売上が立ったためオーナーの椅子が増加します 名前="Orbit Taxi" 増加数=2
time=02:06:33.456 level=INFO msg=一定の売上が立ったためオーナーの椅子が増加します 名前=ひまわり交通 増加数=1
time=02:06:33.458 level=INFO msg=一定の売上が立ったためオーナーの椅子が増加します 名前=椅子やいちば 増加数=2
time=02:06:33.458 level=INFO msg=一定の売上が立ったためオーナーの椅子が増加します 名前=ゆったり号 増加数=1
time=02:06:33.458 level=INFO msg=一定の売上が立ったためオーナーの椅子が増加します 名前=街のりタクシー 増加数=2
time=02:06:33.481 level=INFO msg=これまでに地域内の評判によって9人、既存ユーザーの招待経由で30人が新規登録しました
time=02:06:33.481 level=INFO msg=0.0%のライドは椅子がマッチされるまでの時間、70.0%のライドはマッチされた椅子が乗車地点までに掛かる時間、0.0%のライドは椅子の実移動時間に不満がありました
time=02:06:35.258 level=INFO msg=一定の売上が立ったためオーナーの椅子が増加します 名前=ひまわり交通 増加数=2
time=02:06:35.260 level=INFO msg=一定の売上が立ったためオーナーの椅子が増加します 名前="Orbit Taxi" 増加数=1
time=02:06:35.260 level=INFO msg=一定の売上が立ったためオーナーの椅子が増加します 名前=街のりタクシー 増加数=2
time=02:06:37.059 level=INFO msg=一定の売上が立ったためオーナーの椅子が増加します 名前="Orbit Taxi" 増加数=3
time=02:06:37.059 level=INFO msg=一定の売上が立ったためオーナーの椅子が増加します 名前=ゆったり号 増加数=1
time=02:06:37.060 level=INFO msg=一定の売上が立ったためオーナーの椅子が増加します 名前=椅子やいちば 増加数=2
time=02:06:37.061 level=INFO msg=一定の売上が立ったためオーナーの椅子が増加します 名前=街のりタクシー 増加数=1
time=02:06:37.061 level=INFO msg=一定の売上が立ったためオーナーの椅子が増加します 名前=ひまわり交通 増加数=1
time=02:06:38.860 level=INFO msg=一定の売上が立ったためオーナーの椅子が増加します 名前=椅子やいちば 増加数=2
time=02:06:38.860 level=INFO msg=一定の売上が立ったためオーナーの椅子が増加します 名前=ゆったり号 増加数=2
time=02:06:38.861 level=INFO msg=一定の売上が立ったためオーナーの椅子が増加します 名前="Orbit Taxi" 増加数=2
time=02:06:38.862 level=INFO msg=一定の売上が立ったためオーナーの椅子が増加します 名前=ひまわり交通 増加数=2
time=02:06:38.864 level=INFO msg=一定の売上が立ったためオーナーの椅子が増加します 名前=街のりタクシー 増加数=2
time=02:06:38.880 level=INFO msg=これまでに地域内の評判によって20人、既存ユーザーの招待経由で91人が新規登録しました
time=02:06:38.880 level=INFO msg=0.0%のライドは椅子がマッチされるまでの時間、68.1%のライドはマッチされた椅子が乗車地点までに掛かる時間、0.5%のライドは椅子の実移動時間に不満がありました
time=02:06:40.657 level=INFO msg=一定の売上が立ったためオーナーの椅子が増加します 名前=ひまわり交通 増加数=2
time=02:06:40.663 level=INFO msg=一定の売上が立ったためオーナーの椅子が増加します 名前=ゆったり号 増加数=1
time=02:06:40.665 level=INFO msg=一定の売上が立ったためオーナーの椅子が増加します 名前=椅子やいちば 増加数=1
time=02:06:40.666 level=INFO msg=一定の売上が立ったためオーナーの椅子が増加します 名前="Orbit Taxi" 増加数=3
time=02:06:40.668 level=INFO msg=一定の売上が立ったためオーナーの椅子が増加します 名前=街のりタクシー 増加数=1
time=02:06:42.464 level=INFO msg=一定の売上が立ったためオーナーの椅子が増加します 名前=ひまわり交通 増加数=1
time=02:06:42.464 level=INFO msg=一定の売上が立ったためオーナーの椅子が増加します 名前=街のりタクシー 増加数=4
time=02:06:42.465 level=INFO msg=一定の売上が立ったためオーナーの椅子が増加します 名前=ゆったり号 増加数=1
time=02:06:42.468 level=INFO msg=一定の売上が立ったためオーナーの椅子が増加します 名前=椅子やいちば 増加数=2
time=02:06:42.468 level=INFO msg=一定の売上が立ったためオーナーの椅子が増加します 名前="Orbit Taxi" 増加数=2
time=02:06:44.264 level=INFO msg=一定の売上が立ったためオーナーの椅子が増加します 名前=ゆったり号 増加数=1
time=02:06:44.267 level=INFO msg=一定の売上が立ったためオーナーの椅子が増加します 名前=街のりタクシー 増加数=2
time=02:06:44.269 level=INFO msg=一定の売上が立ったためオーナーの椅子が増加します 名前=ひまわり交通 増加数=2
time=02:06:44.269 level=INFO msg=一定の売上が立ったためオーナーの椅子が増加します 名前=椅子やいちば 増加数=2
time=02:06:44.270 level=INFO msg=一定の売上が立ったためオーナーの椅子が増加します 名前="Orbit Taxi" 増加数=3
time=02:06:44.281 level=INFO msg=これまでに地域内の評判によって30人、既存ユーザーの招待経由で148人が新規登録しました
time=02:06:44.281 level=INFO msg=29.8%のライドは椅子がマッチされるまでの時間、67.0%のライドはマッチされた椅子が乗車地点までに掛かる時間、0.5%のライドは椅子の実移動時間に不満がありました
time=02:06:46.064 level=INFO msg=一定の売上が立ったためオーナーの椅子が増加します 名前=ひまわり交通 増加数=2
time=02:06:46.065 level=INFO msg=一定の売上が立ったためオーナーの椅子が増加します 名前=ゆったり号 増加数=1
time=02:06:46.070 level=INFO msg=一定の売上が立ったためオーナーの椅子が増加します 名前=椅子やいちば 増加数=3
time=02:06:46.074 level=INFO msg=一定の売上が立ったためオーナーの椅子が増加します 名前="Orbit Taxi" 増加数=2
time=02:06:46.076 level=INFO msg=一定の売上が立ったためオーナーの椅子が増加します 名前=街のりタクシー 増加数=3
time=02:06:47.866 level=INFO msg=一定の売上が立ったためオーナーの椅子が増加します 名前=ゆったり号 増加数=1
time=02:06:47.873 level=INFO msg=一定の売上が立ったためオーナーの椅子が増加します 名前=椅子やいちば 増加数=3
time=02:06:47.873 level=INFO msg=一定の売上が立ったためオーナーの椅子が増加します 名前=ひまわり交通 増加数=1
time=02:06:47.874 level=INFO msg=一定の売上が立ったためオーナーの椅子が増加します 名前="Orbit Taxi" 増加数=4
time=02:06:47.881 level=INFO msg=一定の売上が立ったためオーナーの椅子が増加します 名前=街のりタクシー 増加数=4
time=02:06:49.671 level=INFO msg=一定の売上が立ったためオーナーの椅子が増加します 名前=ゆったり号 増加数=2
time=02:06:49.677 level=INFO msg=一定の売上が立ったためオーナーの椅子が増加します 名前=ひまわり交通 増加数=5
time=02:06:49.678 level=INFO msg=一定の売上が立ったためオーナーの椅子が増加します 名前=椅子やいちば 増加数=4
time=02:06:49.680 level=INFO msg=これまでに地域内の評判によって46人、既存ユーザーの招待経由で221人が新規登録しました
time=02:06:49.681 level=INFO msg=58.6%のライドは椅子がマッチされるまでの時間、60.7%のライドはマッチされた椅子が乗車地点までに掛かる時間、0.3%のライドは椅子の実移動時間に不満がありました
time=02:06:49.683 level=INFO msg=一定の売上が立ったためオーナーの椅子が増加します 名前=街のりタクシー 増加数=3
time=02:06:49.683 level=INFO msg=一定の売上が立ったためオーナーの椅子が増加します 名前="Orbit Taxi" 増加数=2
time=02:06:51.474 level=INFO msg=一定の売上が立ったためオーナーの椅子が増加します 名前=ゆったり号 増加数=2
time=02:06:51.484 level=INFO msg=一定の売上が立ったためオーナーの椅子が増加します 名前=ひまわり交通 増加数=4
time=02:06:51.488 level=INFO msg=一定の売上が立ったためオーナーの椅子が増加します 名前=椅子やいちば 増加数=3
time=02:06:51.490 level=INFO msg=一定の売上が立ったためオーナーの椅子が増加します 名前="Orbit Taxi" 増加数=4
time=02:06:51.492 level=INFO msg=一定の売上が立ったためオーナーの椅子が増加します 名前=街のりタクシー 増加数=3
time=02:06:53.280 level=INFO msg=一定の売上が立ったためオーナーの椅子が増加します 名前=ゆったり号 増加数=5
time=02:06:53.290 level=INFO msg=一定の売上が立ったためオーナーの椅子が増加します 名前=ひまわり交通 増加数=4
time=02:06:53.295 level=INFO msg=一定の売上が立ったためオーナーの椅子が増加します 名前=椅子やいちば 増加数=3
time=02:06:53.296 level=INFO msg=一定の売上が立ったためオーナーの椅子が増加します 名前=街のりタクシー 増加数=5
time=02:06:53.296 level=INFO msg=一定の売上が立ったためオーナーの椅子が増加します 名前="Orbit Taxi" 増加数=4
time=02:06:55.081 level=INFO msg=これまでに地域内の評判によって54人、既存ユーザーの招待経由で344人が新規登録しました
time=02:06:55.081 level=INFO msg=76.0%のライドは椅子がマッチされるまでの時間、53.7%のライドはマッチされた椅子が乗車地点までに掛かる時間、0.4%のライドは椅子の実移動時間に不満がありました
time=02:06:55.089 level=INFO msg=一定の売上が立ったためオーナーの椅子が増加します 名前=ゆったり号 増加数=3
time=02:06:55.097 level=INFO msg=一定の売上が立ったためオーナーの椅子が増加します 名前=ひまわり交通 増加数=5
time=02:06:55.098 level=INFO msg=一定の売上が立ったためオーナーの椅子が増加します 名前=椅子やいちば 増加数=4
time=02:06:55.103 level=INFO msg=一定の売上が立ったためオーナーの椅子が増加します 名前="Orbit Taxi" 増加数=6
time=02:06:55.105 level=INFO msg=一定の売上が立ったためオーナーの椅子が増加します 名前=街のりタクシー 増加数=4
time=02:06:56.904 level=INFO msg=一定の売上が立ったためオーナーの椅子が増加します 名前=ゆったり号 増加数=3
time=02:06:56.910 level=INFO msg=一定の売上が立ったためオーナーの椅子が増加します 名前=ひまわり交通 増加数=4
time=02:06:56.917 level=INFO msg=一定の売上が立ったためオーナーの椅子が増加します 名前="Orbit Taxi" 増加数=5
time=02:06:56.928 level=INFO msg=一定の売上が立ったためオーナーの椅子が増加します 名前=椅子やいちば 増加数=4
time=02:06:56.932 level=INFO msg=一定の売上が立ったためオーナーの椅子が増加します 名前=街のりタクシー 増加数=4
time=02:06:58.722 level=INFO msg=一定の売上が立ったためオーナーの椅子が増加します 名前=ゆったり号 増加数=4
time=02:06:58.752 level=INFO msg=一定の売上が立ったためオーナーの椅子が増加します 名前=ひまわり交通 増加数=5
time=02:06:58.755 level=INFO msg=一定の売上が立ったためオーナーの椅子が増加します 名前=椅子やいちば 増加数=5
time=02:06:58.765 level=INFO msg=一定の売上が立ったためオーナーの椅子が増加します 名前=街のりタクシー 増加数=7
time=02:06:58.770 level=INFO msg=一定の売上が立ったためオーナーの椅子が増加します 名前="Orbit Taxi" 増加数=5
time=02:07:00.540 level=INFO msg=これまでに地域内の評判によって66人、既存ユーザーの招待経由で585人が新規登録しました
time=02:07:00.541 level=INFO msg=85.6%のライドは椅子がマッチされるまでの時間、44.9%のライドはマッチされた椅子が乗車地点までに掛かる時間、0.4%のライドは椅子の実移動時間に不満がありました
time=02:07:00.567 level=INFO msg=一定の売上が立ったためオーナーの椅子が増加します 名前=椅子やいちば 増加数=5
time=02:07:00.582 level=INFO msg=一定の売上が立ったためオーナーの椅子が増加します 名前=ひまわり交通 増加数=4
time=02:07:00.593 level=INFO msg=一定の売上が立ったためオーナーの椅子が増加します 名前=街のりタクシー 増加数=5
time=02:07:00.600 level=INFO msg=一定の売上が立ったためオーナーの椅子が増加します 名前=ゆったり号 増加数=5
time=02:07:00.670 level=INFO msg=一定の売上が立ったためオーナーの椅子が増加します 名前="Orbit Taxi" 増加数=5
time=02:07:02.393 level=INFO msg=一定の売上が立ったためオーナーの椅子が増加します 名前=ゆったり号 増加数=4
time=02:07:02.418 level=INFO msg=一定の売上が立ったためオーナーの椅子が増加します 名前="Orbit Taxi" 増加数=6
time=02:07:02.420 level=INFO msg=一定の売上が立ったためオーナーの椅子が増加します 名前=ひまわり交通 増加数=6
time=02:07:02.426 level=INFO msg=一定の売上が立ったためオーナーの椅子が増加します 名前=椅子やいちば 増加数=5
time=02:07:02.428 level=INFO msg=一定の売上が立ったためオーナーの椅子が増加します 名前=街のりタクシー 増加数=6
time=02:07:04.186 level=INFO msg=一定の売上が立ったためオーナーの椅子が増加します 名前=ゆったり号 増加数=4
time=02:07:04.239 level=INFO msg=一定の売上が立ったためオーナーの椅子が増加します 名前="Orbit Taxi" 増加数=6
time=02:07:04.279 level=INFO msg=一定の売上が立ったためオーナーの椅子が増加します 名前=椅子やいちば 増加数=5
time=02:07:04.290 level=INFO msg=一定の売上が立ったためオーナーの椅子が増加します 名前=ひまわり交通 増加数=6
time=02:07:04.295 level=INFO msg=一定の売上が立ったためオーナーの椅子が増加します 名前=街のりタクシー 増加数=5
time=02:07:05.941 level=INFO msg=これまでに地域内の評判によって78人、既存ユーザーの招待経由で875人が新規登録しました
time=02:07:05.941 level=INFO msg=これまでに低評価なライドによって2人が利用をやめました
time=02:07:05.941 level=INFO msg=89.7%のライドは椅子がマッチされるまでの時間、40.6%のライドはマッチされた椅子が乗車地点までに掛かる時間、0.8%のライドは椅子の実移動時間に不満がありました
time=02:07:05.978 level=INFO msg=一定の売上が立ったためオーナーの椅子が増加します 名前=街のりタクシー 増加数=6
time=02:07:06.056 level=INFO msg=一定の売上が立ったためオーナーの椅子が増加します 名前=椅子やいちば 増加数=5
time=02:07:06.060 level=INFO msg=一定の売上が立ったためオーナーの椅子が増加します 名前=ゆったり号 増加数=4
time=02:07:06.268 level=INFO msg=一定の売上が立ったためオーナーの椅子が増加します 名前="Orbit Taxi" 増加数=6
time=02:07:06.458 level=INFO msg=一定の売上が立ったためオーナーの椅子が増加します 名前=ひまわり交通 増加数=6
time=02:07:07.985 level=INFO msg=一定の売上が立ったためオーナーの椅子が増加します 名前=椅子やいちば 増加数=4
time=02:07:07.993 level=INFO msg=一定の売上が立ったためオーナーの椅子が増加します 名前=ゆったり号 増加数=4
time=02:07:08.017 level=INFO msg=一定の売上が立ったためオーナーの椅子が増加します 名前=ひまわり交通 増加数=4
time=02:07:08.022 level=INFO msg=一定の売上が立ったためオーナーの椅子が増加します 名前="Orbit Taxi" 増加数=5
time=02:07:08.037 level=INFO msg=一定の売上が立ったためオーナーの椅子が増加します 名前=街のりタクシー 増加数=5
time=02:07:09.726 level=INFO msg=一定の売上が立ったためオーナーの椅子が増加します 名前=ひまわり交通 増加数=5
time=02:07:09.734 level=INFO msg=一定の売上が立ったためオーナーの椅子が増加します 名前=椅子やいちば 増加数=6
time=02:07:09.939 level=INFO msg=一定の売上が立ったためオーナーの椅子が増加します 名前=ゆったり号 増加数=4
time=02:07:09.958 level=INFO msg=一定の売上が立ったためオーナーの椅子が増加します 名前="Orbit Taxi" 増加数=6
time=02:07:09.978 level=INFO msg=一定の売上が立ったためオーナーの椅子が増加します 名前=街のりタクシー 増加数=8
time=02:07:11.341 level=INFO msg=これまでに地域内の評判によって90人、既存ユーザーの招待経由で1123人が新規登録しました
time=02:07:11.341 level=INFO msg=これまでに低評価なライドによって31人が利用をやめました
time=02:07:11.341 level=INFO msg=92.1%のライドは椅子がマッチされるまでの時間、38.4%のライドはマッチされた椅子が乗車地点までに掛かる時間、4.8%のライドは椅子の実移動時間に不満がありました
time=02:07:11.473 level=INFO msg=一定の売上が立ったためオーナーの椅子が増加します 名前=ゆったり号 増加数=4
time=02:07:11.530 level=INFO msg=一定の売上が立ったためオーナーの椅子が増加します 名前="Orbit Taxi" 増加数=6
time=02:07:11.545 level=INFO msg=一定の売上が立ったためオーナーの椅子が増加します 名前=椅子やいちば 増加数=5
time=02:07:11.563 level=INFO msg=一定の売上が立ったためオーナーの椅子が増加します 名前=ひまわり交通 増加数=3
time=02:07:11.603 level=INFO msg=一定の売上が立ったためオーナーの椅子が増加します 名前=街のりタクシー 増加数=4
time=02:07:13.451 level=INFO msg=一定の売上が立ったためオーナーの椅子が増加します 名前=椅子やいちば 増加数=6
time=02:07:13.455 level=INFO msg=一定の売上が立ったためオーナーの椅子が増加します 名前=ゆったり号 増加数=5
time=02:07:13.491 level=INFO msg=一定の売上が立ったためオーナーの椅子が増加します 名前=ひまわり交通 増加数=7
time=02:07:13.552 level=INFO msg=一定の売上が立ったためオーナーの椅子が増加します 名前=街のりタクシー 増加数=8
time=02:07:13.568 level=INFO msg=一定の売上が立ったためオーナーの椅子が増加します 名前="Orbit Taxi" 増加数=7
time=02:07:15.218 level=INFO msg=一定の売上が立ったためオーナーの椅子が増加します 名前=ゆったり号 増加数=4
time=02:07:15.256 level=INFO msg=一定の売上が立ったためオーナーの椅子が増加します 名前=ひまわり交通 増加数=5
time=02:07:15.273 level=INFO msg=一定の売上が立ったためオーナーの椅子が増加します 名前=街のりタクシー 増加数=5
time=02:07:15.280 level=INFO msg=一定の売上が立ったためオーナーの椅子が増加します 名前=椅子やいちば 増加数=6
time=02:07:15.300 level=INFO msg=一定の売上が立ったためオーナーの椅子が増加します 名前="Orbit Taxi" 増加数=7
time=02:07:16.830 level=INFO msg=これまでに地域内の評判によって102人、既存ユーザーの招待経由で1318人が新規登録しました
time=02:07:16.831 level=INFO msg=これまでに低評価なライドによって91人が利用をやめました
time=02:07:16.831 level=INFO msg=93.7%のライドは椅子がマッチされるまでの時間、36.1%のライドはマッチされた椅子が乗車地点までに掛かる時間、11.6%のライドは椅子の実移動時間に不満がありました
time=02:07:17.131 level=INFO msg=一定の売上が立ったためオーナーの椅子が増加します 名前=ゆったり号 増加数=3
time=02:07:18.821 level=INFO msg=一定の売上が立ったためオーナーの椅子が増加します 名前=ひまわり交通 増加数=10
time=02:07:18.823 level=INFO msg=一定の売上が立ったためオーナーの椅子が増加します 名前=街のりタクシー 増加数=12
time=02:07:18.912 level=INFO msg=一定の売上が立ったためオーナーの椅子が増加します 名前=ゆったり号 増加数=5
time=02:07:18.928 level=INFO msg=一定の売上が立ったためオーナーの椅子が増加します 名前=椅子やいちば 増加数=11
time=02:07:19.298 level=INFO msg=一定の売上が立ったためオーナーの椅子が増加します 名前="Orbit Taxi" 増加数=13
time=02:07:22.230 level=INFO msg=これまでに地域内の評判によって114人、既存ユーザーの招待経由で1409人が新規登録しました
time=02:07:22.231 level=INFO msg=これまでに低評価なライドによって157人が利用をやめました
time=02:07:22.231 level=INFO msg=94.8%のライドは椅子がマッチされるまでの時間、35.5%のライドはマッチされた椅子が乗車地点までに掛かる時間、17.5%のライドは椅子の実移動時間に不満がありました
time=02:07:22.455 level=INFO msg=一定の売上が立ったためオーナーの椅子が増加します 名前=椅子やいちば 増加数=9
time=02:07:22.478 level=INFO msg=一定の売上が立ったためオーナーの椅子が増加します 名前=街のりタクシー 増加数=12
time=02:07:22.481 level=INFO msg=一定の売上が立ったためオーナーの椅子が増加します 名前=ゆったり号 増加数=8
time=02:07:22.573 level=INFO msg=一定の売上が立ったためオーナーの椅子が増加します 名前=ひまわり交通 増加数=10
time=02:07:22.578 level=INFO msg=一定の売上が立ったためオーナーの椅子が増加します 名前="Orbit Taxi" 増加数=12
time=02:07:27.630 level=INFO msg=これまでに地域内の評判によって126人、既存ユーザーの招待経由で1443人が新規登録しました
time=02:07:27.630 level=INFO msg=これまでに低評価なライドによって228人が利用をやめました
time=02:07:27.630 level=INFO msg=95.5%のライドは椅子がマッチされるまでの時間、35.1%のライドはマッチされた椅子が乗車地点までに掛かる時間、23.4%のライドは椅子の実移動時間に不満がありました
time=02:07:27.999 level=INFO msg=一定の売上が立ったためオーナーの椅子が増加します 名前=ゆったり号 増加数=10
time=02:07:28.032 level=INFO msg=一定の売上が立ったためオーナーの椅子が増加します 名前=椅子やいちば 増加数=14
time=02:07:28.072 level=INFO msg=一定の売上が立ったためオーナーの椅子が増加します 名前=街のりタクシー 増加数=18
time=02:07:28.073 level=INFO msg=一定の売上が立ったためオーナーの椅子が増加します 名前="Orbit Taxi" 増加数=17
time=02:07:28.091 level=INFO msg=一定の売上が立ったためオーナーの椅子が増加します 名前=ひまわり交通 増加数=14
time=02:07:33.080 level=INFO msg=最終地域情報 名前=チェアタウン ユーザー登録数=942 アクティブユーザー数=797
time=02:07:33.080 level=INFO msg=最終地域情報 名前=コシカケシティ ユーザー登録数=657 アクティブユーザー数=569
time=02:07:33.080 level=INFO msg=最終オーナー情報 名前=椅子やいちば 売上=4388700 椅子数=125
time=02:07:33.080 level=INFO msg=最終オーナー情報 名前=ひまわり交通 売上=4373400 椅子数=125
time=02:07:33.080 level=INFO msg=最終オーナー情報 名前="Orbit Taxi" 売上=5330800 椅子数=148
time=02:07:33.080 level=INFO msg=最終オーナー情報 名前=街のりタクシー 売上=5206800 椅子数=146
time=02:07:33.080 level=INFO msg=最終オーナー情報 名前=ゆったり号 売上=3219500 椅子数=96
time=02:07:33.081 level=INFO msg=95.8%のライドは椅子がマッチされるまでの時間、34.2%のライドはマッチされた椅子が乗車地点までに掛かる時間、26.9%のライドは椅子の実移動時間に不満がありました
time=02:07:33.081 level=INFO msg=結果 pass=true スコア=264471 種別エラー数=map[]
time=02:07:33.081 level=INFO msg=負荷走行が終了しました
