time=07:00:14.944 level=INFO msg=負荷走行を開始します
time=07:00:20.922 level=INFO msg=一定の売上が立ったためオーナーの椅子が増加します 名前=街のりタクシー 増加数=2
time=07:00:20.925 level=INFO msg=一定の売上が立ったためオーナーの椅子が増加します 名前=晴れ道タクシー 増加数=1
time=07:00:20.927 level=INFO msg=一定の売上が立ったためオーナーの椅子が増加します 名前=木座デザイン 増加数=1
time=07:00:20.927 level=INFO msg=一定の売上が立ったためオーナーの椅子が増加します 名前=ComfortWorks 増加数=1
time=07:00:20.927 level=INFO msg=一定の売上が立ったためオーナーの椅子が増加します 名前=椅子のめぐりや 増加数=1
time=07:00:22.725 level=INFO msg=一定の売上が立ったためオーナーの椅子が増加します 名前=街のりタクシー 増加数=2
time=07:00:22.726 level=INFO msg=一定の売上が立ったためオーナーの椅子が増加します 名前=晴れ道タクシー 増加数=2
time=07:00:22.726 level=INFO msg=一定の売上が立ったためオーナーの椅子が増加します 名前=ComfortWorks 増加数=2
time=07:00:22.726 level=INFO msg=一定の売上が立ったためオーナーの椅子が増加します 名前=木座デザイン 増加数=1
time=07:00:22.726 level=INFO msg=一定の売上が立ったためオーナーの椅子が増加します 名前=椅子のめぐりや 増加数=1
time=07:00:22.750 level=INFO msg=これまでに地域内の評判によって7人、既存ユーザーの招待経由で49人が新規登録しました
time=07:00:22.750 level=INFO msg=0.0%のライドは椅子がマッチされるまでの時間、76.0%のライドはマッチされた椅子が乗車地点までに掛かる時間、1.0%のライドは椅子の実移動時間に不満がありました
time=07:00:24.523 level=INFO msg=一定の売上が立ったためオーナーの椅子が増加します 名前=ComfortWorks 増加数=4
time=07:00:24.523 level=INFO msg=一定の売上が立ったためオーナーの椅子が増加します 名前=木座デザイン 増加数=2
time=07:00:24.523 level=INFO msg=一定の売上が立ったためオーナーの椅子が増加します 名前=椅子のめぐりや 増加数=4
time=07:00:24.528 level=INFO msg=一定の売上が立ったためオーナーの椅子が増加します 名前=街のりタクシー 増加数=4
time=07:00:24.529 level=INFO msg=一定の売上が立ったためオーナーの椅子が増加します 名前=晴れ道タクシー 増加数=4
time=07:00:26.330 level=INFO msg=一定の売上が立ったためオーナーの椅子が増加します 名前=晴れ道タクシー 増加数=5
time=07:00:26.331 level=INFO msg=一定の売上が立ったためオーナーの椅子が増加します 名前=椅子のめぐりや 増加数=5
time=07:00:26.331 level=INFO msg=一定の売上が立ったためオーナーの椅子が増加します 名前=木座デザイン 増加数=4
time=07:00:26.333 level=INFO msg=一定の売上が立ったためオーナーの椅子が増加します 名前=ComfortWorks 増加数=6
time=07:00:26.334 level=INFO msg=一定の売上が立ったためオーナーの椅子が増加します 名前=街のりタクシー 増加数=7
time=07:00:28.126 level=INFO msg=一定の売上が立ったためオーナーの椅子が増加します 名前=街のりタクシー 増加数=9
time=07:00:28.126 level=INFO msg=一定の売上が立ったためオーナーの椅子が増加します 名前=晴れ道タクシー 増加数=9
time=07:00:28.130 level=INFO msg=一定の売上が立ったためオーナーの椅子が増加します 名前=椅子のめぐりや 増加数=8
time=07:00:28.130 level=INFO msg=一定の売上が立ったためオーナーの椅子が増加します 名前=ComfortWorks 増加数=8
time=07:00:28.131 level=INFO msg=一定の売上が立ったためオーナーの椅子が増加します 名前=木座デザイン 増加数=5
time=07:00:28.150 level=INFO msg=これまでに地域内の評判によって20人、既存ユーザーの招待経由で286人が新規登録しました
time=07:00:28.150 level=INFO msg=0.0%のライドは椅子がマッチされるまでの時間、27.7%のライドはマッチされた椅子が乗車地点までに掛かる時間、0.8%のライドは椅子の実移動時間に不満がありました
time=07:00:29.929 level=INFO msg=一定の売上が立ったためオーナーの椅子が増加します 名前=晴れ道タクシー 増加数=9
time=07:00:29.933 level=INFO msg=一定の売上が立ったためオーナーの椅子が増加します 名前=街のりタクシー 増加数=11
time=07:00:29.937 level=INFO msg=一定の売上が立ったためオーナーの椅子が増加します 名前=ComfortWorks 増加数=11
time=07:00:29.937 level=INFO msg=一定の売上が立ったためオーナーの椅子が増加します 名前=木座デザイン 増加数=9
time=07:00:29.938 level=INFO msg=一定の売上が立ったためオーナーの椅子が増加します 名前=椅子のめぐりや 増加数=9
time=07:00:31.728 level=INFO msg=一定の売上が立ったためオーナーの椅子が増加します 名前=晴れ道タクシー 増加数=13
time=07:00:31.739 level=INFO msg=一定の売上が立ったためオーナーの椅子が増加します 名前=椅子のめぐりや 増加数=13
time=07:00:31.739 level=INFO msg=一定の売上が立ったためオーナーの椅子が増加します 名前=木座デザイン 増加数=10
time=07:00:31.739 level=INFO msg=一定の売上が立ったためオーナーの椅子が増加します 名前=ComfortWorks 増加数=13
time=07:00:31.740 level=INFO msg=一定の売上が立ったためオーナーの椅子が増加します 名前=街のりタクシー 増加数=12
time=07:00:33.541 level=INFO msg=一定の売上が立ったためオーナーの椅子が増加します 名前=晴れ道タクシー 増加数=11
time=07:00:33.547 level=INFO msg=一定の売上が立ったためオーナーの椅子が増加します 名前=椅子のめぐりや 増加数=11
time=07:00:33.547 level=INFO msg=一定の売上が立ったためオーナーの椅子が増加します 名前=ComfortWorks 増加数=11
time=07:00:33.547 level=INFO msg=一定の売上が立ったためオーナーの椅子が増加します 名前=木座デザイン 増加数=11
time=07:00:33.549 level=INFO msg=一定の売上が立ったためオーナーの椅子が増加します 名前=街のりタクシー 増加数=14
time=07:00:33.550 level=INFO msg=これまでに地域内の評判によって35人、既存ユーザーの招待経由で1031人が新規登録しました
time=07:00:33.550 level=INFO msg=0.0%のライドは椅子がマッチされるまでの時間、10.7%のライドはマッチされた椅子が乗車地点までに掛かる時間、0.6%のライドは椅子の実移動時間に不満がありました
time=07:00:35.557 level=INFO msg=一定の売上が立ったためオーナーの椅子が増加します 名前=椅子のめぐりや 増加数=12
time=07:00:35.557 level=INFO msg=一定の売上が立ったためオーナーの椅子が増加します 名前=木座デザイン 増加数=11
time=07:00:35.558 level=INFO msg=一定の売上が立ったためオーナーの椅子が増加します 名前=ComfortWorks 増加数=14
time=07:00:35.558 level=INFO msg=一定の売上が立ったためオーナーの椅子が増加します 名前=街のりタクシー 増加数=13
time=07:00:35.558 level=INFO msg=一定の売上が立ったためオーナーの椅子が増加します 名前=晴れ道タクシー 増加数=14
time=07:00:37.359 level=INFO msg=一定の売上が立ったためオーナーの椅子が増加します 名前=街のりタクシー 増加数=15
time=07:00:37.359 level=INFO msg=一定の売上が立ったためオーナーの椅子が増加します 名前=晴れ道タクシー 増加数=12
time=07:00:37.376 level=INFO msg=一定の売上が立ったためオーナーの椅子が増加します 名前=木座デザイン 増加数=10
time=07:00:37.376 level=INFO msg=一定の売上が立ったためオーナーの椅子が増加します 名前=椅子のめぐりや 増加数=13
time=07:00:37.377 level=INFO msg=一定の売上が立ったためオーナーの椅子が増加します 名前=ComfortWorks 増加数=13
time=07:00:39.149 level=INFO msg=一定の売上が立ったためオーナーの椅子が増加します 名前=晴れ道タクシー 増加数=14
time=07:00:39.160 level=INFO msg=これまでに地域内の評判によって53人、既存ユーザーの招待経由で1924人が新規登録しました
time=07:00:39.160 level=INFO msg=これまでに低評価なライドによって4人が利用をやめました
time=07:00:39.160 level=INFO msg=13.4%のライドは椅子がマッチされるまでの時間、6.6%のライドはマッチされた椅子が乗車地点までに掛かる時間、15.9%のライドは椅子の実移動時間に不満がありました
time=07:00:39.175 level=INFO msg=一定の売上が立ったためオーナーの椅子が増加します 名前=街のりタクシー 増加数=15
time=07:00:39.183 level=INFO msg=一定の売上が立ったためオーナーの椅子が増加します 名前=木座デザイン 増加数=12
time=07:00:39.184 level=INFO msg=一定の売上が立ったためオーナーの椅子が増加します 名前=ComfortWorks 増加数=16
time=07:00:39.185 level=INFO msg=一定の売上が立ったためオーナーの椅子が増加します 名前=椅子のめぐりや 増加数=13
time=07:00:41.139 level=INFO msg=一定の売上が立ったためオーナーの椅子が増加します 名前=晴れ道タクシー 増加数=20
time=07:00:41.140 level=INFO msg=一定の売上が立ったためオーナーの椅子が増加します 名前=街のりタクシー 増加数=22
time=07:00:41.156 level=INFO msg=一定の売上が立ったためオーナーの椅子が増加します 名前=木座デザイン 増加数=15
time=07:00:41.157 level=INFO msg=一定の売上が立ったためオーナーの椅子が増加します 名前=ComfortWorks 増加数=22
time=07:00:41.157 level=INFO msg=一定の売上が立ったためオーナーの椅子が増加します 名前=椅子のめぐりや 増加数=19
time=07:00:43.172 level=INFO msg=一定の売上が立ったためオーナーの椅子が増加します 名前=木座デザイン 増加数=14
time=07:00:43.196 level=INFO msg=一定の売上が立ったためオーナーの椅子が増加します 名前=街のりタクシー 増加数=22
time=07:00:43.196 level=INFO msg=一定の売上が立ったためオーナーの椅子が増加します 名前=椅子のめぐりや 増加数=19
time=07:00:43.197 level=INFO msg=一定の売上が立ったためオーナーの椅子が増加します 名前=ComfortWorks 増加数=20
time=07:00:43.198 level=INFO msg=一定の売上が立ったためオーナーの椅子が増加します 名前=晴れ道タクシー 増加数=19
time=07:00:44.980 level=INFO msg=これまでに地域内の評判によって71人、既存ユーザーの招待経由で2596人が新規登録しました
time=07:00:44.980 level=INFO msg=これまでに低評価なライドによって16人が利用をやめました
time=07:00:44.980 level=INFO msg=46.6%のライドは椅子がマッチされるまでの時間、5.1%のライドはマッチされた椅子が乗車地点までに掛かる時間、22.9%のライドは椅子の実移動時間に不満がありました
time=07:00:44.993 level=INFO msg=一定の売上が立ったためオーナーの椅子が増加します 名前=木座デザイン 増加数=16
time=07:00:44.994 level=INFO msg=一定の売上が立ったためオーナーの椅子が増加します 名前=椅子のめぐりや 増加数=19
time=07:00:46.780 level=INFO msg=一定の売上が立ったためオーナーの椅子が増加します 名前=木座デザイン 増加数=20
time=07:00:46.780 level=INFO msg=一定の売上が立ったためオーナーの椅子が増加します 名前=椅子のめぐりや 増加数=25
time=07:00:46.780 level=INFO msg=一定の売上が立ったためオーナーの椅子が増加します 名前=ComfortWorks 増加数=46
time=07:00:46.799 level=INFO msg=一定の売上が立ったためオーナーの椅子が増加します 名前=街のりタクシー 増加数=46
time=07:00:46.800 level=INFO msg=一定の売上が立ったためオーナーの椅子が増加します 名前=晴れ道タクシー 増加数=44
time=07:00:50.650 level=INFO msg=これまでに地域内の評判によって89人、既存ユーザーの招待経由で2950人が新規登録しました
time=07:00:50.650 level=INFO msg=これまでに低評価なライドによって47人が利用をやめました
time=07:00:50.650 level=INFO msg=65.2%のライドは椅子がマッチされるまでの時間、4.1%のライドはマッチされた椅子が乗車地点までに掛かる時間、29.5%のライドは椅子の実移動時間に不満がありました
time=07:00:50.697 level=INFO msg=一定の売上が立ったためオーナーの椅子が増加します 名前=木座デザイン 増加数=41
time=07:00:50.697 level=INFO msg=一定の売上が立ったためオーナーの椅子が増加します 名前=椅子のめぐりや 増加数=54
time=07:00:52.528 level=INFO msg=一定の売上が立ったためオーナーの椅子が増加します 名前=街のりタクシー 増加数=78
time=07:00:52.542 level=INFO msg=一定の売上が立ったためオーナーの椅子が増加します 名前=ComfortWorks 増加数=77
time=07:00:52.574 level=INFO msg=一定の売上が立ったためオーナーの椅子が増加します 名前=晴れ道タクシー 増加数=74
time=07:00:56.140 level=INFO msg=これまでに地域内の評判によって107人、既存ユーザーの招待経由で3183人が新規登録しました
time=07:00:56.140 level=INFO msg=これまでに低評価なライドによって73人が利用をやめました
time=07:00:56.140 level=INFO msg=74.1%のライドは椅子がマッチされるまでの時間、3.7%のライドはマッチされた椅子が乗車地点までに掛かる時間、33.9%のライドは椅子の実移動時間に不満がありました
time=07:00:56.185 level=INFO msg=一定の売上が立ったためオーナーの椅子が増加します 名前=木座デザイン 増加数=62
time=07:00:57.971 level=INFO msg=一定の売上が立ったためオーナーの椅子が増加します 名前=椅子のめぐりや 増加数=103
time=07:01:01.811 level=INFO msg=これまでに地域内の評判によって125人、既存ユーザーの招待経由で3381人が新規登録しました
time=07:01:01.811 level=INFO msg=これまでに低評価なライドによって103人が利用をやめました
time=07:01:01.811 level=INFO msg=79.5%のライドは椅子がマッチされるまでの時間、3.3%のライドはマッチされた椅子が乗車地点までに掛かる時間、37.2%のライドは椅子の実移動時間に不満がありました
time=07:01:01.920 level=WARN msg="取得した付近の椅子情報に不備があります (CODE=30): ID:01M32ZRN50WJ61MXM2N7N186TBの椅子は既にライド中です"
time=07:01:03.116 level=WARN msg="取得した付近の椅子情報に不備があります (CODE=30): ID:01M32ZRP1BSW3XGS3AY93MKZQQの椅子は既にライド中です"
time=07:01:03.117 level=WARN msg="取得した付近の椅子情報に不備があります (CODE=30): ID:01M32ZRP1BSW3XGS3AY93MKZQQの椅子は既にライド中です"
time=07:01:04.554 level=WARN msg="取得した付近の椅子情報に不備があります (CODE=30): ID:01M32ZS4T5915D6GZJGY3G64ESの椅子は既にライド中です"
time=07:01:04.554 level=WARN msg="取得した付近の椅子情報に不備があります (CODE=30): ID:01M32ZS4T5915D6GZJGY3G64ESの椅子は既にライド中です"
time=07:01:04.555 level=WARN msg="取得した付近の椅子情報に不備があります (CODE=30): ID:01M32ZS4T5915D6GZJGY3G64ESの椅子は既にライド中です"
time=07:01:04.582 level=WARN msg="取得した付近の椅子情報に不備があります (CODE=30): ID:01M32ZS4T5915D6GZJGY3G64ESの椅子は既にライド中です"
time=07:01:05.404 level=INFO msg=一定の売上が立ったためオーナーの椅子が増加します 名前=晴れ道タクシー 増加数=169
time=07:01:05.454 level=INFO msg=一定の売上が立ったためオーナーの椅子が増加します 名前=街のりタクシー 増加数=188
time=07:01:05.466 level=INFO msg=一定の売上が立ったためオーナーの椅子が増加します 名前=ComfortWorks 増加数=178
time=07:01:07.210 level=INFO msg=これまでに地域内の評判によって143人、既存ユーザーの招待経由で3447人が新規登録しました
time=07:01:07.210 level=INFO msg=これまでに低評価なライドによって145人が利用をやめました
time=07:01:07.210 level=INFO msg=83.3%のライドは椅子がマッチされるまでの時間、3.1%のライドはマッチされた椅子が乗車地点までに掛かる時間、40.8%のライドは椅子の実移動時間に不満がありました
time=07:01:07.314 level=INFO msg=一定の売上が立ったためオーナーの椅子が増加します 名前=木座デザイン 増加数=134
time=07:01:13.480 level=INFO msg=これまでに地域内の評判によって161人、既存ユーザーの招待経由で3544人が新規登録しました
time=07:01:13.480 level=INFO msg=これまでに低評価なライドによって170人が利用をやめました
time=07:01:13.480 level=INFO msg=86.0%のライドは椅子がマッチされるまでの時間、3.0%のライドはマッチされた椅子が乗車地点までに掛かる時間、43.5%のライドは椅子の実移動時間に不満がありました
time=07:01:15.848 level=WARN msg="取得した付近の椅子情報に不備があります (CODE=30): ID:01M32ZS356519176NFM440TT5Fの椅子は既にライド中です"
time=07:01:15.848 level=WARN msg="取得した付近の椅子情報に不備があります (CODE=30): ID:01M32ZRBTQCPRSZT3HFRB02VN7の椅子は既にライド中です"
time=07:01:22.350 level=INFO msg=最終地域情報 名前=チェアタウン ユーザー登録数=2105 アクティブユーザー数=2016
time=07:01:22.350 level=INFO msg=最終地域情報 名前=コシカケシティ ユーザー登録数=1742 アクティブユーザー数=1652
time=07:01:22.350 level=INFO msg=最終オーナー情報 名前=晴れ道タクシー 売上=22438000 椅子数=424
time=07:01:22.350 level=INFO msg=最終オーナー情報 名前=椅子のめぐりや 売上=23107400 椅子数=333
time=07:01:22.350 level=INFO msg=最終オーナー情報 名前=街のりタクシー 売上=24754500 椅子数=464
time=07:01:22.350 level=INFO msg=最終オーナー情報 名前=木座デザイン 売上=19366000 椅子数=382
time=07:01:22.350 level=INFO msg=最終オーナー情報 名前=ComfortWorks 売上=23754700 椅子数=446
time=07:01:22.350 level=INFO msg=86.8%のライドは椅子がマッチされるまでの時間、2.9%のライドはマッチされた椅子が乗車地点までに掛かる時間、44.7%のライドは椅子の実移動時間に不満がありました
time=07:01:22.351 level=INFO msg=結果 pass=true スコア=1192302 種別エラー数=map[30:9]
time=07:01:22.351 level=INFO msg=負荷走行が終了しました
