time=03:37:07.645 level=INFO msg=負荷走行を開始します
time=03:37:13.625 level=INFO msg=一定の売上が立ったためオーナーの椅子が増加します 名前=ゆったり号 増加数=1
time=03:37:13.625 level=INFO msg=一定の売上が立ったためオーナーの椅子が増加します 名前=座心工房 増加数=1
time=03:37:13.625 level=INFO msg=一定の売上が立ったためオーナーの椅子が増加します 名前=CityRide 増加数=2
time=03:37:15.423 level=INFO msg=一定の売上が立ったためオーナーの椅子が増加します 名前=ゆったり号 増加数=3
time=03:37:15.428 level=INFO msg=一定の売上が立ったためオーナーの椅子が増加します 名前=座り心地再生所 増加数=2
time=03:37:15.428 level=INFO msg=一定の売上が立ったためオーナーの椅子が増加します 名前=座心工房 増加数=2
time=03:37:15.428 level=INFO msg=一定の売上が立ったためオーナーの椅子が増加します 名前=CityRide 増加数=2
time=03:37:15.429 level=INFO msg=一定の売上が立ったためオーナーの椅子が増加します 名前=暮らしの椅子研究所 増加数=2
time=03:37:15.450 level=INFO msg=これまでに地域内の評判によって7人、既存ユーザーの招待経由で51人が新規登録しました
time=03:37:15.450 level=INFO msg=0.0%のライドは椅子がマッチされるまでの時間、55.8%のライドはマッチされた椅子が乗車地点までに掛かる時間、0.0%のライドは椅子の実移動時間に不満がありました
time=03:37:17.223 level=INFO msg=一定の売上が立ったためオーナーの椅子が増加します 名前=ゆったり号 増加数=4
time=03:37:17.225 level=INFO msg=一定の売上が立ったためオーナーの椅子が増加します 名前=座心工房 増加数=5
time=03:37:17.225 level=INFO msg=一定の売上が立ったためオーナーの椅子が増加します 名前=CityRide 増加数=5
time=03:37:17.225 level=INFO msg=一定の売上が立ったためオーナーの椅子が増加します 名前=座り心地再生所 増加数=3
time=03:37:17.225 level=INFO msg=一定の売上が立ったためオーナーの椅子が増加します 名前=暮らしの椅子研究所 増加数=3
time=03:37:19.023 level=INFO msg=一定の売上が立ったためオーナーの椅子が増加します 名前=座り心地再生所 増加数=5
time=03:37:19.025 level=INFO msg=一定の売上が立ったためオーナーの椅子が増加します 名前=暮らしの椅子研究所 増加数=5
time=03:37:19.025 level=INFO msg=一定の売上が立ったためオーナーの椅子が増加します 名前=座心工房 増加数=5
time=03:37:19.026 level=INFO msg=一定の売上が立ったためオーナーの椅子が増加します 名前=CityRide 増加数=6
time=03:37:19.034 level=INFO msg=一定の売上が立ったためオーナーの椅子が増加します 名前=ゆったり号 増加数=5
time=03:37:20.826 level=INFO msg=一定の売上が立ったためオーナーの椅子が増加します 名前=座心工房 増加数=9
time=03:37:20.826 level=INFO msg=一定の売上が立ったためオーナーの椅子が増加します 名前=座り心地再生所 増加数=6
time=03:37:20.826 level=INFO msg=一定の売上が立ったためオーナーの椅子が増加します 名前=CityRide 増加数=10
time=03:37:20.826 level=INFO msg=一定の売上が立ったためオーナーの椅子が増加します 名前=暮らしの椅子研究所 増加数=6
time=03:37:20.827 level=INFO msg=一定の売上が立ったためオーナーの椅子が増加します 名前=ゆったり号 増加数=8
time=03:37:20.850 level=INFO msg=これまでに地域内の評判によって19人、既存ユーザーの招待経由で298人が新規登録しました
time=03:37:20.850 level=INFO msg=0.9%のライドは椅子がマッチされるまでの時間、14.2%のライドはマッチされた椅子が乗車地点までに掛かる時間、0.2%のライドは椅子の実移動時間に不満がありました
time=03:37:22.634 level=INFO msg=一定の売上が立ったためオーナーの椅子が増加します 名前=ゆったり号 増加数=12
time=03:37:22.637 level=INFO msg=一定の売上が立ったためオーナーの椅子が増加します 名前=CityRide 増加数=9
time=03:37:22.637 level=INFO msg=一定の売上が立ったためオーナーの椅子が増加します 名前=座り心地再生所 増加数=9
time=03:37:22.637 level=INFO msg=一定の売上が立ったためオーナーの椅子が増加します 名前=座心工房 増加数=11
time=03:37:22.638 level=INFO msg=一定の売上が立ったためオーナーの椅子が増加します 名前=暮らしの椅子研究所 増加数=10
time=03:37:24.424 level=INFO msg=一定の売上が立ったためオーナーの椅子が増加します 名前=座心工房 増加数=11
time=03:37:24.433 level=INFO msg=一定の売上が立ったためオーナーの椅子が増加します 名前=CityRide 増加数=12
time=03:37:24.433 level=INFO msg=一定の売上が立ったためオーナーの椅子が増加します 名前=暮らしの椅子研究所 増加数=10
time=03:37:24.433 level=INFO msg=一定の売上が立ったためオーナーの椅子が増加します 名前=座り心地再生所 増加数=12
time=03:37:24.438 level=INFO msg=一定の売上が立ったためオーナーの椅子が増加します 名前=ゆったり号 増加数=12
time=03:37:26.228 level=INFO msg=一定の売上が立ったためオーナーの椅子が増加します 名前=座り心地再生所 増加数=11
time=03:37:26.231 level=INFO msg=一定の売上が立ったためオーナーの椅子が増加します 名前=座心工房 増加数=14
time=03:37:26.231 level=INFO msg=一定の売上が立ったためオーナーの椅子が増加します 名前=暮らしの椅子研究所 増加数=13
time=03:37:26.236 level=INFO msg=一定の売上が立ったためオーナーの椅子が増加します 名前=ゆったり号 増加数=13
time=03:37:26.240 level=INFO msg=一定の売上が立ったためオーナーの椅子が増加します 名前=CityRide 増加数=13
time=03:37:26.250 level=INFO msg=これまでに地域内の評判によって35人、既存ユーザーの招待経由で1069人が新規登録しました
time=03:37:26.250 level=INFO msg=3.2%のライドは椅子がマッチされるまでの時間、4.7%のライドはマッチされた椅子が乗車地点までに掛かる時間、0.5%のライドは椅子の実移動時間に不満がありました
time=03:37:28.038 level=INFO msg=一定の売上が立ったためオーナーの椅子が増加します 名前=ゆったり号 増加数=15
time=03:37:28.063 level=INFO msg=一定の売上が立ったためオーナーの椅子が増加します 名前=CityRide 増加数=13
time=03:37:28.063 level=INFO msg=一定の売上が立ったためオーナーの椅子が増加します 名前=座り心地再生所 増加数=12
time=03:37:28.064 level=INFO msg=一定の売上が立ったためオーナーの椅子が増加します 名前=座心工房 増加数=14
time=03:37:28.065 level=INFO msg=一定の売上が立ったためオーナーの椅子が増加します 名前=暮らしの椅子研究所 増加数=12
time=03:37:29.848 level=INFO msg=一定の売上が立ったためオーナーの椅子が増加します 名前=ゆったり号 増加数=15
time=03:37:29.862 level=INFO msg=一定の売上が立ったためオーナーの椅子が増加します 名前=CityRide 増加数=16
time=03:37:29.863 level=INFO msg=一定の売上が立ったためオーナーの椅子が増加します 名前=座り心地再生所 増加数=11
time=03:37:29.863 level=INFO msg=一定の売上が立ったためオーナーの椅子が増加します 名前=暮らしの椅子研究所 増加数=12
time=03:37:29.864 level=INFO msg=一定の売上が立ったためオーナーの椅子が増加します 名前=座心工房 増加数=14
time=03:37:31.650 level=INFO msg=これまでに地域内の評判によって53人、既存ユーザーの招待経由で1975人が新規登録しました
time=03:37:31.650 level=INFO msg=これまでに低評価なライドによって4人が利用をやめました
time=03:37:31.650 level=INFO msg=22.9%のライドは椅子がマッチされるまでの時間、2.9%のライドはマッチされた椅子が乗車地点までに掛かる時間、10.7%のライドは椅子の実移動時間に不満がありました
time=03:37:31.658 level=INFO msg=一定の売上が立ったためオーナーの椅子が増加します 名前=CityRide 増加数=16
time=03:37:31.660 level=INFO msg=一定の売上が立ったためオーナーの椅子が増加します 名前=ゆったり号 増加数=16
time=03:37:31.664 level=INFO msg=一定の売上が立ったためオーナーの椅子が増加します 名前=座心工房 増加数=17
time=03:37:31.664 level=INFO msg=一定の売上が立ったためオーナーの椅子が増加します 名前=暮らしの椅子研究所 増加数=14
time=03:37:31.664 level=INFO msg=一定の売上が立ったためオーナーの椅子が増加します 名前=座り心地再生所 増加数=14
time=03:37:33.768 level=INFO msg=一定の売上が立ったためオーナーの椅子が増加します 名前=暮らしの椅子研究所 増加数=17
time=03:37:33.768 level=INFO msg=一定の売上が立ったためオーナーの椅子が増加します 名前=座心工房 増加数=20
time=03:37:33.769 level=INFO msg=一定の売上が立ったためオーナーの椅子が増加します 名前=CityRide 増加数=19
time=03:37:33.769 level=INFO msg=一定の売上が立ったためオーナーの椅子が増加します 名前=座り心地再生所 増加数=13
time=03:37:33.788 level=INFO msg=一定の売上が立ったためオーナーの椅子が増加します 名前=ゆったり号 増加数=19
time=03:37:35.573 level=INFO msg=一定の売上が立ったためオーナーの椅子が増加します 名前=座心工房 増加数=20
time=03:37:35.580 level=INFO msg=一定の売上が立ったためオーナーの椅子が増加します 名前=暮らしの椅子研究所 増加数=17
time=03:37:35.580 level=INFO msg=一定の売上が立ったためオーナーの椅子が増加します 名前=座り心地再生所 増加数=17
time=03:37:35.598 level=INFO msg=一定の売上が立ったためオーナーの椅子が増加します 名前=CityRide 増加数=20
time=03:37:35.601 level=INFO msg=一定の売上が立ったためオーナーの椅子が増加します 名前=ゆったり号 増加数=20
time=03:37:37.380 level=INFO msg=これまでに地域内の評判によって71人、既存ユーザーの招待経由で2728人が新規登録しました
time=03:37:37.380 level=INFO msg=これまでに低評価なライドによって15人が利用をやめました
time=03:37:37.380 level=INFO msg=49.3%のライドは椅子がマッチされるまでの時間、2.2%のライドはマッチされた椅子が乗車地点までに掛かる時間、19.0%のライドは椅子の実移動時間に不満がありました
time=03:37:37.396 level=INFO msg=一定の売上が立ったためオーナーの椅子が増加します 名前=ゆったり号 増加数=22
time=03:37:37.396 level=INFO msg=一定の売上が立ったためオーナーの椅子が増加します 名前=座心工房 増加数=21
time=03:37:37.398 level=INFO msg=一定の売上が立ったためオーナーの椅子が増加します 名前=暮らしの椅子研究所 増加数=16
time=03:37:37.399 level=INFO msg=一定の売上が立ったためオーナーの椅子が増加します 名前=座り心地再生所 増加数=15
time=03:37:39.210 level=INFO msg=一定の売上が立ったためオーナーの椅子が増加します 名前=CityRide 増加数=44
time=03:37:41.355 level=INFO msg=一定の売上が立ったためオーナーの椅子が増加します 名前=座り心地再生所 増加数=38
time=03:37:41.356 level=INFO msg=一定の売上が立ったためオーナーの椅子が増加します 名前=座心工房 増加数=49
time=03:37:41.357 level=INFO msg=一定の売上が立ったためオーナーの椅子が増加します 名前=暮らしの椅子研究所 増加数=43
time=03:37:41.361 level=INFO msg=一定の売上が立ったためオーナーの椅子が増加します 名前=ゆったり号 増加数=52
time=03:37:43.443 level=INFO msg=これまでに地域内の評判によって89人、既存ユーザーの招待経由で3320人が新規登録しました
time=03:37:43.443 level=INFO msg=これまでに低評価なライドによって26人が利用をやめました
time=03:37:43.443 level=INFO msg=65.7%のライドは椅子がマッチされるまでの時間、2.0%のライドはマッチされた椅子が乗車地点までに掛かる時間、25.5%のライドは椅子の実移動時間に不満がありました
time=03:37:43.536 level=INFO msg=一定の売上が立ったためオーナーの椅子が増加します 名前=CityRide 増加数=54
time=03:37:45.377 level=WARN msg="取得した付近の椅子情報に不備があります (CODE=30): ID:01M32M4SSBAXSD6CNR41NJSHG5の椅子は既にライド中です"
time=03:37:47.604 level=INFO msg=一定の売上が立ったためオーナーの椅子が増加します 名前=座り心地再生所 増加数=63
time=03:37:47.658 level=INFO msg=一定の売上が立ったためオーナーの椅子が増加します 名前=座心工房 増加数=79
time=03:37:47.658 level=INFO msg=一定の売上が立ったためオーナーの椅子が増加します 名前=暮らしの椅子研究所 増加数=67
time=03:37:49.710 level=INFO msg=これまでに地域内の評判によって107人、既存ユーザーの招待経由で3709人が新規登録しました
time=03:37:49.710 level=INFO msg=これまでに低評価なライドによって47人が利用をやめました
time=03:37:49.710 level=INFO msg=74.7%のライドは椅子がマッチされるまでの時間、1.9%のライドはマッチされた椅子が乗車地点までに掛かる時間、29.9%のライドは椅子の実移動時間に不満がありました
time=03:37:49.763 level=INFO msg=一定の売上が立ったためオーナーの椅子が増加します 名前=ゆったり号 増加数=108
time=03:37:52.011 level=INFO msg=一定の売上が立ったためオーナーの椅子が増加します 名前=CityRide 増加数=116
time=03:37:56.221 level=INFO msg=これまでに地域内の評判によって125人、既存ユーザーの招待経由で4072人が新規登録しました
time=03:37:56.221 level=INFO msg=これまでに低評価なライドによって64人が利用をやめました
time=03:37:56.221 level=INFO msg=80.2%のライドは椅子がマッチされるまでの時間、1.8%のライドはマッチされた椅子が乗車地点までに掛かる時間、33.1%のライドは椅子の実移動時間に不満がありました
time=03:37:59.334 level=WARN msg="取得した付近の椅子情報に不備があります (CODE=30): ID:01M32M4PK0CQN82TWAGHMWK3DXの椅子は既にライド中です"
time=03:37:59.359 level=WARN msg="取得した付近の椅子情報に不備があります (CODE=30): ID:01M32M4PK0CQN82TWAGHMWK3DXの椅子は既にライド中です"
time=03:37:59.378 level=WARN msg="取得した付近の椅子情報に不備があります (CODE=30): ID:01M32M4PK0CQN82TWAGHMWK3DXの椅子は既にライド中です"
time=03:37:59.380 level=WARN msg="取得した付近の椅子情報に不備があります (CODE=30): ID:01M32M4PK0CQN82TWAGHMWK3DXの椅子は既にライド中です"
time=03:37:59.382 level=WARN msg="取得した付近の椅子情報に不備があります (CODE=30): ID:01M32M4PK0CQN82TWAGHMWK3DXの椅子は既にライド中です"
time=03:37:59.385 level=WARN msg="取得した付近の椅子情報に不備があります (CODE=30): ID:01M32M4PK0CQN82TWAGHMWK3DXの椅子は既にライド中です"
time=03:38:00.020 level=INFO msg=一定の売上が立ったためオーナーの椅子が増加します 名前=暮らしの椅子研究所 増加数=149
time=03:38:00.021 level=INFO msg=一定の売上が立ったためオーナーの椅子が増加します 名前=座り心地再生所 増加数=145
time=03:38:02.340 level=INFO msg=これまでに地域内の評判によって143人、既存ユーザーの招待経由で4319人が新規登録しました
time=03:38:02.340 level=INFO msg=これまでに低評価なライドによって88人が利用をやめました
time=03:38:02.340 level=INFO msg=83.8%のライドは椅子がマッチされるまでの時間、1.7%のライドはマッチされた椅子が乗車地点までに掛かる時間、35.7%のライドは椅子の実移動時間に不満がありました
time=03:38:02.403 level=INFO msg=一定の売上が立ったためオーナーの椅子が増加します 名前=座心工房 増加数=209
time=03:38:06.008 level=WARN msg="取得した付近の椅子情報に不備があります (CODE=30): ID:01M32M556CHG2XAHHTWG9Z014Dの椅子は既にライド中です"
time=03:38:06.009 level=WARN msg="取得した付近の椅子情報に不備があります (CODE=30): ID:01M32M556CHG2XAHHTWG9Z014Dの椅子は既にライド中です"
time=03:38:06.009 level=WARN msg="取得した付近の椅子情報に不備があります (CODE=30): ID:01M32M556CHG2XAHHTWG9Z014Dの椅子は既にライド中です"
time=03:38:07.559 level=WARN msg="取得した付近の椅子情報に不備があります (CODE=30): ID:01M32M4C4HGDZMQ6QXAQ6YQ99Bの椅子は既にライド中です"
time=03:38:07.559 level=WARN msg="取得した付近の椅子情報に不備があります (CODE=30): ID:01M32M4QH919569SYZZ8S34HTDの椅子は既にライド中です"
time=03:38:07.559 level=WARN msg="取得した付近の椅子情報に不備があります (CODE=30): ID:01M32M4QH919569SYZZ8S34HTDの椅子は既にライド中です"
time=03:38:07.559 level=WARN msg="取得した付近の椅子情報に不備があります (CODE=30): ID:01M32M4DV9CN2BVYW159MFWTYRの椅子は既にライド中です"
time=03:38:07.559 level=WARN msg="取得した付近の椅子情報に不備があります (CODE=30): ID:01M32M4GC4VQDGN1N9EGTRJ3HZの椅子は既にライド中です"
time=03:38:07.560 level=WARN msg="取得した付近の椅子情報に不備があります (CODE=30): ID:01M32M4C4HGDZMQ6QXAQ6YQ99Bの椅子は既にライド中です"
time=03:38:07.560 level=WARN msg="取得した付近の椅子情報に不備があります (CODE=30): ID:01M32M4DV9CN2BVYW159MFWTYRの椅子は既にライド中です"
time=03:38:07.560 level=WARN msg="取得した付近の椅子情報に不備があります (CODE=30): ID:01M32M4QH919569SYZZ8S34HTDの椅子は既にライド中です"
time=03:38:07.560 level=WARN msg="取得した付近の椅子情報に不備があります (CODE=30): ID:01M32M4QH919569SYZZ8S34HTDの椅子は既にライド中です"
time=03:38:07.560 level=WARN msg="取得した付近の椅子情報に不備があります (CODE=30): ID:01M32M4C4HGDZMQ6QXAQ6YQ99Bの椅子は既にライド中です"
time=03:38:07.561 level=WARN msg="取得した付近の椅子情報に不備があります (CODE=30): ID:01M32M4GC4VQDGN1N9EGTRJ3HZの椅子は既にライド中です"
time=03:38:07.561 level=WARN msg="取得した付近の椅子情報に不備があります (CODE=30): ID:01M32M5BWAT2DBY5EQRB1NDAKHの椅子は既にライド中です"
time=03:38:08.460 level=INFO msg=これまでに地域内の評判によって161人、既存ユーザーの招待経由で4505人が新規登録しました
time=03:38:08.460 level=INFO msg=これまでに低評価なライドによって131人が利用をやめました
time=03:38:08.460 level=INFO msg=86.3%のライドは椅子がマッチされるまでの時間、1.7%のライドはマッチされた椅子が乗車地点までに掛かる時間、38.0%のライドは椅子の実移動時間に不満がありました
time=03:38:15.058 level=INFO msg=最終地域情報 名前=チェアタウン ユーザー登録数=2801 アクティブユーザー数=2729
time=03:38:15.058 level=INFO msg=最終地域情報 名前=コシカケシティ ユーザー登録数=1994 アクティブユーザー数=1930
time=03:38:15.058 level=INFO msg=最終オーナー情報 名前=座心工房 売上=23609200 椅子数=505
time=03:38:15.058 level=INFO msg=最終オーナー情報 名前=CityRide 売上=23339600 椅子数=361
time=03:38:15.058 level=INFO msg=最終オーナー情報 名前=座り心地再生所 売上=18887200 椅子数=380
time=03:38:15.058 level=INFO msg=最終オーナー情報 名前=暮らしの椅子研究所 売上=19769300 椅子数=400
time=03:38:15.058 level=INFO msg=最終オーナー情報 名前=ゆったり号 売上=23047300 椅子数=329
time=03:38:15.058 level=INFO msg=86.9%のライドは椅子がマッチされるまでの時間、1.6%のライドはマッチされた椅子が乗車地点までに掛かる時間、38.5%のライドは椅子の実移動時間に不満がありました
time=03:38:15.060 level=INFO msg=結果 pass=true スコア=1137655 種別エラー数=map[30:22]
time=03:38:15.060 level=INFO msg=負荷走行が終了しました
