time=01:15:13.918 level=INFO msg=負荷走行を開始します
time=01:15:19.911 level=INFO msg=一定の売上が立ったためオーナーの椅子が増加します 名前=ふたたび椅子堂 増加数=1
time=01:15:19.917 level=INFO msg=一定の売上が立ったためオーナーの椅子が増加します 名前=和やか交通 増加数=1
time=01:15:19.917 level=INFO msg=一定の売上が立ったためオーナーの椅子が増加します 名前=椅子と暮らし舎 増加数=1
time=01:15:21.706 level=INFO msg=これまでに地域内の評判によって7人、既存ユーザーの招待経由で22人が新規登録しました
time=01:15:21.706 level=INFO msg=0.0%のライドは椅子がマッチされるまでの時間、65.5%のライドはマッチされた椅子が乗車地点までに掛かる時間、15.5%のライドは椅子の実移動時間に不満がありました
time=01:15:21.713 level=INFO msg=一定の売上が立ったためオーナーの椅子が増加します 名前="Orbit Taxi" 増加数=1
time=01:15:21.716 level=INFO msg=一定の売上が立ったためオーナーの椅子が増加します 名前="Chair Charm" 増加数=1
time=01:15:21.726 level=INFO msg=一定の売上が立ったためオーナーの椅子が増加します 名前=ふたたび椅子堂 増加数=1
time=01:15:21.729 level=INFO msg=一定の売上が立ったためオーナーの椅子が増加します 名前=椅子と暮らし舎 増加数=1
time=01:15:23.515 level=INFO msg=一定の売上が立ったためオーナーの椅子が増加します 名前=和やか交通 増加数=1
time=01:15:23.516 level=INFO msg=一定の売上が立ったためオーナーの椅子が増加します 名前=椅子と暮らし舎 増加数=2
time=01:15:23.536 level=INFO msg=一定の売上が立ったためオーナーの椅子が増加します 名前=ふたたび椅子堂 増加数=1
time=01:15:25.332 level=INFO msg=一定の売上が立ったためオーナーの椅子が増加します 名前=椅子と暮らし舎 増加数=1
time=01:15:25.335 level=INFO msg=一定の売上が立ったためオーナーの椅子が増加します 名前=ふたたび椅子堂 増加数=1
time=01:15:25.344 level=INFO msg=一定の売上が立ったためオーナーの椅子が増加します 名前="Chair Charm" 増加数=1
time=01:15:25.347 level=INFO msg=一定の売上が立ったためオーナーの椅子が増加します 名前=和やか交通 増加数=1
time=01:15:25.351 level=INFO msg=一定の売上が立ったためオーナーの椅子が増加します 名前="Orbit Taxi" 増加数=1
time=01:15:27.106 level=INFO msg=これまでに地域内の評判によって19人、既存ユーザーの招待経由で28人が新規登録しました
time=01:15:27.106 level=INFO msg=これまでに低評価なライドによって8人が利用をやめました
time=01:15:27.106 level=INFO msg=0.0%のライドは椅子がマッチされるまでの時間、71.7%のライドはマッチされた椅子が乗車地点までに掛かる時間、46.7%のライドは椅子の実移動時間に不満がありました
time=01:15:27.158 level=INFO msg=一定の売上が立ったためオーナーの椅子が増加します 名前="Orbit Taxi" 増加数=1
time=01:15:27.203 level=INFO msg=一定の売上が立ったためオーナーの椅子が増加します 名前=椅子と暮らし舎 増加数=1
time=01:15:27.204 level=INFO msg=一定の売上が立ったためオーナーの椅子が増加します 名前=ふたたび椅子堂 増加数=1
time=01:15:28.976 level=INFO msg=一定の売上が立ったためオーナーの椅子が増加します 名前="Chair Charm" 増加数=1
time=01:15:29.004 level=INFO msg=一定の売上が立ったためオーナーの椅子が増加します 名前="Orbit Taxi" 増加数=1
time=01:15:29.032 level=INFO msg=一定の売上が立ったためオーナーの椅子が増加します 名前=和やか交通 増加数=1
time=01:15:29.040 level=INFO msg=一定の売上が立ったためオーナーの椅子が増加します 名前=椅子と暮らし舎 増加数=3
time=01:15:30.748 level=INFO msg=一定の売上が立ったためオーナーの椅子が増加します 名前=ふたたび椅子堂 増加数=1
time=01:15:30.749 level=INFO msg=一定の売上が立ったためオーナーの椅子が増加します 名前=和やか交通 増加数=2
time=01:15:30.807 level=INFO msg=一定の売上が立ったためオーナーの椅子が増加します 名前="Orbit Taxi" 増加数=1
time=01:15:32.505 level=INFO msg=これまでに地域内の評判によって31人、既存ユーザーの招待経由で32人が新規登録しました
time=01:15:32.505 level=INFO msg=これまでに低評価なライドによって19人が利用をやめました
time=01:15:32.506 level=INFO msg=0.0%のライドは椅子がマッチされるまでの時間、72.7%のライドはマッチされた椅子が乗車地点までに掛かる時間、65.2%のライドは椅子の実移動時間に不満がありました
time=01:15:32.599 level=INFO msg=一定の売上が立ったためオーナーの椅子が増加します 名前="Orbit Taxi" 増加数=1
time=01:15:32.636 level=INFO msg=一定の売上が立ったためオーナーの椅子が増加します 名前=ふたたび椅子堂 増加数=1
time=01:15:32.691 level=INFO msg=一定の売上が立ったためオーナーの椅子が増加します 名前=椅子と暮らし舎 増加数=1
time=01:15:34.374 level=INFO msg=一定の売上が立ったためオーナーの椅子が増加します 名前="Chair Charm" 増加数=1
time=01:15:34.391 level=INFO msg=一定の売上が立ったためオーナーの椅子が増加します 名前=和やか交通 増加数=1
time=01:15:34.428 level=INFO msg=一定の売上が立ったためオーナーの椅子が増加します 名前=ふたたび椅子堂 増加数=2
time=01:15:34.433 level=INFO msg=一定の売上が立ったためオーナーの椅子が増加します 名前=椅子と暮らし舎 増加数=1
time=01:15:36.241 level=INFO msg=一定の売上が立ったためオーナーの椅子が増加します 名前="Orbit Taxi" 増加数=1
time=01:15:36.249 level=INFO msg=一定の売上が立ったためオーナーの椅子が増加します 名前=和やか交通 増加数=2
time=01:15:36.272 level=INFO msg=一定の売上が立ったためオーナーの椅子が増加します 名前=椅子と暮らし舎 増加数=1
time=01:15:37.905 level=INFO msg=これまでに地域内の評判によって43人、既存ユーザーの招待経由で36人が新規登録しました
time=01:15:37.905 level=INFO msg=これまでに低評価なライドによって26人が利用をやめました
time=01:15:37.905 level=INFO msg=0.0%のライドは椅子がマッチされるまでの時間、65.1%のライドはマッチされた椅子が乗車地点までに掛かる時間、74.5%のライドは椅子の実移動時間に不満がありました
time=01:15:38.031 level=INFO msg=一定の売上が立ったためオーナーの椅子が増加します 名前="Orbit Taxi" 増加数=2
time=01:15:38.031 level=INFO msg=一定の売上が立ったためオーナーの椅子が増加します 名前=ふたたび椅子堂 増加数=1
time=01:15:38.066 level=INFO msg=一定の売上が立ったためオーナーの椅子が増加します 名前=和やか交通 増加数=1
time=01:15:38.088 level=INFO msg=一定の売上が立ったためオーナーの椅子が増加します 名前=椅子と暮らし舎 増加数=2
time=01:15:38.120 level=INFO msg=一定の売上が立ったためオーナーの椅子が増加します 名前="Chair Charm" 増加数=2
time=01:15:39.841 level=INFO msg=一定の売上が立ったためオーナーの椅子が増加します 名前="Orbit Taxi" 増加数=1
time=01:15:39.864 level=INFO msg=一定の売上が立ったためオーナーの椅子が増加します 名前=椅子と暮らし舎 増加数=1
time=01:15:41.631 level=INFO msg=一定の売上が立ったためオーナーの椅子が増加します 名前="Orbit Taxi" 増加数=1
time=01:15:41.667 level=INFO msg=一定の売上が立ったためオーナーの椅子が増加します 名前=和やか交通 増加数=2
time=01:15:41.680 level=INFO msg=一定の売上が立ったためオーナーの椅子が増加します 名前="Chair Charm" 増加数=1
time=01:15:41.689 level=INFO msg=一定の売上が立ったためオーナーの椅子が増加します 名前=椅子と暮らし舎 増加数=1
time=01:15:41.728 level=INFO msg=一定の売上が立ったためオーナーの椅子が増加します 名前=ふたたび椅子堂 増加数=1
time=01:15:43.305 level=INFO msg=これまでに地域内の評判によって55人、既存ユーザーの招待経由で41人が新規登録しました
time=01:15:43.305 level=INFO msg=これまでに低評価なライドによって27人が利用をやめました
time=01:15:43.305 level=INFO msg=0.0%のライドは椅子がマッチされるまでの時間、55.5%のライドはマッチされた椅子が乗車地点までに掛かる時間、78.3%のライドは椅子の実移動時間に不満がありました
time=01:15:43.435 level=INFO msg=一定の売上が立ったためオーナーの椅子が増加します 名前=和やか交通 増加数=1
time=01:15:43.615 level=INFO msg=一定の売上が立ったためオーナーの椅子が増加します 名前=ふたたび椅子堂 増加数=1
time=01:15:43.730 level=INFO msg=一定の売上が立ったためオーナーの椅子が増加します 名前=椅子と暮らし舎 増加数=1
time=01:15:45.253 level=INFO msg=一定の売上が立ったためオーナーの椅子が増加します 名前="Orbit Taxi" 増加数=1
time=01:15:45.264 level=INFO msg=一定の売上が立ったためオーナーの椅子が増加します 名前="Chair Charm" 増加数=1
time=01:15:45.329 level=INFO msg=一定の売上が立ったためオーナーの椅子が増加します 名前=和やか交通 増加数=1
time=01:15:45.389 level=INFO msg=一定の売上が立ったためオーナーの椅子が増加します 名前=椅子と暮らし舎 増加数=1
time=01:15:47.063 level=INFO msg=一定の売上が立ったためオーナーの椅子が増加します 名前=和やか交通 増加数=1
time=01:15:47.167 level=INFO msg=一定の売上が立ったためオーナーの椅子が増加します 名前=ふたたび椅子堂 増加数=1
time=01:15:47.223 level=INFO msg=一定の売上が立ったためオーナーの椅子が増加します 名前=椅子と暮らし舎 増加数=1
time=01:15:48.705 level=INFO msg=これまでに地域内の評判によって67人、既存ユーザーの招待経由で42人が新規登録しました
time=01:15:48.705 level=INFO msg=これまでに低評価なライドによって36人が利用をやめました
time=01:15:48.705 level=INFO msg=3.4%のライドは椅子がマッチされるまでの時間、51.5%のライドはマッチされた椅子が乗車地点までに掛かる時間、81.9%のライドは椅子の実移動時間に不満がありました
time=01:15:48.856 level=INFO msg=一定の売上が立ったためオーナーの椅子が増加します 名前=和やか交通 増加数=1
time=01:15:48.876 level=INFO msg=一定の売上が立ったためオーナーの椅子が増加します 名前="Chair Charm" 増加数=1
time=01:15:48.957 level=INFO msg=一定の売上が立ったためオーナーの椅子が増加します 名前=ふたたび椅子堂 増加数=1
time=01:15:48.976 level=INFO msg=一定の売上が立ったためオーナーの椅子が増加します 名前=椅子と暮らし舎 増加数=2
time=01:15:49.036 level=INFO msg=一定の売上が立ったためオーナーの椅子が増加します 名前="Orbit Taxi" 増加数=1
time=01:15:50.808 level=INFO msg=一定の売上が立ったためオーナーの椅子が増加します 名前=椅子と暮らし舎 増加数=1
time=01:15:50.813 level=INFO msg=一定の売上が立ったためオーナーの椅子が増加します 名前=和やか交通 増加数=1
time=01:15:52.488 level=INFO msg=一定の売上が立ったためオーナーの椅子が増加します 名前="Orbit Taxi" 増加数=1
time=01:15:52.544 level=INFO msg=一定の売上が立ったためオーナーの椅子が増加します 名前=椅子と暮らし舎 増加数=2
time=01:15:52.582 level=INFO msg=一定の売上が立ったためオーナーの椅子が増加します 名前=和やか交通 増加数=1
time=01:15:52.616 level=INFO msg=一定の売上が立ったためオーナーの椅子が増加します 名前=ふたたび椅子堂 増加数=2
time=01:15:54.105 level=INFO msg=これまでに地域内の評判によって79人、既存ユーザーの招待経由で42人が新規登録しました
time=01:15:54.105 level=INFO msg=これまでに低評価なライドによって48人が利用をやめました
time=01:15:54.105 level=INFO msg=16.8%のライドは椅子がマッチされるまでの時間、48.0%のライドはマッチされた椅子が乗車地点までに掛かる時間、84.4%のライドは椅子の実移動時間に不満がありました
time=01:15:54.275 level=INFO msg=一定の売上が立ったためオーナーの椅子が増加します 名前="Chair Charm" 増加数=1
time=01:15:54.378 level=INFO msg=一定の売上が立ったためオーナーの椅子が増加します 名前=ふたたび椅子堂 増加数=1
time=01:15:54.537 level=INFO msg=一定の売上が立ったためオーナーの椅子が増加します 名前=和やか交通 増加数=1
time=01:15:54.660 level=INFO msg=一定の売上が立ったためオーナーの椅子が増加します 名前="Orbit Taxi" 増加数=1
time=01:15:56.127 level=INFO msg=一定の売上が立ったためオーナーの椅子が増加します 名前="Chair Charm" 増加数=1
time=01:15:56.289 level=INFO msg=一定の売上が立ったためオーナーの椅子が増加します 名前=和やか交通 増加数=1
time=01:15:56.388 level=INFO msg=一定の売上が立ったためオーナーの椅子が増加します 名前=椅子と暮らし舎 増加数=1
time=01:15:56.624 level=INFO msg=一定の売上が立ったためオーナーの椅子が増加します 名前="Orbit Taxi" 増加数=1
time=01:15:57.941 level=INFO msg=一定の売上が立ったためオーナーの椅子が増加します 名前=ふたたび椅子堂 増加数=1
time=01:15:58.003 level=INFO msg=一定の売上が立ったためオーナーの椅子が増加します 名前="Orbit Taxi" 増加数=1
time=01:15:58.052 level=INFO msg=一定の売上が立ったためオーナーの椅子が増加します 名前=椅子と暮らし舎 増加数=2
time=01:15:59.506 level=INFO msg=これまでに地域内の評判によって91人、既存ユーザーの招待経由で42人が新規登録しました
time=01:15:59.506 level=INFO msg=これまでに低評価なライドによって63人が利用をやめました
time=01:15:59.506 level=INFO msg=29.5%のライドは椅子がマッチされるまでの時間、43.8%のライドはマッチされた椅子が乗車地点までに掛かる時間、85.9%のライドは椅子の実移動時間に不満がありました
time=01:15:59.876 level=INFO msg=一定の売上が立ったためオーナーの椅子が増加します 名前=和やか交通 増加数=2
time=01:15:59.931 level=INFO msg=一定の売上が立ったためオーナーの椅子が増加します 名前=ふたたび椅子堂 増加数=1
time=01:16:01.695 level=INFO msg=一定の売上が立ったためオーナーの椅子が増加します 名前=椅子と暮らし舎 増加数=1
time=01:16:03.290 level=INFO msg=一定の売上が立ったためオーナーの椅子が増加します 名前="Chair Charm" 増加数=1
time=01:16:03.318 level=INFO msg=一定の売上が立ったためオーナーの椅子が増加します 名前=ふたたび椅子堂 増加数=1
time=01:16:03.382 level=INFO msg=一定の売上が立ったためオーナーの椅子が増加します 名前=和やか交通 増加数=1
time=01:16:03.428 level=INFO msg=一定の売上が立ったためオーナーの椅子が増加します 名前=椅子と暮らし舎 増加数=1
time=01:16:03.585 level=INFO msg=一定の売上が立ったためオーナーの椅子が増加します 名前="Orbit Taxi" 増加数=1
time=01:16:04.905 level=INFO msg=これまでに地域内の評判によって103人、既存ユーザーの招待経由で42人が新規登録しました
time=01:16:04.905 level=INFO msg=これまでに低評価なライドによって73人が利用をやめました
time=01:16:04.906 level=INFO msg=36.4%のライドは椅子がマッチされるまでの時間、41.0%のライドはマッチされた椅子が乗車地点までに掛かる時間、87.2%のライドは椅子の実移動時間に不満がありました
time=01:16:05.132 level=INFO msg=一定の売上が立ったためオーナーの椅子が増加します 名前=ふたたび椅子堂 増加数=1
time=01:16:05.258 level=INFO msg=一定の売上が立ったためオーナーの椅子が増加します 名前="Chair Charm" 増加数=1
time=01:16:05.263 level=INFO msg=一定の売上が立ったためオーナーの椅子が増加します 名前=和やか交通 増加数=1
time=01:16:05.278 level=INFO msg=一定の売上が立ったためオーナーの椅子が増加します 名前=椅子と暮らし舎 増加数=1
time=01:16:05.481 level=INFO msg=一定の売上が立ったためオーナーの椅子が増加します 名前="Orbit Taxi" 増加数=1
time=01:16:06.901 level=INFO msg=一定の売上が立ったためオーナーの椅子が増加します 名前=ふたたび椅子堂 増加数=1
time=01:16:06.960 level=INFO msg=一定の売上が立ったためオーナーの椅子が増加します 名前=和やか交通 増加数=1
time=01:16:07.077 level=INFO msg=一定の売上が立ったためオーナーの椅子が増加します 名前=椅子と暮らし舎 増加数=1
time=01:16:08.808 level=INFO msg=一定の売上が立ったためオーナーの椅子が増加します 名前="Chair Charm" 増加数=1
time=01:16:08.826 level=INFO msg=一定の売上が立ったためオーナーの椅子が増加します 名前="Orbit Taxi" 増加数=1
time=01:16:08.911 level=INFO msg=一定の売上が立ったためオーナーの椅子が増加します 名前=和やか交通 増加数=1
time=01:16:10.305 level=INFO msg=これまでに地域内の評判によって115人、既存ユーザーの招待経由で42人が新規登録しました
time=01:16:10.306 level=INFO msg=これまでに低評価なライドによって85人が利用をやめました
time=01:16:10.306 level=INFO msg=42.0%のライドは椅子がマッチされるまでの時間、38.0%のライドはマッチされた椅子が乗車地点までに掛かる時間、88.4%のライドは椅子の実移動時間に不満がありました
time=01:16:10.551 level=INFO msg=一定の売上が立ったためオーナーの椅子が増加します 名前=ふたたび椅子堂 増加数=1
time=01:16:10.624 level=INFO msg=一定の売上が立ったためオーナーの椅子が増加します 名前="Orbit Taxi" 増加数=1
time=01:16:10.637 level=INFO msg=一定の売上が立ったためオーナーの椅子が増加します 名前=椅子と暮らし舎 増加数=1
time=01:16:12.387 level=INFO msg=一定の売上が立ったためオーナーの椅子が増加します 名前="Chair Charm" 増加数=1
time=01:16:12.440 level=INFO msg=一定の売上が立ったためオーナーの椅子が増加します 名前=ふたたび椅子堂 増加数=1
time=01:16:12.539 level=INFO msg=一定の売上が立ったためオーナーの椅子が増加します 名前=椅子と暮らし舎 増加数=2
time=01:16:12.633 level=INFO msg=一定の売上が立ったためオーナーの椅子が増加します 名前=和やか交通 増加数=1
time=01:16:15.706 level=INFO msg=これまでに地域内の評判によって127人、既存ユーザーの招待経由で42人が新規登録しました
time=01:16:15.706 level=INFO msg=これまでに低評価なライドによって94人が利用をやめました
time=01:16:15.706 level=INFO msg=47.0%のライドは椅子がマッチされるまでの時間、35.4%のライドはマッチされた椅子が乗車地点までに掛かる時間、89.2%のライドは椅子の実移動時間に不満がありました
time=01:16:15.932 level=INFO msg=一定の売上が立ったためオーナーの椅子が増加します 名前="Chair Charm" 増加数=1
time=01:16:15.991 level=INFO msg=一定の売上が立ったためオーナーの椅子が増加します 名前=椅子と暮らし舎 増加数=1
time=01:16:16.119 level=INFO msg=一定の売上が立ったためオーナーの椅子が増加します 名前="Orbit Taxi" 増加数=1
time=01:16:16.160 level=INFO msg=一定の売上が立ったためオーナーの椅子が増加します 名前=和やか交通 増加数=1
time=01:16:21.306 level=INFO msg=最終地域情報 名前=チェアタウン ユーザー登録数=101 アクティブユーザー数=50
time=01:16:21.306 level=INFO msg=最終地域情報 名前=コシカケシティ ユーザー登録数=82 アクティブユーザー数=38
time=01:16:21.306 level=INFO msg=最終オーナー情報 名前=ふたたび椅子堂 売上=516100 椅子数=28
time=01:16:21.306 level=INFO msg=最終オーナー情報 名前=椅子と暮らし舎 売上=785400 椅子数=39
time=01:16:21.306 level=INFO msg=最終オーナー情報 名前="Orbit Taxi" 売上=417200 椅子数=26
time=01:16:21.306 level=INFO msg=最終オーナー情報 名前="Chair Charm" 売上=289000 椅子数=20
time=01:16:21.306 level=INFO msg=最終オーナー情報 名前=和やか交通 売上=571400 椅子数=32
time=01:16:21.306 level=INFO msg=47.9%のライドは椅子がマッチされるまでの時間、34.9%のライドはマッチされた椅子が乗車地点までに掛かる時間、89.4%のライドは椅子の実移動時間に不満がありました
time=01:16:21.306 level=INFO msg=結果 pass=true スコア=28987 種別エラー数=map[]
time=01:16:21.306 level=INFO msg=負荷走行が終了しました
