time=03:06:10.049 level=INFO msg=負荷走行を開始します
time=03:06:16.170 level=INFO msg=一定の売上が立ったためオーナーの椅子が増加します 名前=レトロ椅子館 増加数=2
time=03:06:16.171 level=INFO msg=一定の売上が立ったためオーナーの椅子が増加します 名前=ZenSeat 増加数=1
time=03:06:16.171 level=INFO msg=一定の売上が立ったためオーナーの椅子が増加します 名前=おもてなしタクシー 増加数=1
time=03:06:16.173 level=INFO msg=一定の売上が立ったためオーナーの椅子が増加します 名前=再座堂 増加数=1
time=03:06:17.971 level=INFO msg=一定の売上が立ったためオーナーの椅子が増加します 名前=レトロ椅子館 増加数=2
time=03:06:17.971 level=INFO msg=一定の売上が立ったためオーナーの椅子が増加します 名前=椅子再生工房 増加数=2
time=03:06:17.971 level=INFO msg=一定の売上が立ったためオーナーの椅子が増加します 名前=ZenSeat 増加数=2
time=03:06:17.971 level=INFO msg=一定の売上が立ったためオーナーの椅子が増加します 名前=再座堂 増加数=2
time=03:06:17.974 level=INFO msg=一定の売上が立ったためオーナーの椅子が増加します 名前=おもてなしタクシー 増加数=2
time=03:06:17.994 level=INFO msg=これまでに地域内の評判によって8人、既存ユーザーの招待経由で49人が新規登録しました
time=03:06:17.994 level=INFO msg=0.0%のライドは椅子がマッチされるまでの時間、58.0%のライドはマッチされた椅子が乗車地点までに掛かる時間、0.0%のライドは椅子の実移動時間に不満がありました
time=03:06:19.782 level=INFO msg=一定の売上が立ったためオーナーの椅子が増加します 名前=レトロ椅子館 増加数=5
time=03:06:19.784 level=INFO msg=一定の売上が立ったためオーナーの椅子が増加します 名前=再座堂 増加数=3
time=03:06:19.786 level=INFO msg=一定の売上が立ったためオーナーの椅子が増加します 名前=おもてなしタクシー 増加数=3
time=03:06:19.790 level=INFO msg=一定の売上が立ったためオーナーの椅子が増加します 名前=ZenSeat 増加数=4
time=03:06:19.790 level=INFO msg=一定の売上が立ったためオーナーの椅子が増加します 名前=椅子再生工房 増加数=2
time=03:06:21.576 level=INFO msg=一定の売上が立ったためオーナーの椅子が増加します 名前=再座堂 増加数=5
time=03:06:21.589 level=INFO msg=一定の売上が立ったためオーナーの椅子が増加します 名前=椅子再生工房 増加数=5
time=03:06:21.591 level=INFO msg=一定の売上が立ったためオーナーの椅子が増加します 名前=おもてなしタクシー 増加数=6
time=03:06:21.591 level=INFO msg=一定の売上が立ったためオーナーの椅子が増加します 名前=ZenSeat 増加数=4
time=03:06:21.594 level=INFO msg=一定の売上が立ったためオーナーの椅子が増加します 名前=レトロ椅子館 増加数=6
time=03:06:23.385 level=INFO msg=一定の売上が立ったためオーナーの椅子が増加します 名前=椅子再生工房 増加数=5
time=03:06:23.387 level=INFO msg=一定の売上が立ったためオーナーの椅子が増加します 名前=おもてなしタクシー 増加数=5
time=03:06:23.387 level=INFO msg=一定の売上が立ったためオーナーの椅子が増加します 名前=ZenSeat 増加数=7
time=03:06:23.390 level=INFO msg=一定の売上が立ったためオーナーの椅子が増加します 名前=レトロ椅子館 増加数=6
time=03:06:23.390 level=INFO msg=一定の売上が立ったためオーナーの椅子が増加します 名前=再座堂 増加数=6
time=03:06:23.394 level=INFO msg=これまでに地域内の評判によって20人、既存ユーザーの招待経由で260人が新規登録しました
time=03:06:23.394 level=INFO msg=3.2%のライドは椅子がマッチされるまでの時間、17.2%のライドはマッチされた椅子が乗車地点までに掛かる時間、0.5%のライドは椅子の実移動時間に不満がありました
time=03:06:25.199 level=INFO msg=一定の売上が立ったためオーナーの椅子が増加します 名前=おもてなしタクシー 増加数=8
time=03:06:25.203 level=INFO msg=一定の売上が立ったためオーナーの椅子が増加します 名前=再座堂 増加数=10
time=03:06:25.207 level=INFO msg=一定の売上が立ったためオーナーの椅子が増加します 名前=椅子再生工房 増加数=8
time=03:06:25.212 level=INFO msg=一定の売上が立ったためオーナーの椅子が増加します 名前=ZenSeat 増加数=9
time=03:06:25.221 level=INFO msg=一定の売上が立ったためオーナーの椅子が増加します 名前=レトロ椅子館 増加数=9
time=03:06:27.024 level=INFO msg=一定の売上が立ったためオーナーの椅子が増加します 名前=おもてなしタクシー 増加数=10
time=03:06:27.042 level=INFO msg=一定の売上が立ったためオーナーの椅子が増加します 名前=椅子再生工房 増加数=9
time=03:06:27.047 level=INFO msg=一定の売上が立ったためオーナーの椅子が増加します 名前=再座堂 増加数=10
time=03:06:27.052 level=INFO msg=一定の売上が立ったためオーナーの椅子が増加します 名前=ZenSeat 増加数=11
time=03:06:27.061 level=INFO msg=一定の売上が立ったためオーナーの椅子が増加します 名前=レトロ椅子館 増加数=11
time=03:06:28.794 level=INFO msg=これまでに地域内の評判によって34人、既存ユーザーの招待経由で911人が新規登録しました
time=03:06:28.794 level=INFO msg=6.9%のライドは椅子がマッチされるまでの時間、5.8%のライドはマッチされた椅子が乗車地点までに掛かる時間、0.4%のライドは椅子の実移動時間に不満がありました
time=03:06:28.892 level=INFO msg=一定の売上が立ったためオーナーの椅子が増加します 名前=再座堂 増加数=11
time=03:06:28.906 level=INFO msg=一定の売上が立ったためオーナーの椅子が増加します 名前=椅子再生工房 増加数=10
time=03:06:28.912 level=INFO msg=一定の売上が立ったためオーナーの椅子が増加します 名前=ZenSeat 増加数=10
time=03:06:28.928 level=INFO msg=一定の売上が立ったためオーナーの椅子が増加します 名前=レトロ椅子館 増加数=11
time=03:06:28.934 level=INFO msg=一定の売上が立ったためオーナーの椅子が増加します 名前=おもてなしタクシー 増加数=11
time=03:06:30.816 level=INFO msg=一定の売上が立ったためオーナーの椅子が増加します 名前=椅子再生工房 増加数=10
time=03:06:30.818 level=INFO msg=一定の売上が立ったためオーナーの椅子が増加します 名前=ZenSeat 増加数=11
time=03:06:30.822 level=INFO msg=一定の売上が立ったためオーナーの椅子が増加します 名前=おもてなしタクシー 増加数=11
time=03:06:30.848 level=INFO msg=一定の売上が立ったためオーナーの椅子が増加します 名前=レトロ椅子館 増加数=12
time=03:06:30.849 level=INFO msg=一定の売上が立ったためオーナーの椅子が増加します 名前=再座堂 増加数=12
time=03:06:32.658 level=INFO msg=一定の売上が立ったためオーナーの椅子が増加します 名前=椅子再生工房 増加数=11
time=03:06:32.706 level=INFO msg=一定の売上が立ったためオーナーの椅子が増加します 名前=おもてなしタクシー 増加数=12
time=03:06:32.708 level=INFO msg=一定の売上が立ったためオーナーの椅子が増加します 名前=再座堂 増加数=12
time=03:06:32.712 level=INFO msg=一定の売上が立ったためオーナーの椅子が増加します 名前=ZenSeat 増加数=11
time=03:06:32.735 level=INFO msg=一定の売上が立ったためオーナーの椅子が増加します 名前=レトロ椅子館 増加数=11
time=03:06:34.224 level=INFO msg=これまでに地域内の評判によって51人、既存ユーザーの招待経由で1733人が新規登録しました
time=03:06:34.224 level=INFO msg=これまでに低評価なライドによって1人が利用をやめました
time=03:06:34.224 level=INFO msg=25.2%のライドは椅子がマッチされるまでの時間、3.1%のライドはマッチされた椅子が乗車地点までに掛かる時間、5.2%のライドは椅子の実移動時間に不満がありました
time=03:06:34.363 level=INFO msg=一定の売上が立ったためオーナーの椅子が増加します 名前=椅子再生工房 増加数=11
time=03:06:34.390 level=INFO msg=一定の売上が立ったためオーナーの椅子が増加します 名前=ZenSeat 増加数=12
time=03:06:34.391 level=INFO msg=一定の売上が立ったためオーナーの椅子が増加します 名前=おもてなしタクシー 増加数=10
time=03:06:34.414 level=INFO msg=一定の売上が立ったためオーナーの椅子が増加します 名前=再座堂 増加数=12
time=03:06:34.421 level=INFO msg=一定の売上が立ったためオーナーの椅子が増加します 名前=レトロ椅子館 増加数=13
time=03:06:36.467 level=INFO msg=一定の売上が立ったためオーナーの椅子が増加します 名前=おもてなしタクシー 増加数=16
time=03:06:36.467 level=INFO msg=一定の売上が立ったためオーナーの椅子が増加します 名前=椅子再生工房 増加数=11
time=03:06:36.468 level=INFO msg=一定の売上が立ったためオーナーの椅子が増加します 名前=ZenSeat 増加数=14
time=03:06:36.508 level=INFO msg=一定の売上が立ったためオーナーの椅子が増加します 名前=再座堂 増加数=14
time=03:06:36.512 level=INFO msg=一定の売上が立ったためオーナーの椅子が増加します 名前=レトロ椅子館 増加数=15
time=03:06:38.239 level=INFO msg=一定の売上が立ったためオーナーの椅子が増加します 名前=椅子再生工房 増加数=13
time=03:06:38.241 level=INFO msg=一定の売上が立ったためオーナーの椅子が増加します 名前=おもてなしタクシー 増加数=12
time=03:06:38.256 level=INFO msg=一定の売上が立ったためオーナーの椅子が増加します 名前=再座堂 増加数=14
time=03:06:38.284 level=INFO msg=一定の売上が立ったためオーナーの椅子が増加します 名前=ZenSeat 増加数=14
time=03:06:38.289 level=INFO msg=一定の売上が立ったためオーナーの椅子が増加します 名前=レトロ椅子館 増加数=15
time=03:06:39.774 level=INFO msg=これまでに地域内の評判によって65人、既存ユーザーの招待経由で2359人が新規登録しました
time=03:06:39.774 level=INFO msg=これまでに低評価なライドによって3人が利用をやめました
time=03:06:39.774 level=INFO msg=51.8%のライドは椅子がマッチされるまでの時間、2.1%のライドはマッチされた椅子が乗車地点までに掛かる時間、14.3%のライドは椅子の実移動時間に不満がありました
time=03:06:40.269 level=INFO msg=一定の売上が立ったためオーナーの椅子が増加します 名前=レトロ椅子館 増加数=18
time=03:06:40.273 level=INFO msg=一定の売上が立ったためオーナーの椅子が増加します 名前=椅子再生工房 増加数=15
time=03:06:40.273 level=INFO msg=一定の売上が立ったためオーナーの椅子が増加します 名前=ZenSeat 増加数=17
time=03:06:40.274 level=INFO msg=一定の売上が立ったためオーナーの椅子が増加します 名前=おもてなしタクシー 増加数=15
time=03:06:40.274 level=INFO msg=一定の売上が立ったためオーナーの椅子が増加します 名前=再座堂 増加数=17
time=03:06:42.083 level=INFO msg=一定の売上が立ったためオーナーの椅子が増加します 名前=椅子再生工房 増加数=13
time=03:06:42.093 level=INFO msg=一定の売上が立ったためオーナーの椅子が増加します 名前=おもてなしタクシー 増加数=16
time=03:06:42.108 level=INFO msg=一定の売上が立ったためオーナーの椅子が増加します 名前=ZenSeat 増加数=15
time=03:06:44.746 level=INFO msg=一定の売上が立ったためオーナーの椅子が増加します 名前=椅子再生工房 増加数=16
time=03:06:44.749 level=INFO msg=一定の売上が立ったためオーナーの椅子が増加します 名前=ZenSeat 増加数=17
time=03:06:44.779 level=INFO msg=一定の売上が立ったためオーナーの椅子が増加します 名前=再座堂 増加数=32
time=03:06:44.781 level=INFO msg=一定の売上が立ったためオーナーの椅子が増加します 名前=レトロ椅子館 増加数=35
time=03:06:45.504 level=INFO msg=これまでに地域内の評判によって82人、既存ユーザーの招待経由で2927人が新規登録しました
time=03:06:45.504 level=INFO msg=これまでに低評価なライドによって12人が利用をやめました
time=03:06:45.504 level=INFO msg=65.8%のライドは椅子がマッチされるまでの時間、1.8%のライドはマッチされた椅子が乗車地点までに掛かる時間、19.6%のライドは椅子の実移動時間に不満がありました
time=03:06:46.171 level=INFO msg=一定の売上が立ったためオーナーの椅子が増加します 名前=おもてなしタクシー 増加数=31
time=03:06:47.987 level=INFO msg=一定の売上が立ったためオーナーの椅子が増加します 名前=再座堂 増加数=30
time=03:06:47.987 level=INFO msg=一定の売上が立ったためオーナーの椅子が増加します 名前=椅子再生工房 増加数=28
time=03:06:48.043 level=INFO msg=一定の売上が立ったためオーナーの椅子が増加します 名前=レトロ椅子館 増加数=31
time=03:06:48.045 level=INFO msg=一定の売上が立ったためオーナーの椅子が増加します 名前=ZenSeat 増加数=30
time=03:06:48.975 level=WARN msg="取得した付近の椅子情報に不備があります (CODE=30): ID:01M32JB7R0CY8ASFFAE29910QHの椅子は既にライド中です"
time=03:06:48.980 level=WARN msg="取得した付近の椅子情報に不備があります (CODE=30): ID:01M32JB7R0CY8ASFFAE29910QHの椅子は既にライド中です"
time=03:06:48.981 level=WARN msg="取得した付近の椅子情報に不備があります (CODE=30): ID:01M32JB7R0CY8ASFFAE29910QHの椅子は既にライド中です"
time=03:06:48.983 level=WARN msg="取得した付近の椅子情報に不備があります (CODE=30): ID:01M32JB7R0CY8ASFFAE29910QHの椅子は既にライド中です"
time=03:06:48.985 level=WARN msg="取得した付近の椅子情報に不備があります (CODE=30): ID:01M32JB7R0CY8ASFFAE29910QHの椅子は既にライド中です"
time=03:06:48.987 level=WARN msg="取得した付近の椅子情報に不備があります (CODE=30): ID:01M32JB7R0CY8ASFFAE29910QHの椅子は既にライド中です"
time=03:06:48.991 level=WARN msg="取得した付近の椅子情報に不備があります (CODE=30): ID:01M32JB7R0CY8ASFFAE29910QHの椅子は既にライド中です"
time=03:06:51.323 level=INFO msg=これまでに地域内の評判によって100人、既存ユーザーの招待経由で3275人が新規登録しました
time=03:06:51.323 level=INFO msg=これまでに低評価なライドによって22人が利用をやめました
time=03:06:51.323 level=INFO msg=73.9%のライドは椅子がマッチされるまでの時間、1.7%のライドはマッチされた椅子が乗車地点までに掛かる時間、23.2%のライドは椅子の実移動時間に不満がありました
time=03:06:52.174 level=INFO msg=一定の売上が立ったためオーナーの椅子が増加します 名前=椅子再生工房 増加数=33
time=03:06:52.174 level=INFO msg=一定の売上が立ったためオーナーの椅子が増加します 名前=おもてなしタクシー 増加数=50
time=03:06:52.277 level=INFO msg=一定の売上が立ったためオーナーの椅子が増加します 名前=ZenSeat 増加数=37
time=03:06:52.281 level=INFO msg=一定の売上が立ったためオーナーの椅子が増加します 名前=再座堂 増加数=37
time=03:06:52.284 level=INFO msg=一定の売上が立ったためオーナーの椅子が増加します 名前=レトロ椅子館 増加数=36
time=03:06:57.474 level=INFO msg=これまでに地域内の評判によって118人、既存ユーザーの招待経由で3623人が新規登録しました
time=03:06:57.474 level=INFO msg=これまでに低評価なライドによって31人が利用をやめました
time=03:06:57.475 level=INFO msg=79.2%のライドは椅子がマッチされるまでの時間、1.5%のライドはマッチされた椅子が乗車地点までに掛かる時間、27.0%のライドは椅子の実移動時間に不満がありました
time=03:06:58.432 level=INFO msg=一定の売上が立ったためオーナーの椅子が増加します 名前=再座堂 増加数=54
time=03:06:58.432 level=INFO msg=一定の売上が立ったためオーナーの椅子が増加します 名前=ZenSeat 増加数=53
time=03:06:58.433 level=INFO msg=一定の売上が立ったためオーナーの椅子が増加します 名前=椅子再生工房 増加数=49
time=03:06:58.434 level=INFO msg=一定の売上が立ったためオーナーの椅子が増加します 名前=レトロ椅子館 増加数=56
time=03:07:00.874 level=INFO msg=一定の売上が立ったためオーナーの椅子が増加します 名前=おもてなしタクシー 増加数=69
time=03:07:03.744 level=INFO msg=これまでに地域内の評判によって136人、既存ユーザーの招待経由で3908人が新規登録しました
time=03:07:03.744 level=INFO msg=これまでに低評価なライドによって36人が利用をやめました
time=03:07:03.744 level=INFO msg=83.4%のライドは椅子がマッチされるまでの時間、1.3%のライドはマッチされた椅子が乗車地点までに掛かる時間、30.0%のライドは椅子の実移動時間に不満がありました
time=03:07:05.984 level=INFO msg=一定の売上が立ったためオーナーの椅子が増加します 名前=椅子再生工房 増加数=68
time=03:07:09.105 level=INFO msg=一定の売上が立ったためオーナーの椅子が増加します 名前=ZenSeat 増加数=105
time=03:07:09.107 level=INFO msg=一定の売上が立ったためオーナーの椅子が増加します 名前=再座堂 増加数=102
time=03:07:09.161 level=INFO msg=一定の売上が立ったためオーナーの椅子が増加します 名前=レトロ椅子館 増加数=109
time=03:07:09.316 level=WARN msg="取得した付近の椅子情報に不備があります (CODE=30): ID:01M32JBTB1NYDVA0BMJVQZQ97Rの椅子は既にライド中です"
time=03:07:09.316 level=WARN msg="取得した付近の椅子情報に不備があります (CODE=30): ID:01M32JBF5B2PTFA0NCSRA45T7Aの椅子は既にライド中です"
time=03:07:09.317 level=WARN msg="取得した付近の椅子情報に不備があります (CODE=30): ID:01M32JBTB1NYDVA0BMJVQZQ97Rの椅子は既にライド中です"
time=03:07:09.317 level=WARN msg="取得した付近の椅子情報に不備があります (CODE=30): ID:01M32JB7RRG6H7AN82037WN5F3の椅子は既にライド中です"
time=03:07:09.318 level=WARN msg="取得した付近の椅子情報に不備があります (CODE=30): ID:01M32JBT9YWKDJDY5952K4YYXTの椅子は既にライド中です"
time=03:07:09.319 level=WARN msg="取得した付近の椅子情報に不備があります (CODE=30): ID:01M32JB7RRG6H7AN82037WN5F3の椅子は既にライド中です"
time=03:07:09.319 level=WARN msg="取得した付近の椅子情報に不備があります (CODE=30): ID:01M32JBT9YWKDJDY5952K4YYXTの椅子は既にライド中です"
time=03:07:09.320 level=WARN msg="取得した付近の椅子情報に不備があります (CODE=30): ID:01M32JCCEFJM3BR3V81ZGN4M10の椅子は既にライド中です"
time=03:07:09.534 level=INFO msg=これまでに地域内の評判によって154人、既存ユーザーの招待経由で4125人が新規登録しました
time=03:07:09.534 level=INFO msg=これまでに低評価なライドによって48人が利用をやめました
time=03:07:09.534 level=INFO msg=85.9%のライドは椅子がマッチされるまでの時間、1.2%のライドはマッチされた椅子が乗車地点までに掛かる時間、32.5%のライドは椅子の実移動時間に不満がありました
time=03:07:17.594 level=INFO msg=最終地域情報 名前=チェアタウン ユーザー登録数=2638 アクティブユーザー数=2610
time=03:07:17.594 level=INFO msg=最終地域情報 名前=コシカケシティ ユーザー登録数=1815 アクティブユーザー数=1785
time=03:07:17.594 level=INFO msg=最終オーナー情報 名前=ZenSeat 売上=16792400 椅子数=388
time=03:07:17.594 level=INFO msg=最終オーナー情報 名前=レトロ椅子館 売上=17629500 椅子数=407
time=03:07:17.594 level=INFO msg=最終オーナー情報 名前=おもてなしタクシー 売上=15741800 椅子数=292
time=03:07:17.594 level=INFO msg=最終オーナー情報 名前=椅子再生工房 売上=15073300 椅子数=323
time=03:07:17.594 level=INFO msg=最終オーナー情報 名前=再座堂 売上=16870800 椅子数=388
time=03:07:17.594 level=INFO msg=87.2%のライドは椅子がマッチされるまでの時間、1.2%のライドはマッチされた椅子が乗車地点までに掛かる時間、33.9%のライドは椅子の実移動時間に不満がありました
time=03:07:17.595 level=INFO msg=結果 pass=true スコア=854057 種別エラー数=map[30:15]
time=03:07:17.595 level=INFO msg=負荷走行が終了しました
