time=06:40:13.837 level=INFO msg=負荷走行を開始します
time=06:40:19.828 level=INFO msg=一定の売上が立ったためオーナーの椅子が増加します 名前="SitWell Designs" 増加数=1
time=06:40:19.830 level=INFO msg=一定の売上が立ったためオーナーの椅子が増加します 名前="Skyline Taxis" 増加数=1
time=06:40:19.830 level=INFO msg=一定の売上が立ったためオーナーの椅子が増加します 名前=座心工房 増加数=1
time=06:40:19.836 level=INFO msg=一定の売上が立ったためオーナーの椅子が増加します 名前="CraftChair Co., Ltd." 増加数=3
time=06:40:21.631 level=INFO msg=一定の売上が立ったためオーナーの椅子が増加します 名前=ひまわり交通 増加数=1
time=06:40:21.631 level=INFO msg=一定の売上が立ったためオーナーの椅子が増加します 名前="Skyline Taxis" 増加数=2
time=06:40:21.631 level=INFO msg=一定の売上が立ったためオーナーの椅子が増加します 名前="CraftChair Co., Ltd." 増加数=3
time=06:40:21.632 level=INFO msg=一定の売上が立ったためオーナーの椅子が増加します 名前=座心工房 増加数=1
time=06:40:21.632 level=INFO msg=一定の売上が立ったためオーナーの椅子が増加します 名前="SitWell Designs" 増加数=2
time=06:40:21.657 level=INFO msg=これまでに地域内の評判によって7人、既存ユーザーの招待経由で53人が新規登録しました
time=06:40:21.657 level=INFO msg=0.0%のライドは椅子がマッチされるまでの時間、64.8%のライドはマッチされた椅子が乗車地点までに掛かる時間、0.0%のライドは椅子の実移動時間に不満がありました
time=06:40:23.429 level=INFO msg=一定の売上が立ったためオーナーの椅子が増加します 名前="SitWell Designs" 増加数=3
time=06:40:23.432 level=INFO msg=一定の売上が立ったためオーナーの椅子が増加します 名前=座心工房 増加数=3
time=06:40:23.432 level=INFO msg=一定の売上が立ったためオーナーの椅子が増加します 名前=ひまわり交通 増加数=2
time=06:40:23.437 level=INFO msg=一定の売上が立ったためオーナーの椅子が増加します 名前="Skyline Taxis" 増加数=3
time=06:40:23.437 level=INFO msg=一定の売上が立ったためオーナーの椅子が増加します 名前="CraftChair Co., Ltd." 増加数=4
time=06:40:25.231 level=INFO msg=一定の売上が立ったためオーナーの椅子が増加します 名前="SitWell Designs" 増加数=5
time=06:40:25.236 level=INFO msg=一定の売上が立ったためオーナーの椅子が増加します 名前=ひまわり交通 増加数=2
time=06:40:25.236 level=INFO msg=一定の売上が立ったためオーナーの椅子が増加します 名前=座心工房 増加数=5
time=06:40:25.236 level=INFO msg=一定の売上が立ったためオーナーの椅子が増加します 名前="CraftChair Co., Ltd." 増加数=7
time=06:40:25.237 level=INFO msg=一定の売上が立ったためオーナーの椅子が増加します 名前="Skyline Taxis" 増加数=6
time=06:40:27.029 level=INFO msg=一定の売上が立ったためオーナーの椅子が増加します 名前=座心工房 増加数=7
time=06:40:27.035 level=INFO msg=一定の売上が立ったためオーナーの椅子が増加します 名前="Skyline Taxis" 増加数=8
time=06:40:27.035 level=INFO msg=一定の売上が立ったためオーナーの椅子が増加します 名前="SitWell Designs" 増加数=7
time=06:40:27.036 level=INFO msg=一定の売上が立ったためオーナーの椅子が増加します 名前="CraftChair Co., Ltd." 増加数=10
time=06:40:27.041 level=INFO msg=一定の売上が立ったためオーナーの椅子が増加します 名前=ひまわり交通 増加数=5
time=06:40:27.057 level=INFO msg=これまでに地域内の評判によって19人、既存ユーザーの招待経由で263人が新規登録しました
time=06:40:27.057 level=INFO msg=0.0%のライドは椅子がマッチされるまでの時間、30.3%のライドはマッチされた椅子が乗車地点までに掛かる時間、0.3%のライドは椅子の実移動時間に不満がありました
time=06:40:28.837 level=INFO msg=一定の売上が立ったためオーナーの椅子が増加します 名前="CraftChair Co., Ltd." 増加数=12
time=06:40:28.842 level=INFO msg=一定の売上が立ったためオーナーの椅子が増加します 名前=座心工房 増加数=10
time=06:40:28.842 level=INFO msg=一定の売上が立ったためオーナーの椅子が増加します 名前=ひまわり交通 増加数=7
time=06:40:28.846 level=INFO msg=一定の売上が立ったためオーナーの椅子が増加します 名前="Skyline Taxis" 増加数=11
time=06:40:28.846 level=INFO msg=一定の売上が立ったためオーナーの椅子が増加します 名前="SitWell Designs" 増加数=11
time=06:40:30.645 level=INFO msg=一定の売上が立ったためオーナーの椅子が増加します 名前="SitWell Designs" 増加数=12
time=06:40:30.652 level=INFO msg=一定の売上が立ったためオーナーの椅子が増加します 名前="Skyline Taxis" 増加数=13
time=06:40:30.652 level=INFO msg=一定の売上が立ったためオーナーの椅子が増加します 名前="CraftChair Co., Ltd." 増加数=13
time=06:40:30.655 level=INFO msg=一定の売上が立ったためオーナーの椅子が増加します 名前=座心工房 増加数=12
time=06:40:30.655 level=INFO msg=一定の売上が立ったためオーナーの椅子が増加します 名前=ひまわり交通 増加数=9
time=06:40:32.457 level=INFO msg=これまでに地域内の評判によって35人、既存ユーザーの招待経由で985人が新規登録しました
time=06:40:32.457 level=INFO msg=0.2%のライドは椅子がマッチされるまでの時間、11.0%のライドはマッチされた椅子が乗車地点までに掛かる時間、0.8%のライドは椅子の実移動時間に不満がありました
time=06:40:32.465 level=INFO msg=一定の売上が立ったためオーナーの椅子が増加します 名前=座心工房 増加数=11
time=06:40:32.477 level=INFO msg=一定の売上が立ったためオーナーの椅子が増加します 名前="CraftChair Co., Ltd." 増加数=15
time=06:40:32.483 level=INFO msg=一定の売上が立ったためオーナーの椅子が増加します 名前="SitWell Designs" 増加数=13
time=06:40:32.484 level=INFO msg=一定の売上が立ったためオーナーの椅子が増加します 名前=ひまわり交通 増加数=10
time=06:40:34.384 level=INFO msg=一定の売上が立ったためオーナーの椅子が増加します 名前=ひまわり交通 増加数=11
time=06:40:34.384 level=INFO msg=一定の売上が立ったためオーナーの椅子が増加します 名前="CraftChair Co., Ltd." 増加数=14
time=06:40:34.387 level=INFO msg=一定の売上が立ったためオーナーの椅子が増加します 名前="SitWell Designs" 増加数=13
time=06:40:34.387 level=INFO msg=一定の売上が立ったためオーナーの椅子が増加します 名前=座心工房 増加数=13
time=06:40:34.394 level=INFO msg=一定の売上が立ったためオーナーの椅子が増加します 名前="Skyline Taxis" 増加数=26
time=06:40:36.251 level=INFO msg=一定の売上が立ったためオーナーの椅子が増加します 名前="CraftChair Co., Ltd." 増加数=17
time=06:40:36.257 level=INFO msg=一定の売上が立ったためオーナーの椅子が増加します 名前=ひまわり交通 増加数=8
time=06:40:36.257 level=INFO msg=一定の売上が立ったためオーナーの椅子が増加します 名前=座心工房 増加数=11
time=06:40:36.261 level=INFO msg=一定の売上が立ったためオーナーの椅子が増加します 名前="Skyline Taxis" 増加数=12
time=06:40:36.261 level=INFO msg=一定の売上が立ったためオーナーの椅子が増加します 名前="SitWell Designs" 増加数=12
time=06:40:38.183 level=INFO msg=一定の売上が立ったためオーナーの椅子が増加します 名前="SitWell Designs" 増加数=16
time=06:40:38.183 level=INFO msg=一定の売上が立ったためオーナーの椅子が増加します 名前="CraftChair Co., Ltd." 増加数=18
time=06:40:38.184 level=INFO msg=一定の売上が立ったためオーナーの椅子が増加します 名前="Skyline Taxis" 増加数=16
time=06:40:38.187 level=INFO msg=これまでに地域内の評判によって53人、既存ユーザーの招待経由で1897人が新規登録しました
time=06:40:38.187 level=INFO msg=これまでに低評価なライドによって4人が利用をやめました
time=06:40:38.187 level=INFO msg=9.7%のライドは椅子がマッチされるまでの時間、7.2%のライドはマッチされた椅子が乗車地点までに掛かる時間、13.5%のライドは椅子の実移動時間に不満がありました
time=06:40:38.187 level=INFO msg=一定の売上が立ったためオーナーの椅子が増加します 名前=ひまわり交通 増加数=10
time=06:40:38.187 level=INFO msg=一定の売上が立ったためオーナーの椅子が増加します 名前=座心工房 増加数=14
time=06:40:39.986 level=INFO msg=一定の売上が立ったためオーナーの椅子が増加します 名前="SitWell Designs" 増加数=17
time=06:40:39.998 level=INFO msg=一定の売上が立ったためオーナーの椅子が増加します 名前=座心工房 増加数=17
time=06:40:40.000 level=INFO msg=一定の売上が立ったためオーナーの椅子が増加します 名前="Skyline Taxis" 増加数=19
time=06:40:40.000 level=INFO msg=一定の売上が立ったためオーナーの椅子が増加します 名前="CraftChair Co., Ltd." 増加数=18
time=06:40:40.006 level=INFO msg=一定の売上が立ったためオーナーの椅子が増加します 名前=ひまわり交通 増加数=12
time=06:40:41.786 level=INFO msg=一定の売上が立ったためオーナーの椅子が増加します 名前="SitWell Designs" 増加数=20
time=06:40:41.789 level=INFO msg=一定の売上が立ったためオーナーの椅子が増加します 名前="Skyline Taxis" 増加数=19
time=06:40:41.790 level=INFO msg=一定の売上が立ったためオーナーの椅子が増加します 名前="CraftChair Co., Ltd." 増加数=25
time=06:40:41.791 level=INFO msg=一定の売上が立ったためオーナーの椅子が増加します 名前=ひまわり交通 増加数=14
time=06:40:41.793 level=INFO msg=一定の売上が立ったためオーナーの椅子が増加します 名前=座心工房 増加数=17
time=06:40:43.585 level=INFO msg=一定の売上が立ったためオーナーの椅子が増加します 名前="Skyline Taxis" 増加数=21
time=06:40:43.586 level=INFO msg=一定の売上が立ったためオーナーの椅子が増加します 名前="SitWell Designs" 増加数=19
time=06:40:43.587 level=INFO msg=これまでに地域内の評判によって71人、既存ユーザーの招待経由で2511人が新規登録しました
time=06:40:43.587 level=INFO msg=これまでに低評価なライドによって26人が利用をやめました
time=06:40:43.587 level=INFO msg=45.1%のライドは椅子がマッチされるまでの時間、5.5%のライドはマッチされた椅子が乗車地点までに掛かる時間、22.2%のライドは椅子の実移動時間に不満がありました
time=06:40:43.599 level=INFO msg=一定の売上が立ったためオーナーの椅子が増加します 名前=座心工房 増加数=18
time=06:40:43.602 level=INFO msg=一定の売上が立ったためオーナーの椅子が増加します 名前=ひまわり交通 増加数=12
time=06:40:45.617 level=INFO msg=一定の売上が立ったためオーナーの椅子が増加します 名前="SitWell Designs" 増加数=22
time=06:40:45.620 level=INFO msg=一定の売上が立ったためオーナーの椅子が増加します 名前=座心工房 増加数=19
time=06:40:45.623 level=INFO msg=一定の売上が立ったためオーナーの椅子が増加します 名前=ひまわり交通 増加数=15
time=06:40:45.624 level=INFO msg=一定の売上が立ったためオーナーの椅子が増加します 名前="CraftChair Co., Ltd." 増加数=48
time=06:40:47.421 level=INFO msg=一定の売上が立ったためオーナーの椅子が増加します 名前="Skyline Taxis" 増加数=49
time=06:40:47.424 level=INFO msg=一定の売上が立ったためオーナーの椅子が増加します 名前=ひまわり交通 増加数=19
time=06:40:49.197 level=INFO msg=これまでに地域内の評判によって89人、既存ユーザーの招待経由で2874人が新規登録しました
time=06:40:49.197 level=INFO msg=これまでに低評価なライドによって45人が利用をやめました
time=06:40:49.197 level=INFO msg=64.3%のライドは椅子がマッチされるまでの時間、4.4%のライドはマッチされた椅子が乗車地点までに掛かる時間、28.4%のライドは椅子の実移動時間に不満がありました
time=06:40:49.224 level=INFO msg=一定の売上が立ったためオーナーの椅子が増加します 名前=座心工房 増加数=50
time=06:40:49.241 level=INFO msg=一定の売上が立ったためオーナーの椅子が増加します 名前="SitWell Designs" 増加数=56
time=06:40:51.078 level=INFO msg=一定の売上が立ったためオーナーの椅子が増加します 名前=ひまわり交通 増加数=36
time=06:40:53.232 level=INFO msg=一定の売上が立ったためオーナーの椅子が増加します 名前="CraftChair Co., Ltd." 増加数=111
time=06:40:55.527 level=INFO msg=これまでに地域内の評判によって107人、既存ユーザーの招待経由で3259人が新規登録しました
time=06:40:55.527 level=INFO msg=これまでに低評価なライドによって77人が利用をやめました
time=06:40:55.527 level=INFO msg=73.9%のライドは椅子がマッチされるまでの時間、3.8%のライドはマッチされた椅子が乗車地点までに掛かる時間、32.8%のライドは椅子の実移動時間に不満がありました
time=06:40:55.580 level=INFO msg=一定の売上が立ったためオーナーの椅子が増加します 名前="Skyline Taxis" 増加数=106
time=06:40:57.442 level=INFO msg=一定の売上が立ったためオーナーの椅子が増加します 名前=座心工房 増加数=97
time=06:40:57.445 level=INFO msg=一定の売上が立ったためオーナーの椅子が増加します 名前=ひまわり交通 増加数=64
time=06:40:57.449 level=INFO msg=一定の売上が立ったためオーナーの椅子が増加します 名前="SitWell Designs" 増加数=109
time=06:41:01.017 level=INFO msg=これまでに地域内の評判によって125人、既存ユーザーの招待経由で3424人が新規登録しました
time=06:41:01.017 level=INFO msg=これまでに低評価なライドによって116人が利用をやめました
time=06:41:01.017 level=INFO msg=79.3%のライドは椅子がマッチされるまでの時間、3.4%のライドはマッチされた椅子が乗車地点までに掛かる時間、36.8%のライドは椅子の実移動時間に不満がありました
time=06:41:06.777 level=INFO msg=これまでに地域内の評判によって143人、既存ユーザーの招待経由で3487人が新規登録しました
time=06:41:06.777 level=INFO msg=これまでに低評価なライドによって152人が利用をやめました
time=06:41:06.777 level=INFO msg=83.1%のライドは椅子がマッチされるまでの時間、3.2%のライドはマッチされた椅子が乗車地点までに掛かる時間、40.6%のライドは椅子の実移動時間に不満がありました
time=06:41:09.044 level=INFO msg=一定の売上が立ったためオーナーの椅子が増加します 名前=ひまわり交通 増加数=135
time=06:41:13.287 level=INFO msg=これまでに地域内の評判によって161人、既存ユーザーの招待経由で3595人が新規登録しました
time=06:41:13.287 level=INFO msg=これまでに低評価なライドによって185人が利用をやめました
time=06:41:13.287 level=INFO msg=85.8%のライドは椅子がマッチされるまでの時間、3.1%のライドはマッチされた椅子が乗車地点までに掛かる時間、43.4%のライドは椅子の実移動時間に不満がありました
time=06:41:13.374 level=INFO msg=一定の売上が立ったためオーナーの椅子が増加します 名前="CraftChair Co., Ltd." 増加数=299
time=06:41:16.050 level=INFO msg=一定の売上が立ったためオーナーの椅子が増加します 名前="Skyline Taxis" 増加数=291
time=06:41:21.261 level=INFO msg=最終地域情報 名前=チェアタウン ユーザー登録数=2351 アクティブユーザー数=2251
time=06:41:21.261 level=INFO msg=最終地域情報 名前=コシカケシティ ユーザー登録数=1528 アクティブユーザー数=1438
time=06:41:21.261 level=INFO msg=最終オーナー情報 名前="Skyline Taxis" 売上=23865200 椅子数=607
time=06:41:21.261 level=INFO msg=最終オーナー情報 名前="CraftChair Co., Ltd." 売上=25908500 椅子数=621
time=06:41:21.261 level=INFO msg=最終オーナー情報 名前=座心工房 売上=22063500 椅子数=310
time=06:41:21.261 level=INFO msg=最終オーナー情報 名前=ひまわり交通 売上=17606000 椅子数=376
time=06:41:21.261 level=INFO msg=最終オーナー情報 名前="SitWell Designs" 売上=24323500 椅子数=342
time=06:41:21.262 level=INFO msg=86.6%のライドは椅子がマッチされるまでの時間、2.9%のライドはマッチされた椅子が乗車地点までに掛かる時間、44.8%のライドは椅子の実移動時間に不満がありました
time=06:41:21.263 level=INFO msg=結果 pass=true スコア=1190386 種別エラー数=map[]
time=06:41:21.263 level=INFO msg=負荷走行が終了しました
