time=01:35:53.833 level=INFO msg=負荷走行を開始します
time=01:35:59.837 level=INFO msg=一定の売上が立ったためオーナーの椅子が増加します 名前=椅子やいちば 増加数=1
time=01:35:59.837 level=INFO msg=一定の売上が立ったためオーナーの椅子が増加します 名前="Orbit Taxi" 増加数=1
time=01:36:01.638 level=INFO msg=一定の売上が立ったためオーナーの椅子が増加します 名前="LuxeLine Taxi" 増加数=1
time=01:36:01.642 level=INFO msg=一定の売上が立ったためオーナーの椅子が増加します 名前="Orbit Taxi" 増加数=1
time=01:36:01.642 level=INFO msg=一定の売上が立ったためオーナーの椅子が増加します 名前=いすの道 増加数=1
time=01:36:01.642 level=INFO msg=一定の売上が立ったためオーナーの椅子が増加します 名前="Vintage Vibe Seats" 増加数=1
time=01:36:01.646 level=INFO msg=一定の売上が立ったためオーナーの椅子が増加します 名前=椅子やいちば 増加数=1
time=01:36:01.652 level=INFO msg=これまでに地域内の評判によって6人、既存ユーザーの招待経由で29人が新規登録しました
time=01:36:01.652 level=INFO msg=0.0%のライドは椅子がマッチされるまでの時間、72.4%のライドはマッチされた椅子が乗車地点までに掛かる時間、0.0%のライドは椅子の実移動時間に不満がありました
time=01:36:03.447 level=INFO msg=一定の売上が立ったためオーナーの椅子が増加します 名前="Orbit Taxi" 増加数=2
time=01:36:03.447 level=INFO msg=一定の売上が立ったためオーナーの椅子が増加します 名前="LuxeLine Taxi" 増加数=1
time=01:36:03.447 level=INFO msg=一定の売上が立ったためオーナーの椅子が増加します 名前="Vintage Vibe Seats" 増加数=1
time=01:36:03.451 level=INFO msg=一定の売上が立ったためオーナーの椅子が増加します 名前=椅子やいちば 増加数=2
time=01:36:05.250 level=INFO msg=一定の売上が立ったためオーナーの椅子が増加します 名前="LuxeLine Taxi" 増加数=1
time=01:36:05.252 level=INFO msg=一定の売上が立ったためオーナーの椅子が増加します 名前=いすの道 増加数=1
time=01:36:05.253 level=INFO msg=一定の売上が立ったためオーナーの椅子が増加します 名前="Orbit Taxi" 増加数=2
time=01:36:05.255 level=INFO msg=一定の売上が立ったためオーナーの椅子が増加します 名前=椅子やいちば 増加数=1
time=01:36:07.052 level=INFO msg=これまでに地域内の評判によって18人、既存ユーザーの招待経由で74人が新規登録しました
time=01:36:07.052 level=INFO msg=0.0%のライドは椅子がマッチされるまでの時間、72.4%のライドはマッチされた椅子が乗車地点までに掛かる時間、0.7%のライドは椅子の実移動時間に不満がありました
time=01:36:07.065 level=INFO msg=一定の売上が立ったためオーナーの椅子が増加します 名前="Vintage Vibe Seats" 増加数=1
time=01:36:07.069 level=INFO msg=一定の売上が立ったためオーナーの椅子が増加します 名前="Orbit Taxi" 増加数=2
time=01:36:07.072 level=INFO msg=一定の売上が立ったためオーナーの椅子が増加します 名前="LuxeLine Taxi" 増加数=1
time=01:36:07.072 level=INFO msg=一定の売上が立ったためオーナーの椅子が増加します 名前=いすの道 増加数=1
time=01:36:07.079 level=INFO msg=一定の売上が立ったためオーナーの椅子が増加します 名前=椅子やいちば 増加数=1
time=01:36:08.885 level=INFO msg=一定の売上が立ったためオーナーの椅子が増加します 名前="LuxeLine Taxi" 増加数=2
time=01:36:08.890 level=INFO msg=一定の売上が立ったためオーナーの椅子が増加します 名前="Orbit Taxi" 増加数=3
time=01:36:08.903 level=INFO msg=一定の売上が立ったためオーナーの椅子が増加します 名前=椅子やいちば 増加数=2
time=01:36:08.906 level=INFO msg=一定の売上が立ったためオーナーの椅子が増加します 名前=いすの道 増加数=1
time=01:36:08.911 level=INFO msg=一定の売上が立ったためオーナーの椅子が増加します 名前="Vintage Vibe Seats" 増加数=1
time=01:36:10.677 level=INFO msg=一定の売上が立ったためオーナーの椅子が増加します 名前="Vintage Vibe Seats" 増加数=1
time=01:36:10.679 level=INFO msg=一定の売上が立ったためオーナーの椅子が増加します 名前=いすの道 増加数=1
time=01:36:10.684 level=INFO msg=一定の売上が立ったためオーナーの椅子が増加します 名前="LuxeLine Taxi" 増加数=2
time=01:36:10.693 level=INFO msg=一定の売上が立ったためオーナーの椅子が増加します 名前=椅子やいちば 増加数=1
time=01:36:10.702 level=INFO msg=一定の売上が立ったためオーナーの椅子が増加します 名前="Orbit Taxi" 増加数=2
time=01:36:12.452 level=INFO msg=これまでに地域内の評判によって30人、既存ユーザーの招待経由で104人が新規登録しました
time=01:36:12.452 level=INFO msg=これまでに低評価なライドによって6人が利用をやめました
time=01:36:12.452 level=INFO msg=40.5%のライドは椅子がマッチされるまでの時間、62.8%のライドはマッチされた椅子が乗車地点までに掛かる時間、8.1%のライドは椅子の実移動時間に不満がありました
time=01:36:12.457 level=INFO msg=一定の売上が立ったためオーナーの椅子が増加します 名前="Vintage Vibe Seats" 増加数=1
time=01:36:12.493 level=INFO msg=一定の売上が立ったためオーナーの椅子が増加します 名前="LuxeLine Taxi" 増加数=1
time=01:36:12.503 level=INFO msg=一定の売上が立ったためオーナーの椅子が増加します 名前="Orbit Taxi" 増加数=2
time=01:36:12.507 level=INFO msg=一定の売上が立ったためオーナーの椅子が増加します 名前=椅子やいちば 増加数=2
time=01:36:14.291 level=INFO msg=一定の売上が立ったためオーナーの椅子が増加します 名前="Vintage Vibe Seats" 増加数=1
time=01:36:14.316 level=INFO msg=一定の売上が立ったためオーナーの椅子が増加します 名前=いすの道 増加数=3
time=01:36:14.328 level=INFO msg=一定の売上が立ったためオーナーの椅子が増加します 名前="LuxeLine Taxi" 増加数=1
time=01:36:14.338 level=INFO msg=一定の売上が立ったためオーナーの椅子が増加します 名前=椅子やいちば 増加数=1
time=01:36:14.354 level=INFO msg=一定の売上が立ったためオーナーの椅子が増加します 名前="Orbit Taxi" 増加数=3
time=01:36:16.102 level=INFO msg=一定の売上が立ったためオーナーの椅子が増加します 名前="Vintage Vibe Seats" 増加数=1
time=01:36:16.190 level=INFO msg=一定の売上が立ったためオーナーの椅子が増加します 名前="LuxeLine Taxi" 増加数=1
time=01:36:16.199 level=INFO msg=一定の売上が立ったためオーナーの椅子が増加します 名前=椅子やいちば 増加数=1
time=01:36:16.222 level=INFO msg=一定の売上が立ったためオーナーの椅子が増加します 名前="Orbit Taxi" 増加数=3
time=01:36:17.852 level=INFO msg=これまでに地域内の評判によって42人、既存ユーザーの招待経由で109人が新規登録しました
time=01:36:17.852 level=INFO msg=これまでに低評価なライドによって23人が利用をやめました
time=01:36:17.852 level=INFO msg=57.1%のライドは椅子がマッチされるまでの時間、59.8%のライドはマッチされた椅子が乗車地点までに掛かる時間、26.9%のライドは椅子の実移動時間に不満がありました
time=01:36:17.956 level=INFO msg=一定の売上が立ったためオーナーの椅子が増加します 名前="LuxeLine Taxi" 増加数=2
time=01:36:17.957 level=INFO msg=一定の売上が立ったためオーナーの椅子が増加します 名前=いすの道 増加数=2
time=01:36:17.964 level=INFO msg=一定の売上が立ったためオーナーの椅子が増加します 名前="Vintage Vibe Seats" 増加数=1
time=01:36:18.015 level=INFO msg=一定の売上が立ったためオーナーの椅子が増加します 名前=椅子やいちば 増加数=1
time=01:36:18.048 level=INFO msg=一定の売上が立ったためオーナーの椅子が増加します 名前="Orbit Taxi" 増加数=1
time=01:36:19.755 level=INFO msg=一定の売上が立ったためオーナーの椅子が増加します 名前=いすの道 増加数=1
time=01:36:19.761 level=INFO msg=一定の売上が立ったためオーナーの椅子が増加します 名前=椅子やいちば 増加数=2
time=01:36:19.796 level=INFO msg=一定の売上が立ったためオーナーの椅子が増加します 名前="Vintage Vibe Seats" 増加数=1
time=01:36:19.821 level=INFO msg=一定の売上が立ったためオーナーの椅子が増加します 名前="LuxeLine Taxi" 増加数=1
time=01:36:19.845 level=INFO msg=一定の売上が立ったためオーナーの椅子が増加します 名前="Orbit Taxi" 増加数=2
time=01:36:21.532 level=INFO msg=一定の売上が立ったためオーナーの椅子が増加します 名前="Vintage Vibe Seats" 増加数=2
time=01:36:21.570 level=INFO msg=一定の売上が立ったためオーナーの椅子が増加します 名前=いすの道 増加数=1
time=01:36:21.577 level=INFO msg=一定の売上が立ったためオーナーの椅子が増加します 名前="LuxeLine Taxi" 増加数=3
time=01:36:21.593 level=INFO msg=一定の売上が立ったためオーナーの椅子が増加します 名前=椅子やいちば 増加数=1
time=01:36:21.635 level=INFO msg=一定の売上が立ったためオーナーの椅子が増加します 名前="Orbit Taxi" 増加数=2
time=01:36:23.252 level=INFO msg=これまでに地域内の評判によって54人、既存ユーザーの招待経由で116人が新規登録しました
time=01:36:23.252 level=INFO msg=これまでに低評価なライドによって49人が利用をやめました
time=01:36:23.252 level=INFO msg=68.5%のライドは椅子がマッチされるまでの時間、59.4%のライドはマッチされた椅子が乗車地点までに掛かる時間、40.7%のライドは椅子の実移動時間に不満がありました
time=01:36:23.394 level=INFO msg=一定の売上が立ったためオーナーの椅子が増加します 名前="LuxeLine Taxi" 増加数=2
time=01:36:23.396 level=INFO msg=一定の売上が立ったためオーナーの椅子が増加します 名前="Vintage Vibe Seats" 増加数=1
time=01:36:23.405 level=INFO msg=一定の売上が立ったためオーナーの椅子が増加します 名前=椅子やいちば 増加数=2
time=01:36:23.414 level=INFO msg=一定の売上が立ったためオーナーの椅子が増加します 名前=いすの道 増加数=1
time=01:36:23.443 level=INFO msg=一定の売上が立ったためオーナーの椅子が増加します 名前="Orbit Taxi" 増加数=3
time=01:36:25.143 level=INFO msg=一定の売上が立ったためオーナーの椅子が増加します 名前=いすの道 増加数=2
time=01:36:25.149 level=INFO msg=一定の売上が立ったためオーナーの椅子が増加します 名前="Vintage Vibe Seats" 増加数=2
time=01:36:25.209 level=INFO msg=一定の売上が立ったためオーナーの椅子が増加します 名前=椅子やいちば 増加数=1
time=01:36:25.319 level=INFO msg=一定の売上が立ったためオーナーの椅子が増加します 名前="Orbit Taxi" 増加数=3
time=01:36:26.945 level=INFO msg=一定の売上が立ったためオーナーの椅子が増加します 名前=いすの道 増加数=1
time=01:36:26.952 level=INFO msg=一定の売上が立ったためオーナーの椅子が増加します 名前="Vintage Vibe Seats" 増加数=1
time=01:36:26.997 level=INFO msg=一定の売上が立ったためオーナーの椅子が増加します 名前="LuxeLine Taxi" 増加数=4
time=01:36:27.029 level=INFO msg=一定の売上が立ったためオーナーの椅子が増加します 名前=椅子やいちば 増加数=2
time=01:36:27.100 level=INFO msg=一定の売上が立ったためオーナーの椅子が増加します 名前="Orbit Taxi" 増加数=3
time=01:36:28.652 level=INFO msg=これまでに地域内の評判によって66人、既存ユーザーの招待経由で142人が新規登録しました
time=01:36:28.652 level=INFO msg=これまでに低評価なライドによって68人が利用をやめました
time=01:36:28.652 level=INFO msg=61.3%のライドは椅子がマッチされるまでの時間、54.9%のライドはマッチされた椅子が乗車地点までに掛かる時間、50.4%のライドは椅子の実移動時間に不満がありました
time=01:36:28.819 level=INFO msg=一定の売上が立ったためオーナーの椅子が増加します 名前="Vintage Vibe Seats" 増加数=1
time=01:36:28.843 level=INFO msg=一定の売上が立ったためオーナーの椅子が増加します 名前=いすの道 増加数=1
time=01:36:28.879 level=INFO msg=一定の売上が立ったためオーナーの椅子が増加します 名前=椅子やいちば 増加数=2
time=01:36:28.885 level=INFO msg=一定の売上が立ったためオーナーの椅子が増加します 名前="LuxeLine Taxi" 増加数=1
time=01:36:29.027 level=INFO msg=一定の売上が立ったためオーナーの椅子が増加します 名前="Orbit Taxi" 増加数=1
time=01:36:30.632 level=INFO msg=一定の売上が立ったためオーナーの椅子が増加します 名前="Vintage Vibe Seats" 増加数=2
time=01:36:30.641 level=INFO msg=一定の売上が立ったためオーナーの椅子が増加します 名前=いすの道 増加数=2
time=01:36:30.667 level=INFO msg=一定の売上が立ったためオーナーの椅子が増加します 名前="LuxeLine Taxi" 増加数=2
time=01:36:30.679 level=INFO msg=一定の売上が立ったためオーナーの椅子が増加します 名前=椅子やいちば 増加数=2
time=01:36:30.772 level=INFO msg=一定の売上が立ったためオーナーの椅子が増加します 名前="Orbit Taxi" 増加数=2
time=01:36:32.540 level=INFO msg=一定の売上が立ったためオーナーの椅子が増加します 名前="LuxeLine Taxi" 増加数=3
time=01:36:32.559 level=INFO msg=一定の売上が立ったためオーナーの椅子が増加します 名前=椅子やいちば 増加数=1
time=01:36:32.571 level=INFO msg=一定の売上が立ったためオーナーの椅子が増加します 名前="Vintage Vibe Seats" 増加数=2
time=01:36:32.778 level=INFO msg=一定の売上が立ったためオーナーの椅子が増加します 名前="Orbit Taxi" 増加数=3
time=01:36:34.052 level=INFO msg=これまでに地域内の評判によって78人、既存ユーザーの招待経由で165人が新規登録しました
time=01:36:34.052 level=INFO msg=これまでに低評価なライドによって84人が利用をやめました
time=01:36:34.052 level=INFO msg=48.3%のライドは椅子がマッチされるまでの時間、51.8%のライドはマッチされた椅子が乗車地点までに掛かる時間、58.9%のライドは椅子の実移動時間に不満がありました
time=01:36:34.249 level=INFO msg=一定の売上が立ったためオーナーの椅子が増加します 名前=いすの道 増加数=2
time=01:36:34.311 level=INFO msg=一定の売上が立ったためオーナーの椅子が増加します 名前="Vintage Vibe Seats" 増加数=1
time=01:36:34.346 level=INFO msg=一定の売上が立ったためオーナーの椅子が増加します 名前=椅子やいちば 増加数=2
time=01:36:34.410 level=INFO msg=一定の売上が立ったためオーナーの椅子が増加します 名前="LuxeLine Taxi" 増加数=1
time=01:36:34.418 level=INFO msg=一定の売上が立ったためオーナーの椅子が増加します 名前="Orbit Taxi" 増加数=2
time=01:36:36.043 level=INFO msg=一定の売上が立ったためオーナーの椅子が増加します 名前="Vintage Vibe Seats" 増加数=2
time=01:36:36.066 level=INFO msg=一定の売上が立ったためオーナーの椅子が増加します 名前=いすの道 増加数=1
time=01:36:36.097 level=INFO msg=一定の売上が立ったためオーナーの椅子が増加します 名前="LuxeLine Taxi" 増加数=1
time=01:36:36.169 level=INFO msg=一定の売上が立ったためオーナーの椅子が増加します 名前=椅子やいちば 増加数=2
time=01:36:36.254 level=INFO msg=一定の売上が立ったためオーナーの椅子が増加します 名前="Orbit Taxi" 増加数=1
time=01:36:37.837 level=INFO msg=一定の売上が立ったためオーナーの椅子が増加します 名前="Vintage Vibe Seats" 増加数=1
time=01:36:37.947 level=INFO msg=一定の売上が立ったためオーナーの椅子が増加します 名前=いすの道 増加数=1
time=01:36:37.971 level=INFO msg=一定の売上が立ったためオーナーの椅子が増加します 名前=椅子やいちば 増加数=3
time=01:36:37.973 level=INFO msg=一定の売上が立ったためオーナーの椅子が増加します 名前="LuxeLine Taxi" 増加数=2
time=01:36:38.004 level=INFO msg=一定の売上が立ったためオーナーの椅子が増加します 名前="Orbit Taxi" 増加数=3
time=01:36:39.452 level=INFO msg=これまでに地域内の評判によって90人、既存ユーザーの招待経由で194人が新規登録しました
time=01:36:39.452 level=INFO msg=これまでに低評価なライドによって99人が利用をやめました
time=01:36:39.452 level=INFO msg=41.4%のライドは椅子がマッチされるまでの時間、48.9%のライドはマッチされた椅子が乗車地点までに掛かる時間、63.4%のライドは椅子の実移動時間に不満がありました
time=01:36:39.704 level=INFO msg=一定の売上が立ったためオーナーの椅子が増加します 名前=いすの道 増加数=4
time=01:36:39.763 level=INFO msg=一定の売上が立ったためオーナーの椅子が増加します 名前="Vintage Vibe Seats" 増加数=1
time=01:36:39.809 level=INFO msg=一定の売上が立ったためオーナーの椅子が増加します 名前="LuxeLine Taxi" 増加数=2
time=01:36:39.819 level=INFO msg=一定の売上が立ったためオーナーの椅子が増加します 名前=椅子やいちば 増加数=1
time=01:36:39.953 level=INFO msg=一定の売上が立ったためオーナーの椅子が増加します 名前="Orbit Taxi" 増加数=1
time=01:36:41.541 level=INFO msg=一定の売上が立ったためオーナーの椅子が増加します 名前=いすの道 増加数=1
time=01:36:41.558 level=INFO msg=一定の売上が立ったためオーナーの椅子が増加します 名前="Vintage Vibe Seats" 増加数=2
time=01:36:41.631 level=INFO msg=一定の売上が立ったためオーナーの椅子が増加します 名前=椅子やいちば 増加数=1
time=01:36:41.678 level=INFO msg=一定の売上が立ったためオーナーの椅子が増加します 名前="LuxeLine Taxi" 増加数=1
time=01:36:41.747 level=INFO msg=一定の売上が立ったためオーナーの椅子が増加します 名前="Orbit Taxi" 増加数=2
time=01:36:43.318 level=INFO msg=一定の売上が立ったためオーナーの椅子が増加します 名前="Vintage Vibe Seats" 増加数=2
time=01:36:43.364 level=INFO msg=一定の売上が立ったためオーナーの椅子が増加します 名前=椅子やいちば 増加数=2
time=01:36:43.410 level=INFO msg=一定の売上が立ったためオーナーの椅子が増加します 名前=いすの道 増加数=1
time=01:36:43.425 level=INFO msg=一定の売上が立ったためオーナーの椅子が増加します 名前="LuxeLine Taxi" 増加数=2
time=01:36:43.547 level=INFO msg=一定の売上が立ったためオーナーの椅子が増加します 名前="Orbit Taxi" 増加数=2
time=01:36:44.852 level=INFO msg=これまでに地域内の評判によって102人、既存ユーザーの招待経由で201人が新規登録しました
time=01:36:44.852 level=INFO msg=これまでに低評価なライドによって117人が利用をやめました
time=01:36:44.852 level=INFO msg=43.6%のライドは椅子がマッチされるまでの時間、46.3%のライドはマッチされた椅子が乗車地点までに掛かる時間、66.7%のライドは椅子の実移動時間に不満がありました
time=01:36:45.080 level=INFO msg=一定の売上が立ったためオーナーの椅子が増加します 名前="Vintage Vibe Seats" 増加数=1
time=01:36:45.138 level=INFO msg=一定の売上が立ったためオーナーの椅子が増加します 名前=いすの道 増加数=1
time=01:36:45.159 level=INFO msg=一定の売上が立ったためオーナーの椅子が増加します 名前=椅子やいちば 増加数=1
time=01:36:45.237 level=INFO msg=一定の売上が立ったためオーナーの椅子が増加します 名前="LuxeLine Taxi" 増加数=2
time=01:36:45.295 level=INFO msg=一定の売上が立ったためオーナーの椅子が増加します 名前="Orbit Taxi" 増加数=1
time=01:36:46.932 level=INFO msg=一定の売上が立ったためオーナーの椅子が増加します 名前="Vintage Vibe Seats" 増加数=1
time=01:36:46.935 level=INFO msg=一定の売上が立ったためオーナーの椅子が増加します 名前="LuxeLine Taxi" 増加数=1
time=01:36:46.974 level=INFO msg=一定の売上が立ったためオーナーの椅子が増加します 名前=椅子やいちば 増加数=2
time=01:36:46.993 level=INFO msg=一定の売上が立ったためオーナーの椅子が増加します 名前=いすの道 増加数=1
time=01:36:46.998 level=INFO msg=一定の売上が立ったためオーナーの椅子が増加します 名前="Orbit Taxi" 増加数=2
time=01:36:48.787 level=INFO msg=一定の売上が立ったためオーナーの椅子が増加します 名前=いすの道 増加数=2
time=01:36:48.795 level=INFO msg=一定の売上が立ったためオーナーの椅子が増加します 名前="Vintage Vibe Seats" 増加数=2
time=01:36:48.899 level=INFO msg=一定の売上が立ったためオーナーの椅子が増加します 名前=椅子やいちば 増加数=1
time=01:36:49.006 level=INFO msg=一定の売上が立ったためオーナーの椅子が増加します 名前="LuxeLine Taxi" 増加数=1
time=01:36:49.032 level=INFO msg=一定の売上が立ったためオーナーの椅子が増加します 名前="Orbit Taxi" 増加数=2
time=01:36:50.252 level=INFO msg=これまでに地域内の評判によって114人、既存ユーザーの招待経由で206人が新規登録しました
time=01:36:50.252 level=INFO msg=これまでに低評価なライドによって134人が利用をやめました
time=01:36:50.252 level=INFO msg=50.4%のライドは椅子がマッチされるまでの時間、43.3%のライドはマッチされた椅子が乗車地点までに掛かる時間、68.8%のライドは椅子の実移動時間に不満がありました
time=01:36:50.645 level=INFO msg=一定の売上が立ったためオーナーの椅子が増加します 名前="LuxeLine Taxi" 増加数=1
time=01:36:50.657 level=INFO msg=一定の売上が立ったためオーナーの椅子が増加します 名前=椅子やいちば 増加数=1
time=01:36:50.722 level=INFO msg=一定の売上が立ったためオーナーの椅子が増加します 名前="Vintage Vibe Seats" 増加数=1
time=01:36:52.385 level=INFO msg=一定の売上が立ったためオーナーの椅子が増加します 名前="Vintage Vibe Seats" 増加数=1
time=01:36:52.431 level=INFO msg=一定の売上が立ったためオーナーの椅子が増加します 名前=いすの道 増加数=2
time=01:36:52.448 level=INFO msg=一定の売上が立ったためオーナーの椅子が増加します 名前=椅子やいちば 増加数=3
time=01:36:52.492 level=INFO msg=一定の売上が立ったためオーナーの椅子が増加します 名前="LuxeLine Taxi" 増加数=2
time=01:36:52.539 level=INFO msg=一定の売上が立ったためオーナーの椅子が増加します 名前="Orbit Taxi" 増加数=2
time=01:36:54.149 level=INFO msg=一定の売上が立ったためオーナーの椅子が増加します 名前=いすの道 増加数=2
time=01:36:54.239 level=INFO msg=一定の売上が立ったためオーナーの椅子が増加します 名前="Vintage Vibe Seats" 増加数=2
time=01:36:54.280 level=INFO msg=一定の売上が立ったためオーナーの椅子が増加します 名前="LuxeLine Taxi" 増加数=1
time=01:36:54.328 level=INFO msg=一定の売上が立ったためオーナーの椅子が増加します 名前=椅子やいちば 増加数=1
time=01:36:54.426 level=INFO msg=一定の売上が立ったためオーナーの椅子が増加します 名前="Orbit Taxi" 増加数=2
time=01:36:55.652 level=INFO msg=これまでに地域内の評判によって126人、既存ユーザーの招待経由で207人が新規登録しました
time=01:36:55.652 level=INFO msg=これまでに低評価なライドによって156人が利用をやめました
time=01:36:55.652 level=INFO msg=56.7%のライドは椅子がマッチされるまでの時間、40.7%のライドはマッチされた椅子が乗車地点までに掛かる時間、71.3%のライドは椅子の実移動時間に不満がありました
time=01:36:55.962 level=INFO msg=一定の売上が立ったためオーナーの椅子が増加します 名前="Vintage Vibe Seats" 増加数=1
time=01:36:56.015 level=INFO msg=一定の売上が立ったためオーナーの椅子が増加します 名前=椅子やいちば 増加数=1
time=01:36:56.023 level=INFO msg=一定の売上が立ったためオーナーの椅子が増加します 名前="LuxeLine Taxi" 増加数=2
time=01:36:56.214 level=INFO msg=一定の売上が立ったためオーナーの椅子が増加します 名前="Orbit Taxi" 増加数=3
time=01:36:56.227 level=INFO msg=一定の売上が立ったためオーナーの椅子が増加します 名前=いすの道 増加数=1
time=01:37:01.252 level=INFO msg=最終地域情報 名前=チェアタウン ユーザー登録数=192 アクティブユーザー数=114
time=01:37:01.252 level=INFO msg=最終地域情報 名前=コシカケシティ ユーザー登録数=160 アクティブユーザー数=81
time=01:37:01.252 level=INFO msg=最終オーナー情報 名前="Vintage Vibe Seats" 売上=936800 椅子数=43
time=01:37:01.252 level=INFO msg=最終オーナー情報 名前=椅子やいちば 売上=1250000 椅子数=52
time=01:37:01.252 level=INFO msg=最終オーナー情報 名前=いすの道 売上=881100 椅子数=42
time=01:37:01.252 level=INFO msg=最終オーナー情報 名前="LuxeLine Taxi" 売上=1214800 椅子数=52
time=01:37:01.252 level=INFO msg=最終オーナー情報 名前="Orbit Taxi" 売上=1877600 椅子数=68
time=01:37:01.252 level=INFO msg=57.7%のライドは椅子がマッチされるまでの時間、40.3%のライドはマッチされた椅子が乗車地点までに掛かる時間、71.4%のライドは椅子の実移動時間に不満がありました
time=01:37:01.252 level=INFO msg=結果 pass=true スコア=72399 種別エラー数=map[]
time=01:37:01.252 level=INFO msg=負荷走行が終了しました
