time=02:46:31.256 level=INFO msg=負荷走行を開始します
time=02:46:37.218 level=INFO msg=一定の売上が立ったためオーナーの椅子が増加します 名前="Chair Charm" 増加数=1
time=02:46:37.218 level=INFO msg=一定の売上が立ったためオーナーの椅子が増加します 名前=椅子のめぐりや 増加数=1
time=02:46:37.219 level=INFO msg=一定の売上が立ったためオーナーの椅子が増加します 名前="SitWell Designs" 増加数=2
time=02:46:37.223 level=INFO msg=一定の売上が立ったためオーナーの椅子が増加します 名前=座心工房 増加数=1
time=02:46:39.020 level=INFO msg=一定の売上が立ったためオーナーの椅子が増加します 名前="SitWell Designs" 増加数=1
time=02:46:39.021 level=INFO msg=一定の売上が立ったためオーナーの椅子が増加します 名前="Chair Charm" 増加数=1
time=02:46:39.022 level=INFO msg=一定の売上が立ったためオーナーの椅子が増加します 名前=座心工房 増加数=2
time=02:46:39.022 level=INFO msg=一定の売上が立ったためオーナーの椅子が増加します 名前=椅子のめぐりや 増加数=1
time=02:46:39.023 level=INFO msg=一定の売上が立ったためオーナーの椅子が増加します 名前="Skyline Taxis" 増加数=1
time=02:46:39.043 level=INFO msg=これまでに地域内の評判によって7人、既存ユーザーの招待経由で43人が新規登録しました
time=02:46:39.043 level=INFO msg=0.0%のライドは椅子がマッチされるまでの時間、48.8%のライドはマッチされた椅子が乗車地点までに掛かる時間、0.0%のライドは椅子の実移動時間に不満がありました
time=02:46:40.821 level=INFO msg=一定の売上が立ったためオーナーの椅子が増加します 名前="Skyline Taxis" 増加数=2
time=02:46:40.824 level=INFO msg=一定の売上が立ったためオーナーの椅子が増加します 名前=座心工房 増加数=2
time=02:46:40.826 level=INFO msg=一定の売上が立ったためオーナーの椅子が増加します 名前=椅子のめぐりや 増加数=3
time=02:46:40.828 level=INFO msg=一定の売上が立ったためオーナーの椅子が増加します 名前="SitWell Designs" 増加数=3
time=02:46:40.828 level=INFO msg=一定の売上が立ったためオーナーの椅子が増加します 名前="Chair Charm" 増加数=2
time=02:46:42.626 level=INFO msg=一定の売上が立ったためオーナーの椅子が増加します 名前="Skyline Taxis" 増加数=3
time=02:46:42.626 level=INFO msg=一定の売上が立ったためオーナーの椅子が増加します 名前=座心工房 増加数=4
time=02:46:42.628 level=INFO msg=一定の売上が立ったためオーナーの椅子が増加します 名前="Chair Charm" 増加数=3
time=02:46:42.629 level=INFO msg=一定の売上が立ったためオーナーの椅子が増加します 名前=椅子のめぐりや 増加数=2
time=02:46:42.629 level=INFO msg=一定の売上が立ったためオーナーの椅子が増加します 名前="SitWell Designs" 増加数=2
time=02:46:44.435 level=INFO msg=一定の売上が立ったためオーナーの椅子が増加します 名前="Skyline Taxis" 増加数=4
time=02:46:44.437 level=INFO msg=一定の売上が立ったためオーナーの椅子が増加します 名前=椅子のめぐりや 増加数=5
time=02:46:44.441 level=INFO msg=一定の売上が立ったためオーナーの椅子が増加します 名前=座心工房 増加数=4
time=02:46:44.443 level=INFO msg=これまでに地域内の評判によって19人、既存ユーザーの招待経由で175人が新規登録しました
time=02:46:44.443 level=INFO msg=1.1%のライドは椅子がマッチされるまでの時間、34.4%のライドはマッチされた椅子が乗車地点までに掛かる時間、0.8%のライドは椅子の実移動時間に不満がありました
time=02:46:44.443 level=INFO msg=一定の売上が立ったためオーナーの椅子が増加します 名前="SitWell Designs" 増加数=5
time=02:46:44.446 level=INFO msg=一定の売上が立ったためオーナーの椅子が増加します 名前="Chair Charm" 増加数=4
time=02:46:46.234 level=INFO msg=一定の売上が立ったためオーナーの椅子が増加します 名前="Chair Charm" 増加数=6
time=02:46:46.240 level=INFO msg=一定の売上が立ったためオーナーの椅子が増加します 名前="Skyline Taxis" 増加数=4
time=02:46:46.242 level=INFO msg=一定の売上が立ったためオーナーの椅子が増加します 名前=椅子のめぐりや 増加数=4
time=02:46:46.243 level=INFO msg=一定の売上が立ったためオーナーの椅子が増加します 名前=座心工房 増加数=7
time=02:46:46.244 level=INFO msg=一定の売上が立ったためオーナーの椅子が増加します 名前="SitWell Designs" 増加数=5
time=02:46:48.149 level=INFO msg=一定の売上が立ったためオーナーの椅子が増加します 名前="Skyline Taxis" 増加数=5
time=02:46:48.153 level=INFO msg=一定の売上が立ったためオーナーの椅子が増加します 名前=座心工房 増加数=8
time=02:46:48.156 level=INFO msg=一定の売上が立ったためオーナーの椅子が増加します 名前=椅子のめぐりや 増加数=6
time=02:46:48.157 level=INFO msg=一定の売上が立ったためオーナーの椅子が増加します 名前="SitWell Designs" 増加数=7
time=02:46:48.159 level=INFO msg=一定の売上が立ったためオーナーの椅子が増加します 名前="Chair Charm" 増加数=6
time=02:46:50.143 level=INFO msg=これまでに地域内の評判によって32人、既存ユーザーの招待経由で478人が新規登録しました
time=02:46:50.143 level=INFO msg=7.5%のライドは椅子がマッチされるまでの時間、15.2%のライドはマッチされた椅子が乗車地点までに掛かる時間、0.4%のライドは椅子の実移動時間に不満がありました
time=02:46:50.168 level=INFO msg=一定の売上が立ったためオーナーの椅子が増加します 名前="Skyline Taxis" 増加数=7
time=02:46:50.169 level=INFO msg=一定の売上が立ったためオーナーの椅子が増加します 名前="SitWell Designs" 増加数=6
time=02:46:50.171 level=INFO msg=一定の売上が立ったためオーナーの椅子が増加します 名前="Chair Charm" 増加数=8
time=02:46:50.176 level=INFO msg=一定の売上が立ったためオーナーの椅子が増加します 名前=椅子のめぐりや 増加数=7
time=02:46:50.176 level=INFO msg=一定の売上が立ったためオーナーの椅子が増加します 名前=座心工房 増加数=6
time=02:46:51.979 level=INFO msg=一定の売上が立ったためオーナーの椅子が増加します 名前=椅子のめぐりや 増加数=7
time=02:46:51.980 level=INFO msg=一定の売上が立ったためオーナーの椅子が増加します 名前="SitWell Designs" 増加数=6
time=02:46:51.983 level=INFO msg=一定の売上が立ったためオーナーの椅子が増加します 名前="Chair Charm" 増加数=6
time=02:46:51.989 level=INFO msg=一定の売上が立ったためオーナーの椅子が増加します 名前="Skyline Taxis" 増加数=6
time=02:46:51.991 level=INFO msg=一定の売上が立ったためオーナーの椅子が増加します 名前=座心工房 増加数=7
time=02:46:53.785 level=INFO msg=一定の売上が立ったためオーナーの椅子が増加します 名前="Skyline Taxis" 増加数=6
time=02:46:53.792 level=INFO msg=一定の売上が立ったためオーナーの椅子が増加します 名前=椅子のめぐりや 増加数=5
time=02:46:53.795 level=INFO msg=一定の売上が立ったためオーナーの椅子が増加します 名前="Chair Charm" 増加数=7
time=02:46:53.802 level=INFO msg=一定の売上が立ったためオーナーの椅子が増加します 名前=座心工房 増加数=7
time=02:46:53.824 level=INFO msg=一定の売上が立ったためオーナーの椅子が増加します 名前="SitWell Designs" 増加数=7
time=02:46:55.543 level=INFO msg=これまでに地域内の評判によって47人、既存ユーザーの招待経由で894人が新規登録しました
time=02:46:55.543 level=INFO msg=11.3%のライドは椅子がマッチされるまでの時間、8.9%のライドはマッチされた椅子が乗車地点までに掛かる時間、6.5%のライドは椅子の実移動時間に不満がありました
time=02:46:55.634 level=INFO msg=一定の売上が立ったためオーナーの椅子が増加します 名前="Skyline Taxis" 増加数=5
time=02:46:55.646 level=INFO msg=一定の売上が立ったためオーナーの椅子が増加します 名前="SitWell Designs" 増加数=6
time=02:46:55.656 level=INFO msg=一定の売上が立ったためオーナーの椅子が増加します 名前=椅子のめぐりや 増加数=7
time=02:46:55.657 level=INFO msg=一定の売上が立ったためオーナーの椅子が増加します 名前="Chair Charm" 増加数=5
time=02:46:55.664 level=INFO msg=一定の売上が立ったためオーナーの椅子が増加します 名前=座心工房 増加数=6
time=02:46:57.434 level=INFO msg=一定の売上が立ったためオーナーの椅子が増加します 名前="Skyline Taxis" 増加数=6
time=02:46:57.443 level=INFO msg=一定の売上が立ったためオーナーの椅子が増加します 名前="Chair Charm" 増加数=5
time=02:46:57.451 level=INFO msg=一定の売上が立ったためオーナーの椅子が増加します 名前=座心工房 増加数=6
time=02:46:57.454 level=INFO msg=一定の売上が立ったためオーナーの椅子が増加します 名前=椅子のめぐりや 増加数=4
time=02:46:57.454 level=INFO msg=一定の売上が立ったためオーナーの椅子が増加します 名前="SitWell Designs" 増加数=5
time=02:46:59.263 level=INFO msg=一定の売上が立ったためオーナーの椅子が増加します 名前="SitWell Designs" 増加数=4
time=02:46:59.263 level=INFO msg=一定の売上が立ったためオーナーの椅子が増加します 名前="Chair Charm" 増加数=5
time=02:46:59.264 level=INFO msg=一定の売上が立ったためオーナーの椅子が増加します 名前=座心工房 増加数=5
time=02:46:59.271 level=INFO msg=一定の売上が立ったためオーナーの椅子が増加します 名前="Skyline Taxis" 増加数=4
time=02:46:59.274 level=INFO msg=一定の売上が立ったためオーナーの椅子が増加します 名前=椅子のめぐりや 増加数=5
time=02:47:00.943 level=INFO msg=これまでに地域内の評判によって62人、既存ユーザーの招待経由で1211人が新規登録しました
time=02:47:00.943 level=INFO msg=これまでに低評価なライドによって3人が利用をやめました
time=02:47:00.944 level=INFO msg=23.2%のライドは椅子がマッチされるまでの時間、6.3%のライドはマッチされた椅子が乗車地点までに掛かる時間、17.0%のライドは椅子の実移動時間に不満がありました
time=02:47:01.031 level=INFO msg=一定の売上が立ったためオーナーの椅子が増加します 名前="Skyline Taxis" 増加数=6
time=02:47:01.065 level=INFO msg=一定の売上が立ったためオーナーの椅子が増加します 名前=椅子のめぐりや 増加数=6
time=02:47:01.075 level=INFO msg=一定の売上が立ったためオーナーの椅子が増加します 名前="SitWell Designs" 増加数=8
time=02:47:01.086 level=INFO msg=一定の売上が立ったためオーナーの椅子が増加します 名前="Chair Charm" 増加数=8
time=02:47:01.088 level=INFO msg=一定の売上が立ったためオーナーの椅子が増加します 名前=座心工房 増加数=7
time=02:47:02.844 level=INFO msg=一定の売上が立ったためオーナーの椅子が増加します 名前="Skyline Taxis" 増加数=6
time=02:47:02.889 level=INFO msg=一定の売上が立ったためオーナーの椅子が増加します 名前=座心工房 増加数=7
time=02:47:02.890 level=INFO msg=一定の売上が立ったためオーナーの椅子が増加します 名前=椅子のめぐりや 増加数=6
time=02:47:02.900 level=INFO msg=一定の売上が立ったためオーナーの椅子が増加します 名前="Chair Charm" 増加数=5
time=02:47:02.906 level=INFO msg=一定の売上が立ったためオーナーの椅子が増加します 名前="SitWell Designs" 増加数=6
time=02:47:04.765 level=INFO msg=一定の売上が立ったためオーナーの椅子が増加します 名前="Skyline Taxis" 増加数=6
time=02:47:04.772 level=INFO msg=一定の売上が立ったためオーナーの椅子が増加します 名前="Chair Charm" 増加数=7
time=02:47:04.776 level=INFO msg=一定の売上が立ったためオーナーの椅子が増加します 名前="SitWell Designs" 増加数=7
time=02:47:04.777 level=INFO msg=一定の売上が立ったためオーナーの椅子が増加します 名前=椅子のめぐりや 増加数=9
time=02:47:04.779 level=INFO msg=一定の売上が立ったためオーナーの椅子が増加します 名前=座心工房 増加数=7
time=02:47:06.345 level=INFO msg=これまでに地域内の評判によって77人、既存ユーザーの招待経由で1566人が新規登録しました
time=02:47:06.345 level=INFO msg=これまでに低評価なライドによって6人が利用をやめました
time=02:47:06.345 level=INFO msg=34.2%のライドは椅子がマッチされるまでの時間、4.7%のライドはマッチされた椅子が乗車地点までに掛かる時間、23.0%のライドは椅子の実移動時間に不満がありました
time=02:47:06.545 level=INFO msg=一定の売上が立ったためオーナーの椅子が増加します 名前="Skyline Taxis" 増加数=6
time=02:47:06.550 level=INFO msg=一定の売上が立ったためオーナーの椅子が増加します 名前=座心工房 増加数=7
time=02:47:06.554 level=INFO msg=一定の売上が立ったためオーナーの椅子が増加します 名前=椅子のめぐりや 増加数=6
time=02:47:06.556 level=INFO msg=一定の売上が立ったためオーナーの椅子が増加します 名前="Chair Charm" 増加数=7
time=02:47:06.563 level=INFO msg=一定の売上が立ったためオーナーの椅子が増加します 名前="SitWell Designs" 増加数=7
time=02:47:08.350 level=INFO msg=一定の売上が立ったためオーナーの椅子が増加します 名前="Skyline Taxis" 増加数=8
time=02:47:08.351 level=INFO msg=一定の売上が立ったためオーナーの椅子が増加します 名前=椅子のめぐりや 増加数=7
time=02:47:08.362 level=INFO msg=一定の売上が立ったためオーナーの椅子が増加します 名前="Chair Charm" 増加数=9
time=02:47:08.365 level=INFO msg=一定の売上が立ったためオーナーの椅子が増加します 名前="SitWell Designs" 増加数=7
time=02:47:08.366 level=INFO msg=一定の売上が立ったためオーナーの椅子が増加します 名前=座心工房 増加数=9
time=02:47:10.210 level=INFO msg=一定の売上が立ったためオーナーの椅子が増加します 名前="Chair Charm" 増加数=9
time=02:47:10.285 level=INFO msg=一定の売上が立ったためオーナーの椅子が増加します 名前=椅子のめぐりや 増加数=8
time=02:47:10.300 level=INFO msg=一定の売上が立ったためオーナーの椅子が増加します 名前="Skyline Taxis" 増加数=8
time=02:47:10.327 level=INFO msg=一定の売上が立ったためオーナーの椅子が増加します 名前=座心工房 増加数=9
time=02:47:10.330 level=INFO msg=一定の売上が立ったためオーナーの椅子が増加します 名前="SitWell Designs" 増加数=9
time=02:47:11.743 level=INFO msg=これまでに地域内の評判によって93人、既存ユーザーの招待経由で1764人が新規登録しました
time=02:47:11.743 level=INFO msg=これまでに低評価なライドによって10人が利用をやめました
time=02:47:11.743 level=INFO msg=49.8%のライドは椅子がマッチされるまでの時間、3.6%のライドはマッチされた椅子が乗車地点までに掛かる時間、27.6%のライドは椅子の実移動時間に不満がありました
time=02:47:12.083 level=INFO msg=一定の売上が立ったためオーナーの椅子が増加します 名前="Skyline Taxis" 増加数=8
time=02:47:12.106 level=INFO msg=一定の売上が立ったためオーナーの椅子が増加します 名前="SitWell Designs" 増加数=9
time=02:47:12.109 level=INFO msg=一定の売上が立ったためオーナーの椅子が増加します 名前=椅子のめぐりや 増加数=10
time=02:47:12.119 level=INFO msg=一定の売上が立ったためオーナーの椅子が増加します 名前="Chair Charm" 増加数=8
time=02:47:12.126 level=INFO msg=一定の売上が立ったためオーナーの椅子が増加します 名前=座心工房 増加数=10
time=02:47:14.278 level=INFO msg=一定の売上が立ったためオーナーの椅子が増加します 名前="Skyline Taxis" 増加数=9
time=02:47:14.284 level=INFO msg=一定の売上が立ったためオーナーの椅子が増加します 名前="SitWell Designs" 増加数=9
time=02:47:14.294 level=INFO msg=一定の売上が立ったためオーナーの椅子が増加します 名前=椅子のめぐりや 増加数=8
time=02:47:14.302 level=INFO msg=一定の売上が立ったためオーナーの椅子が増加します 名前=座心工房 増加数=9
time=02:47:14.341 level=INFO msg=一定の売上が立ったためオーナーの椅子が増加します 名前="Chair Charm" 増加数=11
time=02:47:16.078 level=INFO msg=一定の売上が立ったためオーナーの椅子が増加します 名前="Skyline Taxis" 増加数=8
time=02:47:16.089 level=INFO msg=一定の売上が立ったためオーナーの椅子が増加します 名前=椅子のめぐりや 増加数=9
time=02:47:16.122 level=INFO msg=一定の売上が立ったためオーナーの椅子が増加します 名前=座心工房 増加数=12
time=02:47:16.154 level=INFO msg=一定の売上が立ったためオーナーの椅子が増加します 名前="SitWell Designs" 増加数=10
time=02:47:17.143 level=INFO msg=これまでに地域内の評判によって111人、既存ユーザーの招待経由で1929人が新規登録しました
time=02:47:17.143 level=INFO msg=これまでに低評価なライドによって16人が利用をやめました
time=02:47:17.143 level=INFO msg=60.4%のライドは椅子がマッチされるまでの時間、3.0%のライドはマッチされた椅子が乗車地点までに掛かる時間、31.2%のライドは椅子の実移動時間に不満がありました
time=02:47:17.633 level=INFO msg=一定の売上が立ったためオーナーの椅子が増加します 名前="Skyline Taxis" 増加数=11
time=02:47:17.652 level=INFO msg=一定の売上が立ったためオーナーの椅子が増加します 名前="Chair Charm" 増加数=19
time=02:47:20.165 level=INFO msg=一定の売上が立ったためオーナーの椅子が増加します 名前="Skyline Taxis" 増加数=10
time=02:47:20.214 level=INFO msg=一定の売上が立ったためオーナーの椅子が増加します 名前=座心工房 増加数=23
time=02:47:20.231 level=INFO msg=一定の売上が立ったためオーナーの椅子が増加します 名前=椅子のめぐりや 増加数=21
time=02:47:20.232 level=INFO msg=一定の売上が立ったためオーナーの椅子が増加します 名前="SitWell Designs" 増加数=22
time=02:47:21.951 level=INFO msg=一定の売上が立ったためオーナーの椅子が増加します 名前="Chair Charm" 増加数=23
time=02:47:23.203 level=INFO msg=これまでに地域内の評判によって129人、既存ユーザーの招待経由で2085人が新規登録しました
time=02:47:23.203 level=INFO msg=これまでに低評価なライドによって23人が利用をやめました
time=02:47:23.203 level=INFO msg=67.7%のライドは椅子がマッチされるまでの時間、2.5%のライドはマッチされた椅子が乗車地点までに掛かる時間、34.0%のライドは椅子の実移動時間に不満がありました
time=02:47:24.147 level=INFO msg=一定の売上が立ったためオーナーの椅子が増加します 名前="Skyline Taxis" 増加数=21
time=02:47:24.173 level=INFO msg=一定の売上が立ったためオーナーの椅子が増加します 名前="SitWell Designs" 増加数=19
time=02:47:24.174 level=INFO msg=一定の売上が立ったためオーナーの椅子が増加します 名前=椅子のめぐりや 増加数=20
time=02:47:24.183 level=INFO msg=一定の売上が立ったためオーナーの椅子が増加します 名前=座心工房 増加数=24
time=02:47:28.179 level=INFO msg=一定の売上が立ったためオーナーの椅子が増加します 名前="Chair Charm" 増加数=32
time=02:47:28.603 level=INFO msg=これまでに地域内の評判によって147人、既存ユーザーの招待経由で2194人が新規登録しました
time=02:47:28.603 level=INFO msg=これまでに低評価なライドによって49人が利用をやめました
time=02:47:28.603 level=INFO msg=72.6%のライドは椅子がマッチされるまでの時間、2.2%のライドはマッチされた椅子が乗車地点までに掛かる時間、37.2%のライドは椅子の実移動時間に不満がありました
time=02:47:29.423 level=INFO msg=一定の売上が立ったためオーナーの椅子が増加します 名前="Skyline Taxis" 増加数=28
time=02:47:29.465 level=INFO msg=一定の売上が立ったためオーナーの椅子が増加します 名前=椅子のめぐりや 増加数=29
time=02:47:29.483 level=INFO msg=一定の売上が立ったためオーナーの椅子が増加します 名前="SitWell Designs" 増加数=32
time=02:47:29.537 level=INFO msg=一定の売上が立ったためオーナーの椅子が増加します 名前=座心工房 増加数=37
time=02:47:38.644 level=INFO msg=最終地域情報 名前=チェアタウン ユーザー登録数=1465 アクティブユーザー数=1432
time=02:47:38.644 level=INFO msg=最終地域情報 名前=コシカケシティ ユーザー登録数=1072 アクティブユーザー数=1040
time=02:47:38.644 level=INFO msg=最終オーナー情報 名前="SitWell Designs" 売上=8868500 椅子数=208
time=02:47:38.644 level=INFO msg=最終オーナー情報 名前="Skyline Taxis" 売上=8143400 椅子数=192
time=02:47:38.644 level=INFO msg=最終オーナー情報 名前=座心工房 売上=9787400 椅子数=230
time=02:47:38.644 level=INFO msg=最終オーナー情報 名前="Chair Charm" 売上=9127800 椅子数=201
time=02:47:38.644 level=INFO msg=最終オーナー情報 名前=椅子のめぐりや 売上=8536600 椅子数=200
time=02:47:38.644 level=INFO msg=76.4%のライドは椅子がマッチされるまでの時間、1.9%のライドはマッチされた椅子が乗車地点までに掛かる時間、39.5%のライドは椅子の実移動時間に不満がありました
time=02:47:38.645 level=INFO msg=結果 pass=true スコア=466938 種別エラー数=map[]
time=02:47:38.645 level=INFO msg=負荷走行が終了しました
