time=00:56:01.465 level=INFO msg=負荷走行を開始します
time=00:56:10.067 level=INFO msg=これまでに地域内の評判によって1人、既存ユーザーの招待経由で0人が新規登録しました
time=00:56:10.067 level=INFO msg=0.0%のライドは椅子がマッチされるまでの時間、100.0%のライドはマッチされた椅子が乗車地点までに掛かる時間、50.0%のライドは椅子の実移動時間に不満がありました
time=00:56:15.467 level=INFO msg=これまでに地域内の評判によって2人、既存ユーザーの招待経由で0人が新規登録しました
time=00:56:15.467 level=INFO msg=50.0%のライドは椅子がマッチされるまでの時間、100.0%のライドはマッチされた椅子が乗車地点までに掛かる時間、50.0%のライドは椅子の実移動時間に不満がありました
time=00:56:17.264 level=INFO msg=一定の売上が立ったためオーナーの椅子が増加します 名前=いすの道 増加数=1
time=00:56:20.868 level=INFO msg=これまでに地域内の評判によって6人、既存ユーザーの招待経由で0人が新規登録しました
time=00:56:20.868 level=INFO msg=83.3%のライドは椅子がマッチされるまでの時間、100.0%のライドはマッチされた椅子が乗車地点までに掛かる時間、83.3%のライドは椅子の実移動時間に不満がありました
time=00:56:26.268 level=INFO msg=これまでに地域内の評判によって10人、既存ユーザーの招待経由で0人が新規登録しました
time=00:56:26.268 level=INFO msg=これまでに低評価なライドによって1人が利用をやめました
time=00:56:26.268 level=INFO msg=70.0%のライドは椅子がマッチされるまでの時間、100.0%のライドはマッチされた椅子が乗車地点までに掛かる時間、90.0%のライドは椅子の実移動時間に不満がありました
time=00:56:31.667 level=INFO msg=これまでに地域内の評判によって16人、既存ユーザーの招待経由で0人が新規登録しました
time=00:56:31.667 level=INFO msg=これまでに低評価なライドによって4人が利用をやめました
time=00:56:31.667 level=INFO msg=78.6%のライドは椅子がマッチされるまでの時間、100.0%のライドはマッチされた椅子が乗車地点までに掛かる時間、92.9%のライドは椅子の実移動時間に不満がありました
time=00:56:35.368 level=INFO msg=一定の売上が立ったためオーナーの椅子が増加します 名前=ゆったり号 増加数=1
time=00:56:37.068 level=INFO msg=これまでに地域内の評判によって21人、既存ユーザーの招待経由で0人が新規登録しました
time=00:56:37.068 level=INFO msg=これまでに低評価なライドによって9人が利用をやめました
time=00:56:37.068 level=INFO msg=73.7%のライドは椅子がマッチされるまでの時間、100.0%のライドはマッチされた椅子が乗車地点までに掛かる時間、92.1%のライドは椅子の実移動時間に不満がありました
time=00:56:37.135 level=INFO msg=一定の売上が立ったためオーナーの椅子が増加します 名前=PulseRide 増加数=1
time=00:56:42.467 level=INFO msg=これまでに地域内の評判によって27人、既存ユーザーの招待経由で0人が新規登録しました
time=00:56:42.467 level=INFO msg=これまでに低評価なライドによって12人が利用をやめました
time=00:56:42.467 level=INFO msg=72.7%のライドは椅子がマッチされるまでの時間、95.5%のライドはマッチされた椅子が乗車地点までに掛かる時間、93.2%のライドは椅子の実移動時間に不満がありました
time=00:56:46.147 level=INFO msg=一定の売上が立ったためオーナーの椅子が増加します 名前=GoEase 増加数=1
time=00:56:46.190 level=INFO msg=一定の売上が立ったためオーナーの椅子が増加します 名前=PulseRide 増加数=1
time=00:56:47.868 level=INFO msg=これまでに地域内の評判によって33人、既存ユーザーの招待経由で0人が新規登録しました
time=00:56:47.868 level=INFO msg=これまでに低評価なライドによって17人が利用をやめました
time=00:56:47.868 level=INFO msg=78.6%のライドは椅子がマッチされるまでの時間、92.9%のライドはマッチされた椅子が乗車地点までに掛かる時間、94.6%のライドは椅子の実移動時間に不満がありました
time=00:56:48.022 level=INFO msg=一定の売上が立ったためオーナーの椅子が増加します 名前=いすの道 増加数=1
time=00:56:53.267 level=INFO msg=これまでに地域内の評判によって39人、既存ユーザーの招待経由で0人が新規登録しました
time=00:56:53.267 level=INFO msg=これまでに低評価なライドによって20人が利用をやめました
time=00:56:53.268 level=INFO msg=77.4%のライドは椅子がマッチされるまでの時間、93.5%のライドはマッチされた椅子が乗車地点までに掛かる時間、95.2%のライドは椅子の実移動時間に不満がありました
time=00:56:55.146 level=INFO msg=一定の売上が立ったためオーナーの椅子が増加します 名前=PulseRide 増加数=1
time=00:56:58.667 level=INFO msg=これまでに地域内の評判によって43人、既存ユーザーの招待経由で0人が新規登録しました
time=00:56:58.667 level=INFO msg=これまでに低評価なライドによって24人が利用をやめました
time=00:56:58.667 level=INFO msg=76.5%のライドは椅子がマッチされるまでの時間、91.2%のライドはマッチされた椅子が乗車地点までに掛かる時間、95.6%のライドは椅子の実移動時間に不満がありました
time=00:56:58.808 level=INFO msg=一定の売上が立ったためオーナーの椅子が増加します 名前=ゆったり号 増加数=1
time=00:57:00.621 level=INFO msg=一定の売上が立ったためオーナーの椅子が増加します 名前="Artisan Seats" 増加数=1
time=00:57:04.067 level=INFO msg=これまでに地域内の評判によって46人、既存ユーザーの招待経由で0人が新規登録しました
time=00:57:04.067 level=INFO msg=これまでに低評価なライドによって28人が利用をやめました
time=00:57:04.067 level=INFO msg=78.9%のライドは椅子がマッチされるまでの時間、89.5%のライドはマッチされた椅子が乗車地点までに掛かる時間、96.1%のライドは椅子の実移動時間に不満がありました
time=00:57:09.667 level=INFO msg=最終地域情報 名前=チェアタウン ユーザー登録数=34 アクティブユーザー数=12
time=00:57:09.667 level=INFO msg=最終地域情報 名前=コシカケシティ ユーザー登録数=23 アクティブユーザー数=17
time=00:57:09.667 level=INFO msg=最終オーナー情報 名前=ゆったり号 売上=34000 椅子数=6
time=00:57:09.667 level=INFO msg=最終オーナー情報 名前="Artisan Seats" 売上=21700 椅子数=5
time=00:57:09.667 level=INFO msg=最終オーナー情報 名前=PulseRide 売上=56100 椅子数=7
time=00:57:09.667 level=INFO msg=最終オーナー情報 名前=いすの道 売上=45300 椅子数=6
time=00:57:09.667 level=INFO msg=最終オーナー情報 名前=GoEase 売上=24100 椅子数=5
time=00:57:09.667 level=INFO msg=78.9%のライドは椅子がマッチされるまでの時間、89.5%のライドはマッチされた椅子が乗車地点までに掛かる時間、96.1%のライドは椅子の実移動時間に不満がありました
time=00:57:09.667 level=INFO msg=結果 pass=true スコア=3691 種別エラー数=map[]
time=00:57:09.668 level=INFO msg=負荷走行が終了しました
