time=02:35:54.456 level=INFO msg=負荷走行を開始します
time=02:36:00.240 level=INFO msg=一定の売上が立ったためオーナーの椅子が増加します 名前=暮らしの椅子研究所 増加数=1
time=02:36:00.240 level=INFO msg=一定の売上が立ったためオーナーの椅子が増加します 名前="Sit Second Life" 増加数=2
time=02:36:00.243 level=INFO msg=一定の売上が立ったためオーナーの椅子が増加します 名前=SwiftCab 増加数=1
time=02:36:02.040 level=INFO msg=一定の売上が立ったためオーナーの椅子が増加します 名前=SwiftCab 増加数=3
time=02:36:02.040 level=INFO msg=一定の売上が立ったためオーナーの椅子が増加します 名前=風座プロダクツ 増加数=2
time=02:36:02.041 level=INFO msg=一定の売上が立ったためオーナーの椅子が増加します 名前=暮らしの椅子研究所 増加数=2
time=02:36:02.044 level=INFO msg=一定の売上が立ったためオーナーの椅子が増加します 名前=椅子再生工房 増加数=1
time=02:36:02.044 level=INFO msg=一定の売上が立ったためオーナーの椅子が増加します 名前="Sit Second Life" 増加数=2
time=02:36:02.065 level=INFO msg=これまでに地域内の評判によって11人、既存ユーザーの招待経由で47人が新規登録しました
time=02:36:02.065 level=INFO msg=0.0%のライドは椅子がマッチされるまでの時間、59.6%のライドはマッチされた椅子が乗車地点までに掛かる時間、0.0%のライドは椅子の実移動時間に不満がありました
time=02:36:03.842 level=INFO msg=一定の売上が立ったためオーナーの椅子が増加します 名前=椅子再生工房 増加数=3
time=02:36:03.844 level=INFO msg=一定の売上が立ったためオーナーの椅子が増加します 名前="Sit Second Life" 増加数=4
time=02:36:03.844 level=INFO msg=一定の売上が立ったためオーナーの椅子が増加します 名前=風座プロダクツ 増加数=2
time=02:36:03.847 level=INFO msg=一定の売上が立ったためオーナーの椅子が増加します 名前=SwiftCab 増加数=3
time=02:36:03.847 level=INFO msg=一定の売上が立ったためオーナーの椅子が増加します 名前=暮らしの椅子研究所 増加数=3
time=02:36:05.643 level=INFO msg=一定の売上が立ったためオーナーの椅子が増加します 名前=暮らしの椅子研究所 増加数=4
time=02:36:05.651 level=INFO msg=一定の売上が立ったためオーナーの椅子が増加します 名前=椅子再生工房 増加数=3
time=02:36:05.652 level=INFO msg=一定の売上が立ったためオーナーの椅子が増加します 名前=SwiftCab 増加数=5
time=02:36:05.654 level=INFO msg=一定の売上が立ったためオーナーの椅子が増加します 名前=風座プロダクツ 増加数=5
time=02:36:05.654 level=INFO msg=一定の売上が立ったためオーナーの椅子が増加します 名前="Sit Second Life" 増加数=5
time=02:36:07.453 level=INFO msg=一定の売上が立ったためオーナーの椅子が増加します 名前=風座プロダクツ 増加数=3
time=02:36:07.454 level=INFO msg=一定の売上が立ったためオーナーの椅子が増加します 名前=椅子再生工房 増加数=5
time=02:36:07.456 level=INFO msg=一定の売上が立ったためオーナーの椅子が増加します 名前=暮らしの椅子研究所 増加数=5
time=02:36:07.457 level=INFO msg=一定の売上が立ったためオーナーの椅子が増加します 名前=SwiftCab 増加数=6
time=02:36:07.458 level=INFO msg=一定の売上が立ったためオーナーの椅子が増加します 名前="Sit Second Life" 増加数=5
time=02:36:07.465 level=INFO msg=これまでに地域内の評判によって20人、既存ユーザーの招待経由で218人が新規登録しました
time=02:36:07.465 level=INFO msg=5.1%のライドは椅子がマッチされるまでの時間、19.6%のライドはマッチされた椅子が乗車地点までに掛かる時間、0.0%のライドは椅子の実移動時間に不満がありました
time=02:36:09.272 level=INFO msg=一定の売上が立ったためオーナーの椅子が増加します 名前=風座プロダクツ 増加数=9
time=02:36:09.273 level=INFO msg=一定の売上が立ったためオーナーの椅子が増加します 名前=SwiftCab 増加数=7
time=02:36:09.274 level=INFO msg=一定の売上が立ったためオーナーの椅子が増加します 名前=暮らしの椅子研究所 増加数=6
time=02:36:09.276 level=INFO msg=一定の売上が立ったためオーナーの椅子が増加します 名前=椅子再生工房 増加数=5
time=02:36:09.277 level=INFO msg=一定の売上が立ったためオーナーの椅子が増加します 名前="Sit Second Life" 増加数=7
time=02:36:11.077 level=INFO msg=一定の売上が立ったためオーナーの椅子が増加します 名前=椅子再生工房 増加数=8
time=02:36:11.079 level=INFO msg=一定の売上が立ったためオーナーの椅子が増加します 名前=風座プロダクツ 増加数=8
time=02:36:11.083 level=INFO msg=一定の売上が立ったためオーナーの椅子が増加します 名前="Sit Second Life" 増加数=7
time=02:36:11.083 level=INFO msg=一定の売上が立ったためオーナーの椅子が増加します 名前=SwiftCab 増加数=9
time=02:36:11.085 level=INFO msg=一定の売上が立ったためオーナーの椅子が増加します 名前=暮らしの椅子研究所 増加数=9
time=02:36:12.926 level=INFO msg=これまでに地域内の評判によって35人、既存ユーザーの招待経由で663人が新規登録しました
time=02:36:12.926 level=INFO msg=17.4%のライドは椅子がマッチされるまでの時間、7.1%のライドはマッチされた椅子が乗車地点までに掛かる時間、0.1%のライドは椅子の実移動時間に不満がありました
time=02:36:13.116 level=INFO msg=一定の売上が立ったためオーナーの椅子が増加します 名前=椅子再生工房 増加数=9
time=02:36:13.206 level=INFO msg=一定の売上が立ったためオーナーの椅子が増加します 名前=暮らしの椅子研究所 増加数=8
time=02:36:13.215 level=INFO msg=一定の売上が立ったためオーナーの椅子が増加します 名前=風座プロダクツ 増加数=8
time=02:36:13.255 level=INFO msg=一定の売上が立ったためオーナーの椅子が増加します 名前="Sit Second Life" 増加数=9
time=02:36:13.276 level=INFO msg=一定の売上が立ったためオーナーの椅子が増加します 名前=SwiftCab 増加数=9
time=02:36:14.887 level=INFO msg=一定の売上が立ったためオーナーの椅子が増加します 名前=椅子再生工房 増加数=6
time=02:36:14.896 level=INFO msg=一定の売上が立ったためオーナーの椅子が増加します 名前=SwiftCab 増加数=8
time=02:36:14.898 level=INFO msg=一定の売上が立ったためオーナーの椅子が増加します 名前=風座プロダクツ 増加数=7
time=02:36:14.898 level=INFO msg=一定の売上が立ったためオーナーの椅子が増加します 名前=暮らしの椅子研究所 増加数=9
time=02:36:14.899 level=INFO msg=一定の売上が立ったためオーナーの椅子が増加します 名前="Sit Second Life" 増加数=8
time=02:36:17.026 level=INFO msg=一定の売上が立ったためオーナーの椅子が増加します 名前=椅子再生工房 増加数=8
time=02:36:17.055 level=INFO msg=一定の売上が立ったためオーナーの椅子が増加します 名前=暮らしの椅子研究所 増加数=6
time=02:36:17.074 level=INFO msg=一定の売上が立ったためオーナーの椅子が増加します 名前="Sit Second Life" 増加数=8
time=02:36:17.083 level=INFO msg=一定の売上が立ったためオーナーの椅子が増加します 名前=風座プロダクツ 増加数=8
time=02:36:17.131 level=INFO msg=一定の売上が立ったためオーナーの椅子が増加します 名前=SwiftCab 増加数=9
time=02:36:18.325 level=INFO msg=これまでに地域内の評判によって48人、既存ユーザーの招待経由で1245人が新規登録しました
time=02:36:18.325 level=INFO msg=36.9%のライドは椅子がマッチされるまでの時間、3.9%のライドはマッチされた椅子が乗車地点までに掛かる時間、0.4%のライドは椅子の実移動時間に不満がありました
time=02:36:19.139 level=INFO msg=一定の売上が立ったためオーナーの椅子が増加します 名前=暮らしの椅子研究所 増加数=7
time=02:36:19.145 level=INFO msg=一定の売上が立ったためオーナーの椅子が増加します 名前="Sit Second Life" 増加数=7
time=02:36:19.153 level=INFO msg=一定の売上が立ったためオーナーの椅子が増加します 名前=SwiftCab 増加数=8
time=02:36:19.153 level=INFO msg=一定の売上が立ったためオーナーの椅子が増加します 名前=椅子再生工房 増加数=6
time=02:36:19.154 level=INFO msg=一定の売上が立ったためオーナーの椅子が増加します 名前=風座プロダクツ 増加数=7
time=02:36:20.980 level=INFO msg=一定の売上が立ったためオーナーの椅子が増加します 名前=風座プロダクツ 増加数=8
time=02:36:21.199 level=INFO msg=一定の売上が立ったためオーナーの椅子が増加します 名前=暮らしの椅子研究所 増加数=8
time=02:36:21.227 level=INFO msg=一定の売上が立ったためオーナーの椅子が増加します 名前="Sit Second Life" 増加数=9
time=02:36:21.268 level=INFO msg=一定の売上が立ったためオーナーの椅子が増加します 名前=椅子再生工房 増加数=7
time=02:36:21.372 level=INFO msg=一定の売上が立ったためオーナーの椅子が増加します 名前=SwiftCab 増加数=11
time=02:36:23.725 level=INFO msg=これまでに地域内の評判によって60人、既存ユーザーの招待経由で1779人が新規登録しました
time=02:36:23.725 level=INFO msg=これまでに低評価なライドによって3人が利用をやめました
time=02:36:23.725 level=INFO msg=56.0%のライドは椅子がマッチされるまでの時間、2.8%のライドはマッチされた椅子が乗車地点までに掛かる時間、2.4%のライドは椅子の実移動時間に不満がありました
time=02:36:24.695 level=INFO msg=一定の売上が立ったためオーナーの椅子が増加します 名前=椅子再生工房 増加数=13
time=02:36:24.729 level=INFO msg=一定の売上が立ったためオーナーの椅子が増加します 名前=暮らしの椅子研究所 増加数=12
time=02:36:24.855 level=INFO msg=一定の売上が立ったためオーナーの椅子が増加します 名前=風座プロダクツ 増加数=13
time=02:36:24.869 level=INFO msg=一定の売上が立ったためオーナーの椅子が増加します 名前=SwiftCab 増加数=15
time=02:36:25.090 level=INFO msg=一定の売上が立ったためオーナーの椅子が増加します 名前="Sit Second Life" 増加数=15
time=02:36:28.097 level=INFO msg=一定の売上が立ったためオーナーの椅子が増加します 名前=椅子再生工房 増加数=16
time=02:36:28.097 level=INFO msg=一定の売上が立ったためオーナーの椅子が増加します 名前=暮らしの椅子研究所 増加数=17
time=02:36:28.098 level=INFO msg=一定の売上が立ったためオーナーの椅子が増加します 名前=風座プロダクツ 増加数=18
time=02:36:28.107 level=INFO msg=一定の売上が立ったためオーナーの椅子が増加します 名前="Sit Second Life" 増加数=19
time=02:36:28.114 level=INFO msg=一定の売上が立ったためオーナーの椅子が増加します 名前=SwiftCab 増加数=19
time=02:36:29.125 level=INFO msg=これまでに地域内の評判によって72人、既存ユーザーの招待経由で2193人が新規登録しました
time=02:36:29.125 level=INFO msg=これまでに低評価なライドによって3人が利用をやめました
time=02:36:29.125 level=INFO msg=67.9%のライドは椅子がマッチされるまでの時間、2.1%のライドはマッチされた椅子が乗車地点までに掛かる時間、6.5%のライドは椅子の実移動時間に不満がありました
time=02:36:33.496 level=INFO msg=一定の売上が立ったためオーナーの椅子が増加します 名前=椅子再生工房 増加数=14
time=02:36:33.582 level=INFO msg=一定の売上が立ったためオーナーの椅子が増加します 名前=暮らしの椅子研究所 増加数=15
time=02:36:33.727 level=INFO msg=一定の売上が立ったためオーナーの椅子が増加します 名前=風座プロダクツ 増加数=15
time=02:36:33.750 level=INFO msg=一定の売上が立ったためオーナーの椅子が増加します 名前=SwiftCab 増加数=19
time=02:36:33.784 level=INFO msg=一定の売上が立ったためオーナーの椅子が増加します 名前="Sit Second Life" 増加数=16
time=02:36:35.065 level=INFO msg=これまでに地域内の評判によって84人、既存ユーザーの招待経由で2612人が新規登録しました
time=02:36:35.065 level=INFO msg=これまでに低評価なライドによって7人が利用をやめました
time=02:36:35.065 level=INFO msg=75.0%のライドは椅子がマッチされるまでの時間、1.8%のライドはマッチされた椅子が乗車地点までに掛かる時間、10.9%のライドは椅子の実移動時間に不満がありました
time=02:36:35.566 level=INFO msg=一定の売上が立ったためオーナーの椅子が増加します 名前=椅子再生工房 増加数=15
time=02:36:35.631 level=INFO msg=一定の売上が立ったためオーナーの椅子が増加します 名前=風座プロダクツ 増加数=18
time=02:36:35.634 level=INFO msg=一定の売上が立ったためオーナーの椅子が増加します 名前=暮らしの椅子研究所 増加数=16
time=02:36:35.642 level=INFO msg=一定の売上が立ったためオーナーの椅子が増加します 名前="Sit Second Life" 増加数=19
time=02:36:35.716 level=INFO msg=一定の売上が立ったためオーナーの椅子が増加します 名前=SwiftCab 増加数=19
time=02:36:40.465 level=INFO msg=これまでに地域内の評判によって96人、既存ユーザーの招待経由で2934人が新規登録しました
time=02:36:40.465 level=INFO msg=これまでに低評価なライドによって19人が利用をやめました
time=02:36:40.465 level=INFO msg=80.2%のライドは椅子がマッチされるまでの時間、1.5%のライドはマッチされた椅子が乗車地点までに掛かる時間、15.4%のライドは椅子の実移動時間に不満がありました
time=02:36:42.048 level=INFO msg=一定の売上が立ったためオーナーの椅子が増加します 名前=風座プロダクツ 増加数=32
time=02:36:42.055 level=INFO msg=一定の売上が立ったためオーナーの椅子が増加します 名前="Sit Second Life" 増加数=31
time=02:36:42.158 level=INFO msg=一定の売上が立ったためオーナーの椅子が増加します 名前=椅子再生工房 増加数=29
time=02:36:42.164 level=INFO msg=一定の売上が立ったためオーナーの椅子が増加します 名前=暮らしの椅子研究所 増加数=31
time=02:36:42.191 level=INFO msg=一定の売上が立ったためオーナーの椅子が増加します 名前=SwiftCab 増加数=35
time=02:36:45.865 level=INFO msg=これまでに地域内の評判によって112人、既存ユーザーの招待経由で3152人が新規登録しました
time=02:36:45.865 level=INFO msg=これまでに低評価なライドによって55人が利用をやめました
time=02:36:45.865 level=INFO msg=83.2%のライドは椅子がマッチされるまでの時間、1.3%のライドはマッチされた椅子が乗車地点までに掛かる時間、19.4%のライドは椅子の実移動時間に不満がありました
time=02:36:51.535 level=INFO msg=これまでに地域内の評判によって130人、既存ユーザーの招待経由で3358人が新規登録しました
time=02:36:51.535 level=INFO msg=これまでに低評価なライドによって65人が利用をやめました
time=02:36:51.535 level=INFO msg=85.5%のライドは椅子がマッチされるまでの時間、1.2%のライドはマッチされた椅子が乗車地点までに掛かる時間、21.3%のライドは椅子の実移動時間に不満がありました
time=02:36:55.150 level=INFO msg=一定の売上が立ったためオーナーの椅子が増加します 名前=椅子再生工房 増加数=48
time=02:36:55.460 level=INFO msg=一定の売上が立ったためオーナーの椅子が増加します 名前="Sit Second Life" 増加数=58
time=02:36:55.574 level=INFO msg=一定の売上が立ったためオーナーの椅子が増加します 名前=風座プロダクツ 増加数=55
time=02:36:55.988 level=INFO msg=一定の売上が立ったためオーナーの椅子が増加します 名前=SwiftCab 増加数=63
time=02:36:56.033 level=INFO msg=一定の売上が立ったためオーナーの椅子が増加します 名前=暮らしの椅子研究所 増加数=54
time=02:37:01.665 level=INFO msg=最終地域情報 名前=チェアタウン ユーザー登録数=2282 アクティブユーザー数=2235
time=02:37:01.665 level=INFO msg=最終地域情報 名前=コシカケシティ ユーザー登録数=1487 アクティブユーザー数=1446
time=02:37:01.665 level=INFO msg=最終オーナー情報 名前=暮らしの椅子研究所 売上=9237400 椅子数=217
time=02:37:01.665 level=INFO msg=最終オーナー情報 名前="Sit Second Life" 売上=9978800 椅子数=235
time=02:37:01.665 level=INFO msg=最終オーナー情報 名前=風座プロダクツ 売上=9468200 椅子数=222
time=02:37:01.665 level=INFO msg=最終オーナー情報 名前=椅子再生工房 売上=8429100 椅子数=200
time=02:37:01.665 level=INFO msg=最終オーナー情報 名前=SwiftCab 売上=10882200 椅子数=253
time=02:37:01.666 level=INFO msg=87.9%のライドは椅子がマッチされるまでの時間、1.1%のライドはマッチされた椅子が乗車地点までに掛かる時間、25.3%のライドは椅子の実移動時間に不満がありました
time=02:37:01.666 level=INFO msg=結果 pass=true スコア=495562 種別エラー数=map[]
time=02:37:01.666 level=INFO msg=負荷走行が終了しました
