time=07:56:17.650 level=INFO msg=負荷走行を開始します
time=07:56:23.741 level=INFO msg=一定の売上が立ったためオーナーの椅子が増加します 名前=和やか交通 増加数=1
time=07:56:23.741 level=INFO msg=一定の売上が立ったためオーナーの椅子が増加します 名前=GoEase 増加数=2
time=07:56:23.741 level=INFO msg=一定の売上が立ったためオーナーの椅子が増加します 名前=レトロ椅子館 増加数=1
time=07:56:23.741 level=INFO msg=一定の売上が立ったためオーナーの椅子が増加します 名前=ChairCycle 増加数=1
time=07:56:25.537 level=INFO msg=一定の売上が立ったためオーナーの椅子が増加します 名前=ChairCycle 増加数=2
time=07:56:25.543 level=INFO msg=一定の売上が立ったためオーナーの椅子が増加します 名前=GoEase 増加数=4
time=07:56:25.543 level=INFO msg=一定の売上が立ったためオーナーの椅子が増加します 名前=ふたたび椅子堂 増加数=3
time=07:56:25.543 level=INFO msg=一定の売上が立ったためオーナーの椅子が増加します 名前=レトロ椅子館 増加数=2
time=07:56:25.543 level=INFO msg=一定の売上が立ったためオーナーの椅子が増加します 名前=和やか交通 増加数=1
time=07:56:25.565 level=INFO msg=これまでに地域内の評判によって7人、既存ユーザーの招待経由で57人が新規登録しました
time=07:56:25.565 level=INFO msg=0.0%のライドは椅子がマッチされるまでの時間、63.2%のライドはマッチされた椅子が乗車地点までに掛かる時間、0.0%のライドは椅子の実移動時間に不満がありました
time=07:56:27.339 level=INFO msg=一定の売上が立ったためオーナーの椅子が増加します 名前=ChairCycle 増加数=4
time=07:56:27.343 level=INFO msg=一定の売上が立ったためオーナーの椅子が増加します 名前=和やか交通 増加数=4
time=07:56:27.343 level=INFO msg=一定の売上が立ったためオーナーの椅子が増加します 名前=GoEase 増加数=5
time=07:56:27.343 level=INFO msg=一定の売上が立ったためオーナーの椅子が増加します 名前=ふたたび椅子堂 増加数=3
time=07:56:27.344 level=INFO msg=一定の売上が立ったためオーナーの椅子が増加します 名前=レトロ椅子館 増加数=3
time=07:56:29.138 level=INFO msg=一定の売上が立ったためオーナーの椅子が増加します 名前=ChairCycle 増加数=5
time=07:56:29.142 level=INFO msg=一定の売上が立ったためオーナーの椅子が増加します 名前=GoEase 増加数=7
time=07:56:29.143 level=INFO msg=一定の売上が立ったためオーナーの椅子が増加します 名前=レトロ椅子館 増加数=5
time=07:56:29.143 level=INFO msg=一定の売上が立ったためオーナーの椅子が増加します 名前=ふたたび椅子堂 増加数=6
time=07:56:29.143 level=INFO msg=一定の売上が立ったためオーナーの椅子が増加します 名前=和やか交通 増加数=5
time=07:56:30.940 level=INFO msg=一定の売上が立ったためオーナーの椅子が増加します 名前=ChairCycle 増加数=8
time=07:56:30.943 level=INFO msg=一定の売上が立ったためオーナーの椅子が増加します 名前=ふたたび椅子堂 増加数=8
time=07:56:30.943 level=INFO msg=一定の売上が立ったためオーナーの椅子が増加します 名前=和やか交通 増加数=5
time=07:56:30.943 level=INFO msg=一定の売上が立ったためオーナーの椅子が増加します 名前=GoEase 増加数=10
time=07:56:30.943 level=INFO msg=一定の売上が立ったためオーナーの椅子が増加します 名前=レトロ椅子館 増加数=7
time=07:56:30.965 level=INFO msg=これまでに地域内の評判によって19人、既存ユーザーの招待経由で307人が新規登録しました
time=07:56:30.965 level=INFO msg=0.0%のライドは椅子がマッチされるまでの時間、25.1%のライドはマッチされた椅子が乗車地点までに掛かる時間、0.0%のライドは椅子の実移動時間に不満がありました
time=07:56:32.751 level=INFO msg=一定の売上が立ったためオーナーの椅子が増加します 名前=ChairCycle 増加数=11
time=07:56:32.755 level=INFO msg=一定の売上が立ったためオーナーの椅子が増加します 名前=和やか交通 増加数=8
time=07:56:32.756 level=INFO msg=一定の売上が立ったためオーナーの椅子が増加します 名前=ふたたび椅子堂 増加数=10
time=07:56:32.756 level=INFO msg=一定の売上が立ったためオーナーの椅子が増加します 名前=レトロ椅子館 増加数=10
time=07:56:32.756 level=INFO msg=一定の売上が立ったためオーナーの椅子が増加します 名前=GoEase 増加数=12
time=07:56:34.550 level=INFO msg=一定の売上が立ったためオーナーの椅子が増加します 名前=ふたたび椅子堂 増加数=12
time=07:56:34.562 level=INFO msg=一定の売上が立ったためオーナーの椅子が増加します 名前=ChairCycle 増加数=12
time=07:56:34.564 level=INFO msg=一定の売上が立ったためオーナーの椅子が増加します 名前=GoEase 増加数=14
time=07:56:34.565 level=INFO msg=一定の売上が立ったためオーナーの椅子が増加します 名前=レトロ椅子館 増加数=11
time=07:56:34.565 level=INFO msg=一定の売上が立ったためオーナーの椅子が増加します 名前=和やか交通 増加数=11
time=07:56:36.398 level=INFO msg=これまでに地域内の評判によって35人、既存ユーザーの招待経由で1048人が新規登録しました
time=07:56:36.398 level=INFO msg=0.2%のライドは椅子がマッチされるまでの時間、10.4%のライドはマッチされた椅子が乗車地点までに掛かる時間、0.4%のライドは椅子の実移動時間に不満がありました
time=07:56:36.416 level=INFO msg=一定の売上が立ったためオーナーの椅子が増加します 名前=レトロ椅子館 増加数=11
time=07:56:36.416 level=INFO msg=一定の売上が立ったためオーナーの椅子が増加します 名前=和やか交通 増加数=11
time=07:56:36.417 level=INFO msg=一定の売上が立ったためオーナーの椅子が増加します 名前=GoEase 増加数=14
time=07:56:36.417 level=INFO msg=一定の売上が立ったためオーナーの椅子が増加します 名前=ふたたび椅子堂 増加数=13
time=07:56:36.418 level=INFO msg=一定の売上が立ったためオーナーの椅子が増加します 名前=ChairCycle 増加数=11
time=07:56:38.207 level=INFO msg=一定の売上が立ったためオーナーの椅子が増加します 名前=レトロ椅子館 増加数=11
time=07:56:38.207 level=INFO msg=一定の売上が立ったためオーナーの椅子が増加します 名前=和やか交通 増加数=11
time=07:56:38.208 level=INFO msg=一定の売上が立ったためオーナーの椅子が増加します 名前=GoEase 増加数=15
time=07:56:38.208 level=INFO msg=一定の売上が立ったためオーナーの椅子が増加します 名前=ふたたび椅子堂 増加数=12
time=07:56:38.210 level=INFO msg=一定の売上が立ったためオーナーの椅子が増加します 名前=ChairCycle 増加数=14
time=07:56:40.123 level=INFO msg=一定の売上が立ったためオーナーの椅子が増加します 名前=ChairCycle 増加数=13
time=07:56:40.138 level=INFO msg=一定の売上が立ったためオーナーの椅子が増加します 名前=和やか交通 増加数=11
time=07:56:40.143 level=INFO msg=一定の売上が立ったためオーナーの椅子が増加します 名前=GoEase 増加数=16
time=07:56:40.144 level=INFO msg=一定の売上が立ったためオーナーの椅子が増加します 名前=ふたたび椅子堂 増加数=14
time=07:56:40.144 level=INFO msg=一定の売上が立ったためオーナーの椅子が増加します 名前=レトロ椅子館 増加数=12
time=07:56:41.914 level=INFO msg=一定の売上が立ったためオーナーの椅子が増加します 名前=和やか交通 増加数=12
time=07:56:41.915 level=INFO msg=これまでに地域内の評判によって53人、既存ユーザーの招待経由で1906人が新規登録しました
time=07:56:41.915 level=INFO msg=これまでに低評価なライドによって3人が利用をやめました
time=07:56:41.915 level=INFO msg=12.5%のライドは椅子がマッチされるまでの時間、7.0%のライドはマッチされた椅子が乗車地点までに掛かる時間、15.5%のライドは椅子の実移動時間に不満がありました
time=07:56:41.931 level=INFO msg=一定の売上が立ったためオーナーの椅子が増加します 名前=ChairCycle 増加数=14
time=07:56:41.932 level=INFO msg=一定の売上が立ったためオーナーの椅子が増加します 名前=レトロ椅子館 増加数=13
time=07:56:41.933 level=INFO msg=一定の売上が立ったためオーナーの椅子が増加します 名前=ふたたび椅子堂 増加数=13
time=07:56:41.933 level=INFO msg=一定の売上が立ったためオーナーの椅子が増加します 名前=GoEase 増加数=17
time=07:56:43.733 level=INFO msg=一定の売上が立ったためオーナーの椅子が増加します 名前=ChairCycle 増加数=15
time=07:56:43.737 level=INFO msg=一定の売上が立ったためオーナーの椅子が増加します 名前=レトロ椅子館 増加数=14
time=07:56:43.738 level=INFO msg=一定の売上が立ったためオーナーの椅子が増加します 名前=GoEase 増加数=19
time=07:56:43.739 level=INFO msg=一定の売上が立ったためオーナーの椅子が増加します 名前=和やか交通 増加数=13
time=07:56:43.740 level=INFO msg=一定の売上が立ったためオーナーの椅子が増加します 名前=ふたたび椅子堂 増加数=16
time=07:56:45.617 level=INFO msg=一定の売上が立ったためオーナーの椅子が増加します 名前=ChairCycle 増加数=22
time=07:56:45.620 level=INFO msg=一定の売上が立ったためオーナーの椅子が増加します 名前=和やか交通 増加数=19
time=07:56:45.623 level=INFO msg=一定の売上が立ったためオーナーの椅子が増加します 名前=GoEase 増加数=28
time=07:56:45.624 level=INFO msg=一定の売上が立ったためオーナーの椅子が増加します 名前=ふたたび椅子堂 増加数=22
time=07:56:45.623 level=INFO msg=一定の売上が立ったためオーナーの椅子が増加します 名前=レトロ椅子館 増加数=20
time=07:56:47.510 level=INFO msg=一定の売上が立ったためオーナーの椅子が増加します 名前=ChairCycle 増加数=20
time=07:56:47.513 level=INFO msg=一定の売上が立ったためオーナーの椅子が増加します 名前=ふたたび椅子堂 増加数=21
time=07:56:47.522 level=INFO msg=一定の売上が立ったためオーナーの椅子が増加します 名前=レトロ椅子館 増加数=19
time=07:56:47.522 level=INFO msg=一定の売上が立ったためオーナーの椅子が増加します 名前=和やか交通 増加数=18
time=07:56:47.522 level=INFO msg=一定の売上が立ったためオーナーの椅子が増加します 名前=GoEase 増加数=27
time=07:56:47.525 level=INFO msg=これまでに地域内の評判によって71人、既存ユーザーの招待経由で2540人が新規登録しました
time=07:56:47.525 level=INFO msg=これまでに低評価なライドによって16人が利用をやめました
time=07:56:47.525 level=INFO msg=46.5%のライドは椅子がマッチされるまでの時間、5.3%のライドはマッチされた椅子が乗車地点までに掛かる時間、24.8%のライドは椅子の実移動時間に不満がありました
time=07:56:49.868 level=INFO msg=一定の売上が立ったためオーナーの椅子が増加します 名前=和やか交通 増加数=18
time=07:56:49.869 level=INFO msg=一定の売上が立ったためオーナーの椅子が増加します 名前=レトロ椅子館 増加数=21
time=07:56:49.876 level=INFO msg=一定の売上が立ったためオーナーの椅子が増加します 名前=ChairCycle 増加数=23
time=07:56:49.876 level=INFO msg=一定の売上が立ったためオーナーの椅子が増加します 名前=GoEase 増加数=26
time=07:56:49.877 level=INFO msg=一定の売上が立ったためオーナーの椅子が増加します 名前=ふたたび椅子堂 増加数=23
time=07:56:51.714 level=INFO msg=一定の売上が立ったためオーナーの椅子が増加します 名前=和やか交通 増加数=21
time=07:56:51.715 level=INFO msg=一定の売上が立ったためオーナーの椅子が増加します 名前=レトロ椅子館 増加数=20
time=07:56:51.720 level=INFO msg=一定の売上が立ったためオーナーの椅子が増加します 名前=ChairCycle 増加数=22
time=07:56:53.795 level=INFO msg=これまでに地域内の評判によって89人、既存ユーザーの招待経由で2924人が新規登録しました
time=07:56:53.795 level=INFO msg=これまでに低評価なライドによって39人が利用をやめました
time=07:56:53.795 level=INFO msg=64.4%のライドは椅子がマッチされるまでの時間、4.3%のライドはマッチされた椅子が乗車地点までに掛かる時間、30.5%のライドは椅子の実移動時間に不満がありました
time=07:56:53.822 level=INFO msg=一定の売上が立ったためオーナーの椅子が増加します 名前=ChairCycle 増加数=29
time=07:56:53.835 level=INFO msg=一定の売上が立ったためオーナーの椅子が増加します 名前=和やか交通 増加数=26
time=07:56:53.835 level=INFO msg=一定の売上が立ったためオーナーの椅子が増加します 名前=レトロ椅子館 増加数=28
time=07:56:53.835 level=INFO msg=一定の売上が立ったためオーナーの椅子が増加します 名前=GoEase 増加数=68
time=07:56:53.836 level=INFO msg=一定の売上が立ったためオーナーの椅子が増加します 名前=ふたたび椅子堂 増加数=56
time=07:56:58.134 level=INFO msg=一定の売上が立ったためオーナーの椅子が増加します 名前=レトロ椅子館 増加数=45
time=07:56:58.163 level=INFO msg=一定の売上が立ったためオーナーの椅子が増加します 名前=ChairCycle 増加数=51
time=07:56:58.165 level=INFO msg=一定の売上が立ったためオーナーの椅子が増加します 名前=和やか交通 増加数=45
time=07:56:59.885 level=INFO msg=これまでに地域内の評判によって107人、既存ユーザーの招待経由で3229人が新規登録しました
time=07:56:59.885 level=INFO msg=これまでに低評価なライドによって78人が利用をやめました
time=07:56:59.885 level=INFO msg=72.6%のライドは椅子がマッチされるまでの時間、3.9%のライドはマッチされた椅子が乗車地点までに掛かる時間、35.5%のライドは椅子の実移動時間に不満がありました
time=07:56:59.912 level=INFO msg=一定の売上が立ったためオーナーの椅子が増加します 名前=ふたたび椅子堂 増加数=76
time=07:57:02.261 level=INFO msg=一定の売上が立ったためオーナーの椅子が増加します 名前=GoEase 増加数=118
time=07:57:04.289 level=INFO msg=一定の売上が立ったためオーナーの椅子が増加します 名前=ChairCycle 増加数=92
time=07:57:04.321 level=INFO msg=一定の売上が立ったためオーナーの椅子が増加します 名前=レトロ椅子館 増加数=82
time=07:57:04.321 level=INFO msg=一定の売上が立ったためオーナーの椅子が増加します 名前=和やか交通 増加数=81
time=07:57:05.975 level=INFO msg=これまでに地域内の評判によって125人、既存ユーザーの招待経由で3385人が新規登録しました
time=07:57:05.975 level=INFO msg=これまでに低評価なライドによって132人が利用をやめました
time=07:57:05.975 level=INFO msg=78.3%のライドは椅子がマッチされるまでの時間、3.5%のライドはマッチされた椅子が乗車地点までに掛かる時間、40.2%のライドは椅子の実移動時間に不満がありました
time=07:57:10.201 level=INFO msg=一定の売上が立ったためオーナーの椅子が増加します 名前=ふたたび椅子堂 増加数=141
time=07:57:10.933 level=WARN msg="取得した付近の椅子情報に不備があります (CODE=30): ID:01M332ZE74E36QJ7T22GCNF61Cの椅子は既にライド中です"
time=07:57:11.029 level=WARN msg="取得した付近の椅子情報に不備があります (CODE=30): ID:01M332ZWB6GW2NT71YFPFC99B4の椅子は既にライド中です"
time=07:57:11.033 level=WARN msg="取得した付近の椅子情報に不備があります (CODE=30): ID:01M332ZWB6GW2NT71YFPFC99B4の椅子は既にライド中です"
time=07:57:11.079 level=WARN msg="取得した付近の椅子情報に不備があります (CODE=30): ID:01M332ZWB6GW2NT71YFPFC99B4の椅子は既にライド中です"
time=07:57:11.080 level=WARN msg="取得した付近の椅子情報に不備があります (CODE=30): ID:01M332ZWB6GW2NT71YFPFC99B4の椅子は既にライド中です"
time=07:57:11.080 level=WARN msg="取得した付近の椅子情報に不備があります (CODE=30): ID:01M332ZWB6GW2NT71YFPFC99B4の椅子は既にライド中です"
time=07:57:11.080 level=WARN msg="取得した付近の椅子情報に不備があります (CODE=30): ID:01M332ZWB6GW2NT71YFPFC99B4の椅子は既にライド中です"
time=07:57:11.080 level=WARN msg="取得した付近の椅子情報に不備があります (CODE=30): ID:01M332ZWB6GW2NT71YFPFC99B4の椅子は既にライド中です"
time=07:57:11.080 level=WARN msg="取得した付近の椅子情報に不備があります (CODE=30): ID:01M332ZWB6GW2NT71YFPFC99B4の椅子は既にライド中です"
time=07:57:11.080 level=WARN msg="取得した付近の椅子情報に不備があります (CODE=30): ID:01M332ZWB6GW2NT71YFPFC99B4の椅子は既にライド中です"
time=07:57:11.081 level=WARN msg="取得した付近の椅子情報に不備があります (CODE=30): ID:01M332ZWB6GW2NT71YFPFC99B4の椅子は既にライド中です"
time=07:57:11.081 level=WARN msg="取得した付近の椅子情報に不備があります (CODE=30): ID:01M332ZWB6GW2NT71YFPFC99B4の椅子は既にライド中です"
time=07:57:11.082 level=WARN msg="取得した付近の椅子情報に不備があります (CODE=30): ID:01M332ZWB6GW2NT71YFPFC99B4の椅子は既にライド中です"
time=07:57:11.082 level=WARN msg="取得した付近の椅子情報に不備があります (CODE=30): ID:01M332ZWB6GW2NT71YFPFC99B4の椅子は既にライド中です"
time=07:57:11.082 level=WARN msg="取得した付近の椅子情報に不備があります (CODE=30): ID:01M332ZWB6GW2NT71YFPFC99B4の椅子は既にライド中です"
time=07:57:11.083 level=WARN msg="取得した付近の椅子情報に不備があります (CODE=30): ID:01M332ZWB6GW2NT71YFPFC99B4の椅子は既にライド中です"
time=07:57:11.083 level=WARN msg="取得した付近の椅子情報に不備があります (CODE=30): ID:01M332ZWB6GW2NT71YFPFC99B4の椅子は既にライド中です"
time=07:57:11.083 level=WARN msg="取得した付近の椅子情報に不備があります (CODE=30): ID:01M332ZWB6GW2NT71YFPFC99B4の椅子は既にライド中です"
time=07:57:11.084 level=WARN msg="取得した付近の椅子情報に不備があります (CODE=30): ID:01M332ZWB6GW2NT71YFPFC99B4の椅子は既にライド中です"
time=07:57:12.700 level=INFO msg=これまでに地域内の評判によって143人、既存ユーザーの招待経由で3480人が新規登録しました
time=07:57:12.700 level=INFO msg=これまでに低評価なライドによって166人が利用をやめました
time=07:57:12.700 level=INFO msg=81.9%のライドは椅子がマッチされるまでの時間、3.2%のライドはマッチされた椅子が乗車地点までに掛かる時間、44.4%のライドは椅子の実移動時間に不満がありました
time=07:57:15.156 level=WARN msg="取得した付近の椅子情報に不備があります (CODE=30): ID:01M332ZCXT4VN8SJW7ZBRTZ53Aの椅子は既にライド中です"
time=07:57:15.157 level=WARN msg="取得した付近の椅子情報に不備があります (CODE=30): ID:01M332ZCXT4VN8SJW7ZBRTZ53Aの椅子は既にライド中です"
time=07:57:15.164 level=WARN msg="取得した付近の椅子情報に不備があります (CODE=30): ID:01M332ZCXT4VN8SJW7ZBRTZ53Aの椅子は既にライド中です"
time=07:57:15.186 level=WARN msg="取得した付近の椅子情報に不備があります (CODE=30): ID:01M332ZCXT4VN8SJW7ZBRTZ53Aの椅子は既にライド中です"
time=07:57:15.191 level=WARN msg="取得した付近の椅子情報に不備があります (CODE=30): ID:01M332ZCXT4VN8SJW7ZBRTZ53Aの椅子は既にライド中です"
time=07:57:15.198 level=WARN msg="取得した付近の椅子情報に不備があります (CODE=30): ID:01M332ZCXT4VN8SJW7ZBRTZ53Aの椅子は既にライド中です"
time=07:57:17.084 level=INFO msg=一定の売上が立ったためオーナーの椅子が増加します 名前=レトロ椅子館 増加数=158
time=07:57:17.087 level=INFO msg=一定の売上が立ったためオーナーの椅子が増加します 名前=和やか交通 増加数=155
time=07:57:18.370 level=WARN msg="取得した付近の椅子情報に不備があります (CODE=30): ID:01M33304J40T9M49M3W3RNRPNRの椅子は既にライド中です"
time=07:57:18.376 level=WARN msg="取得した付近の椅子情報に不備があります (CODE=30): ID:01M33304J40T9M49M3W3RNRPNRの椅子は既にライド中です"
time=07:57:18.845 level=INFO msg=これまでに地域内の評判によって155人、既存ユーザーの招待経由で3589人が新規登録しました
time=07:57:18.845 level=INFO msg=これまでに低評価なライドによって195人が利用をやめました
time=07:57:18.845 level=INFO msg=81.7%のライドは椅子がマッチされるまでの時間、3.0%のライドはマッチされた椅子が乗車地点までに掛かる時間、47.3%のライドは椅子の実移動時間に不満がありました
time=07:57:18.957 level=INFO msg=一定の売上が立ったためオーナーの椅子が増加します 名前=ChairCycle 増加数=198
time=07:57:19.631 level=WARN msg="取得した付近の椅子情報に不備があります (CODE=30): ID:01M33301R0MW01BZ2QQZQX75YRの椅子は既にライド中です"
time=07:57:19.674 level=WARN msg="取得した付近の椅子情報に不備があります (CODE=30): ID:01M33301R0MW01BZ2QQZQX75YRの椅子は既にライド中です"
time=07:57:19.688 level=WARN msg="取得した付近の椅子情報に不備があります (CODE=30): ID:01M33301R0MW01BZ2QQZQX75YRの椅子は既にライド中です"
time=07:57:19.704 level=WARN msg="取得した付近の椅子情報に不備があります (CODE=30): ID:01M33301R0MW01BZ2QQZQX75YRの椅子は既にライド中です"
time=07:57:19.705 level=WARN msg="取得した付近の椅子情報に不備があります (CODE=30): ID:01M33301R0MW01BZ2QQZQX75YRの椅子は既にライド中です"
time=07:57:25.173 level=INFO msg=最終地域情報 名前=チェアタウン ユーザー登録数=2339 アクティブユーザー数=2241
time=07:57:25.173 level=INFO msg=最終地域情報 名前=コシカケシティ ユーザー登録数=1682 アクティブユーザー数=1578
time=07:57:25.173 level=INFO msg=最終オーナー情報 名前=ふたたび椅子堂 売上=22291400 椅子数=453
time=07:57:25.173 level=INFO msg=最終オーナー情報 名前=GoEase 売上=26006600 椅子数=406
time=07:57:25.173 level=INFO msg=最終オーナー情報 名前=和やか交通 売上=19809800 椅子数=480
time=07:57:25.173 level=INFO msg=最終オーナー情報 名前=レトロ椅子館 売上=20612300 椅子数=497
time=07:57:25.173 level=INFO msg=最終オーナー情報 名前=ChairCycle 売上=22635000 椅子数=571
time=07:57:25.173 level=INFO msg=81.1%のライドは椅子がマッチされるまでの時間、3.0%のライドはマッチされた椅子が乗車地点までに掛かる時間、48.5%のライドは椅子の実移動時間に不満がありました
time=07:57:25.174 level=INFO msg=結果 pass=true スコア=1177400 種別エラー数=map[30:32]
time=07:57:25.174 level=INFO msg=負荷走行が終了しました
