time=00:59:17.850 level=INFO msg=負荷走行を開始します
time=00:59:25.617 level=INFO msg=これまでに地域内の評判によって0人、既存ユーザーの招待経由で0人が新規登録しました
time=00:59:31.018 level=INFO msg=これまでに地域内の評判によって2人、既存ユーザーの招待経由で0人が新規登録しました
time=00:59:31.018 level=INFO msg=50.0%のライドは椅子がマッチされるまでの時間、100.0%のライドはマッチされた椅子が乗車地点までに掛かる時間、87.5%のライドは椅子の実移動時間に不満がありました
time=00:59:31.039 level=INFO msg=一定の売上が立ったためオーナーの椅子が増加します 名前=いすの道 増加数=1
time=00:59:36.417 level=INFO msg=これまでに地域内の評判によって5人、既存ユーザーの招待経由で0人が新規登録しました
time=00:59:36.417 level=INFO msg=25.0%のライドは椅子がマッチされるまでの時間、100.0%のライドはマッチされた椅子が乗車地点までに掛かる時間、93.8%のライドは椅子の実移動時間に不満がありました
time=00:59:38.232 level=INFO msg=一定の売上が立ったためオーナーの椅子が増加します 名前=風座プロダクツ 増加数=1
time=00:59:41.818 level=INFO msg=これまでに地域内の評判によって10人、既存ユーザーの招待経由で0人が新規登録しました
time=00:59:41.818 level=INFO msg=これまでに低評価なライドによって3人が利用をやめました
time=00:59:41.818 level=INFO msg=14.3%のライドは椅子がマッチされるまでの時間、100.0%のライドはマッチされた椅子が乗車地点までに掛かる時間、96.4%のライドは椅子の実移動時間に不満がありました
time=00:59:41.884 level=INFO msg=一定の売上が立ったためオーナーの椅子が増加します 名前=いすの道 増加数=1
time=00:59:43.670 level=INFO msg=一定の売上が立ったためオーナーの椅子が増加します 名前="LuxeLine Taxi" 増加数=1
time=00:59:45.464 level=INFO msg=一定の売上が立ったためオーナーの椅子が増加します 名前=風座プロダクツ 増加数=1
time=00:59:47.217 level=INFO msg=これまでに地域内の評判によって16人、既存ユーザーの招待経由で0人が新規登録しました
time=00:59:47.217 level=INFO msg=これまでに低評価なライドによって5人が利用をやめました
time=00:59:47.217 level=INFO msg=28.6%のライドは椅子がマッチされるまでの時間、100.0%のライドはマッチされた椅子が乗車地点までに掛かる時間、95.2%のライドは椅子の実移動時間に不満がありました
time=00:59:49.084 level=INFO msg=一定の売上が立ったためオーナーの椅子が増加します 名前=風座プロダクツ 増加数=1
time=00:59:52.617 level=INFO msg=これまでに地域内の評判によって22人、既存ユーザーの招待経由で0人が新規登録しました
time=00:59:52.617 level=INFO msg=これまでに低評価なライドによって6人が利用をやめました
time=00:59:52.617 level=INFO msg=34.8%のライドは椅子がマッチされるまでの時間、95.7%のライドはマッチされた椅子が乗車地点までに掛かる時間、93.5%のライドは椅子の実移動時間に不満がありました
time=00:59:52.719 level=INFO msg=一定の売上が立ったためオーナーの椅子が増加します 名前="LuxeLine Taxi" 増加数=1
time=00:59:58.017 level=INFO msg=これまでに地域内の評判によって28人、既存ユーザーの招待経由で0人が新規登録しました
time=00:59:58.017 level=INFO msg=これまでに低評価なライドによって12人が利用をやめました
time=00:59:58.017 level=INFO msg=41.4%のライドは椅子がマッチされるまでの時間、93.1%のライドはマッチされた椅子が乗車地点までに掛かる時間、94.8%のライドは椅子の実移動時間に不満がありました
time=00:59:58.117 level=INFO msg=一定の売上が立ったためオーナーの椅子が増加します 名前=風座プロダクツ 増加数=1
time=01:00:03.418 level=INFO msg=これまでに地域内の評判によって34人、既存ユーザーの招待経由で0人が新規登録しました
time=01:00:03.418 level=INFO msg=これまでに低評価なライドによって15人が利用をやめました
time=01:00:03.418 level=INFO msg=43.8%のライドは椅子がマッチされるまでの時間、93.8%のライドはマッチされた椅子が乗車地点までに掛かる時間、95.3%のライドは椅子の実移動時間に不満がありました
time=01:00:07.147 level=INFO msg=一定の売上が立ったためオーナーの椅子が増加します 名前=いすの道 増加数=1
time=01:00:08.817 level=INFO msg=これまでに地域内の評判によって39人、既存ユーザーの招待経由で0人が新規登録しました
time=01:00:08.817 level=INFO msg=これまでに低評価なライドによって17人が利用をやめました
time=01:00:08.817 level=INFO msg=48.6%のライドは椅子がマッチされるまでの時間、94.3%のライドはマッチされた椅子が乗車地点までに掛かる時間、95.7%のライドは椅子の実移動時間に不満がありました
time=01:00:08.945 level=INFO msg=一定の売上が立ったためオーナーの椅子が増加します 名前=椅子やいちば 増加数=1
time=01:00:10.700 level=INFO msg=一定の売上が立ったためオーナーの椅子が増加します 名前=迅行タクシー 増加数=1
time=01:00:10.759 level=INFO msg=一定の売上が立ったためオーナーの椅子が増加します 名前=風座プロダクツ 増加数=1
time=01:00:14.217 level=INFO msg=これまでに地域内の評判によって45人、既存ユーザーの招待経由で0人が新規登録しました
time=01:00:14.217 level=INFO msg=これまでに低評価なライドによって24人が利用をやめました
time=01:00:14.217 level=INFO msg=50.0%のライドは椅子がマッチされるまでの時間、92.9%のライドはマッチされた椅子が乗車地点までに掛かる時間、96.4%のライドは椅子の実移動時間に不満がありました
time=01:00:19.617 level=INFO msg=これまでに地域内の評判によって51人、既存ユーザーの招待経由で0人が新規登録しました
time=01:00:19.617 level=INFO msg=これまでに低評価なライドによって30人が利用をやめました
time=01:00:19.617 level=INFO msg=56.2%のライドは椅子がマッチされるまでの時間、93.8%のライドはマッチされた椅子が乗車地点までに掛かる時間、96.9%のライドは椅子の実移動時間に不満がありました
time=01:00:19.782 level=INFO msg=一定の売上が立ったためオーナーの椅子が増加します 名前=いすの道 増加数=1
time=01:00:25.218 level=INFO msg=最終地域情報 名前=チェアタウン ユーザー登録数=35 アクティブユーザー数=14
time=01:00:25.218 level=INFO msg=最終地域情報 名前=コシカケシティ ユーザー登録数=28 アクティブユーザー数=18
time=01:00:25.218 level=INFO msg=最終オーナー情報 名前=迅行タクシー 売上=24900 椅子数=5
time=01:00:25.218 level=INFO msg=最終オーナー情報 名前="LuxeLine Taxi" 売上=45600 椅子数=6
time=01:00:25.218 level=INFO msg=最終オーナー情報 名前=椅子やいちば 売上=20500 椅子数=5
time=01:00:25.218 level=INFO msg=最終オーナー情報 名前=風座プロダクツ 売上=97900 椅子数=9
time=01:00:25.218 level=INFO msg=最終オーナー情報 名前=いすの道 売上=62800 椅子数=8
time=01:00:25.218 level=INFO msg=57.1%のライドは椅子がマッチされるまでの時間、93.9%のライドはマッチされた椅子が乗車地点までに掛かる時間、96.9%のライドは椅子の実移動時間に不満がありました
time=01:00:25.218 level=INFO msg=結果 pass=true スコア=4362 種別エラー数=map[]
time=01:00:25.218 level=INFO msg=負荷走行が終了しました
