time=02:31:21.281 level=INFO msg=負荷走行を開始します
time=02:31:26.851 level=INFO msg=一定の売上が立ったためオーナーの椅子が増加します 名前=GoEase 増加数=1
time=02:31:26.851 level=INFO msg=一定の売上が立ったためオーナーの椅子が増加します 名前="Vintage Vibe Seats" 増加数=1
time=02:31:26.854 level=INFO msg=一定の売上が立ったためオーナーの椅子が増加します 名前="LuxeLine Taxi" 増加数=2
time=02:31:28.648 level=INFO msg=一定の売上が立ったためオーナーの椅子が増加します 名前=ComfortWorks 増加数=1
time=02:31:28.648 level=INFO msg=一定の売上が立ったためオーナーの椅子が増加します 名前=快旅タクシー 増加数=1
time=02:31:28.651 level=INFO msg=一定の売上が立ったためオーナーの椅子が増加します 名前="LuxeLine Taxi" 増加数=2
time=02:31:28.651 level=INFO msg=一定の売上が立ったためオーナーの椅子が増加します 名前="Vintage Vibe Seats" 増加数=2
time=02:31:28.652 level=INFO msg=一定の売上が立ったためオーナーの椅子が増加します 名前=GoEase 増加数=1
time=02:31:28.673 level=INFO msg=これまでに地域内の評判によって10人、既存ユーザーの招待経由で41人が新規登録しました
time=02:31:28.673 level=INFO msg=0.0%のライドは椅子がマッチされるまでの時間、55.8%のライドはマッチされた椅子が乗車地点までに掛かる時間、0.0%のライドは椅子の実移動時間に不満がありました
time=02:31:30.452 level=INFO msg=一定の売上が立ったためオーナーの椅子が増加します 名前=ComfortWorks 増加数=2
time=02:31:30.452 level=INFO msg=一定の売上が立ったためオーナーの椅子が増加します 名前=GoEase 増加数=2
time=02:31:30.452 level=INFO msg=一定の売上が立ったためオーナーの椅子が増加します 名前=快旅タクシー 増加数=2
time=02:31:30.453 level=INFO msg=一定の売上が立ったためオーナーの椅子が増加します 名前="Vintage Vibe Seats" 増加数=1
time=02:31:30.455 level=INFO msg=一定の売上が立ったためオーナーの椅子が増加します 名前="LuxeLine Taxi" 増加数=1
time=02:31:32.251 level=INFO msg=一定の売上が立ったためオーナーの椅子が増加します 名前=快旅タクシー 増加数=1
time=02:31:32.253 level=INFO msg=一定の売上が立ったためオーナーの椅子が増加します 名前=ComfortWorks 増加数=2
time=02:31:32.253 level=INFO msg=一定の売上が立ったためオーナーの椅子が増加します 名前="LuxeLine Taxi" 増加数=5
time=02:31:32.254 level=INFO msg=一定の売上が立ったためオーナーの椅子が増加します 名前=GoEase 増加数=3
time=02:31:32.255 level=INFO msg=一定の売上が立ったためオーナーの椅子が増加します 名前="Vintage Vibe Seats" 増加数=3
time=02:31:34.057 level=INFO msg=一定の売上が立ったためオーナーの椅子が増加します 名前=快旅タクシー 増加数=2
time=02:31:34.058 level=INFO msg=一定の売上が立ったためオーナーの椅子が増加します 名前=ComfortWorks 増加数=4
time=02:31:34.062 level=INFO msg=一定の売上が立ったためオーナーの椅子が増加します 名前="LuxeLine Taxi" 増加数=4
time=02:31:34.062 level=INFO msg=一定の売上が立ったためオーナーの椅子が増加します 名前=GoEase 増加数=2
time=02:31:34.063 level=INFO msg=一定の売上が立ったためオーナーの椅子が増加します 名前="Vintage Vibe Seats" 増加数=3
time=02:31:34.073 level=INFO msg=これまでに地域内の評判によって19人、既存ユーザーの招待経由で147人が新規登録しました
time=02:31:34.073 level=INFO msg=7.1%のライドは椅子がマッチされるまでの時間、23.9%のライドはマッチされた椅子が乗車地点までに掛かる時間、0.0%のライドは椅子の実移動時間に不満がありました
time=02:31:35.857 level=INFO msg=一定の売上が立ったためオーナーの椅子が増加します 名前=ComfortWorks 増加数=3
time=02:31:35.861 level=INFO msg=一定の売上が立ったためオーナーの椅子が増加します 名前=快旅タクシー 増加数=4
time=02:31:35.862 level=INFO msg=一定の売上が立ったためオーナーの椅子が増加します 名前=GoEase 増加数=4
time=02:31:35.862 level=INFO msg=一定の売上が立ったためオーナーの椅子が増加します 名前="LuxeLine Taxi" 増加数=4
time=02:31:35.865 level=INFO msg=一定の売上が立ったためオーナーの椅子が増加します 名前="Vintage Vibe Seats" 増加数=5
time=02:31:37.665 level=INFO msg=一定の売上が立ったためオーナーの椅子が増加します 名前=快旅タクシー 増加数=3
time=02:31:37.667 level=INFO msg=一定の売上が立ったためオーナーの椅子が増加します 名前=ComfortWorks 増加数=6
time=02:31:37.670 level=INFO msg=一定の売上が立ったためオーナーの椅子が増加します 名前=GoEase 増加数=3
time=02:31:37.674 level=INFO msg=一定の売上が立ったためオーナーの椅子が増加します 名前="LuxeLine Taxi" 増加数=6
time=02:31:37.674 level=INFO msg=一定の売上が立ったためオーナーの椅子が増加します 名前="Vintage Vibe Seats" 増加数=3
time=02:31:39.473 level=INFO msg=これまでに地域内の評判によって36人、既存ユーザーの招待経由で366人が新規登録しました
time=02:31:39.473 level=INFO msg=24.9%のライドは椅子がマッチされるまでの時間、9.9%のライドはマッチされた椅子が乗車地点までに掛かる時間、0.6%のライドは椅子の実移動時間に不満がありました
time=02:31:39.477 level=INFO msg=一定の売上が立ったためオーナーの椅子が増加します 名前=快旅タクシー 増加数=6
time=02:31:39.479 level=INFO msg=一定の売上が立ったためオーナーの椅子が増加します 名前=GoEase 増加数=7
time=02:31:39.479 level=INFO msg=一定の売上が立ったためオーナーの椅子が増加します 名前=ComfortWorks 増加数=4
time=02:31:39.484 level=INFO msg=一定の売上が立ったためオーナーの椅子が増加します 名前="Vintage Vibe Seats" 増加数=5
time=02:31:39.489 level=INFO msg=一定の売上が立ったためオーナーの椅子が増加します 名前="LuxeLine Taxi" 増加数=7
time=02:31:41.285 level=INFO msg=一定の売上が立ったためオーナーの椅子が増加します 名前=快旅タクシー 増加数=6
time=02:31:41.291 level=INFO msg=一定の売上が立ったためオーナーの椅子が増加します 名前="Vintage Vibe Seats" 増加数=7
time=02:31:41.291 level=INFO msg=一定の売上が立ったためオーナーの椅子が増加します 名前=ComfortWorks 増加数=6
time=02:31:41.295 level=INFO msg=一定の売上が立ったためオーナーの椅子が増加します 名前=GoEase 増加数=3
time=02:31:41.297 level=INFO msg=一定の売上が立ったためオーナーの椅子が増加します 名前="LuxeLine Taxi" 増加数=6
time=02:31:43.122 level=INFO msg=一定の売上が立ったためオーナーの椅子が増加します 名前=快旅タクシー 増加数=7
time=02:31:43.127 level=INFO msg=一定の売上が立ったためオーナーの椅子が増加します 名前=GoEase 増加数=8
time=02:31:43.130 level=INFO msg=一定の売上が立ったためオーナーの椅子が増加します 名前=ComfortWorks 増加数=7
time=02:31:43.135 level=INFO msg=一定の売上が立ったためオーナーの椅子が増加します 名前="Vintage Vibe Seats" 増加数=7
time=02:31:43.143 level=INFO msg=一定の売上が立ったためオーナーの椅子が増加します 名前="LuxeLine Taxi" 増加数=7
time=02:31:44.873 level=INFO msg=これまでに地域内の評判によって44人、既存ユーザーの招待経由で787人が新規登録しました
time=02:31:44.873 level=INFO msg=44.0%のライドは椅子がマッチされるまでの時間、4.8%のライドはマッチされた椅子が乗車地点までに掛かる時間、0.8%のライドは椅子の実移動時間に不満がありました
time=02:31:45.062 level=INFO msg=一定の売上が立ったためオーナーの椅子が増加します 名前="Vintage Vibe Seats" 増加数=7
time=02:31:45.068 level=INFO msg=一定の売上が立ったためオーナーの椅子が増加します 名前=GoEase 増加数=7
time=02:31:45.106 level=INFO msg=一定の売上が立ったためオーナーの椅子が増加します 名前=ComfortWorks 増加数=7
time=02:31:45.128 level=INFO msg=一定の売上が立ったためオーナーの椅子が増加します 名前=快旅タクシー 増加数=6
time=02:31:45.131 level=INFO msg=一定の売上が立ったためオーナーの椅子が増加します 名前="LuxeLine Taxi" 増加数=7
time=02:31:47.296 level=INFO msg=一定の売上が立ったためオーナーの椅子が増加します 名前=快旅タクシー 増加数=6
time=02:31:47.453 level=INFO msg=一定の売上が立ったためオーナーの椅子が増加します 名前="Vintage Vibe Seats" 増加数=6
time=02:31:47.504 level=INFO msg=一定の売上が立ったためオーナーの椅子が増加します 名前=GoEase 増加数=7
time=02:31:47.534 level=INFO msg=一定の売上が立ったためオーナーの椅子が増加します 名前=ComfortWorks 増加数=5
time=02:31:47.535 level=INFO msg=一定の売上が立ったためオーナーの椅子が増加します 名前="LuxeLine Taxi" 増加数=7
time=02:31:48.558 level=INFO msg=一定の売上が立ったためオーナーの椅子が増加します 名前=快旅タクシー 増加数=7
time=02:31:48.560 level=INFO msg=一定の売上が立ったためオーナーの椅子が増加します 名前=ComfortWorks 増加数=7
time=02:31:48.572 level=INFO msg=一定の売上が立ったためオーナーの椅子が増加します 名前="Vintage Vibe Seats" 増加数=7
time=02:31:48.578 level=INFO msg=一定の売上が立ったためオーナーの椅子が増加します 名前=GoEase 増加数=7
time=02:31:48.579 level=INFO msg=一定の売上が立ったためオーナーの椅子が増加します 名前="LuxeLine Taxi" 増加数=9
time=02:31:50.273 level=INFO msg=これまでに地域内の評判によって56人、既存ユーザーの招待経由で1350人が新規登録しました
time=02:31:50.273 level=INFO msg=60.8%のライドは椅子がマッチされるまでの時間、2.9%のライドはマッチされた椅子が乗車地点までに掛かる時間、0.8%のライドは椅子の実移動時間に不満がありました
time=02:31:50.778 level=INFO msg=一定の売上が立ったためオーナーの椅子が増加します 名前=GoEase 増加数=7
time=02:31:50.825 level=INFO msg=一定の売上が立ったためオーナーの椅子が増加します 名前=ComfortWorks 増加数=7
time=02:31:51.072 level=INFO msg=一定の売上が立ったためオーナーの椅子が増加します 名前="Vintage Vibe Seats" 増加数=9
time=02:31:51.148 level=INFO msg=一定の売上が立ったためオーナーの椅子が増加します 名前="LuxeLine Taxi" 増加数=8
time=02:31:51.172 level=INFO msg=一定の売上が立ったためオーナーの椅子が増加します 名前=快旅タクシー 増加数=7
time=02:31:53.112 level=INFO msg=一定の売上が立ったためオーナーの椅子が増加します 名前=快旅タクシー 増加数=7
time=02:31:53.307 level=INFO msg=一定の売上が立ったためオーナーの椅子が増加します 名前=ComfortWorks 増加数=7
time=02:31:53.337 level=INFO msg=一定の売上が立ったためオーナーの椅子が増加します 名前=GoEase 増加数=6
time=02:31:53.548 level=INFO msg=一定の売上が立ったためオーナーの椅子が増加します 名前="Vintage Vibe Seats" 増加数=6
time=02:31:53.638 level=INFO msg=一定の売上が立ったためオーナーの椅子が増加します 名前="LuxeLine Taxi" 増加数=8
time=02:31:55.673 level=INFO msg=これまでに地域内の評判によって68人、既存ユーザーの招待経由で1920人が新規登録しました
time=02:31:55.673 level=INFO msg=72.6%のライドは椅子がマッチされるまでの時間、2.1%のライドはマッチされた椅子が乗車地点までに掛かる時間、0.9%のライドは椅子の実移動時間に不満がありました
time=02:31:56.073 level=INFO msg=一定の売上が立ったためオーナーの椅子が増加します 名前=ComfortWorks 増加数=14
time=02:31:56.097 level=INFO msg=一定の売上が立ったためオーナーの椅子が増加します 名前=快旅タクシー 増加数=14
time=02:31:56.100 level=INFO msg=一定の売上が立ったためオーナーの椅子が増加します 名前="Vintage Vibe Seats" 増加数=15
time=02:31:56.134 level=INFO msg=一定の売上が立ったためオーナーの椅子が増加します 名前=GoEase 増加数=14
time=02:31:56.326 level=INFO msg=一定の売上が立ったためオーナーの椅子が増加します 名前="LuxeLine Taxi" 増加数=18
time=02:31:59.028 level=INFO msg=一定の売上が立ったためオーナーの椅子が増加します 名前=ComfortWorks 増加数=8
time=02:31:59.115 level=INFO msg=一定の売上が立ったためオーナーの椅子が増加します 名前=GoEase 増加数=7
time=02:31:59.251 level=INFO msg=一定の売上が立ったためオーナーの椅子が増加します 名前=快旅タクシー 増加数=6
time=02:31:59.251 level=INFO msg=一定の売上が立ったためオーナーの椅子が増加します 名前="Vintage Vibe Seats" 増加数=9
time=02:32:00.253 level=INFO msg=一定の売上が立ったためオーナーの椅子が増加します 名前="LuxeLine Taxi" 増加数=20
time=02:32:01.073 level=INFO msg=これまでに地域内の評判によって80人、既存ユーザーの招待経由で2381人が新規登録しました
time=02:32:01.073 level=INFO msg=79.3%のライドは椅子がマッチされるまでの時間、1.7%のライドはマッチされた椅子が乗車地点までに掛かる時間、3.6%のライドは椅子の実移動時間に不満がありました
time=02:32:02.002 level=INFO msg=一定の売上が立ったためオーナーの椅子が増加します 名前=ComfortWorks 増加数=15
time=02:32:02.099 level=INFO msg=一定の売上が立ったためオーナーの椅子が増加します 名前=GoEase 増加数=15
time=02:32:02.185 level=INFO msg=一定の売上が立ったためオーナーの椅子が増加します 名前=快旅タクシー 増加数=15
time=02:32:02.284 level=INFO msg=一定の売上が立ったためオーナーの椅子が増加します 名前="Vintage Vibe Seats" 増加数=15
time=02:32:05.150 level=INFO msg=一定の売上が立ったためオーナーの椅子が増加します 名前="LuxeLine Taxi" 増加数=16
time=02:32:06.308 level=INFO msg=一定の売上が立ったためオーナーの椅子が増加します 名前=ComfortWorks 増加数=13
time=02:32:06.780 level=INFO msg=これまでに地域内の評判によって92人、既存ユーザーの招待経由で2877人が新規登録しました
time=02:32:06.780 level=INFO msg=これまでに低評価なライドによって3人が利用をやめました
time=02:32:06.780 level=INFO msg=83.9%のライドは椅子がマッチされるまでの時間、1.4%のライドはマッチされた椅子が乗車地点までに掛かる時間、6.7%のライドは椅子の実移動時間に不満がありました
time=02:32:07.026 level=INFO msg=一定の売上が立ったためオーナーの椅子が増加します 名前=GoEase 増加数=23
time=02:32:07.049 level=INFO msg=一定の売上が立ったためオーナーの椅子が増加します 名前="Vintage Vibe Seats" 増加数=26
time=02:32:07.056 level=INFO msg=一定の売上が立ったためオーナーの椅子が増加します 名前=快旅タクシー 増加数=25
time=02:32:07.080 level=INFO msg=一定の売上が立ったためオーナーの椅子が増加します 名前="LuxeLine Taxi" 増加数=22
time=02:32:10.844 level=INFO msg=一定の売上が立ったためオーナーの椅子が増加します 名前=ComfortWorks 増加数=16
time=02:32:12.683 level=INFO msg=これまでに地域内の評判によって104人、既存ユーザーの招待経由で3252人が新規登録しました
time=02:32:12.683 level=INFO msg=これまでに低評価なライドによって6人が利用をやめました
time=02:32:12.683 level=INFO msg=86.8%のライドは椅子がマッチされるまでの時間、1.2%のライドはマッチされた椅子が乗車地点までに掛かる時間、10.8%のライドは椅子の実移動時間に不満がありました
time=02:32:14.381 level=INFO msg=一定の売上が立ったためオーナーの椅子が増加します 名前=快旅タクシー 増加数=14
time=02:32:14.671 level=INFO msg=一定の売上が立ったためオーナーの椅子が増加します 名前=GoEase 増加数=16
time=02:32:14.765 level=INFO msg=一定の売上が立ったためオーナーの椅子が増加します 名前="Vintage Vibe Seats" 増加数=16
time=02:32:15.043 level=INFO msg=一定の売上が立ったためオーナーの椅子が増加します 名前="LuxeLine Taxi" 増加数=18
time=02:32:18.144 level=INFO msg=これまでに地域内の評判によって116人、既存ユーザーの招待経由で3529人が新規登録しました
time=02:32:18.144 level=INFO msg=これまでに低評価なライドによって39人が利用をやめました
time=02:32:18.144 level=INFO msg=88.8%のライドは椅子がマッチされるまでの時間、1.1%のライドはマッチされた椅子が乗車地点までに掛かる時間、14.0%のライドは椅子の実移動時間に不満がありました
time=02:32:18.449 level=INFO msg=一定の売上が立ったためオーナーの椅子が増加します 名前=ComfortWorks 増加数=34
time=02:32:22.064 level=INFO msg=一定の売上が立ったためオーナーの椅子が増加します 名前=快旅タクシー 増加数=33
time=02:32:22.444 level=INFO msg=一定の売上が立ったためオーナーの椅子が増加します 名前=GoEase 増加数=32
time=02:32:22.569 level=INFO msg=一定の売上が立ったためオーナーの椅子が増加します 名前="Vintage Vibe Seats" 増加数=38
time=02:32:22.611 level=INFO msg=一定の売上が立ったためオーナーの椅子が増加します 名前="LuxeLine Taxi" 増加数=42
time=02:32:28.274 level=INFO msg=最終地域情報 名前=チェアタウン ユーザー登録数=2311 アクティブユーザー数=2280
time=02:32:28.274 level=INFO msg=最終地域情報 名前=コシカケシティ ユーザー登録数=1764 アクティブユーザー数=1736
time=02:32:28.274 level=INFO msg=最終オーナー情報 名前="Vintage Vibe Seats" 売上=8069900 椅子数=195
time=02:32:28.274 level=INFO msg=最終オーナー情報 名前=GoEase 売上=7498000 椅子数=179
time=02:32:28.274 level=INFO msg=最終オーナー情報 名前="LuxeLine Taxi" 売上=9412800 椅子数=223
time=02:32:28.274 level=INFO msg=最終オーナー情報 名前=ComfortWorks 売上=7508000 椅子数=172
time=02:32:28.274 level=INFO msg=最終オーナー情報 名前=快旅タクシー 売上=7350200 椅子数=176
time=02:32:28.274 level=INFO msg=90.5%のライドは椅子がマッチされるまでの時間、1.0%のライドはマッチされた椅子が乗車地点までに掛かる時間、16.6%のライドは椅子の実移動時間に不満がありました
time=02:32:28.274 level=INFO msg=結果 pass=true スコア=416087 種別エラー数=map[]
time=02:32:28.274 level=INFO msg=負荷走行が終了しました
