time=03:34:25.016 level=INFO msg=負荷走行を開始します
time=03:34:30.968 level=INFO msg=一定の売上が立ったためオーナーの椅子が増加します 名前=PulseRide 増加数=2
time=03:34:30.970 level=INFO msg=一定の売上が立ったためオーナーの椅子が増加します 名前=座り心地再生所 増加数=1
time=03:34:30.971 level=INFO msg=一定の売上が立ったためオーナーの椅子が増加します 名前=座和インダストリー 増加数=1
time=03:34:30.973 level=INFO msg=一定の売上が立ったためオーナーの椅子が増加します 名前="Urban Wheels" 増加数=1
time=03:34:32.770 level=INFO msg=一定の売上が立ったためオーナーの椅子が増加します 名前="Urban Wheels" 増加数=1
time=03:34:32.770 level=INFO msg=一定の売上が立ったためオーナーの椅子が増加します 名前=PulseRide 増加数=3
time=03:34:32.773 level=INFO msg=一定の売上が立ったためオーナーの椅子が増加します 名前=座り心地再生所 増加数=2
time=03:34:32.774 level=INFO msg=一定の売上が立ったためオーナーの椅子が増加します 名前="SitWell Designs" 増加数=2
time=03:34:32.774 level=INFO msg=一定の売上が立ったためオーナーの椅子が増加します 名前=座和インダストリー 増加数=2
time=03:34:32.797 level=INFO msg=これまでに地域内の評判によって7人、既存ユーザーの招待経由で52人が新規登録しました
time=03:34:32.797 level=INFO msg=0.0%のライドは椅子がマッチされるまでの時間、66.0%のライドはマッチされた椅子が乗車地点までに掛かる時間、0.0%のライドは椅子の実移動時間に不満がありました
time=03:34:34.571 level=INFO msg=一定の売上が立ったためオーナーの椅子が増加します 名前="Urban Wheels" 増加数=4
time=03:34:34.571 level=INFO msg=一定の売上が立ったためオーナーの椅子が増加します 名前=PulseRide 増加数=5
time=03:34:34.573 level=INFO msg=一定の売上が立ったためオーナーの椅子が増加します 名前=座り心地再生所 増加数=3
time=03:34:34.574 level=INFO msg=一定の売上が立ったためオーナーの椅子が増加します 名前=座和インダストリー 増加数=4
time=03:34:34.575 level=INFO msg=一定の売上が立ったためオーナーの椅子が増加します 名前="SitWell Designs" 増加数=2
time=03:34:36.370 level=INFO msg=一定の売上が立ったためオーナーの椅子が増加します 名前=座り心地再生所 増加数=4
time=03:34:36.374 level=INFO msg=一定の売上が立ったためオーナーの椅子が増加します 名前=座和インダストリー 増加数=6
time=03:34:36.374 level=INFO msg=一定の売上が立ったためオーナーの椅子が増加します 名前="Urban Wheels" 増加数=4
time=03:34:36.374 level=INFO msg=一定の売上が立ったためオーナーの椅子が増加します 名前=PulseRide 増加数=5
time=03:34:36.376 level=INFO msg=一定の売上が立ったためオーナーの椅子が増加します 名前="SitWell Designs" 増加数=4
time=03:34:38.172 level=INFO msg=一定の売上が立ったためオーナーの椅子が増加します 名前="SitWell Designs" 増加数=7
time=03:34:38.172 level=INFO msg=一定の売上が立ったためオーナーの椅子が増加します 名前=座和インダストリー 増加数=7
time=03:34:38.172 level=INFO msg=一定の売上が立ったためオーナーの椅子が増加します 名前=座り心地再生所 増加数=6
time=03:34:38.174 level=INFO msg=一定の売上が立ったためオーナーの椅子が増加します 名前=PulseRide 増加数=9
time=03:34:38.176 level=INFO msg=一定の売上が立ったためオーナーの椅子が増加します 名前="Urban Wheels" 増加数=8
time=03:34:38.197 level=INFO msg=これまでに地域内の評判によって19人、既存ユーザーの招待経由で278人が新規登録しました
time=03:34:38.197 level=INFO msg=4.9%のライドは椅子がマッチされるまでの時間、20.7%のライドはマッチされた椅子が乗車地点までに掛かる時間、0.3%のライドは椅子の実移動時間に不満がありました
time=03:34:39.979 level=INFO msg=一定の売上が立ったためオーナーの椅子が増加します 名前=PulseRide 増加数=11
time=03:34:39.981 level=INFO msg=一定の売上が立ったためオーナーの椅子が増加します 名前="Urban Wheels" 増加数=8
time=03:34:39.986 level=INFO msg=一定の売上が立ったためオーナーの椅子が増加します 名前="SitWell Designs" 増加数=9
time=03:34:39.988 level=INFO msg=一定の売上が立ったためオーナーの椅子が増加します 名前=座り心地再生所 増加数=10
time=03:34:39.989 level=INFO msg=一定の売上が立ったためオーナーの椅子が増加します 名前=座和インダストリー 増加数=12
time=03:34:41.773 level=INFO msg=一定の売上が立ったためオーナーの椅子が増加します 名前=座和インダストリー 増加数=11
time=03:34:41.782 level=INFO msg=一定の売上が立ったためオーナーの椅子が増加します 名前="Urban Wheels" 増加数=12
time=03:34:41.782 level=INFO msg=一定の売上が立ったためオーナーの椅子が増加します 名前=PulseRide 増加数=12
time=03:34:41.785 level=INFO msg=一定の売上が立ったためオーナーの椅子が増加します 名前="SitWell Designs" 増加数=11
time=03:34:41.785 level=INFO msg=一定の売上が立ったためオーナーの椅子が増加します 名前=座り心地再生所 増加数=12
time=03:34:43.591 level=INFO msg=一定の売上が立ったためオーナーの椅子が増加します 名前="SitWell Designs" 増加数=13
time=03:34:43.591 level=INFO msg=一定の売上が立ったためオーナーの椅子が増加します 名前=座和インダストリー 増加数=13
time=03:34:43.591 level=INFO msg=一定の売上が立ったためオーナーの椅子が増加します 名前=座り心地再生所 増加数=13
time=03:34:43.592 level=INFO msg=一定の売上が立ったためオーナーの椅子が増加します 名前=PulseRide 増加数=14
time=03:34:43.594 level=INFO msg=一定の売上が立ったためオーナーの椅子が増加します 名前="Urban Wheels" 増加数=12
time=03:34:43.596 level=INFO msg=これまでに地域内の評判によって34人、既存ユーザーの招待経由で1012人が新規登録しました
time=03:34:43.597 level=INFO msg=4.9%のライドは椅子がマッチされるまでの時間、5.8%のライドはマッチされた椅子が乗車地点までに掛かる時間、0.5%のライドは椅子の実移動時間に不満がありました
time=03:34:45.414 level=INFO msg=一定の売上が立ったためオーナーの椅子が増加します 名前=PulseRide 増加数=15
time=03:34:45.432 level=INFO msg=一定の売上が立ったためオーナーの椅子が増加します 名前="Urban Wheels" 増加数=12
time=03:34:45.433 level=INFO msg=一定の売上が立ったためオーナーの椅子が増加します 名前=座和インダストリー 増加数=13
time=03:34:45.433 level=INFO msg=一定の売上が立ったためオーナーの椅子が増加します 名前=座り心地再生所 増加数=10
time=03:34:45.434 level=INFO msg=一定の売上が立ったためオーナーの椅子が増加します 名前="SitWell Designs" 増加数=11
time=03:34:47.184 level=INFO msg=一定の売上が立ったためオーナーの椅子が増加します 名前=PulseRide 増加数=16
time=03:34:47.195 level=INFO msg=一定の売上が立ったためオーナーの椅子が増加します 名前=座和インダストリー 増加数=14
time=03:34:47.195 level=INFO msg=一定の売上が立ったためオーナーの椅子が増加します 名前="SitWell Designs" 増加数=11
time=03:34:47.196 level=INFO msg=一定の売上が立ったためオーナーの椅子が増加します 名前=座り心地再生所 増加数=13
time=03:34:47.205 level=INFO msg=一定の売上が立ったためオーナーの椅子が増加します 名前="Urban Wheels" 増加数=12
time=03:34:48.997 level=INFO msg=これまでに地域内の評判によって52人、既存ユーザーの招待経由で1921人が新規登録しました
time=03:34:48.997 level=INFO msg=22.7%のライドは椅子がマッチされるまでの時間、3.1%のライドはマッチされた椅子が乗車地点までに掛かる時間、11.8%のライドは椅子の実移動時間に不満がありました
time=03:34:49.014 level=INFO msg=一定の売上が立ったためオーナーの椅子が増加します 名前=座和インダストリー 増加数=16
time=03:34:49.021 level=INFO msg=一定の売上が立ったためオーナーの椅子が増加します 名前="Urban Wheels" 増加数=12
time=03:34:49.023 level=INFO msg=一定の売上が立ったためオーナーの椅子が増加します 名前=PulseRide 増加数=16
time=03:34:49.024 level=INFO msg=一定の売上が立ったためオーナーの椅子が増加します 名前="SitWell Designs" 増加数=13
time=03:34:49.025 level=INFO msg=一定の売上が立ったためオーナーの椅子が増加します 名前=座り心地再生所 増加数=13
time=03:34:50.785 level=INFO msg=一定の売上が立ったためオーナーの椅子が増加します 名前=座和インダストリー 増加数=18
time=03:34:50.794 level=INFO msg=一定の売上が立ったためオーナーの椅子が増加します 名前=座り心地再生所 増加数=16
time=03:34:50.794 level=INFO msg=一定の売上が立ったためオーナーの椅子が増加します 名前="SitWell Designs" 増加数=15
time=03:34:50.813 level=INFO msg=一定の売上が立ったためオーナーの椅子が増加します 名前="Urban Wheels" 増加数=17
time=03:34:50.814 level=INFO msg=一定の売上が立ったためオーナーの椅子が増加します 名前=PulseRide 増加数=20
time=03:34:52.783 level=INFO msg=一定の売上が立ったためオーナーの椅子が増加します 名前="SitWell Designs" 増加数=17
time=03:34:52.784 level=INFO msg=一定の売上が立ったためオーナーの椅子が増加します 名前=座り心地再生所 増加数=17
time=03:34:52.785 level=INFO msg=一定の売上が立ったためオーナーの椅子が増加します 名前=座和インダストリー 増加数=20
time=03:34:52.787 level=INFO msg=一定の売上が立ったためオーナーの椅子が増加します 名前=PulseRide 増加数=22
time=03:34:52.788 level=INFO msg=一定の売上が立ったためオーナーの椅子が増加します 名前="Urban Wheels" 増加数=20
time=03:34:54.577 level=INFO msg=これまでに地域内の評判によって70人、既存ユーザーの招待経由で2578人が新規登録しました
time=03:34:54.577 level=INFO msg=これまでに低評価なライドによって8人が利用をやめました
time=03:34:54.577 level=INFO msg=48.7%のライドは椅子がマッチされるまでの時間、2.4%のライドはマッチされた椅子が乗車地点までに掛かる時間、21.8%のライドは椅子の実移動時間に不満がありました
time=03:34:54.594 level=INFO msg=一定の売上が立ったためオーナーの椅子が増加します 名前=座り心地再生所 増加数=18
time=03:34:54.600 level=INFO msg=一定の売上が立ったためオーナーの椅子が増加します 名前="SitWell Designs" 増加数=17
time=03:34:54.602 level=INFO msg=一定の売上が立ったためオーナーの椅子が増加します 名前="Urban Wheels" 増加数=17
time=03:34:56.423 level=INFO msg=一定の売上が立ったためオーナーの椅子が増加します 名前=座和インダストリー 増加数=43
time=03:34:56.439 level=INFO msg=一定の売上が立ったためオーナーの椅子が増加します 名前="Urban Wheels" 増加数=20
time=03:34:56.441 level=INFO msg=一定の売上が立ったためオーナーの椅子が増加します 名前=座り心地再生所 増加数=20
time=03:34:56.443 level=INFO msg=一定の売上が立ったためオーナーの椅子が増加します 名前="SitWell Designs" 増加数=18
time=03:34:56.473 level=INFO msg=一定の売上が立ったためオーナーの椅子が増加します 名前=PulseRide 増加数=45
time=03:35:00.274 level=INFO msg=一定の売上が立ったためオーナーの椅子が増加します 名前="Urban Wheels" 増加数=48
time=03:35:00.276 level=INFO msg=これまでに地域内の評判によって88人、既存ユーザーの招待経由で3022人が新規登録しました
time=03:35:00.277 level=INFO msg=これまでに低評価なライドによって24人が利用をやめました
time=03:35:00.277 level=INFO msg=65.0%のライドは椅子がマッチされるまでの時間、2.0%のライドはマッチされた椅子が乗車地点までに掛かる時間、27.8%のライドは椅子の実移動時間に不満がありました
time=03:35:00.321 level=INFO msg=一定の売上が立ったためオーナーの椅子が増加します 名前=座り心地再生所 増加数=45
time=03:35:00.321 level=INFO msg=一定の売上が立ったためオーナーの椅子が増加します 名前="SitWell Designs" 増加数=45
time=03:35:00.892 level=WARN msg="取得した付近の椅子情報に不備があります (CODE=30): ID:01M32KZPFAZN6PG9KFHTVHFM30の椅子は既にライド中です"
time=03:35:00.892 level=WARN msg="取得した付近の椅子情報に不備があります (CODE=30): ID:01M32KZPFAZN6PG9KFHTVHFM30の椅子は既にライド中です"
time=03:35:00.893 level=WARN msg="取得した付近の椅子情報に不備があります (CODE=30): ID:01M32KZPFAZN6PG9KFHTVHFM30の椅子は既にライド中です"
time=03:35:02.139 level=INFO msg=一定の売上が立ったためオーナーの椅子が増加します 名前=PulseRide 増加数=73
time=03:35:02.142 level=INFO msg=一定の売上が立ったためオーナーの椅子が増加します 名前=座和インダストリー 増加数=70
time=03:35:05.476 level=WARN msg="取得した付近の椅子情報に不備があります (CODE=30): ID:01M32KZSH9FCG1VC172A5072GCの椅子は既にライド中です"
time=03:35:05.478 level=WARN msg="取得した付近の椅子情報に不備があります (CODE=30): ID:01M32KZSH9FCG1VC172A5072GCの椅子は既にライド中です"
time=03:35:05.677 level=INFO msg=これまでに地域内の評判によって106人、既存ユーザーの招待経由で3378人が新規登録しました
time=03:35:05.677 level=INFO msg=これまでに低評価なライドによって35人が利用をやめました
time=03:35:05.677 level=INFO msg=73.3%のライドは椅子がマッチされるまでの時間、1.9%のライドはマッチされた椅子が乗車地点までに掛かる時間、31.5%のライドは椅子の実移動時間に不満がありました
time=03:35:07.555 level=INFO msg=一定の売上が立ったためオーナーの椅子が増加します 名前=座り心地再生所 増加数=86
time=03:35:07.555 level=INFO msg=一定の売上が立ったためオーナーの椅子が増加します 名前="SitWell Designs" 増加数=80
time=03:35:09.425 level=INFO msg=一定の売上が立ったためオーナーの椅子が増加します 名前="Urban Wheels" 増加数=108
time=03:35:11.197 level=INFO msg=これまでに地域内の評判によって124人、既存ユーザーの招待経由で3656人が新規登録しました
time=03:35:11.197 level=INFO msg=これまでに低評価なライドによって53人が利用をやめました
time=03:35:11.197 level=INFO msg=78.8%のライドは椅子がマッチされるまでの時間、1.8%のライドはマッチされた椅子が乗車地点までに掛かる時間、34.5%のライドは椅子の実移動時間に不満がありました
time=03:35:13.580 level=WARN msg="取得した付近の椅子情報に不備があります (CODE=30): ID:01M32KZGV6EENZMZM3Z6X4WG2Kの椅子は既にライド中です"
time=03:35:13.589 level=WARN msg="取得した付近の椅子情報に不備があります (CODE=30): ID:01M32KZQ4D6WZ1D8F31V5NV3VYの椅子は既にライド中です"
time=03:35:13.591 level=WARN msg="取得した付近の椅子情報に不備があります (CODE=30): ID:01M32KZQ4D6WZ1D8F31V5NV3VYの椅子は既にライド中です"
time=03:35:14.959 level=INFO msg=一定の売上が立ったためオーナーの椅子が増加します 名前=PulseRide 増加数=175
time=03:35:14.962 level=INFO msg=一定の売上が立ったためオーナーの椅子が増加します 名前=座和インダストリー 増加数=163
time=03:35:15.591 level=WARN msg="取得した付近の椅子情報に不備があります (CODE=30): ID:01M32KZHM1KFC21KT6K4R0JK31の椅子は既にライド中です"
time=03:35:16.896 level=INFO msg=これまでに地域内の評判によって142人、既存ユーザーの招待経由で3947人が新規登録しました
time=03:35:16.896 level=INFO msg=これまでに低評価なライドによって77人が利用をやめました
time=03:35:16.897 level=INFO msg=82.4%のライドは椅子がマッチされるまでの時間、1.7%のライドはマッチされた椅子が乗車地点までに掛かる時間、36.5%のライドは椅子の実移動時間に不満がありました
time=03:35:17.581 level=WARN msg="取得した付近の椅子情報に不備があります (CODE=30): ID:01M32KZQ0APC3MCBTMBTAMSAQ4の椅子は既にライド中です"
time=03:35:19.445 level=WARN msg="取得した付近の椅子情報に不備があります (CODE=30): ID:01M32KZWQNQNPQT77B0J5X42TXの椅子は既にライド中です"
time=03:35:19.445 level=WARN msg="取得した付近の椅子情報に不備があります (CODE=30): ID:01M32KZWQNQNPQT77B0J5X42TXの椅子は既にライド中です"
time=03:35:19.447 level=WARN msg="取得した付近の椅子情報に不備があります (CODE=30): ID:01M32KZWQNQNPQT77B0J5X42TXの椅子は既にライド中です"
time=03:35:19.447 level=WARN msg="取得した付近の椅子情報に不備があります (CODE=30): ID:01M32KZWQNQNPQT77B0J5X42TXの椅子は既にライド中です"
time=03:35:19.449 level=WARN msg="取得した付近の椅子情報に不備があります (CODE=30): ID:01M32KZWQNQNPQT77B0J5X42TXの椅子は既にライド中です"
time=03:35:19.449 level=WARN msg="取得した付近の椅子情報に不備があります (CODE=30): ID:01M32KZWQNQNPQT77B0J5X42TXの椅子は既にライド中です"
time=03:35:19.481 level=WARN msg="取得した付近の椅子情報に不備があります (CODE=30): ID:01M32M07ST5FP0A9SWGRA1J2SHの椅子は既にライド中です"
time=03:35:19.482 level=WARN msg="取得した付近の椅子情報に不備があります (CODE=30): ID:01M32M07ST5FP0A9SWGRA1J2SHの椅子は既にライド中です"
time=03:35:20.981 level=WARN msg="取得した付近の椅子情報に不備があります (CODE=30): ID:01M32KZRBH6HQKMFGJEYTJKV96の椅子は既にライド中です"
time=03:35:20.982 level=WARN msg="取得した付近の椅子情報に不備があります (CODE=30): ID:01M32KZZY8FV6MABPJ1WBAP134の椅子は既にライド中です"
time=03:35:20.985 level=WARN msg="取得した付近の椅子情報に不備があります (CODE=30): ID:01M32KZRBH6HQKMFGJEYTJKV96の椅子は既にライド中です"
time=03:35:20.994 level=WARN msg="取得した付近の椅子情報に不備があります (CODE=30): ID:01M32KZ7ZKTH86VH1NP3K2C1DWの椅子は既にライド中です"
time=03:35:20.994 level=WARN msg="取得した付近の椅子情報に不備があります (CODE=30): ID:01M32KZ7ZKTH86VH1NP3K2C1DWの椅子は既にライド中です"
time=03:35:20.996 level=WARN msg="取得した付近の椅子情報に不備があります (CODE=30): ID:01M32KZ7ZKTH86VH1NP3K2C1DWの椅子は既にライド中です"
time=03:35:21.264 level=WARN msg="取得した付近の椅子情報に不備があります (CODE=30): ID:01M32KZF826HBEX1XS45KE9TCFの椅子は既にライド中です"
time=03:35:21.264 level=WARN msg="取得した付近の椅子情報に不備があります (CODE=30): ID:01M32KZF826HBEX1XS45KE9TCFの椅子は既にライド中です"
time=03:35:21.264 level=WARN msg="取得した付近の椅子情報に不備があります (CODE=30): ID:01M32KZF826HBEX1XS45KE9TCFの椅子は既にライド中です"
time=03:35:22.837 level=INFO msg=これまでに地域内の評判によって160人、既存ユーザーの招待経由で4108人が新規登録しました
time=03:35:22.837 level=INFO msg=これまでに低評価なライドによって116人が利用をやめました
time=03:35:22.837 level=INFO msg=85.2%のライドは椅子がマッチされるまでの時間、1.6%のライドはマッチされた椅子が乗車地点までに掛かる時間、38.9%のライドは椅子の実移動時間に不満がありました
time=03:35:25.081 level=INFO msg=一定の売上が立ったためオーナーの椅子が増加します 名前="SitWell Designs" 増加数=210
time=03:35:25.112 level=WARN msg="取得した付近の椅子情報に不備があります (CODE=30): ID:01M32KZJMQ6DCG8ZJETYAJG9ZHの椅子は既にライド中です"
time=03:35:26.864 level=WARN msg="取得した付近の椅子情報に不備があります (CODE=30): ID:01M32M0AK9SZF4S94GSFYF8DEYの椅子は既にライド中です"
time=03:35:26.877 level=WARN msg="取得した付近の椅子情報に不備があります (CODE=30): ID:01M32M0AK9SZF4S94GSFYF8DEYの椅子は既にライド中です"
time=03:35:27.187 level=INFO msg=一定の売上が立ったためオーナーの椅子が増加します 名前=座り心地再生所 増加数=233
time=03:35:32.399 level=INFO msg=最終地域情報 名前=チェアタウン ユーザー登録数=2573 アクティブユーザー数=2511
time=03:35:32.399 level=INFO msg=最終地域情報 名前=コシカケシティ ユーザー登録数=1919 アクティブユーザー数=1845
time=03:35:32.399 level=INFO msg=最終オーナー情報 名前=PulseRide 売上=23703200 椅子数=447
time=03:35:32.399 level=INFO msg=最終オーナー情報 名前="Urban Wheels" 売上=20815400 椅子数=320
time=03:35:32.399 level=INFO msg=最終オーナー情報 名前="SitWell Designs" 売上=20100800 椅子数=489
time=03:35:32.399 level=INFO msg=最終オーナー情報 名前=座り心地再生所 売上=20581900 椅子数=526
time=03:35:32.399 level=INFO msg=最終オーナー情報 名前=座和インダストリー 売上=22157800 椅子数=417
time=03:35:32.399 level=INFO msg=87.0%のライドは椅子がマッチされるまでの時間、1.6%のライドはマッチされた椅子が乗車地点までに掛かる時間、40.2%のライドは椅子の実移動時間に不満がありました
time=03:35:32.400 level=INFO msg=結果 pass=true スコア=1117581 種別エラー数=map[30:30]
time=03:35:32.400 level=INFO msg=負荷走行が終了しました
