time=02:26:49.961 level=INFO msg=負荷走行を開始します
time=02:26:55.893 level=INFO msg=一定の売上が立ったためオーナーの椅子が増加します 名前="CraftChair Co., Ltd." 増加数=1
time=02:26:55.893 level=INFO msg=一定の売上が立ったためオーナーの椅子が増加します 名前=座り心地再生所 増加数=1
time=02:26:55.894 level=INFO msg=一定の売上が立ったためオーナーの椅子が増加します 名前=快旅タクシー 増加数=2
time=02:26:57.693 level=INFO msg=一定の売上が立ったためオーナーの椅子が増加します 名前=座り心地再生所 増加数=2
time=02:26:57.693 level=INFO msg=一定の売上が立ったためオーナーの椅子が増加します 名前=再座堂 増加数=1
time=02:26:57.693 level=INFO msg=一定の売上が立ったためオーナーの椅子が増加します 名前="CraftChair Co., Ltd." 増加数=2
time=02:26:57.695 level=INFO msg=一定の売上が立ったためオーナーの椅子が増加します 名前=椅子のめぐりや 増加数=1
time=02:26:57.695 level=INFO msg=一定の売上が立ったためオーナーの椅子が増加します 名前=快旅タクシー 増加数=1
time=02:26:57.717 level=INFO msg=これまでに地域内の評判によって10人、既存ユーザーの招待経由で38人が新規登録しました
time=02:26:57.717 level=INFO msg=0.0%のライドは椅子がマッチされるまでの時間、57.9%のライドはマッチされた椅子が乗車地点までに掛かる時間、0.0%のライドは椅子の実移動時間に不満がありました
time=02:26:59.493 level=INFO msg=一定の売上が立ったためオーナーの椅子が増加します 名前=椅子のめぐりや 増加数=1
time=02:26:59.495 level=INFO msg=一定の売上が立ったためオーナーの椅子が増加します 名前=快旅タクシー 増加数=3
time=02:26:59.495 level=INFO msg=一定の売上が立ったためオーナーの椅子が増加します 名前=再座堂 増加数=2
time=02:26:59.497 level=INFO msg=一定の売上が立ったためオーナーの椅子が増加します 名前=座り心地再生所 増加数=2
time=02:26:59.499 level=INFO msg=一定の売上が立ったためオーナーの椅子が増加します 名前="CraftChair Co., Ltd." 増加数=2
time=02:27:01.296 level=INFO msg=一定の売上が立ったためオーナーの椅子が増加します 名前="CraftChair Co., Ltd." 増加数=3
time=02:27:01.298 level=INFO msg=一定の売上が立ったためオーナーの椅子が増加します 名前=再座堂 増加数=2
time=02:27:01.298 level=INFO msg=一定の売上が立ったためオーナーの椅子が増加します 名前=椅子のめぐりや 増加数=3
time=02:27:01.298 level=INFO msg=一定の売上が立ったためオーナーの椅子が増加します 名前=座り心地再生所 増加数=3
time=02:27:01.304 level=INFO msg=一定の売上が立ったためオーナーの椅子が増加します 名前=快旅タクシー 増加数=2
time=02:27:03.103 level=INFO msg=一定の売上が立ったためオーナーの椅子が増加します 名前=座り心地再生所 増加数=4
time=02:27:03.104 level=INFO msg=一定の売上が立ったためオーナーの椅子が増加します 名前=再座堂 増加数=3
time=02:27:03.105 level=INFO msg=一定の売上が立ったためオーナーの椅子が増加します 名前=快旅タクシー 増加数=4
time=02:27:03.106 level=INFO msg=一定の売上が立ったためオーナーの椅子が増加します 名前=椅子のめぐりや 増加数=3
time=02:27:03.107 level=INFO msg=一定の売上が立ったためオーナーの椅子が増加します 名前="CraftChair Co., Ltd." 増加数=4
time=02:27:03.117 level=INFO msg=これまでに地域内の評判によって18人、既存ユーザーの招待経由で144人が新規登録しました
time=02:27:03.117 level=INFO msg=8.5%のライドは椅子がマッチされるまでの時間、28.1%のライドはマッチされた椅子が乗車地点までに掛かる時間、0.0%のライドは椅子の実移動時間に不満がありました
time=02:27:04.903 level=INFO msg=一定の売上が立ったためオーナーの椅子が増加します 名前=椅子のめぐりや 増加数=3
time=02:27:04.903 level=INFO msg=一定の売上が立ったためオーナーの椅子が増加します 名前=再座堂 増加数=2
time=02:27:04.911 level=INFO msg=一定の売上が立ったためオーナーの椅子が増加します 名前="CraftChair Co., Ltd." 増加数=4
time=02:27:04.913 level=INFO msg=一定の売上が立ったためオーナーの椅子が増加します 名前=座り心地再生所 増加数=4
time=02:27:04.913 level=INFO msg=一定の売上が立ったためオーナーの椅子が増加します 名前=快旅タクシー 増加数=5
time=02:27:06.723 level=INFO msg=一定の売上が立ったためオーナーの椅子が増加します 名前=椅子のめぐりや 増加数=5
time=02:27:06.725 level=INFO msg=一定の売上が立ったためオーナーの椅子が増加します 名前=再座堂 増加数=5
time=02:27:06.726 level=INFO msg=一定の売上が立ったためオーナーの椅子が増加します 名前="CraftChair Co., Ltd." 増加数=5
time=02:27:06.729 level=INFO msg=一定の売上が立ったためオーナーの椅子が増加します 名前=快旅タクシー 増加数=5
time=02:27:06.729 level=INFO msg=一定の売上が立ったためオーナーの椅子が増加します 名前=座り心地再生所 増加数=5
time=02:27:08.516 level=INFO msg=一定の売上が立ったためオーナーの椅子が増加します 名前=再座堂 増加数=4
time=02:27:08.517 level=INFO msg=これまでに地域内の評判によって30人、既存ユーザーの招待経由で385人が新規登録しました
time=02:27:08.517 level=INFO msg=22.5%のライドは椅子がマッチされるまでの時間、11.9%のライドはマッチされた椅子が乗車地点までに掛かる時間、0.8%のライドは椅子の実移動時間に不満がありました
time=02:27:08.525 level=INFO msg=一定の売上が立ったためオーナーの椅子が増加します 名前=椅子のめぐりや 増加数=5
time=02:27:08.533 level=INFO msg=一定の売上が立ったためオーナーの椅子が増加します 名前=座り心地再生所 増加数=8
time=02:27:08.538 level=INFO msg=一定の売上が立ったためオーナーの椅子が増加します 名前=快旅タクシー 増加数=6
time=02:27:08.543 level=INFO msg=一定の売上が立ったためオーナーの椅子が増加します 名前="CraftChair Co., Ltd." 増加数=6
time=02:27:10.342 level=INFO msg=一定の売上が立ったためオーナーの椅子が増加します 名前=再座堂 増加数=5
time=02:27:10.353 level=INFO msg=一定の売上が立ったためオーナーの椅子が増加します 名前=椅子のめぐりや 増加数=8
time=02:27:10.363 level=INFO msg=一定の売上が立ったためオーナーの椅子が増加します 名前="CraftChair Co., Ltd." 増加数=6
time=02:27:10.367 level=INFO msg=一定の売上が立ったためオーナーの椅子が増加します 名前=快旅タクシー 増加数=6
time=02:27:10.372 level=INFO msg=一定の売上が立ったためオーナーの椅子が増加します 名前=座り心地再生所 増加数=7
time=02:27:12.267 level=INFO msg=一定の売上が立ったためオーナーの椅子が増加します 名前=再座堂 増加数=7
time=02:27:12.280 level=INFO msg=一定の売上が立ったためオーナーの椅子が増加します 名前=椅子のめぐりや 増加数=7
time=02:27:12.313 level=INFO msg=一定の売上が立ったためオーナーの椅子が増加します 名前=座り心地再生所 増加数=6
time=02:27:12.319 level=INFO msg=一定の売上が立ったためオーナーの椅子が増加します 名前=快旅タクシー 増加数=6
time=02:27:12.319 level=INFO msg=一定の売上が立ったためオーナーの椅子が増加します 名前="CraftChair Co., Ltd." 増加数=7
time=02:27:13.947 level=INFO msg=これまでに地域内の評判によって42人、既存ユーザーの招待経由で832人が新規登録しました
time=02:27:13.947 level=INFO msg=41.8%のライドは椅子がマッチされるまでの時間、5.5%のライドはマッチされた椅子が乗車地点までに掛かる時間、0.7%のライドは椅子の実移動時間に不満がありました
time=02:27:14.254 level=INFO msg=一定の売上が立ったためオーナーの椅子が増加します 名前=椅子のめぐりや 増加数=6
time=02:27:14.255 level=INFO msg=一定の売上が立ったためオーナーの椅子が増加します 名前=再座堂 増加数=6
time=02:27:14.326 level=INFO msg=一定の売上が立ったためオーナーの椅子が増加します 名前=快旅タクシー 増加数=8
time=02:27:14.340 level=INFO msg=一定の売上が立ったためオーナーの椅子が増加します 名前=座り心地再生所 増加数=8
time=02:27:14.352 level=INFO msg=一定の売上が立ったためオーナーの椅子が増加します 名前="CraftChair Co., Ltd." 増加数=7
time=02:27:16.119 level=INFO msg=一定の売上が立ったためオーナーの椅子が増加します 名前=椅子のめぐりや 増加数=9
time=02:27:16.150 level=INFO msg=一定の売上が立ったためオーナーの椅子が増加します 名前=再座堂 増加数=6
time=02:27:16.220 level=INFO msg=一定の売上が立ったためオーナーの椅子が増加します 名前="CraftChair Co., Ltd." 増加数=8
time=02:27:16.226 level=INFO msg=一定の売上が立ったためオーナーの椅子が増加します 名前=快旅タクシー 増加数=7
time=02:27:16.230 level=INFO msg=一定の売上が立ったためオーナーの椅子が増加します 名前=座り心地再生所 増加数=6
time=02:27:18.121 level=INFO msg=一定の売上が立ったためオーナーの椅子が増加します 名前=座り心地再生所 増加数=8
time=02:27:18.135 level=INFO msg=一定の売上が立ったためオーナーの椅子が増加します 名前=再座堂 増加数=7
time=02:27:18.148 level=INFO msg=一定の売上が立ったためオーナーの椅子が増加します 名前=椅子のめぐりや 増加数=6
time=02:27:18.318 level=INFO msg=一定の売上が立ったためオーナーの椅子が増加します 名前="CraftChair Co., Ltd." 増加数=7
time=02:27:18.374 level=INFO msg=一定の売上が立ったためオーナーの椅子が増加します 名前=快旅タクシー 増加数=9
time=02:27:19.647 level=INFO msg=これまでに地域内の評判によって54人、既存ユーザーの招待経由で1432人が新規登録しました
time=02:27:19.647 level=INFO msg=61.7%のライドは椅子がマッチされるまでの時間、3.2%のライドはマッチされた椅子が乗車地点までに掛かる時間、0.6%のライドは椅子の実移動時間に不満がありました
time=02:27:20.934 level=INFO msg=一定の売上が立ったためオーナーの椅子が増加します 名前=再座堂 増加数=6
time=02:27:20.961 level=INFO msg=一定の売上が立ったためオーナーの椅子が増加します 名前=椅子のめぐりや 増加数=8
time=02:27:21.100 level=INFO msg=一定の売上が立ったためオーナーの椅子が増加します 名前="CraftChair Co., Ltd." 増加数=9
time=02:27:21.144 level=INFO msg=一定の売上が立ったためオーナーの椅子が増加します 名前=座り心地再生所 増加数=10
time=02:27:21.231 level=INFO msg=一定の売上が立ったためオーナーの椅子が増加します 名前=快旅タクシー 増加数=6
time=02:27:21.612 level=INFO msg=一定の売上が立ったためオーナーの椅子が増加します 名前=再座堂 増加数=5
time=02:27:21.617 level=INFO msg=一定の売上が立ったためオーナーの椅子が増加します 名前=椅子のめぐりや 増加数=9
time=02:27:25.047 level=INFO msg=これまでに地域内の評判によって66人、既存ユーザーの招待経由で2085人が新規登録しました
time=02:27:25.047 level=INFO msg=73.0%のライドは椅子がマッチされるまでの時間、2.3%のライドはマッチされた椅子が乗車地点までに掛かる時間、0.7%のライドは椅子の実移動時間に不満がありました
time=02:27:25.241 level=INFO msg=一定の売上が立ったためオーナーの椅子が増加します 名前=再座堂 増加数=6
time=02:27:25.259 level=INFO msg=一定の売上が立ったためオーナーの椅子が増加します 名前=椅子のめぐりや 増加数=7
time=02:27:25.317 level=INFO msg=一定の売上が立ったためオーナーの椅子が増加します 名前="CraftChair Co., Ltd." 増加数=16
time=02:27:25.340 level=INFO msg=一定の売上が立ったためオーナーの椅子が増加します 名前=快旅タクシー 増加数=17
time=02:27:25.391 level=INFO msg=一定の売上が立ったためオーナーの椅子が増加します 名前=座り心地再生所 増加数=15
time=02:27:28.757 level=INFO msg=一定の売上が立ったためオーナーの椅子が増加します 名前=再座堂 増加数=14
time=02:27:29.285 level=INFO msg=一定の売上が立ったためオーナーの椅子が増加します 名前=椅子のめぐりや 増加数=15
time=02:27:29.408 level=INFO msg=一定の売上が立ったためオーナーの椅子が増加します 名前=座り心地再生所 増加数=17
time=02:27:29.497 level=INFO msg=一定の売上が立ったためオーナーの椅子が増加します 名前="CraftChair Co., Ltd." 増加数=15
time=02:27:29.735 level=INFO msg=一定の売上が立ったためオーナーの椅子が増加します 名前=快旅タクシー 増加数=13
time=02:27:30.447 level=INFO msg=これまでに地域内の評判によって78人、既存ユーザーの招待経由で2592人が新規登録しました
time=02:27:30.447 level=INFO msg=78.9%のライドは椅子がマッチされるまでの時間、1.8%のライドはマッチされた椅子が乗車地点までに掛かる時間、2.1%のライドは椅子の実移動時間に不満がありました
time=02:27:30.814 level=INFO msg=一定の売上が立ったためオーナーの椅子が増加します 名前=再座堂 増加数=12
time=02:27:30.859 level=INFO msg=一定の売上が立ったためオーナーの椅子が増加します 名前=椅子のめぐりや 増加数=14
time=02:27:30.865 level=INFO msg=一定の売上が立ったためオーナーの椅子が増加します 名前="CraftChair Co., Ltd." 増加数=15
time=02:27:30.879 level=INFO msg=一定の売上が立ったためオーナーの椅子が増加します 名前=座り心地再生所 増加数=15
time=02:27:33.857 level=INFO msg=一定の売上が立ったためオーナーの椅子が増加します 名前=再座堂 増加数=5
time=02:27:34.244 level=INFO msg=一定の売上が立ったためオーナーの椅子が増加します 名前=椅子のめぐりや 増加数=7
time=02:27:34.298 level=INFO msg=一定の売上が立ったためオーナーの椅子が増加します 名前=快旅タクシー 増加数=22
time=02:27:35.847 level=INFO msg=これまでに地域内の評判によって90人、既存ユーザーの招待経由で2968人が新規登録しました
time=02:27:35.847 level=INFO msg=これまでに低評価なライドによって1人が利用をやめました
time=02:27:35.847 level=INFO msg=83.2%のライドは椅子がマッチされるまでの時間、1.5%のライドはマッチされた椅子が乗車地点までに掛かる時間、6.5%のライドは椅子の実移動時間に不満がありました
time=02:27:36.611 level=INFO msg=一定の売上が立ったためオーナーの椅子が増加します 名前=座り心地再生所 増加数=17
time=02:27:36.756 level=INFO msg=一定の売上が立ったためオーナーの椅子が増加します 名前="CraftChair Co., Ltd." 増加数=16
time=02:27:36.981 level=INFO msg=一定の売上が立ったためオーナーの椅子が増加します 名前=再座堂 増加数=16
time=02:27:37.029 level=INFO msg=一定の売上が立ったためオーナーの椅子が増加します 名前=椅子のめぐりや 増加数=19
time=02:27:38.187 level=INFO msg=一定の売上が立ったためオーナーの椅子が増加します 名前=快旅タクシー 増加数=24
time=02:27:42.117 level=INFO msg=これまでに地域内の評判によって102人、既存ユーザーの招待経由で3357人が新規登録しました
time=02:27:42.117 level=INFO msg=これまでに低評価なライドによって2人が利用をやめました
time=02:27:42.117 level=INFO msg=86.5%のライドは椅子がマッチされるまでの時間、1.3%のライドはマッチされた椅子が乗車地点までに掛かる時間、10.2%のライドは椅子の実移動時間に不満がありました
time=02:27:43.364 level=INFO msg=一定の売上が立ったためオーナーの椅子が増加します 名前=再座堂 増加数=15
time=02:27:43.583 level=INFO msg=一定の売上が立ったためオーナーの椅子が増加します 名前=椅子のめぐりや 増加数=18
time=02:27:44.133 level=INFO msg=一定の売上が立ったためオーナーの椅子が増加します 名前=座り心地再生所 増加数=29
time=02:27:44.266 level=INFO msg=一定の売上が立ったためオーナーの椅子が増加します 名前="CraftChair Co., Ltd." 増加数=30
time=02:27:45.885 level=INFO msg=一定の売上が立ったためオーナーの椅子が増加します 名前=快旅タクシー 増加数=23
time=02:27:46.359 level=INFO msg=一定の売上が立ったためオーナーの椅子が増加します 名前=再座堂 増加数=26
time=02:27:47.667 level=INFO msg=これまでに地域内の評判によって114人、既存ユーザーの招待経由で3676人が新規登録しました
time=02:27:47.667 level=INFO msg=これまでに低評価なライドによって6人が利用をやめました
time=02:27:47.667 level=INFO msg=88.3%のライドは椅子がマッチされるまでの時間、1.2%のライドはマッチされた椅子が乗車地点までに掛かる時間、12.1%のライドは椅子の実移動時間に不満がありました
time=02:27:48.105 level=INFO msg=一定の売上が立ったためオーナーの椅子が増加します 名前=椅子のめぐりや 増加数=36
time=02:27:53.097 level=INFO msg=一定の売上が立ったためオーナーの椅子が増加します 名前=快旅タクシー 増加数=36
time=02:27:53.119 level=INFO msg=一定の売上が立ったためオーナーの椅子が増加します 名前=座り心地再生所 増加数=48
time=02:27:53.152 level=INFO msg=一定の売上が立ったためオーナーの椅子が増加します 名前="CraftChair Co., Ltd." 増加数=43
time=02:27:53.278 level=INFO msg=一定の売上が立ったためオーナーの椅子が増加します 名前=再座堂 増加数=23
time=02:27:57.317 level=INFO msg=最終地域情報 名前=チェアタウン ユーザー登録数=2446 アクティブユーザー数=2441
time=02:27:57.317 level=INFO msg=最終地域情報 名前=コシカケシティ ユーザー登録数=1735 アクティブユーザー数=1730
time=02:27:57.317 level=INFO msg=最終オーナー情報 名前="CraftChair Co., Ltd." 売上=8473500 椅子数=210
time=02:27:57.317 level=INFO msg=最終オーナー情報 名前=快旅タクシー 売上=8428600 椅子数=209
time=02:27:57.317 level=INFO msg=最終オーナー情報 名前=再座堂 売上=6884300 椅子数=182
time=02:27:57.317 level=INFO msg=最終オーナー情報 名前=椅子のめぐりや 売上=8319900 椅子数=194
time=02:27:57.317 level=INFO msg=最終オーナー情報 名前=座り心地再生所 売上=8829100 椅子数=219
time=02:27:57.317 level=INFO msg=90.3%のライドは椅子がマッチされるまでの時間、1.0%のライドはマッチされた椅子が乗車地点までに掛かる時間、16.1%のライドは椅子の実移動時間に不満がありました
time=02:27:57.318 level=INFO msg=結果 pass=true スコア=418749 種別エラー数=map[]
time=02:27:57.318 level=INFO msg=負荷走行が終了しました
