time=03:25:28.520 level=INFO msg=負荷走行を開始します
time=03:25:34.455 level=INFO msg=一定の売上が立ったためオーナーの椅子が増加します 名前=快旅タクシー 増加数=2
time=03:25:34.456 level=INFO msg=一定の売上が立ったためオーナーの椅子が増加します 名前=椅子のめぐりや 増加数=1
time=03:25:34.456 level=INFO msg=一定の売上が立ったためオーナーの椅子が増加します 名前=風座プロダクツ 増加数=1
time=03:25:34.456 level=INFO msg=一定の売上が立ったためオーナーの椅子が増加します 名前=EcoChairs 増加数=1
time=03:25:36.254 level=INFO msg=一定の売上が立ったためオーナーの椅子が増加します 名前=快旅タクシー 増加数=3
time=03:25:36.255 level=INFO msg=一定の売上が立ったためオーナーの椅子が増加します 名前=椅子再生工房 増加数=1
time=03:25:36.255 level=INFO msg=一定の売上が立ったためオーナーの椅子が増加します 名前=椅子のめぐりや 増加数=3
time=03:25:36.260 level=INFO msg=一定の売上が立ったためオーナーの椅子が増加します 名前=EcoChairs 増加数=2
time=03:25:36.263 level=INFO msg=一定の売上が立ったためオーナーの椅子が増加します 名前=風座プロダクツ 増加数=2
time=03:25:36.283 level=INFO msg=これまでに地域内の評判によって7人、既存ユーザーの招待経由で56人が新規登録しました
time=03:25:36.283 level=INFO msg=0.0%のライドは椅子がマッチされるまでの時間、51.7%のライドはマッチされた椅子が乗車地点までに掛かる時間、0.0%のライドは椅子の実移動時間に不満がありました
time=03:25:38.056 level=INFO msg=一定の売上が立ったためオーナーの椅子が増加します 名前=椅子再生工房 増加数=4
time=03:25:38.057 level=INFO msg=一定の売上が立ったためオーナーの椅子が増加します 名前=快旅タクシー 増加数=5
time=03:25:38.057 level=INFO msg=一定の売上が立ったためオーナーの椅子が増加します 名前=椅子のめぐりや 増加数=4
time=03:25:38.059 level=INFO msg=一定の売上が立ったためオーナーの椅子が増加します 名前=EcoChairs 増加数=4
time=03:25:38.061 level=INFO msg=一定の売上が立ったためオーナーの椅子が増加します 名前=風座プロダクツ 増加数=4
time=03:25:39.860 level=INFO msg=一定の売上が立ったためオーナーの椅子が増加します 名前=風座プロダクツ 増加数=6
time=03:25:39.861 level=INFO msg=一定の売上が立ったためオーナーの椅子が増加します 名前=EcoChairs 増加数=4
time=03:25:39.861 level=INFO msg=一定の売上が立ったためオーナーの椅子が増加します 名前=椅子のめぐりや 増加数=6
time=03:25:39.861 level=INFO msg=一定の売上が立ったためオーナーの椅子が増加します 名前=快旅タクシー 増加数=7
time=03:25:39.861 level=INFO msg=一定の売上が立ったためオーナーの椅子が増加します 名前=椅子再生工房 増加数=3
time=03:25:41.660 level=INFO msg=一定の売上が立ったためオーナーの椅子が増加します 名前=風座プロダクツ 増加数=7
time=03:25:41.661 level=INFO msg=一定の売上が立ったためオーナーの椅子が増加します 名前=EcoChairs 増加数=8
time=03:25:41.662 level=INFO msg=一定の売上が立ったためオーナーの椅子が増加します 名前=椅子のめぐりや 増加数=9
time=03:25:41.669 level=INFO msg=一定の売上が立ったためオーナーの椅子が増加します 名前=椅子再生工房 増加数=5
time=03:25:41.669 level=INFO msg=一定の売上が立ったためオーナーの椅子が増加します 名前=快旅タクシー 増加数=9
time=03:25:41.683 level=INFO msg=これまでに地域内の評判によって20人、既存ユーザーの招待経由で313人が新規登録しました
time=03:25:41.683 level=INFO msg=2.9%のライドは椅子がマッチされるまでの時間、16.1%のライドはマッチされた椅子が乗車地点までに掛かる時間、0.7%のライドは椅子の実移動時間に不満がありました
time=03:25:43.456 level=INFO msg=一定の売上が立ったためオーナーの椅子が増加します 名前=EcoChairs 増加数=9
time=03:25:43.462 level=INFO msg=一定の売上が立ったためオーナーの椅子が増加します 名前=椅子再生工房 増加数=8
time=03:25:43.462 level=INFO msg=一定の売上が立ったためオーナーの椅子が増加します 名前=快旅タクシー 増加数=12
time=03:25:43.462 level=INFO msg=一定の売上が立ったためオーナーの椅子が増加します 名前=椅子のめぐりや 増加数=10
time=03:25:43.467 level=INFO msg=一定の売上が立ったためオーナーの椅子が増加します 名前=風座プロダクツ 増加数=10
time=03:25:45.259 level=INFO msg=一定の売上が立ったためオーナーの椅子が増加します 名前=椅子のめぐりや 増加数=13
time=03:25:45.268 level=INFO msg=一定の売上が立ったためオーナーの椅子が増加します 名前=椅子再生工房 増加数=9
time=03:25:45.268 level=INFO msg=一定の売上が立ったためオーナーの椅子が増加します 名前=快旅タクシー 増加数=12
time=03:25:45.275 level=INFO msg=一定の売上が立ったためオーナーの椅子が増加します 名前=EcoChairs 増加数=12
time=03:25:45.276 level=INFO msg=一定の売上が立ったためオーナーの椅子が増加します 名前=風座プロダクツ 増加数=12
time=03:25:47.093 level=INFO msg=一定の売上が立ったためオーナーの椅子が増加します 名前=風座プロダクツ 増加数=11
time=03:25:47.109 level=INFO msg=一定の売上が立ったためオーナーの椅子が増加します 名前=EcoChairs 増加数=11
time=03:25:47.113 level=INFO msg=これまでに地域内の評判によって36人、既存ユーザーの招待経由で1043人が新規登録しました
time=03:25:47.113 level=INFO msg=3.9%のライドは椅子がマッチされるまでの時間、5.6%のライドはマッチされた椅子が乗車地点までに掛かる時間、0.5%のライドは椅子の実移動時間に不満がありました
time=03:25:47.123 level=INFO msg=一定の売上が立ったためオーナーの椅子が増加します 名前=快旅タクシー 増加数=13
time=03:25:47.125 level=INFO msg=一定の売上が立ったためオーナーの椅子が増加します 名前=椅子のめぐりや 増加数=11
time=03:25:47.125 level=INFO msg=一定の売上が立ったためオーナーの椅子が増加します 名前=椅子再生工房 増加数=10
time=03:25:48.917 level=INFO msg=一定の売上が立ったためオーナーの椅子が増加します 名前=椅子のめぐりや 増加数=13
time=03:25:48.937 level=INFO msg=一定の売上が立ったためオーナーの椅子が増加します 名前=EcoChairs 増加数=10
time=03:25:48.940 level=INFO msg=一定の売上が立ったためオーナーの椅子が増加します 名前=椅子再生工房 増加数=9
time=03:25:48.941 level=INFO msg=一定の売上が立ったためオーナーの椅子が増加します 名前=風座プロダクツ 増加数=12
time=03:25:48.943 level=INFO msg=一定の売上が立ったためオーナーの椅子が増加します 名前=快旅タクシー 増加数=13
time=03:25:50.803 level=INFO msg=一定の売上が立ったためオーナーの椅子が増加します 名前=椅子のめぐりや 増加数=13
time=03:25:50.803 level=INFO msg=一定の売上が立ったためオーナーの椅子が増加します 名前=EcoChairs 増加数=12
time=03:25:50.803 level=INFO msg=一定の売上が立ったためオーナーの椅子が増加します 名前=風座プロダクツ 増加数=13
time=03:25:50.817 level=INFO msg=一定の売上が立ったためオーナーの椅子が増加します 名前=椅子再生工房 増加数=9
time=03:25:50.817 level=INFO msg=一定の売上が立ったためオーナーの椅子が増加します 名前=快旅タクシー 増加数=15
time=03:25:52.603 level=INFO msg=これまでに地域内の評判によって54人、既存ユーザーの招待経由で1865人が新規登録しました
time=03:25:52.603 level=INFO msg=これまでに低評価なライドによって4人が利用をやめました
time=03:25:52.603 level=INFO msg=24.5%のライドは椅子がマッチされるまでの時間、3.4%のライドはマッチされた椅子が乗車地点までに掛かる時間、12.4%のライドは椅子の実移動時間に不満がありました
time=03:25:52.621 level=INFO msg=一定の売上が立ったためオーナーの椅子が増加します 名前=風座プロダクツ 増加数=14
time=03:25:52.622 level=INFO msg=一定の売上が立ったためオーナーの椅子が増加します 名前=EcoChairs 増加数=13
time=03:25:52.625 level=INFO msg=一定の売上が立ったためオーナーの椅子が増加します 名前=椅子のめぐりや 増加数=16
time=03:25:52.641 level=INFO msg=一定の売上が立ったためオーナーの椅子が増加します 名前=快旅タクシー 増加数=17
time=03:25:52.645 level=INFO msg=一定の売上が立ったためオーナーの椅子が増加します 名前=椅子再生工房 増加数=10
time=03:25:54.415 level=INFO msg=一定の売上が立ったためオーナーの椅子が増加します 名前=風座プロダクツ 増加数=15
time=03:25:54.415 level=INFO msg=一定の売上が立ったためオーナーの椅子が増加します 名前=EcoChairs 増加数=13
time=03:25:54.429 level=INFO msg=一定の売上が立ったためオーナーの椅子が増加します 名前=椅子再生工房 増加数=12
time=03:25:54.429 level=INFO msg=一定の売上が立ったためオーナーの椅子が増加します 名前=椅子のめぐりや 増加数=15
time=03:25:54.430 level=INFO msg=一定の売上が立ったためオーナーの椅子が増加します 名前=快旅タクシー 増加数=15
time=03:25:56.291 level=INFO msg=一定の売上が立ったためオーナーの椅子が増加します 名前=EcoChairs 増加数=15
time=03:25:56.291 level=INFO msg=一定の売上が立ったためオーナーの椅子が増加します 名前=風座プロダクツ 増加数=17
time=03:25:56.335 level=INFO msg=一定の売上が立ったためオーナーの椅子が増加します 名前=椅子再生工房 増加数=11
time=03:25:56.337 level=INFO msg=一定の売上が立ったためオーナーの椅子が増加します 名前=椅子のめぐりや 増加数=17
time=03:25:56.343 level=INFO msg=一定の売上が立ったためオーナーの椅子が増加します 名前=快旅タクシー 増加数=19
time=03:25:58.243 level=INFO msg=これまでに地域内の評判によって71人、既存ユーザーの招待経由で2437人が新規登録しました
time=03:25:58.243 level=INFO msg=これまでに低評価なライドによって12人が利用をやめました
time=03:25:58.243 level=INFO msg=50.4%のライドは椅子がマッチされるまでの時間、2.7%のライドはマッチされた椅子が乗車地点までに掛かる時間、20.5%のライドは椅子の実移動時間に不満がありました
time=03:25:58.264 level=INFO msg=一定の売上が立ったためオーナーの椅子が増加します 名前=EcoChairs 増加数=16
time=03:25:58.266 level=INFO msg=一定の売上が立ったためオーナーの椅子が増加します 名前=椅子のめぐりや 増加数=17
time=03:25:58.266 level=INFO msg=一定の売上が立ったためオーナーの椅子が増加します 名前=快旅タクシー 増加数=18
time=03:25:58.268 level=INFO msg=一定の売上が立ったためオーナーの椅子が増加します 名前=風座プロダクツ 増加数=17
time=03:25:58.270 level=INFO msg=一定の売上が立ったためオーナーの椅子が増加します 名前=椅子再生工房 増加数=12
time=03:26:00.062 level=INFO msg=一定の売上が立ったためオーナーの椅子が増加します 名前=風座プロダクツ 増加数=19
time=03:26:00.062 level=INFO msg=一定の売上が立ったためオーナーの椅子が増加します 名前=EcoChairs 増加数=17
time=03:26:00.081 level=INFO msg=一定の売上が立ったためオーナーの椅子が増加します 名前=椅子再生工房 増加数=13
time=03:26:00.083 level=INFO msg=一定の売上が立ったためオーナーの椅子が増加します 名前=快旅タクシー 増加数=22
time=03:26:01.887 level=INFO msg=一定の売上が立ったためオーナーの椅子が増加します 名前=椅子のめぐりや 増加数=42
time=03:26:01.891 level=INFO msg=一定の売上が立ったためオーナーの椅子が増加します 名前=椅子再生工房 増加数=14
time=03:26:03.643 level=INFO msg=これまでに地域内の評判によって89人、既存ユーザーの招待経由で2731人が新規登録しました
time=03:26:03.643 level=INFO msg=これまでに低評価なライドによって24人が利用をやめました
time=03:26:03.643 level=INFO msg=65.2%のライドは椅子がマッチされるまでの時間、2.5%のライドはマッチされた椅子が乗車地点までに掛かる時間、27.2%のライドは椅子の実移動時間に不満がありました
time=03:26:03.692 level=INFO msg=一定の売上が立ったためオーナーの椅子が増加します 名前=風座プロダクツ 増加数=38
time=03:26:03.695 level=INFO msg=一定の売上が立ったためオーナーの椅子が増加します 名前=快旅タクシー 増加数=42
time=03:26:03.697 level=INFO msg=一定の売上が立ったためオーナーの椅子が増加します 名前=EcoChairs 増加数=33
time=03:26:05.485 level=INFO msg=一定の売上が立ったためオーナーの椅子が増加します 名前=椅子再生工房 増加数=29
time=03:26:09.463 level=INFO msg=これまでに地域内の評判によって107人、既存ユーザーの招待経由で2961人が新規登録しました
time=03:26:09.463 level=INFO msg=これまでに低評価なライドによって46人が利用をやめました
time=03:26:09.463 level=INFO msg=74.2%のライドは椅子がマッチされるまでの時間、2.3%のライドはマッチされた椅子が乗車地点までに掛かる時間、31.7%のライドは椅子の実移動時間に不満がありました
time=03:26:09.509 level=INFO msg=一定の売上が立ったためオーナーの椅子が増加します 名前=EcoChairs 増加数=60
time=03:26:09.510 level=INFO msg=一定の売上が立ったためオーナーの椅子が増加します 名前=椅子のめぐりや 増加数=85
time=03:26:09.513 level=INFO msg=一定の売上が立ったためオーナーの椅子が増加します 名前=風座プロダクツ 増加数=62
time=03:26:11.560 level=INFO msg=一定の売上が立ったためオーナーの椅子が増加します 名前=快旅タクシー 増加数=98
time=03:26:11.593 level=WARN msg="取得した付近の椅子情報に不備があります (CODE=30): ID:01M32KFFT6VA7VZXXVG67AV44Pの椅子は既にライド中です"
time=03:26:11.596 level=WARN msg="取得した付近の椅子情報に不備があります (CODE=30): ID:01M32KFKQ9JWE1R6S3HRDPDVBWの椅子は既にライド中です"
time=03:26:11.597 level=WARN msg="取得した付近の椅子情報に不備があります (CODE=30): ID:01M32KFFT6VA7VZXXVG67AV44Pの椅子は既にライド中です"
time=03:26:11.605 level=INFO msg=一定の売上が立ったためオーナーの椅子が増加します 名前=椅子再生工房 増加数=52
time=03:26:15.343 level=INFO msg=これまでに地域内の評判によって125人、既存ユーザーの招待経由で3165人が新規登録しました
time=03:26:15.343 level=INFO msg=これまでに低評価なライドによって71人が利用をやめました
time=03:26:15.343 level=INFO msg=79.6%のライドは椅子がマッチされるまでの時間、2.3%のライドはマッチされた椅子が乗車地点までに掛かる時間、35.1%のライドは椅子の実移動時間に不満がありました
time=03:26:21.013 level=INFO msg=これまでに地域内の評判によって143人、既存ユーザーの招待経由で3282人が新規登録しました
time=03:26:21.013 level=INFO msg=これまでに低評価なライドによって101人が利用をやめました
time=03:26:21.013 level=INFO msg=83.1%のライドは椅子がマッチされるまでの時間、2.2%のライドはマッチされた椅子が乗車地点までに掛かる時間、37.8%のライドは椅子の実移動時間に不満がありました
time=03:26:21.060 level=INFO msg=一定の売上が立ったためオーナーの椅子が増加します 名前=EcoChairs 増加数=127
time=03:26:21.176 level=INFO msg=一定の売上が立ったためオーナーの椅子が増加します 名前=風座プロダクツ 増加数=132
time=03:26:23.180 level=WARN msg="取得した付近の椅子情報に不備があります (CODE=30): ID:01M32KFKMHXPT4W86FSF9SK700の椅子は既にライド中です"
time=03:26:23.279 level=INFO msg=一定の売上が立ったためオーナーの椅子が増加します 名前=椅子再生工房 増加数=107
time=03:26:23.281 level=WARN msg="取得した付近の椅子情報に不備があります (CODE=30): ID:01M32KG1BRR3DTHFJ840C6Z465の椅子は既にライド中です"
time=03:26:23.282 level=WARN msg="取得した付近の椅子情報に不備があります (CODE=30): ID:01M32KEJZRVR4HD9VV175J7TTNの椅子は既にライド中です"
time=03:26:23.284 level=WARN msg="取得した付近の椅子情報に不備があります (CODE=30): ID:01M32KFTE2Y919ZXSK4SSAWP1Mの椅子は既にライド中です"
time=03:26:23.285 level=WARN msg="取得した付近の椅子情報に不備があります (CODE=30): ID:01M32KFTE2Y919ZXSK4SSAWP1Mの椅子は既にライド中です"
time=03:26:23.286 level=WARN msg="取得した付近の椅子情報に不備があります (CODE=30): ID:01M32KFTE2Y919ZXSK4SSAWP1Mの椅子は既にライド中です"
time=03:26:23.279 level=WARN msg="取得した付近の椅子情報に不備があります (CODE=30): ID:01M32KEJZRVR4HD9VV175J7TTNの椅子は既にライド中です"
time=03:26:23.305 level=WARN msg="取得した付近の椅子情報に不備があります (CODE=30): ID:01M32KG1BRR3DTHFJ840C6Z465の椅子は既にライド中です"
time=03:26:23.305 level=WARN msg="取得した付近の椅子情報に不備があります (CODE=30): ID:01M32KEJZRVR4HD9VV175J7TTNの椅子は既にライド中です"
time=03:26:23.305 level=WARN msg="取得した付近の椅子情報に不備があります (CODE=30): ID:01M32KG1BRR3DTHFJ840C6Z465の椅子は既にライド中です"
time=03:26:23.310 level=WARN msg="取得した付近の椅子情報に不備があります (CODE=30): ID:01M32KEJZRVR4HD9VV175J7TTNの椅子は既にライド中です"
time=03:26:23.316 level=WARN msg="取得した付近の椅子情報に不備があります (CODE=30): ID:01M32KFTE2Y919ZXSK4SSAWP1Mの椅子は既にライド中です"
time=03:26:23.316 level=WARN msg="取得した付近の椅子情報に不備があります (CODE=30): ID:01M32KFTE2Y919ZXSK4SSAWP1Mの椅子は既にライド中です"
time=03:26:25.263 level=INFO msg=一定の売上が立ったためオーナーの椅子が増加します 名前=椅子のめぐりや 増加数=175
time=03:26:26.713 level=INFO msg=これまでに地域内の評判によって161人、既存ユーザーの招待経由で3402人が新規登録しました
time=03:26:26.713 level=INFO msg=これまでに低評価なライドによって126人が利用をやめました
time=03:26:26.713 level=INFO msg=85.5%のライドは椅子がマッチされるまでの時間、2.1%のライドはマッチされた椅子が乗車地点までに掛かる時間、40.1%のライドは椅子の実移動時間に不満がありました
time=03:26:26.715 level=WARN msg="取得した付近の椅子情報に不備があります (CODE=30): ID:01M32KG41WE2YBKCS8VEJKH8SEの椅子は既にライド中です"
time=03:26:28.430 level=WARN msg="取得した付近の椅子情報に不備があります (CODE=30): ID:01M32KFDF3K0XCAN8RMEB5X4GMの椅子は既にライド中です"
time=03:26:35.883 level=INFO msg=最終地域情報 名前=チェアタウン ユーザー登録数=2222 アクティブユーザー数=2156
time=03:26:35.883 level=INFO msg=最終地域情報 名前=コシカケシティ ユーザー登録数=1475 アクティブユーザー数=1389
time=03:26:35.883 level=INFO msg=最終オーナー情報 名前=椅子再生工房 売上=14679100 椅子数=322
time=03:26:35.883 level=INFO msg=最終オーナー情報 名前=椅子のめぐりや 売上=20198600 椅子数=454
time=03:26:35.883 level=INFO msg=最終オーナー情報 名前=EcoChairs 売上=18244300 椅子数=371
time=03:26:35.883 level=INFO msg=最終オーナー情報 名前=快旅タクシー 売上=21734200 椅子数=326
time=03:26:35.883 level=INFO msg=最終オーナー情報 名前=風座プロダクツ 売上=19498100 椅子数=396
time=03:26:35.883 level=INFO msg=87.1%のライドは椅子がマッチされるまでの時間、2.0%のライドはマッチされた椅子が乗車地点までに掛かる時間、42.1%のライドは椅子の実移動時間に不満がありました
time=03:26:35.885 level=INFO msg=結果 pass=true スコア=990809 種別エラー数=map[30:18]
time=03:26:35.885 level=INFO msg=負荷走行が終了しました
