time=02:13:30.210 level=INFO msg=負荷走行を開始します
time=02:13:36.157 level=INFO msg=一定の売上が立ったためオーナーの椅子が増加します 名前="Urban Wheels" 増加数=1
time=02:13:36.157 level=INFO msg=一定の売上が立ったためオーナーの椅子が増加します 名前="PreLoved Chairs" 増加数=1
time=02:13:37.956 level=INFO msg=一定の売上が立ったためオーナーの椅子が増加します 名前="PreLoved Chairs" 増加数=2
time=02:13:37.956 level=INFO msg=一定の売上が立ったためオーナーの椅子が増加します 名前=椅子のふるさと 増加数=2
time=02:13:37.959 level=INFO msg=一定の売上が立ったためオーナーの椅子が増加します 名前="Urban Wheels" 増加数=1
time=02:13:37.959 level=INFO msg=一定の売上が立ったためオーナーの椅子が増加します 名前=風座プロダクツ 増加数=2
time=02:13:37.982 level=INFO msg=これまでに地域内の評判によって9人、既存ユーザーの招待経由で32人が新規登録しました
time=02:13:37.982 level=INFO msg=0.0%のライドは椅子がマッチされるまでの時間、65.6%のライドはマッチされた椅子が乗車地点までに掛かる時間、0.0%のライドは椅子の実移動時間に不満がありました
time=02:13:39.759 level=INFO msg=一定の売上が立ったためオーナーの椅子が増加します 名前=椅子のふるさと 増加数=1
time=02:13:39.759 level=INFO msg=一定の売上が立ったためオーナーの椅子が増加します 名前="Urban Wheels" 増加数=3
time=02:13:39.759 level=INFO msg=一定の売上が立ったためオーナーの椅子が増加します 名前="PreLoved Chairs" 増加数=2
time=02:13:39.762 level=INFO msg=一定の売上が立ったためオーナーの椅子が増加します 名前=風座プロダクツ 増加数=1
time=02:13:41.558 level=INFO msg=一定の売上が立ったためオーナーの椅子が増加します 名前=座り心地再生所 増加数=1
time=02:13:41.559 level=INFO msg=一定の売上が立ったためオーナーの椅子が増加します 名前=椅子のふるさと 増加数=3
time=02:13:41.560 level=INFO msg=一定の売上が立ったためオーナーの椅子が増加します 名前="PreLoved Chairs" 増加数=3
time=02:13:41.561 level=INFO msg=一定の売上が立ったためオーナーの椅子が増加します 名前="Urban Wheels" 増加数=2
time=02:13:41.561 level=INFO msg=一定の売上が立ったためオーナーの椅子が増加します 名前=風座プロダクツ 増加数=3
time=02:13:43.361 level=INFO msg=一定の売上が立ったためオーナーの椅子が増加します 名前="Urban Wheels" 増加数=3
time=02:13:43.362 level=INFO msg=一定の売上が立ったためオーナーの椅子が増加します 名前=座り心地再生所 増加数=1
time=02:13:43.366 level=INFO msg=一定の売上が立ったためオーナーの椅子が増加します 名前=風座プロダクツ 増加数=1
time=02:13:43.366 level=INFO msg=一定の売上が立ったためオーナーの椅子が増加します 名前=椅子のふるさと 増加数=2
time=02:13:43.366 level=INFO msg=一定の売上が立ったためオーナーの椅子が増加します 名前="PreLoved Chairs" 増加数=3
time=02:13:43.381 level=INFO msg=これまでに地域内の評判によって18人、既存ユーザーの招待経由で119人が新規登録しました
time=02:13:43.381 level=INFO msg=9.7%のライドは椅子がマッチされるまでの時間、28.2%のライドはマッチされた椅子が乗車地点までに掛かる時間、0.8%のライドは椅子の実移動時間に不満がありました
time=02:13:45.161 level=INFO msg=一定の売上が立ったためオーナーの椅子が増加します 名前=風座プロダクツ 増加数=4
time=02:13:45.166 level=INFO msg=一定の売上が立ったためオーナーの椅子が増加します 名前=椅子のふるさと 増加数=3
time=02:13:45.166 level=INFO msg=一定の売上が立ったためオーナーの椅子が増加します 名前="Urban Wheels" 増加数=5
time=02:13:45.169 level=INFO msg=一定の売上が立ったためオーナーの椅子が増加します 名前="PreLoved Chairs" 増加数=3
time=02:13:46.961 level=INFO msg=一定の売上が立ったためオーナーの椅子が増加します 名前=座り心地再生所 増加数=2
time=02:13:46.969 level=INFO msg=一定の売上が立ったためオーナーの椅子が増加します 名前=風座プロダクツ 増加数=4
time=02:13:46.970 level=INFO msg=一定の売上が立ったためオーナーの椅子が増加します 名前="Urban Wheels" 増加数=5
time=02:13:46.970 level=INFO msg=一定の売上が立ったためオーナーの椅子が増加します 名前=椅子のふるさと 増加数=4
time=02:13:46.972 level=INFO msg=一定の売上が立ったためオーナーの椅子が増加します 名前="PreLoved Chairs" 増加数=5
time=02:13:48.764 level=INFO msg=一定の売上が立ったためオーナーの椅子が増加します 名前=座り心地再生所 増加数=3
time=02:13:48.774 level=INFO msg=一定の売上が立ったためオーナーの椅子が増加します 名前="Urban Wheels" 増加数=5
time=02:13:48.779 level=INFO msg=一定の売上が立ったためオーナーの椅子が増加します 名前=椅子のふるさと 増加数=3
time=02:13:48.781 level=INFO msg=これまでに地域内の評判によって32人、既存ユーザーの招待経由で285人が新規登録しました
time=02:13:48.781 level=INFO msg=29.0%のライドは椅子がマッチされるまでの時間、12.3%のライドはマッチされた椅子が乗車地点までに掛かる時間、1.3%のライドは椅子の実移動時間に不満がありました
time=02:13:48.782 level=INFO msg=一定の売上が立ったためオーナーの椅子が増加します 名前=風座プロダクツ 増加数=5
time=02:13:48.783 level=INFO msg=一定の売上が立ったためオーナーの椅子が増加します 名前="PreLoved Chairs" 増加数=4
time=02:13:50.590 level=INFO msg=一定の売上が立ったためオーナーの椅子が増加します 名前=座り心地再生所 増加数=2
time=02:13:50.616 level=INFO msg=一定の売上が立ったためオーナーの椅子が増加します 名前=椅子のふるさと 増加数=5
time=02:13:50.626 level=INFO msg=一定の売上が立ったためオーナーの椅子が増加します 名前="PreLoved Chairs" 増加数=5
time=02:13:50.628 level=INFO msg=一定の売上が立ったためオーナーの椅子が増加します 名前=風座プロダクツ 増加数=4
time=02:13:50.633 level=INFO msg=一定の売上が立ったためオーナーの椅子が増加します 名前="Urban Wheels" 増加数=6
time=02:13:52.366 level=INFO msg=一定の売上が立ったためオーナーの椅子が増加します 名前=座り心地再生所 増加数=4
time=02:13:52.395 level=INFO msg=一定の売上が立ったためオーナーの椅子が増加します 名前=椅子のふるさと 増加数=5
time=02:13:52.397 level=INFO msg=一定の売上が立ったためオーナーの椅子が増加します 名前=風座プロダクツ 増加数=7
time=02:13:52.408 level=INFO msg=一定の売上が立ったためオーナーの椅子が増加します 名前="PreLoved Chairs" 増加数=6
time=02:13:52.414 level=INFO msg=一定の売上が立ったためオーナーの椅子が増加します 名前="Urban Wheels" 増加数=6
time=02:13:54.211 level=INFO msg=これまでに地域内の評判によって41人、既存ユーザーの招待経由で589人が新規登録しました
time=02:13:54.211 level=INFO msg=45.6%のライドは椅子がマッチされるまでの時間、6.5%のライドはマッチされた椅子が乗車地点までに掛かる時間、1.0%のライドは椅子の実移動時間に不満がありました
time=02:13:54.267 level=INFO msg=一定の売上が立ったためオーナーの椅子が増加します 名前=座り心地再生所 増加数=4
time=02:13:54.309 level=INFO msg=一定の売上が立ったためオーナーの椅子が増加します 名前=椅子のふるさと 増加数=7
time=02:13:54.342 level=INFO msg=一定の売上が立ったためオーナーの椅子が増加します 名前="PreLoved Chairs" 増加数=7
time=02:13:54.344 level=INFO msg=一定の売上が立ったためオーナーの椅子が増加します 名前=風座プロダクツ 増加数=4
time=02:13:54.364 level=INFO msg=一定の売上が立ったためオーナーの椅子が増加します 名前="Urban Wheels" 増加数=7
time=02:13:56.108 level=INFO msg=一定の売上が立ったためオーナーの椅子が増加します 名前=座り心地再生所 増加数=4
time=02:13:56.127 level=INFO msg=一定の売上が立ったためオーナーの椅子が増加します 名前=椅子のふるさと 増加数=6
time=02:13:56.142 level=INFO msg=一定の売上が立ったためオーナーの椅子が増加します 名前=風座プロダクツ 増加数=8
time=02:13:56.154 level=INFO msg=一定の売上が立ったためオーナーの椅子が増加します 名前="PreLoved Chairs" 増加数=6
time=02:13:56.159 level=INFO msg=一定の売上が立ったためオーナーの椅子が増加します 名前="Urban Wheels" 増加数=6
time=02:13:58.037 level=INFO msg=一定の売上が立ったためオーナーの椅子が増加します 名前=座り心地再生所 増加数=4
time=02:13:58.099 level=INFO msg=一定の売上が立ったためオーナーの椅子が増加します 名前=風座プロダクツ 増加数=7
time=02:13:58.114 level=INFO msg=一定の売上が立ったためオーナーの椅子が増加します 名前=椅子のふるさと 増加数=5
time=02:13:58.124 level=INFO msg=一定の売上が立ったためオーナーの椅子が増加します 名前="Urban Wheels" 増加数=7
time=02:13:58.130 level=INFO msg=一定の売上が立ったためオーナーの椅子が増加します 名前="PreLoved Chairs" 増加数=7
time=02:13:59.761 level=INFO msg=これまでに地域内の評判によって53人、既存ユーザーの招待経由で997人が新規登録しました
time=02:13:59.761 level=INFO msg=61.0%のライドは椅子がマッチされるまでの時間、3.9%のライドはマッチされた椅子が乗車地点までに掛かる時間、0.9%のライドは椅子の実移動時間に不満がありました
time=02:13:59.896 level=INFO msg=一定の売上が立ったためオーナーの椅子が増加します 名前=座り心地再生所 増加数=5
time=02:14:00.033 level=INFO msg=一定の売上が立ったためオーナーの椅子が増加します 名前=椅子のふるさと 増加数=6
time=02:14:00.039 level=INFO msg=一定の売上が立ったためオーナーの椅子が増加します 名前=風座プロダクツ 増加数=6
time=02:14:00.070 level=INFO msg=一定の売上が立ったためオーナーの椅子が増加します 名前="Urban Wheels" 増加数=6
time=02:14:00.091 level=INFO msg=一定の売上が立ったためオーナーの椅子が増加します 名前="PreLoved Chairs" 増加数=5
time=02:14:01.625 level=INFO msg=一定の売上が立ったためオーナーの椅子が増加します 名前=座り心地再生所 増加数=5
time=02:14:01.685 level=INFO msg=一定の売上が立ったためオーナーの椅子が増加します 名前=風座プロダクツ 増加数=5
time=02:14:01.686 level=INFO msg=一定の売上が立ったためオーナーの椅子が増加します 名前=椅子のふるさと 増加数=5
time=02:14:01.695 level=INFO msg=一定の売上が立ったためオーナーの椅子が増加します 名前="Urban Wheels" 増加数=7
time=02:14:01.695 level=INFO msg=一定の売上が立ったためオーナーの椅子が増加します 名前="PreLoved Chairs" 増加数=7
time=02:14:03.612 level=INFO msg=一定の売上が立ったためオーナーの椅子が増加します 名前=座り心地再生所 増加数=4
time=02:14:03.757 level=INFO msg=一定の売上が立ったためオーナーの椅子が増加します 名前=椅子のふるさと 増加数=7
time=02:14:03.764 level=INFO msg=一定の売上が立ったためオーナーの椅子が増加します 名前=風座プロダクツ 増加数=6
time=02:14:03.841 level=INFO msg=一定の売上が立ったためオーナーの椅子が増加します 名前="PreLoved Chairs" 増加数=7
time=02:14:03.848 level=INFO msg=一定の売上が立ったためオーナーの椅子が増加します 名前="Urban Wheels" 増加数=7
time=02:14:05.161 level=INFO msg=これまでに地域内の評判によって65人、既存ユーザーの招待経由で1305人が新規登録しました
time=02:14:05.161 level=INFO msg=これまでに低評価なライドによって1人が利用をやめました
time=02:14:05.161 level=INFO msg=71.9%のライドは椅子がマッチされるまでの時間、2.7%のライドはマッチされた椅子が乗車地点までに掛かる時間、6.6%のライドは椅子の実移動時間に不満がありました
time=02:14:05.444 level=INFO msg=一定の売上が立ったためオーナーの椅子が増加します 名前=座り心地再生所 増加数=4
time=02:14:05.538 level=INFO msg=一定の売上が立ったためオーナーの椅子が増加します 名前=椅子のふるさと 増加数=5
time=02:14:05.577 level=INFO msg=一定の売上が立ったためオーナーの椅子が増加します 名前=風座プロダクツ 増加数=6
time=02:14:05.580 level=INFO msg=一定の売上が立ったためオーナーの椅子が増加します 名前="Urban Wheels" 増加数=6
time=02:14:05.580 level=INFO msg=一定の売上が立ったためオーナーの椅子が増加します 名前="PreLoved Chairs" 増加数=6
time=02:14:07.137 level=INFO msg=一定の売上が立ったためオーナーの椅子が増加します 名前=座り心地再生所 増加数=3
time=02:14:07.168 level=INFO msg=一定の売上が立ったためオーナーの椅子が増加します 名前=椅子のふるさと 増加数=8
time=02:14:07.192 level=INFO msg=一定の売上が立ったためオーナーの椅子が増加します 名前=風座プロダクツ 増加数=7
time=02:14:07.198 level=INFO msg=一定の売上が立ったためオーナーの椅子が増加します 名前="PreLoved Chairs" 増加数=6
time=02:14:07.199 level=INFO msg=一定の売上が立ったためオーナーの椅子が増加します 名前="Urban Wheels" 増加数=8
time=02:14:08.929 level=INFO msg=一定の売上が立ったためオーナーの椅子が増加します 名前=座り心地再生所 増加数=5
time=02:14:09.067 level=INFO msg=一定の売上が立ったためオーナーの椅子が増加します 名前=椅子のふるさと 増加数=6
time=02:14:09.135 level=INFO msg=一定の売上が立ったためオーナーの椅子が増加します 名前="PreLoved Chairs" 増加数=7
time=02:14:09.139 level=INFO msg=一定の売上が立ったためオーナーの椅子が増加します 名前=風座プロダクツ 増加数=8
time=02:14:09.139 level=INFO msg=一定の売上が立ったためオーナーの椅子が増加します 名前="Urban Wheels" 増加数=6
time=02:14:10.561 level=INFO msg=これまでに地域内の評判によって77人、既存ユーザーの招待経由で1472人が新規登録しました
time=02:14:10.561 level=INFO msg=これまでに低評価なライドによって9人が利用をやめました
time=02:14:10.561 level=INFO msg=79.1%のライドは椅子がマッチされるまでの時間、2.0%のライドはマッチされた椅子が乗車地点までに掛かる時間、14.4%のライドは椅子の実移動時間に不満がありました
time=02:14:10.997 level=INFO msg=一定の売上が立ったためオーナーの椅子が増加します 名前=座り心地再生所 増加数=5
time=02:14:11.083 level=INFO msg=一定の売上が立ったためオーナーの椅子が増加します 名前=椅子のふるさと 増加数=6
time=02:14:11.150 level=INFO msg=一定の売上が立ったためオーナーの椅子が増加します 名前=風座プロダクツ 増加数=6
time=02:14:11.173 level=INFO msg=一定の売上が立ったためオーナーの椅子が増加します 名前="PreLoved Chairs" 増加数=5
time=02:14:11.185 level=INFO msg=一定の売上が立ったためオーナーの椅子が増加します 名前="Urban Wheels" 増加数=8
time=02:14:12.885 level=INFO msg=一定の売上が立ったためオーナーの椅子が増加します 名前=座り心地再生所 増加数=4
time=02:14:13.011 level=INFO msg=一定の売上が立ったためオーナーの椅子が増加します 名前=椅子のふるさと 増加数=6
time=02:14:13.039 level=INFO msg=一定の売上が立ったためオーナーの椅子が増加します 名前="PreLoved Chairs" 増加数=9
time=02:14:13.058 level=INFO msg=一定の売上が立ったためオーナーの椅子が増加します 名前=風座プロダクツ 増加数=7
time=02:14:13.069 level=INFO msg=一定の売上が立ったためオーナーの椅子が増加します 名前="Urban Wheels" 増加数=9
time=02:14:14.623 level=INFO msg=一定の売上が立ったためオーナーの椅子が増加します 名前=座り心地再生所 増加数=4
time=02:14:14.811 level=INFO msg=一定の売上が立ったためオーナーの椅子が増加します 名前=椅子のふるさと 増加数=7
time=02:14:14.818 level=INFO msg=一定の売上が立ったためオーナーの椅子が増加します 名前="PreLoved Chairs" 増加数=5
time=02:14:14.820 level=INFO msg=一定の売上が立ったためオーナーの椅子が増加します 名前="Urban Wheels" 増加数=6
time=02:14:14.828 level=INFO msg=一定の売上が立ったためオーナーの椅子が増加します 名前=風座プロダクツ 増加数=5
time=02:14:16.201 level=INFO msg=これまでに地域内の評判によって94人、既存ユーザーの招待経由で1588人が新規登録しました
time=02:14:16.202 level=INFO msg=これまでに低評価なライドによって17人が利用をやめました
time=02:14:16.202 level=INFO msg=83.5%のライドは椅子がマッチされるまでの時間、1.7%のライドはマッチされた椅子が乗車地点までに掛かる時間、20.6%のライドは椅子の実移動時間に不満がありました
time=02:14:16.817 level=INFO msg=一定の売上が立ったためオーナーの椅子が増加します 名前=座り心地再生所 増加数=3
time=02:14:16.927 level=INFO msg=一定の売上が立ったためオーナーの椅子が増加します 名前=椅子のふるさと 増加数=6
time=02:14:16.928 level=INFO msg=一定の売上が立ったためオーナーの椅子が増加します 名前=風座プロダクツ 増加数=7
time=02:14:16.934 level=INFO msg=一定の売上が立ったためオーナーの椅子が増加します 名前="PreLoved Chairs" 増加数=7
time=02:14:16.943 level=INFO msg=一定の売上が立ったためオーナーの椅子が増加します 名前="Urban Wheels" 増加数=9
time=02:14:18.208 level=INFO msg=一定の売上が立ったためオーナーの椅子が増加します 名前=座り心地再生所 増加数=3
time=02:14:20.218 level=INFO msg=一定の売上が立ったためオーナーの椅子が増加します 名前=座り心地再生所 増加数=4
time=02:14:20.326 level=INFO msg=一定の売上が立ったためオーナーの椅子が増加します 名前=風座プロダクツ 増加数=14
time=02:14:20.352 level=INFO msg=一定の売上が立ったためオーナーの椅子が増加します 名前=椅子のふるさと 増加数=12
time=02:14:20.406 level=INFO msg=一定の売上が立ったためオーナーの椅子が増加します 名前="PreLoved Chairs" 増加数=12
time=02:14:20.409 level=INFO msg=一定の売上が立ったためオーナーの椅子が増加します 名前="Urban Wheels" 増加数=12
time=02:14:21.601 level=INFO msg=これまでに地域内の評判によって112人、既存ユーザーの招待経由で1624人が新規登録しました
time=02:14:21.601 level=INFO msg=これまでに低評価なライドによって50人が利用をやめました
time=02:14:21.601 level=INFO msg=86.3%のライドは椅子がマッチされるまでの時間、1.6%のライドはマッチされた椅子が乗車地点までに掛かる時間、26.9%のライドは椅子の実移動時間に不満がありました
time=02:14:21.855 level=INFO msg=一定の売上が立ったためオーナーの椅子が増加します 名前=座り心地再生所 増加数=5
time=02:14:23.549 level=WARN msg="取得した付近の椅子情報に不備があります (CODE=30): ID:01M32FC5T1KANK6PV9R340SV0Bの椅子は既にライド中です"
time=02:14:23.550 level=INFO msg=一定の売上が立ったためオーナーの椅子が増加します 名前=座り心地再生所 増加数=4
time=02:14:25.637 level=INFO msg=一定の売上が立ったためオーナーの椅子が増加します 名前=座り心地再生所 増加数=3
time=02:14:25.837 level=INFO msg=一定の売上が立ったためオーナーの椅子が増加します 名前=椅子のふるさと 増加数=18
time=02:14:25.840 level=INFO msg=一定の売上が立ったためオーナーの椅子が増加します 名前="PreLoved Chairs" 増加数=21
time=02:14:25.847 level=INFO msg=一定の売上が立ったためオーナーの椅子が増加します 名前="Urban Wheels" 増加数=23
time=02:14:25.855 level=INFO msg=一定の売上が立ったためオーナーの椅子が増加します 名前=風座プロダクツ 増加数=20
time=02:14:27.001 level=INFO msg=これまでに地域内の評判によって130人、既存ユーザーの招待経由で1652人が新規登録しました
time=02:14:27.001 level=INFO msg=これまでに低評価なライドによって97人が利用をやめました
time=02:14:27.001 level=INFO msg=88.4%のライドは椅子がマッチされるまでの時間、1.4%のライドはマッチされた椅子が乗車地点までに掛かる時間、33.1%のライドは椅子の実移動時間に不満がありました
time=02:14:27.159 level=INFO msg=一定の売上が立ったためオーナーの椅子が増加します 名前=座り心地再生所 増加数=5
time=02:14:29.241 level=INFO msg=一定の売上が立ったためオーナーの椅子が増加します 名前=座り心地再生所 増加数=4
time=02:14:31.034 level=INFO msg=一定の売上が立ったためオーナーの椅子が増加します 名前=座り心地再生所 増加数=5
time=02:14:31.077 level=INFO msg=一定の売上が立ったためオーナーの椅子が増加します 名前=椅子のふるさと 増加数=17
time=02:14:31.151 level=INFO msg=一定の売上が立ったためオーナーの椅子が増加します 名前="Urban Wheels" 増加数=22
time=02:14:32.551 level=INFO msg=これまでに地域内の評判によって144人、既存ユーザーの招待経由で1670人が新規登録しました
time=02:14:32.551 level=INFO msg=これまでに低評価なライドによって141人が利用をやめました
time=02:14:32.551 level=INFO msg=89.8%のライドは椅子がマッチされるまでの時間、1.4%のライドはマッチされた椅子が乗車地点までに掛かる時間、38.4%のライドは椅子の実移動時間に不満がありました
time=02:14:32.722 level=INFO msg=一定の売上が立ったためオーナーの椅子が増加します 名前=座り心地再生所 増加数=4
time=02:14:37.581 level=INFO msg=最終地域情報 名前=チェアタウン ユーザー登録数=997 アクティブユーザー数=926
time=02:14:37.581 level=INFO msg=最終地域情報 名前=コシカケシティ ユーザー登録数=842 アクティブユーザー数=772
time=02:14:37.581 level=INFO msg=最終オーナー情報 名前=椅子のふるさと 売上=6101900 椅子数=159
time=02:14:37.581 level=INFO msg=最終オーナー情報 名前="PreLoved Chairs" 売上=6747700 椅子数=155
time=02:14:37.581 level=INFO msg=最終オーナー情報 名前=座り心地再生所 売上=3658500 椅子数=108
time=02:14:37.581 level=INFO msg=最終オーナー情報 名前=風座プロダクツ 売上=6554600 椅子数=151
time=02:14:37.581 level=INFO msg=最終オーナー情報 名前="Urban Wheels" 売上=7453500 椅子数=190
time=02:14:37.581 level=INFO msg=90.4%のライドは椅子がマッチされるまでの時間、1.4%のライドはマッチされた椅子が乗車地点までに掛かる時間、40.8%のライドは椅子の実移動時間に不満がありました
time=02:14:37.582 level=INFO msg=結果 pass=true スコア=320624 種別エラー数=map[30:1]
time=02:14:37.582 level=INFO msg=負荷走行が終了しました
