time=03:07:58.240 level=INFO msg=負荷走行を開始します
time=03:08:04.159 level=INFO msg=一定の売上が立ったためオーナーの椅子が増加します 名前=座り心地再生所 増加数=1
time=03:08:04.162 level=INFO msg=一定の売上が立ったためオーナーの椅子が増加します 名前=ZenDrive 増加数=1
time=03:08:04.162 level=INFO msg=一定の売上が立ったためオーナーの椅子が増加します 名前=ふたたび椅子堂 増加数=3
time=03:08:04.165 level=INFO msg=一定の売上が立ったためオーナーの椅子が増加します 名前="Chair Charm" 増加数=1
time=03:08:05.958 level=INFO msg=一定の売上が立ったためオーナーの椅子が増加します 名前=EcoChairs 増加数=2
time=03:08:05.962 level=INFO msg=一定の売上が立ったためオーナーの椅子が増加します 名前=座り心地再生所 増加数=2
time=03:08:05.962 level=INFO msg=一定の売上が立ったためオーナーの椅子が増加します 名前=ふたたび椅子堂 増加数=2
time=03:08:05.962 level=INFO msg=一定の売上が立ったためオーナーの椅子が増加します 名前=ZenDrive 増加数=1
time=03:08:05.963 level=INFO msg=一定の売上が立ったためオーナーの椅子が増加します 名前="Chair Charm" 増加数=2
time=03:08:05.985 level=INFO msg=これまでに地域内の評判によって9人、既存ユーザーの招待経由で52人が新規登録しました
time=03:08:05.985 level=INFO msg=0.0%のライドは椅子がマッチされるまでの時間、58.5%のライドはマッチされた椅子が乗車地点までに掛かる時間、0.0%のライドは椅子の実移動時間に不満がありました
time=03:08:07.765 level=INFO msg=一定の売上が立ったためオーナーの椅子が増加します 名前=ZenDrive 増加数=3
time=03:08:07.767 level=INFO msg=一定の売上が立ったためオーナーの椅子が増加します 名前=EcoChairs 増加数=3
time=03:08:07.767 level=INFO msg=一定の売上が立ったためオーナーの椅子が増加します 名前=座り心地再生所 増加数=3
time=03:08:07.768 level=INFO msg=一定の売上が立ったためオーナーの椅子が増加します 名前="Chair Charm" 増加数=4
time=03:08:07.770 level=INFO msg=一定の売上が立ったためオーナーの椅子が増加します 名前=ふたたび椅子堂 増加数=5
time=03:08:09.564 level=INFO msg=一定の売上が立ったためオーナーの椅子が増加します 名前=座り心地再生所 増加数=5
time=03:08:09.577 level=INFO msg=一定の売上が立ったためオーナーの椅子が増加します 名前=ZenDrive 増加数=5
time=03:08:09.578 level=INFO msg=一定の売上が立ったためオーナーの椅子が増加します 名前=EcoChairs 増加数=4
time=03:08:09.580 level=INFO msg=一定の売上が立ったためオーナーの椅子が増加します 名前=ふたたび椅子堂 増加数=6
time=03:08:09.580 level=INFO msg=一定の売上が立ったためオーナーの椅子が増加します 名前="Chair Charm" 増加数=5
time=03:08:11.384 level=INFO msg=これまでに地域内の評判によって20人、既存ユーザーの招待経由で270人が新規登録しました
time=03:08:11.384 level=INFO msg=5.1%のライドは椅子がマッチされるまでの時間、19.9%のライドはマッチされた椅子が乗車地点までに掛かる時間、1.0%のライドは椅子の実移動時間に不満がありました
time=03:08:11.385 level=INFO msg=一定の売上が立ったためオーナーの椅子が増加します 名前=EcoChairs 増加数=5
time=03:08:11.391 level=INFO msg=一定の売上が立ったためオーナーの椅子が増加します 名前=ふたたび椅子堂 増加数=9
time=03:08:11.393 level=INFO msg=一定の売上が立ったためオーナーの椅子が増加します 名前=ZenDrive 増加数=6
time=03:08:11.393 level=INFO msg=一定の売上が立ったためオーナーの椅子が増加します 名前=座り心地再生所 増加数=7
time=03:08:11.394 level=INFO msg=一定の売上が立ったためオーナーの椅子が増加します 名前="Chair Charm" 増加数=7
time=03:08:13.194 level=INFO msg=一定の売上が立ったためオーナーの椅子が増加します 名前=EcoChairs 増加数=8
time=03:08:13.219 level=INFO msg=一定の売上が立ったためオーナーの椅子が増加します 名前=ZenDrive 増加数=9
time=03:08:13.219 level=INFO msg=一定の売上が立ったためオーナーの椅子が増加します 名前=座り心地再生所 増加数=10
time=03:08:13.226 level=INFO msg=一定の売上が立ったためオーナーの椅子が増加します 名前="Chair Charm" 増加数=10
time=03:08:13.230 level=INFO msg=一定の売上が立ったためオーナーの椅子が増加します 名前=ふたたび椅子堂 増加数=10
time=03:08:15.034 level=INFO msg=一定の売上が立ったためオーナーの椅子が増加します 名前=座り心地再生所 増加数=11
time=03:08:15.043 level=INFO msg=一定の売上が立ったためオーナーの椅子が増加します 名前=EcoChairs 増加数=10
time=03:08:15.044 level=INFO msg=一定の売上が立ったためオーナーの椅子が増加します 名前="Chair Charm" 増加数=12
time=03:08:15.056 level=INFO msg=一定の売上が立ったためオーナーの椅子が増加します 名前=ZenDrive 増加数=11
time=03:08:15.064 level=INFO msg=一定の売上が立ったためオーナーの椅子が増加します 名前=ふたたび椅子堂 増加数=12
time=03:08:16.784 level=INFO msg=これまでに地域内の評判によって34人、既存ユーザーの招待経由で944人が新規登録しました
time=03:08:16.784 level=INFO msg=4.7%のライドは椅子がマッチされるまでの時間、6.0%のライドはマッチされた椅子が乗車地点までに掛かる時間、0.6%のライドは椅子の実移動時間に不満がありました
time=03:08:16.997 level=INFO msg=一定の売上が立ったためオーナーの椅子が増加します 名前=座り心地再生所 増加数=12
time=03:08:16.998 level=INFO msg=一定の売上が立ったためオーナーの椅子が増加します 名前=ZenDrive 増加数=11
time=03:08:16.998 level=INFO msg=一定の売上が立ったためオーナーの椅子が増加します 名前=EcoChairs 増加数=11
time=03:08:17.003 level=INFO msg=一定の売上が立ったためオーナーの椅子が増加します 名前="Chair Charm" 増加数=11
time=03:08:17.051 level=INFO msg=一定の売上が立ったためオーナーの椅子が増加します 名前=ふたたび椅子堂 増加数=13
time=03:08:18.802 level=INFO msg=一定の売上が立ったためオーナーの椅子が増加します 名前="Chair Charm" 増加数=11
time=03:08:18.804 level=INFO msg=一定の売上が立ったためオーナーの椅子が増加します 名前=EcoChairs 増加数=8
time=03:08:18.807 level=INFO msg=一定の売上が立ったためオーナーの椅子が増加します 名前=座り心地再生所 増加数=10
time=03:08:18.822 level=INFO msg=一定の売上が立ったためオーナーの椅子が増加します 名前=ZenDrive 増加数=10
time=03:08:18.838 level=INFO msg=一定の売上が立ったためオーナーの椅子が増加します 名前=ふたたび椅子堂 増加数=13
time=03:08:20.731 level=INFO msg=一定の売上が立ったためオーナーの椅子が増加します 名前=ZenDrive 増加数=11
time=03:08:20.734 level=INFO msg=一定の売上が立ったためオーナーの椅子が増加します 名前=EcoChairs 増加数=11
time=03:08:20.735 level=INFO msg=一定の売上が立ったためオーナーの椅子が増加します 名前=ふたたび椅子堂 増加数=13
time=03:08:20.736 level=INFO msg=一定の売上が立ったためオーナーの椅子が増加します 名前="Chair Charm" 増加数=11
time=03:08:20.766 level=INFO msg=一定の売上が立ったためオーナーの椅子が増加します 名前=座り心地再生所 増加数=11
time=03:08:22.304 level=INFO msg=これまでに地域内の評判によって52人、既存ユーザーの招待経由で1771人が新規登録しました
time=03:08:22.304 level=INFO msg=これまでに低評価なライドによって8人が利用をやめました
time=03:08:22.304 level=INFO msg=22.8%のライドは椅子がマッチされるまでの時間、3.8%のライドはマッチされた椅子が乗車地点までに掛かる時間、9.8%のライドは椅子の実移動時間に不満がありました
time=03:08:22.509 level=INFO msg=一定の売上が立ったためオーナーの椅子が増加します 名前=EcoChairs 増加数=10
time=03:08:22.510 level=INFO msg=一定の売上が立ったためオーナーの椅子が増加します 名前=ZenDrive 増加数=11
time=03:08:22.512 level=INFO msg=一定の売上が立ったためオーナーの椅子が増加します 名前="Chair Charm" 増加数=12
time=03:08:22.536 level=INFO msg=一定の売上が立ったためオーナーの椅子が増加します 名前=座り心地再生所 増加数=12
time=03:08:22.536 level=INFO msg=一定の売上が立ったためオーナーの椅子が増加します 名前=ふたたび椅子堂 増加数=15
time=03:08:24.381 level=INFO msg=一定の売上が立ったためオーナーの椅子が増加します 名前=EcoChairs 増加数=12
time=03:08:24.382 level=INFO msg=一定の売上が立ったためオーナーの椅子が増加します 名前=座り心地再生所 増加数=12
time=03:08:24.385 level=INFO msg=一定の売上が立ったためオーナーの椅子が増加します 名前=ZenDrive 増加数=11
time=03:08:24.415 level=INFO msg=一定の売上が立ったためオーナーの椅子が増加します 名前="Chair Charm" 増加数=15
time=03:08:24.416 level=INFO msg=一定の売上が立ったためオーナーの椅子が増加します 名前=ふたたび椅子堂 増加数=16
time=03:08:26.381 level=INFO msg=一定の売上が立ったためオーナーの椅子が増加します 名前=EcoChairs 増加数=14
time=03:08:26.410 level=INFO msg=一定の売上が立ったためオーナーの椅子が増加します 名前=ZenDrive 増加数=15
time=03:08:26.435 level=INFO msg=一定の売上が立ったためオーナーの椅子が増加します 名前="Chair Charm" 増加数=15
time=03:08:26.435 level=INFO msg=一定の売上が立ったためオーナーの椅子が増加します 名前=座り心地再生所 増加数=18
time=03:08:26.439 level=INFO msg=一定の売上が立ったためオーナーの椅子が増加します 名前=ふたたび椅子堂 増加数=19
time=03:08:27.704 level=INFO msg=これまでに地域内の評判によって68人、既存ユーザーの招待経由で2341人が新規登録しました
time=03:08:27.704 level=INFO msg=これまでに低評価なライドによって21人が利用をやめました
time=03:08:27.704 level=INFO msg=48.8%のライドは椅子がマッチされるまでの時間、3.1%のライドはマッチされた椅子が乗車地点までに掛かる時間、18.6%のライドは椅子の実移動時間に不満がありました
time=03:08:28.042 level=INFO msg=一定の売上が立ったためオーナーの椅子が増加します 名前=ZenDrive 増加数=16
time=03:08:28.108 level=INFO msg=一定の売上が立ったためオーナーの椅子が増加します 名前=EcoChairs 増加数=15
time=03:08:30.189 level=INFO msg=一定の売上が立ったためオーナーの椅子が増加します 名前=座り心地再生所 増加数=36
time=03:08:32.222 level=INFO msg=一定の売上が立ったためオーナーの椅子が増加します 名前=ZenDrive 増加数=39
time=03:08:32.283 level=INFO msg=一定の売上が立ったためオーナーの椅子が増加します 名前="Chair Charm" 増加数=59
time=03:08:32.283 level=INFO msg=一定の売上が立ったためオーナーの椅子が増加します 名前=EcoChairs 増加数=36
time=03:08:32.348 level=INFO msg=一定の売上が立ったためオーナーの椅子が増加します 名前=ふたたび椅子堂 増加数=64
time=03:08:33.824 level=INFO msg=これまでに地域内の評判によって86人、既存ユーザーの招待経由で2839人が新規登録しました
time=03:08:33.824 level=INFO msg=これまでに低評価なライドによって34人が利用をやめました
time=03:08:33.824 level=INFO msg=65.7%のライドは椅子がマッチされるまでの時間、2.7%のライドはマッチされた椅子が乗車地点までに掛かる時間、24.4%のライドは椅子の実移動時間に不満がありました
time=03:08:34.206 level=INFO msg=一定の売上が立ったためオーナーの椅子が増加します 名前=座り心地再生所 増加数=38
time=03:08:37.816 level=INFO msg=一定の売上が立ったためオーナーの椅子が増加します 名前=EcoChairs 増加数=50
time=03:08:37.841 level=INFO msg=一定の売上が立ったためオーナーの椅子が増加します 名前=ZenDrive 増加数=52
time=03:08:39.224 level=INFO msg=これまでに地域内の評判によって104人、既存ユーザーの招待経由で3163人が新規登録しました
time=03:08:39.224 level=INFO msg=これまでに低評価なライドによって49人が利用をやめました
time=03:08:39.224 level=INFO msg=73.8%のライドは椅子がマッチされるまでの時間、2.5%のライドはマッチされた椅子が乗車地点までに掛かる時間、28.6%のライドは椅子の実移動時間に不満がありました
time=03:08:40.030 level=INFO msg=一定の売上が立ったためオーナーの椅子が増加します 名前="Chair Charm" 増加数=69
time=03:08:40.066 level=INFO msg=一定の売上が立ったためオーナーの椅子が増加します 名前=座り心地再生所 増加数=60
time=03:08:41.445 level=INFO msg=一定の売上が立ったためオーナーの椅子が増加します 名前=ふたたび椅子堂 増加数=92
time=03:08:45.104 level=INFO msg=これまでに地域内の評判によって122人、既存ユーザーの招待経由で3428人が新規登録しました
time=03:08:45.104 level=INFO msg=これまでに低評価なライドによって69人が利用をやめました
time=03:08:45.104 level=INFO msg=79.3%のライドは椅子がマッチされるまでの時間、2.3%のライドはマッチされた椅子が乗車地点までに掛かる時間、31.6%のライドは椅子の実移動時間に不満がありました
time=03:08:46.411 level=INFO msg=一定の売上が立ったためオーナーの椅子が増加します 名前=EcoChairs 増加数=70
time=03:08:46.463 level=INFO msg=一定の売上が立ったためオーナーの椅子が増加します 名前=ZenDrive 増加数=76
time=03:08:49.680 level=INFO msg=一定の売上が立ったためオーナーの椅子が増加します 名前=座り心地再生所 増加数=107
time=03:08:50.564 level=INFO msg=これまでに地域内の評判によって140人、既存ユーザーの招待経由で3679人が新規登録しました
time=03:08:50.564 level=INFO msg=これまでに低評価なライドによって81人が利用をやめました
time=03:08:50.564 level=INFO msg=82.3%のライドは椅子がマッチされるまでの時間、2.1%のライドはマッチされた椅子が乗車地点までに掛かる時間、33.4%のライドは椅子の実移動時間に不満がありました
time=03:08:51.701 level=INFO msg=一定の売上が立ったためオーナーの椅子が増加します 名前="Chair Charm" 増加数=105
time=03:08:56.144 level=INFO msg=これまでに地域内の評判によって158人、既存ユーザーの招待経由で3855人が新規登録しました
time=03:08:56.144 level=INFO msg=これまでに低評価なライドによって113人が利用をやめました
time=03:08:56.144 level=INFO msg=85.1%のライドは椅子がマッチされるまでの時間、2.1%のライドはマッチされた椅子が乗車地点までに掛かる時間、35.3%のライドは椅子の実移動時間に不満がありました
time=03:08:57.837 level=INFO msg=一定の売上が立ったためオーナーの椅子が増加します 名前=ふたたび椅子堂 増加数=165
time=03:08:59.670 level=INFO msg=一定の売上が立ったためオーナーの椅子が増加します 名前=EcoChairs 増加数=112
time=03:09:00.719 level=INFO msg=一定の売上が立ったためオーナーの椅子が増加します 名前=ZenDrive 増加数=132
time=03:09:05.585 level=INFO msg=最終地域情報 名前=チェアタウン ユーザー登録数=2548 アクティブユーザー数=2482
time=03:09:05.585 level=INFO msg=最終地域情報 名前=コシカケシティ ユーザー登録数=1766 アクティブユーザー数=1711
time=03:09:05.585 level=INFO msg=最終オーナー情報 名前="Chair Charm" 売上=17603600 椅子数=353
time=03:09:05.585 level=INFO msg=最終オーナー情報 名前=ふたたび椅子堂 売上=19700800 椅子数=461
time=03:09:05.585 level=INFO msg=最終オーナー情報 名前=ZenDrive 売上=17348100 椅子数=424
time=03:09:05.585 level=INFO msg=最終オーナー情報 名前=EcoChairs 売上=15971400 椅子数=385
time=03:09:05.585 level=INFO msg=最終オーナー情報 名前=座り心地再生所 売上=18701700 椅子数=359
time=03:09:05.585 level=INFO msg=86.9%のライドは椅子がマッチされるまでの時間、2.0%のライドはマッチされた椅子が乗車地点までに掛かる時間、36.8%のライドは椅子の実移動時間に不満がありました
time=03:09:05.586 level=INFO msg=結果 pass=true スコア=925871 種別エラー数=map[]
time=03:09:05.586 level=INFO msg=負荷走行が終了しました
