time=07:05:26.779 level=INFO msg=負荷走行を開始します
time=07:05:32.707 level=INFO msg=一定の売上が立ったためオーナーの椅子が増加します 名前=おもてなしタクシー 増加数=1
time=07:05:32.711 level=INFO msg=一定の売上が立ったためオーナーの椅子が増加します 名前=ZenSeat 増加数=1
time=07:05:32.712 level=INFO msg=一定の売上が立ったためオーナーの椅子が増加します 名前=座り心地再生所 増加数=1
time=07:05:32.712 level=INFO msg=一定の売上が立ったためオーナーの椅子が増加します 名前=再座堂 増加数=1
time=07:05:32.712 level=INFO msg=一定の売上が立ったためオーナーの椅子が増加します 名前=街のりタクシー 増加数=2
time=07:05:34.510 level=INFO msg=一定の売上が立ったためオーナーの椅子が増加します 名前=座り心地再生所 増加数=2
time=07:05:34.510 level=INFO msg=一定の売上が立ったためオーナーの椅子が増加します 名前=ZenSeat 増加数=1
time=07:05:34.510 level=INFO msg=一定の売上が立ったためオーナーの椅子が増加します 名前=街のりタクシー 増加数=2
time=07:05:34.510 level=INFO msg=一定の売上が立ったためオーナーの椅子が増加します 名前=再座堂 増加数=1
time=07:05:34.510 level=INFO msg=一定の売上が立ったためオーナーの椅子が増加します 名前=おもてなしタクシー 増加数=2
time=07:05:34.536 level=INFO msg=これまでに地域内の評判によって7人、既存ユーザーの招待経由で47人が新規登録しました
time=07:05:34.536 level=INFO msg=0.0%のライドは椅子がマッチされるまでの時間、65.3%のライドはマッチされた椅子が乗車地点までに掛かる時間、0.0%のライドは椅子の実移動時間に不満がありました
time=07:05:36.308 level=INFO msg=一定の売上が立ったためオーナーの椅子が増加します 名前=街のりタクシー 増加数=3
time=07:05:36.313 level=INFO msg=一定の売上が立ったためオーナーの椅子が増加します 名前=再座堂 増加数=3
time=07:05:36.315 level=INFO msg=一定の売上が立ったためオーナーの椅子が増加します 名前=座り心地再生所 増加数=3
time=07:05:36.315 level=INFO msg=一定の売上が立ったためオーナーの椅子が増加します 名前=ZenSeat 増加数=2
time=07:05:36.315 level=INFO msg=一定の売上が立ったためオーナーの椅子が増加します 名前=おもてなしタクシー 増加数=3
time=07:05:38.111 level=INFO msg=一定の売上が立ったためオーナーの椅子が増加します 名前=街のりタクシー 増加数=4
time=07:05:38.111 level=INFO msg=一定の売上が立ったためオーナーの椅子が増加します 名前=再座堂 増加数=4
time=07:05:38.113 level=INFO msg=一定の売上が立ったためオーナーの椅子が増加します 名前=座り心地再生所 増加数=5
time=07:05:38.115 level=INFO msg=一定の売上が立ったためオーナーの椅子が増加します 名前=おもてなしタクシー 増加数=3
time=07:05:38.117 level=INFO msg=一定の売上が立ったためオーナーの椅子が増加します 名前=ZenSeat 増加数=4
time=07:05:39.911 level=INFO msg=一定の売上が立ったためオーナーの椅子が増加します 名前=街のりタクシー 増加数=7
time=07:05:39.912 level=INFO msg=一定の売上が立ったためオーナーの椅子が増加します 名前=再座堂 増加数=6
time=07:05:39.916 level=INFO msg=一定の売上が立ったためオーナーの椅子が増加します 名前=おもてなしタクシー 増加数=6
time=07:05:39.916 level=INFO msg=一定の売上が立ったためオーナーの椅子が増加します 名前=座り心地再生所 増加数=8
time=07:05:39.916 level=INFO msg=一定の売上が立ったためオーナーの椅子が増加します 名前=ZenSeat 増加数=5
time=07:05:39.936 level=INFO msg=これまでに地域内の評判によって19人、既存ユーザーの招待経由で223人が新規登録しました
time=07:05:39.936 level=INFO msg=0.0%のライドは椅子がマッチされるまでの時間、33.9%のライドはマッチされた椅子が乗車地点までに掛かる時間、0.6%のライドは椅子の実移動時間に不満がありました
time=07:05:41.710 level=INFO msg=一定の売上が立ったためオーナーの椅子が増加します 名前=座り心地再生所 増加数=10
time=07:05:41.718 level=INFO msg=一定の売上が立ったためオーナーの椅子が増加します 名前=おもてなしタクシー 増加数=9
time=07:05:41.718 level=INFO msg=一定の売上が立ったためオーナーの椅子が増加します 名前=ZenSeat 増加数=7
time=07:05:41.721 level=INFO msg=一定の売上が立ったためオーナーの椅子が増加します 名前=街のりタクシー 増加数=10
time=07:05:41.721 level=INFO msg=一定の売上が立ったためオーナーの椅子が増加します 名前=再座堂 増加数=9
time=07:05:43.514 level=INFO msg=一定の売上が立ったためオーナーの椅子が増加します 名前=再座堂 増加数=11
time=07:05:43.522 level=INFO msg=一定の売上が立ったためオーナーの椅子が増加します 名前=座り心地再生所 増加数=11
time=07:05:43.524 level=INFO msg=一定の売上が立ったためオーナーの椅子が増加します 名前=街のりタクシー 増加数=11
time=07:05:43.525 level=INFO msg=一定の売上が立ったためオーナーの椅子が増加します 名前=ZenSeat 増加数=10
time=07:05:43.525 level=INFO msg=一定の売上が立ったためオーナーの椅子が増加します 名前=おもてなしタクシー 増加数=11
time=07:05:45.319 level=INFO msg=一定の売上が立ったためオーナーの椅子が増加します 名前=座り心地再生所 増加数=13
time=07:05:45.319 level=INFO msg=一定の売上が立ったためオーナーの椅子が増加します 名前=ZenSeat 増加数=12
time=07:05:45.332 level=INFO msg=一定の売上が立ったためオーナーの椅子が増加します 名前=街のりタクシー 増加数=12
time=07:05:45.332 level=INFO msg=一定の売上が立ったためオーナーの椅子が増加します 名前=再座堂 増加数=13
time=07:05:45.334 level=INFO msg=一定の売上が立ったためオーナーの椅子が増加します 名前=おもてなしタクシー 増加数=12
time=07:05:45.336 level=INFO msg=これまでに地域内の評判によって33人、既存ユーザーの招待経由で913人が新規登録しました
time=07:05:45.336 level=INFO msg=0.0%のライドは椅子がマッチされるまでの時間、11.6%のライドはマッチされた椅子が乗車地点までに掛かる時間、0.7%のライドは椅子の実移動時間に不満がありました
time=07:05:47.224 level=INFO msg=一定の売上が立ったためオーナーの椅子が増加します 名前=座り心地再生所 増加数=15
time=07:05:47.225 level=INFO msg=一定の売上が立ったためオーナーの椅子が増加します 名前=再座堂 増加数=12
time=07:05:47.225 level=INFO msg=一定の売上が立ったためオーナーの椅子が増加します 名前=ZenSeat 増加数=11
time=07:05:47.226 level=INFO msg=一定の売上が立ったためオーナーの椅子が増加します 名前=街のりタクシー 増加数=13
time=07:05:47.230 level=INFO msg=一定の売上が立ったためオーナーの椅子が増加します 名前=おもてなしタクシー 増加数=13
time=07:05:49.109 level=INFO msg=一定の売上が立ったためオーナーの椅子が増加します 名前=座り心地再生所 増加数=14
time=07:05:49.145 level=INFO msg=一定の売上が立ったためオーナーの椅子が増加します 名前=ZenSeat 増加数=12
time=07:05:49.156 level=INFO msg=一定の売上が立ったためオーナーの椅子が増加します 名前=おもてなしタクシー 増加数=12
time=07:05:49.163 level=INFO msg=一定の売上が立ったためオーナーの椅子が増加します 名前=再座堂 増加数=13
time=07:05:49.164 level=INFO msg=一定の売上が立ったためオーナーの椅子が増加します 名前=街のりタクシー 増加数=12
time=07:05:51.208 level=INFO msg=一定の売上が立ったためオーナーの椅子が増加します 名前=座り心地再生所 増加数=18
time=07:05:51.211 level=INFO msg=一定の売上が立ったためオーナーの椅子が増加します 名前=街のりタクシー 増加数=17
time=07:05:51.212 level=INFO msg=一定の売上が立ったためオーナーの椅子が増加します 名前=おもてなしタクシー 増加数=16
time=07:05:51.213 level=INFO msg=一定の売上が立ったためオーナーの椅子が増加します 名前=再座堂 増加数=15
time=07:05:51.214 level=INFO msg=一定の売上が立ったためオーナーの椅子が増加します 名前=ZenSeat 増加数=15
time=07:05:51.216 level=INFO msg=これまでに地域内の評判によって51人、既存ユーザーの招待経由で1876人が新規登録しました
time=07:05:51.216 level=INFO msg=これまでに低評価なライドによって2人が利用をやめました
time=07:05:51.216 level=INFO msg=12.4%のライドは椅子がマッチされるまでの時間、6.5%のライドはマッチされた椅子が乗車地点までに掛かる時間、10.7%のライドは椅子の実移動時間に不満がありました
time=07:05:53.028 level=INFO msg=一定の売上が立ったためオーナーの椅子が増加します 名前=ZenSeat 増加数=15
time=07:05:53.029 level=INFO msg=一定の売上が立ったためオーナーの椅子が増加します 名前=街のりタクシー 増加数=17
time=07:05:53.030 level=INFO msg=一定の売上が立ったためオーナーの椅子が増加します 名前=おもてなしタクシー 増加数=15
time=07:05:53.032 level=INFO msg=一定の売上が立ったためオーナーの椅子が増加します 名前=再座堂 増加数=16
time=07:05:53.046 level=INFO msg=一定の売上が立ったためオーナーの椅子が増加します 名前=座り心地再生所 増加数=20
time=07:05:54.811 level=INFO msg=一定の売上が立ったためオーナーの椅子が増加します 名前=ZenSeat 増加数=14
time=07:05:54.830 level=INFO msg=一定の売上が立ったためオーナーの椅子が増加します 名前=座り心地再生所 増加数=17
time=07:05:54.830 level=INFO msg=一定の売上が立ったためオーナーの椅子が増加します 名前=おもてなしタクシー 増加数=18
time=07:05:54.832 level=INFO msg=一定の売上が立ったためオーナーの椅子が増加します 名前=再座堂 増加数=15
time=07:05:54.834 level=INFO msg=一定の売上が立ったためオーナーの椅子が増加します 名前=街のりタクシー 増加数=16
time=07:05:56.787 level=INFO msg=一定の売上が立ったためオーナーの椅子が増加します 名前=座り心地再生所 増加数=23
time=07:05:56.790 level=INFO msg=一定の売上が立ったためオーナーの椅子が増加します 名前=再座堂 増加数=18
time=07:05:56.794 level=INFO msg=一定の売上が立ったためオーナーの椅子が増加します 名前=街のりタクシー 増加数=19
time=07:05:56.794 level=INFO msg=一定の売上が立ったためオーナーの椅子が増加します 名前=ZenSeat 増加数=17
time=07:05:56.795 level=INFO msg=一定の売上が立ったためオーナーの椅子が増加します 名前=おもてなしタクシー 増加数=18
time=07:05:56.796 level=INFO msg=これまでに地域内の評判によって69人、既存ユーザーの招待経由で2547人が新規登録しました
time=07:05:56.796 level=INFO msg=これまでに低評価なライドによって13人が利用をやめました
time=07:05:56.796 level=INFO msg=44.5%のライドは椅子がマッチされるまでの時間、4.9%のライドはマッチされた椅子が乗車地点までに掛かる時間、19.8%のライドは椅子の実移動時間に不満がありました
time=07:05:58.639 level=INFO msg=一定の売上が立ったためオーナーの椅子が増加します 名前=再座堂 増加数=19
time=07:05:58.642 level=INFO msg=一定の売上が立ったためオーナーの椅子が増加します 名前=街のりタクシー 増加数=21
time=07:05:58.642 level=INFO msg=一定の売上が立ったためオーナーの椅子が増加します 名前=ZenSeat 増加数=18
time=07:05:58.644 level=INFO msg=一定の売上が立ったためオーナーの椅子が増加します 名前=おもてなしタクシー 増加数=20
time=07:06:00.453 level=INFO msg=一定の売上が立ったためオーナーの椅子が増加します 名前=座り心地再生所 増加数=49
time=07:06:02.196 level=INFO msg=これまでに地域内の評判によって87人、既存ユーザーの招待経由で2942人が新規登録しました
time=07:06:02.196 level=INFO msg=これまでに低評価なライドによって45人が利用をやめました
time=07:06:02.196 level=INFO msg=63.2%のライドは椅子がマッチされるまでの時間、4.2%のライドはマッチされた椅子が乗車地点までに掛かる時間、26.9%のライドは椅子の実移動時間に不満がありました
time=07:06:02.215 level=INFO msg=一定の売上が立ったためオーナーの椅子が増加します 名前=ZenSeat 増加数=40
time=07:06:02.215 level=INFO msg=一定の売上が立ったためオーナーの椅子が増加します 名前=おもてなしタクシー 増加数=43
time=07:06:02.218 level=INFO msg=一定の売上が立ったためオーナーの椅子が増加します 名前=再座堂 増加数=43
time=07:06:02.218 level=INFO msg=一定の売上が立ったためオーナーの椅子が増加します 名前=街のりタクシー 増加数=44
time=07:06:07.596 level=INFO msg=これまでに地域内の評判によって105人、既存ユーザーの招待経由で3105人が新規登録しました
time=07:06:07.596 level=INFO msg=これまでに低評価なライドによって80人が利用をやめました
time=07:06:07.596 level=INFO msg=73.5%のライドは椅子がマッチされるまでの時間、3.8%のライドはマッチされた椅子が乗車地点までに掛かる時間、32.3%のライドは椅子の実移動時間に不満がありました
time=07:06:07.612 level=INFO msg=一定の売上が立ったためオーナーの椅子が増加します 名前=ZenSeat 増加数=67
time=07:06:07.612 level=INFO msg=一定の売上が立ったためオーナーの椅子が増加します 名前=街のりタクシー 増加数=74
time=07:06:07.613 level=INFO msg=一定の売上が立ったためオーナーの椅子が増加します 名前=再座堂 増加数=76
time=07:06:07.615 level=INFO msg=一定の売上が立ったためオーナーの椅子が増加します 名前=座り心地再生所 増加数=106
time=07:06:07.617 level=INFO msg=一定の売上が立ったためオーナーの椅子が増加します 名前=おもてなしタクシー 増加数=76
time=07:06:13.416 level=INFO msg=これまでに地域内の評判によって123人、既存ユーザーの招待経由で3286人が新規登録しました
time=07:06:13.416 level=INFO msg=これまでに低評価なライドによって109人が利用をやめました
time=07:06:13.416 level=INFO msg=79.3%のライドは椅子がマッチされるまでの時間、3.3%のライドはマッチされた椅子が乗車地点までに掛かる時間、36.5%のライドは椅子の実移動時間に不満がありました
time=07:06:18.816 level=INFO msg=これまでに地域内の評判によって141人、既存ユーザーの招待経由で3371人が新規登録しました
time=07:06:18.816 level=INFO msg=これまでに低評価なライドによって136人が利用をやめました
time=07:06:18.816 level=INFO msg=83.1%のライドは椅子がマッチされるまでの時間、3.2%のライドはマッチされた椅子が乗車地点までに掛かる時間、40.0%のライドは椅子の実移動時間に不満がありました
time=07:06:21.383 level=INFO msg=一定の売上が立ったためオーナーの椅子が増加します 名前=おもてなしタクシー 増加数=186
time=07:06:21.384 level=INFO msg=一定の売上が立ったためオーナーの椅子が増加します 名前=ZenSeat 増加数=166
time=07:06:21.432 level=INFO msg=一定の売上が立ったためオーナーの椅子が増加します 名前=街のりタクシー 増加数=188
time=07:06:21.451 level=INFO msg=一定の売上が立ったためオーナーの椅子が増加します 名前=再座堂 増加数=186
time=07:06:25.476 level=INFO msg=これまでに地域内の評判によって159人、既存ユーザーの招待経由で3488人が新規登録しました
time=07:06:25.476 level=INFO msg=これまでに低評価なライドによって157人が利用をやめました
time=07:06:25.476 level=INFO msg=85.7%のライドは椅子がマッチされるまでの時間、2.9%のライドはマッチされた椅子が乗車地点までに掛かる時間、42.3%のライドは椅子の実移動時間に不満がありました
time=07:06:27.827 level=WARN msg="取得した付近の椅子情報に不備があります (CODE=30): ID:01M3302CJSCRDCY9GYGT70ZJAMの椅子は既にライド中です"
time=07:06:27.830 level=WARN msg="取得した付近の椅子情報に不備があります (CODE=30): ID:01M3302CJSCRDCY9GYGT70ZJAMの椅子は既にライド中です"
time=07:06:27.831 level=WARN msg="取得した付近の椅子情報に不備があります (CODE=30): ID:01M3302CJSCRDCY9GYGT70ZJAMの椅子は既にライド中です"
time=07:06:27.832 level=WARN msg="取得した付近の椅子情報に不備があります (CODE=30): ID:01M3302CJSCRDCY9GYGT70ZJAMの椅子は既にライド中です"
time=07:06:27.832 level=WARN msg="取得した付近の椅子情報に不備があります (CODE=30): ID:01M3302CJSCRDCY9GYGT70ZJAMの椅子は既にライド中です"
time=07:06:28.315 level=INFO msg=一定の売上が立ったためオーナーの椅子が増加します 名前=座り心地再生所 増加数=292
time=07:06:34.145 level=INFO msg=最終地域情報 名前=チェアタウン ユーザー登録数=2314 アクティブユーザー数=2222
time=07:06:34.145 level=INFO msg=最終地域情報 名前=コシカケシティ ユーザー登録数=1443 アクティブユーザー数=1366
time=07:06:34.145 level=INFO msg=最終オーナー情報 名前=おもてなしタクシー 売上=22281000 椅子数=468
time=07:06:34.145 level=INFO msg=最終オーナー情報 名前=街のりタクシー 売上=22399400 椅子数=476
time=07:06:34.146 level=INFO msg=最終オーナー情報 名前=再座堂 売上=22131400 椅子数=465
time=07:06:34.146 level=INFO msg=最終オーナー情報 名前=ZenSeat 売上=19800800 椅子数=421
time=07:06:34.146 level=INFO msg=最終オーナー情報 名前=座り心地再生所 売上=24156200 椅子数=611
time=07:06:34.146 level=INFO msg=86.8%のライドは椅子がマッチされるまでの時間、2.8%のライドはマッチされた椅子が乗車地点までに掛かる時間、44.3%のライドは椅子の実移動時間に不満がありました
time=07:06:34.147 level=INFO msg=結果 pass=true スコア=1158392 種別エラー数=map[30:5]
time=07:06:34.147 level=INFO msg=負荷走行が終了しました
