time=02:03:12.271 level=INFO msg=負荷走行を開始します
time=02:03:18.244 level=INFO msg=一定の売上が立ったためオーナーの椅子が増加します 名前="Artisan Seats" 増加数=1
time=02:03:18.248 level=INFO msg=一定の売上が立ったためオーナーの椅子が増加します 名前=和やか交通 増加数=1
time=02:03:18.249 level=INFO msg=一定の売上が立ったためオーナーの椅子が増加します 名前=暮らしの椅子研究所 増加数=2
time=02:03:20.046 level=INFO msg=一定の売上が立ったためオーナーの椅子が増加します 名前=いすの道 増加数=1
time=02:03:20.048 level=INFO msg=一定の売上が立ったためオーナーの椅子が増加します 名前=和やか交通 増加数=1
time=02:03:20.049 level=INFO msg=一定の売上が立ったためオーナーの椅子が増加します 名前=椅子工藝舎 増加数=1
time=02:03:20.049 level=INFO msg=一定の売上が立ったためオーナーの椅子が増加します 名前="Artisan Seats" 増加数=1
time=02:03:20.071 level=INFO msg=これまでに地域内の評判によって9人、既存ユーザーの招待経由で32人が新規登録しました
time=02:03:20.071 level=INFO msg=0.0%のライドは椅子がマッチされるまでの時間、62.5%のライドはマッチされた椅子が乗車地点までに掛かる時間、0.0%のライドは椅子の実移動時間に不満がありました
time=02:03:21.848 level=INFO msg=一定の売上が立ったためオーナーの椅子が増加します 名前=暮らしの椅子研究所 増加数=2
time=02:03:21.848 level=INFO msg=一定の売上が立ったためオーナーの椅子が増加します 名前=椅子工藝舎 増加数=1
time=02:03:21.851 level=INFO msg=一定の売上が立ったためオーナーの椅子が増加します 名前="Artisan Seats" 増加数=1
time=02:03:21.851 level=INFO msg=一定の売上が立ったためオーナーの椅子が増加します 名前=和やか交通 増加数=1
time=02:03:21.851 level=INFO msg=一定の売上が立ったためオーナーの椅子が増加します 名前=いすの道 増加数=1
time=02:03:23.649 level=INFO msg=一定の売上が立ったためオーナーの椅子が増加します 名前=和やか交通 増加数=2
time=02:03:23.649 level=INFO msg=一定の売上が立ったためオーナーの椅子が増加します 名前=いすの道 増加数=1
time=02:03:23.649 level=INFO msg=一定の売上が立ったためオーナーの椅子が増加します 名前=椅子工藝舎 増加数=1
time=02:03:23.650 level=INFO msg=一定の売上が立ったためオーナーの椅子が増加します 名前="Artisan Seats" 増加数=1
time=02:03:23.650 level=INFO msg=一定の売上が立ったためオーナーの椅子が増加します 名前=暮らしの椅子研究所 増加数=1
time=02:03:25.448 level=INFO msg=一定の売上が立ったためオーナーの椅子が増加します 名前="Artisan Seats" 増加数=2
time=02:03:25.451 level=INFO msg=一定の売上が立ったためオーナーの椅子が増加します 名前=椅子工藝舎 増加数=1
time=02:03:25.451 level=INFO msg=一定の売上が立ったためオーナーの椅子が増加します 名前=和やか交通 増加数=1
time=02:03:25.452 level=INFO msg=一定の売上が立ったためオーナーの椅子が増加します 名前=いすの道 増加数=2
time=02:03:25.454 level=INFO msg=一定の売上が立ったためオーナーの椅子が増加します 名前=暮らしの椅子研究所 増加数=2
time=02:03:25.472 level=INFO msg=これまでに地域内の評判によって21人、既存ユーザーの招待経由で81人が新規登録しました
time=02:03:25.472 level=INFO msg=1.2%のライドは椅子がマッチされるまでの時間、65.1%のライドはマッチされた椅子が乗車地点までに掛かる時間、0.0%のライドは椅子の実移動時間に不満がありました
time=02:03:27.251 level=INFO msg=一定の売上が立ったためオーナーの椅子が増加します 名前=椅子工藝舎 増加数=2
time=02:03:27.253 level=INFO msg=一定の売上が立ったためオーナーの椅子が増加します 名前=和やか交通 増加数=2
time=02:03:27.253 level=INFO msg=一定の売上が立ったためオーナーの椅子が増加します 名前="Artisan Seats" 増加数=1
time=02:03:27.254 level=INFO msg=一定の売上が立ったためオーナーの椅子が増加します 名前=いすの道 増加数=1
time=02:03:29.051 level=INFO msg=一定の売上が立ったためオーナーの椅子が増加します 名前="Artisan Seats" 増加数=2
time=02:03:29.054 level=INFO msg=一定の売上が立ったためオーナーの椅子が増加します 名前=いすの道 増加数=2
time=02:03:29.056 level=INFO msg=一定の売上が立ったためオーナーの椅子が増加します 名前=暮らしの椅子研究所 増加数=1
time=02:03:29.057 level=INFO msg=一定の売上が立ったためオーナーの椅子が増加します 名前=和やか交通 増加数=4
time=02:03:30.852 level=INFO msg=一定の売上が立ったためオーナーの椅子が増加します 名前=暮らしの椅子研究所 増加数=1
time=02:03:30.854 level=INFO msg=一定の売上が立ったためオーナーの椅子が増加します 名前=椅子工藝舎 増加数=2
time=02:03:30.856 level=INFO msg=一定の売上が立ったためオーナーの椅子が増加します 名前=いすの道 増加数=2
time=02:03:30.856 level=INFO msg=一定の売上が立ったためオーナーの椅子が増加します 名前="Artisan Seats" 増加数=2
time=02:03:30.857 level=INFO msg=一定の売上が立ったためオーナーの椅子が増加します 名前=和やか交通 増加数=2
time=02:03:30.871 level=INFO msg=これまでに地域内の評判によって33人、既存ユーザーの招待経由で119人が新規登録しました
time=02:03:30.871 level=INFO msg=36.8%のライドは椅子がマッチされるまでの時間、65.1%のライドはマッチされた椅子が乗車地点までに掛かる時間、0.0%のライドは椅子の実移動時間に不満がありました
time=02:03:32.656 level=INFO msg=一定の売上が立ったためオーナーの椅子が増加します 名前=暮らしの椅子研究所 増加数=4
time=02:03:32.659 level=INFO msg=一定の売上が立ったためオーナーの椅子が増加します 名前=椅子工藝舎 増加数=1
time=02:03:32.659 level=INFO msg=一定の売上が立ったためオーナーの椅子が増加します 名前=いすの道 増加数=3
time=02:03:32.662 level=INFO msg=一定の売上が立ったためオーナーの椅子が増加します 名前="Artisan Seats" 増加数=4
time=02:03:32.663 level=INFO msg=一定の売上が立ったためオーナーの椅子が増加します 名前=和やか交通 増加数=2
time=02:03:34.460 level=INFO msg=一定の売上が立ったためオーナーの椅子が増加します 名前=暮らしの椅子研究所 増加数=2
time=02:03:34.463 level=INFO msg=一定の売上が立ったためオーナーの椅子が増加します 名前=いすの道 増加数=2
time=02:03:34.463 level=INFO msg=一定の売上が立ったためオーナーの椅子が増加します 名前=椅子工藝舎 増加数=3
time=02:03:34.469 level=INFO msg=一定の売上が立ったためオーナーの椅子が増加します 名前=和やか交通 増加数=5
time=02:03:34.470 level=INFO msg=一定の売上が立ったためオーナーの椅子が増加します 名前="Artisan Seats" 増加数=3
time=02:03:36.269 level=INFO msg=一定の売上が立ったためオーナーの椅子が増加します 名前=暮らしの椅子研究所 増加数=3
time=02:03:36.271 level=INFO msg=これまでに地域内の評判によって45人、既存ユーザーの招待経由で197人が新規登録しました
time=02:03:36.271 level=INFO msg=65.2%のライドは椅子がマッチされるまでの時間、59.4%のライドはマッチされた椅子が乗車地点までに掛かる時間、0.3%のライドは椅子の実移動時間に不満がありました
time=02:03:36.271 level=INFO msg=一定の売上が立ったためオーナーの椅子が増加します 名前=椅子工藝舎 増加数=3
time=02:03:36.271 level=INFO msg=一定の売上が立ったためオーナーの椅子が増加します 名前=いすの道 増加数=4
time=02:03:36.276 level=INFO msg=一定の売上が立ったためオーナーの椅子が増加します 名前=和やか交通 増加数=3
time=02:03:36.276 level=INFO msg=一定の売上が立ったためオーナーの椅子が増加します 名前="Artisan Seats" 増加数=5
time=02:03:38.066 level=INFO msg=一定の売上が立ったためオーナーの椅子が増加します 名前=椅子工藝舎 増加数=5
time=02:03:38.096 level=INFO msg=一定の売上が立ったためオーナーの椅子が増加します 名前=いすの道 増加数=4
time=02:03:38.098 level=INFO msg=一定の売上が立ったためオーナーの椅子が増加します 名前=暮らしの椅子研究所 増加数=3
time=02:03:38.104 level=INFO msg=一定の売上が立ったためオーナーの椅子が増加します 名前=和やか交通 増加数=5
time=02:03:38.105 level=INFO msg=一定の売上が立ったためオーナーの椅子が増加します 名前="Artisan Seats" 増加数=3
time=02:03:39.891 level=INFO msg=一定の売上が立ったためオーナーの椅子が増加します 名前=暮らしの椅子研究所 増加数=4
time=02:03:39.892 level=INFO msg=一定の売上が立ったためオーナーの椅子が増加します 名前=椅子工藝舎 増加数=2
time=02:03:39.895 level=INFO msg=一定の売上が立ったためオーナーの椅子が増加します 名前=いすの道 増加数=4
time=02:03:39.897 level=INFO msg=一定の売上が立ったためオーナーの椅子が増加します 名前="Artisan Seats" 増加数=5
time=02:03:39.903 level=INFO msg=一定の売上が立ったためオーナーの椅子が増加します 名前=和やか交通 増加数=5
time=02:03:41.671 level=INFO msg=これまでに地域内の評判によって53人、既存ユーザーの招待経由で434人が新規登録しました
time=02:03:41.671 level=INFO msg=54.5%のライドは椅子がマッチされるまでの時間、48.8%のライドはマッチされた椅子が乗車地点までに掛かる時間、0.2%のライドは椅子の実移動時間に不満がありました
time=02:03:41.688 level=INFO msg=一定の売上が立ったためオーナーの椅子が増加します 名前=椅子工藝舎 増加数=5
time=02:03:41.698 level=INFO msg=一定の売上が立ったためオーナーの椅子が増加します 名前=暮らしの椅子研究所 増加数=5
time=02:03:41.703 level=INFO msg=一定の売上が立ったためオーナーの椅子が増加します 名前=いすの道 増加数=5
time=02:03:41.706 level=INFO msg=一定の売上が立ったためオーナーの椅子が増加します 名前="Artisan Seats" 増加数=7
time=02:03:41.719 level=INFO msg=一定の売上が立ったためオーナーの椅子が増加します 名前=和やか交通 増加数=5
time=02:03:43.531 level=INFO msg=一定の売上が立ったためオーナーの椅子が増加します 名前=椅子工藝舎 増加数=5
time=02:03:43.545 level=INFO msg=一定の売上が立ったためオーナーの椅子が増加します 名前=いすの道 増加数=4
time=02:03:43.553 level=INFO msg=一定の売上が立ったためオーナーの椅子が増加します 名前=暮らしの椅子研究所 増加数=3
time=02:03:43.553 level=INFO msg=一定の売上が立ったためオーナーの椅子が増加します 名前="Artisan Seats" 増加数=4
time=02:03:43.574 level=INFO msg=一定の売上が立ったためオーナーの椅子が増加します 名前=和やか交通 増加数=5
time=02:03:45.382 level=INFO msg=一定の売上が立ったためオーナーの椅子が増加します 名前=椅子工藝舎 増加数=5
time=02:03:45.383 level=INFO msg=一定の売上が立ったためオーナーの椅子が増加します 名前=いすの道 増加数=6
time=02:03:45.398 level=INFO msg=一定の売上が立ったためオーナーの椅子が増加します 名前=暮らしの椅子研究所 増加数=6
time=02:03:45.411 level=INFO msg=一定の売上が立ったためオーナーの椅子が増加します 名前=和やか交通 増加数=7
time=02:03:45.426 level=INFO msg=一定の売上が立ったためオーナーの椅子が増加します 名前="Artisan Seats" 増加数=6
time=02:03:47.071 level=INFO msg=これまでに地域内の評判によって65人、既存ユーザーの招待経由で717人が新規登録しました
time=02:03:47.071 level=INFO msg=これまでに低評価なライドによって2人が利用をやめました
time=02:03:47.071 level=INFO msg=69.2%のライドは椅子がマッチされるまでの時間、41.8%のライドはマッチされた椅子が乗車地点までに掛かる時間、0.4%のライドは椅子の実移動時間に不満がありました
time=02:03:47.250 level=INFO msg=一定の売上が立ったためオーナーの椅子が増加します 名前=椅子工藝舎 増加数=5
time=02:03:47.304 level=INFO msg=一定の売上が立ったためオーナーの椅子が増加します 名前=暮らしの椅子研究所 増加数=4
time=02:03:47.400 level=INFO msg=一定の売上が立ったためオーナーの椅子が増加します 名前=和やか交通 増加数=5
time=02:03:47.425 level=INFO msg=一定の売上が立ったためオーナーの椅子が増加します 名前="Artisan Seats" 増加数=5
time=02:03:47.517 level=INFO msg=一定の売上が立ったためオーナーの椅子が増加します 名前=いすの道 増加数=5
time=02:03:49.002 level=INFO msg=一定の売上が立ったためオーナーの椅子が増加します 名前=椅子工藝舎 増加数=6
time=02:03:49.021 level=INFO msg=一定の売上が立ったためオーナーの椅子が増加します 名前=和やか交通 増加数=7
time=02:03:49.046 level=INFO msg=一定の売上が立ったためオーナーの椅子が増加します 名前=いすの道 増加数=4
time=02:03:49.149 level=INFO msg=一定の売上が立ったためオーナーの椅子が増加します 名前="Artisan Seats" 増加数=7
time=02:03:49.299 level=INFO msg=一定の売上が立ったためオーナーの椅子が増加します 名前=暮らしの椅子研究所 増加数=5
time=02:03:50.800 level=INFO msg=一定の売上が立ったためオーナーの椅子が増加します 名前=椅子工藝舎 増加数=4
time=02:03:50.828 level=INFO msg=一定の売上が立ったためオーナーの椅子が増加します 名前=暮らしの椅子研究所 増加数=4
time=02:03:50.858 level=INFO msg=一定の売上が立ったためオーナーの椅子が増加します 名前=和やか交通 増加数=5
time=02:03:50.909 level=INFO msg=一定の売上が立ったためオーナーの椅子が増加します 名前="Artisan Seats" 増加数=4
time=02:03:51.077 level=INFO msg=一定の売上が立ったためオーナーの椅子が増加します 名前=いすの道 増加数=4
time=02:03:52.471 level=INFO msg=これまでに地域内の評判によって77人、既存ユーザーの招待経由で986人が新規登録しました
time=02:03:52.471 level=INFO msg=これまでに低評価なライドによって10人が利用をやめました
time=02:03:52.471 level=INFO msg=78.0%のライドは椅子がマッチされるまでの時間、39.1%のライドはマッチされた椅子が乗車地点までに掛かる時間、2.2%のライドは椅子の実移動時間に不満がありました
time=02:03:52.658 level=INFO msg=一定の売上が立ったためオーナーの椅子が増加します 名前=いすの道 増加数=4
time=02:03:52.664 level=INFO msg=一定の売上が立ったためオーナーの椅子が増加します 名前=椅子工藝舎 増加数=4
time=02:03:52.665 level=INFO msg=一定の売上が立ったためオーナーの椅子が増加します 名前=暮らしの椅子研究所 増加数=4
time=02:03:52.687 level=INFO msg=一定の売上が立ったためオーナーの椅子が増加します 名前=和やか交通 増加数=6
time=02:03:52.688 level=INFO msg=一定の売上が立ったためオーナーの椅子が増加します 名前="Artisan Seats" 増加数=5
time=02:03:54.373 level=INFO msg=一定の売上が立ったためオーナーの椅子が増加します 名前=椅子工藝舎 増加数=5
time=02:03:54.582 level=INFO msg=一定の売上が立ったためオーナーの椅子が増加します 名前=いすの道 増加数=6
time=02:03:54.702 level=INFO msg=一定の売上が立ったためオーナーの椅子が増加します 名前=暮らしの椅子研究所 増加数=5
time=02:03:54.757 level=INFO msg=一定の売上が立ったためオーナーの椅子が増加します 名前="Artisan Seats" 増加数=6
time=02:03:54.764 level=INFO msg=一定の売上が立ったためオーナーの椅子が増加します 名前=和やか交通 増加数=8
time=02:03:56.247 level=INFO msg=一定の売上が立ったためオーナーの椅子が増加します 名前=椅子工藝舎 増加数=5
time=02:03:56.257 level=INFO msg=一定の売上が立ったためオーナーの椅子が増加します 名前=暮らしの椅子研究所 増加数=4
time=02:03:56.267 level=INFO msg=一定の売上が立ったためオーナーの椅子が増加します 名前=いすの道 増加数=4
time=02:03:56.324 level=INFO msg=一定の売上が立ったためオーナーの椅子が増加します 名前=和やか交通 増加数=4
time=02:03:56.349 level=INFO msg=一定の売上が立ったためオーナーの椅子が増加します 名前="Artisan Seats" 増加数=6
time=02:03:57.871 level=INFO msg=これまでに地域内の評判によって89人、既存ユーザーの招待経由で1197人が新規登録しました
time=02:03:57.871 level=INFO msg=これまでに低評価なライドによって57人が利用をやめました
time=02:03:57.871 level=INFO msg=83.4%のライドは椅子がマッチされるまでの時間、37.2%のライドはマッチされた椅子が乗車地点までに掛かる時間、7.8%のライドは椅子の実移動時間に不満がありました
time=02:03:58.066 level=INFO msg=一定の売上が立ったためオーナーの椅子が増加します 名前=いすの道 増加数=6
time=02:03:58.081 level=INFO msg=一定の売上が立ったためオーナーの椅子が増加します 名前=暮らしの椅子研究所 増加数=4
time=02:03:58.191 level=INFO msg=一定の売上が立ったためオーナーの椅子が増加します 名前=和やか交通 増加数=7
time=02:03:59.120 level=WARN msg="取得した付近の椅子情報に不備があります (CODE=30): ID:01M32ERYW85PKHYT9WWPHBVTW0の椅子は既にライド中です"
time=02:03:59.120 level=WARN msg="取得した付近の椅子情報に不備があります (CODE=30): ID:01M32ERYW85PKHYT9WWPHBVTW0の椅子は既にライド中です"
time=02:03:59.122 level=WARN msg="取得した付近の椅子情報に不備があります (CODE=30): ID:01M32ERYW85PKHYT9WWPHBVTW0の椅子は既にライド中です"
time=02:03:59.993 level=INFO msg=一定の売上が立ったためオーナーの椅子が増加します 名前=椅子工藝舎 増加数=10
time=02:04:00.102 level=INFO msg=一定の売上が立ったためオーナーの椅子が増加します 名前="Artisan Seats" 増加数=13
time=02:04:00.137 level=INFO msg=一定の売上が立ったためオーナーの椅子が増加します 名前=和やか交通 増加数=5
time=02:04:00.336 level=INFO msg=一定の売上が立ったためオーナーの椅子が増加します 名前=暮らしの椅子研究所 増加数=6
time=02:04:00.769 level=INFO msg=一定の売上が立ったためオーナーの椅子が増加します 名前=いすの道 増加数=6
time=02:04:03.451 level=INFO msg=これまでに地域内の評判によって101人、既存ユーザーの招待経由で1316人が新規登録しました
time=02:04:03.451 level=INFO msg=これまでに低評価なライドによって110人が利用をやめました
time=02:04:03.451 level=INFO msg=86.8%のライドは椅子がマッチされるまでの時間、37.0%のライドはマッチされた椅子が乗車地点までに掛かる時間、13.6%のライドは椅子の実移動時間に不満がありました
time=02:04:03.767 level=INFO msg=一定の売上が立ったためオーナーの椅子が増加します 名前=椅子工藝舎 増加数=8
time=02:04:03.809 level=INFO msg=一定の売上が立ったためオーナーの椅子が増加します 名前=暮らしの椅子研究所 増加数=9
time=02:04:03.835 level=INFO msg=一定の売上が立ったためオーナーの椅子が増加します 名前=いすの道 増加数=11
time=02:04:03.924 level=INFO msg=一定の売上が立ったためオーナーの椅子が増加します 名前=和やか交通 増加数=14
time=02:04:05.901 level=INFO msg=一定の売上が立ったためオーナーの椅子が増加します 名前=暮らしの椅子研究所 増加数=5
time=02:04:05.906 level=INFO msg=一定の売上が立ったためオーナーの椅子が増加します 名前=椅子工藝舎 増加数=4
time=02:04:05.975 level=INFO msg=一定の売上が立ったためオーナーの椅子が増加します 名前="Artisan Seats" 増加数=18
time=02:04:06.179 level=INFO msg=一定の売上が立ったためオーナーの椅子が増加します 名前=いすの道 増加数=4
time=02:04:08.851 level=INFO msg=これまでに地域内の評判によって113人、既存ユーザーの招待経由で1374人が新規登録しました
time=02:04:08.851 level=INFO msg=これまでに低評価なライドによって172人が利用をやめました
time=02:04:08.851 level=INFO msg=88.8%のライドは椅子がマッチされるまでの時間、35.3%のライドはマッチされた椅子が乗車地点までに掛かる時間、20.4%のライドは椅子の実移動時間に不満がありました
time=02:04:09.253 level=INFO msg=一定の売上が立ったためオーナーの椅子が増加します 名前=椅子工藝舎 増加数=7
time=02:04:09.261 level=INFO msg=一定の売上が立ったためオーナーの椅子が増加します 名前=暮らしの椅子研究所 増加数=8
time=02:04:09.316 level=INFO msg=一定の売上が立ったためオーナーの椅子が増加します 名前=いすの道 増加数=9
time=02:04:09.348 level=INFO msg=一定の売上が立ったためオーナーの椅子が増加します 名前=和やか交通 増加数=16
time=02:04:14.251 level=INFO msg=これまでに地域内の評判によって125人、既存ユーザーの招待経由で1390人が新規登録しました
time=02:04:14.251 level=INFO msg=これまでに低評価なライドによって254人が利用をやめました
time=02:04:14.251 level=INFO msg=90.3%のライドは椅子がマッチされるまでの時間、34.8%のライドはマッチされた椅子が乗車地点までに掛かる時間、27.4%のライドは椅子の実移動時間に不満がありました
time=02:04:14.766 level=INFO msg=一定の売上が立ったためオーナーの椅子が増加します 名前=椅子工藝舎 増加数=13
time=02:04:14.780 level=INFO msg=一定の売上が立ったためオーナーの椅子が増加します 名前=暮らしの椅子研究所 増加数=11
time=02:04:14.826 level=INFO msg=一定の売上が立ったためオーナーの椅子が増加します 名前=いすの道 増加数=14
time=02:04:14.848 level=INFO msg=一定の売上が立ったためオーナーの椅子が増加します 名前="Artisan Seats" 増加数=27
time=02:04:19.671 level=INFO msg=最終地域情報 名前=チェアタウン ユーザー登録数=1015 アクティブユーザー数=848
time=02:04:19.671 level=INFO msg=最終地域情報 名前=コシカケシティ ユーザー登録数=524 アクティブユーザー数=435
time=02:04:19.671 level=INFO msg=最終オーナー情報 名前=和やか交通 売上=5251500 椅子数=132
time=02:04:19.671 level=INFO msg=最終オーナー情報 名前=暮らしの椅子研究所 売上=3798200 椅子数=112
time=02:04:19.671 level=INFO msg=最終オーナー情報 名前=いすの道 売上=4248000 椅子数=123
time=02:04:19.671 level=INFO msg=最終オーナー情報 名前=椅子工藝舎 売上=3719500 椅子数=112
time=02:04:19.671 level=INFO msg=最終オーナー情報 名前="Artisan Seats" 売上=4970900 椅子数=143
time=02:04:19.671 level=INFO msg=90.8%のライドは椅子がマッチされるまでの時間、34.3%のライドはマッチされた椅子が乗車地点までに掛かる時間、29.4%のライドは椅子の実移動時間に不満がありました
time=02:04:19.671 level=INFO msg=結果 pass=true スコア=254211 種別エラー数=map[30:3]
time=02:04:19.671 level=INFO msg=負荷走行が終了しました
