time=06:44:47.316 level=INFO msg=負荷走行を開始します
time=06:44:53.355 level=INFO msg=一定の売上が立ったためオーナーの椅子が増加します 名前=座心工房 増加数=3
time=06:44:53.356 level=INFO msg=一定の売上が立ったためオーナーの椅子が増加します 名前=晴れ道タクシー 増加数=1
time=06:44:53.356 level=INFO msg=一定の売上が立ったためオーナーの椅子が増加します 名前=椅子のふるさと 増加数=1
time=06:44:53.356 level=INFO msg=一定の売上が立ったためオーナーの椅子が増加します 名前="Artisan Seats" 増加数=1
time=06:44:55.156 level=INFO msg=一定の売上が立ったためオーナーの椅子が増加します 名前=椅子のふるさと 増加数=2
time=06:44:55.161 level=INFO msg=一定の売上が立ったためオーナーの椅子が増加します 名前=街のりタクシー 増加数=2
time=06:44:55.161 level=INFO msg=一定の売上が立ったためオーナーの椅子が増加します 名前=晴れ道タクシー 増加数=2
time=06:44:55.162 level=INFO msg=一定の売上が立ったためオーナーの椅子が増加します 名前="Artisan Seats" 増加数=1
time=06:44:55.164 level=INFO msg=一定の売上が立ったためオーナーの椅子が増加します 名前=座心工房 増加数=1
time=06:44:55.183 level=INFO msg=これまでに地域内の評判によって7人、既存ユーザーの招待経由で46人が新規登録しました
time=06:44:55.183 level=INFO msg=0.0%のライドは椅子がマッチされるまでの時間、60.9%のライドはマッチされた椅子が乗車地点までに掛かる時間、0.0%のライドは椅子の実移動時間に不満がありました
time=06:44:56.956 level=INFO msg=一定の売上が立ったためオーナーの椅子が増加します 名前=座心工房 増加数=3
time=06:44:56.958 level=INFO msg=一定の売上が立ったためオーナーの椅子が増加します 名前=晴れ道タクシー 増加数=4
time=06:44:56.964 level=INFO msg=一定の売上が立ったためオーナーの椅子が増加します 名前=街のりタクシー 増加数=1
time=06:44:56.964 level=INFO msg=一定の売上が立ったためオーナーの椅子が増加します 名前=椅子のふるさと 増加数=2
time=06:44:56.964 level=INFO msg=一定の売上が立ったためオーナーの椅子が増加します 名前="Artisan Seats" 増加数=2
time=06:44:58.756 level=INFO msg=一定の売上が立ったためオーナーの椅子が増加します 名前=晴れ道タクシー 増加数=4
time=06:44:58.762 level=INFO msg=一定の売上が立ったためオーナーの椅子が増加します 名前=街のりタクシー 増加数=4
time=06:44:58.762 level=INFO msg=一定の売上が立ったためオーナーの椅子が増加します 名前=椅子のふるさと 増加数=4
time=06:44:58.762 level=INFO msg=一定の売上が立ったためオーナーの椅子が増加します 名前=座心工房 増加数=4
time=06:44:58.762 level=INFO msg=一定の売上が立ったためオーナーの椅子が増加します 名前="Artisan Seats" 増加数=4
time=06:45:00.557 level=INFO msg=一定の売上が立ったためオーナーの椅子が増加します 名前=晴れ道タクシー 増加数=8
time=06:45:00.558 level=INFO msg=一定の売上が立ったためオーナーの椅子が増加します 名前=座心工房 増加数=6
time=06:45:00.558 level=INFO msg=一定の売上が立ったためオーナーの椅子が増加します 名前=椅子のふるさと 増加数=6
time=06:45:00.558 level=INFO msg=一定の売上が立ったためオーナーの椅子が増加します 名前="Artisan Seats" 増加数=7
time=06:45:00.558 level=INFO msg=一定の売上が立ったためオーナーの椅子が増加します 名前=街のりタクシー 増加数=5
time=06:45:00.583 level=INFO msg=これまでに地域内の評判によって19人、既存ユーザーの招待経由で225人が新規登録しました
time=06:45:00.583 level=INFO msg=0.4%のライドは椅子がマッチされるまでの時間、26.3%のライドはマッチされた椅子が乗車地点までに掛かる時間、1.0%のライドは椅子の実移動時間に不満がありました
time=06:45:02.356 level=INFO msg=一定の売上が立ったためオーナーの椅子が増加します 名前=街のりタクシー 増加数=7
time=06:45:02.361 level=INFO msg=一定の売上が立ったためオーナーの椅子が増加します 名前=椅子のふるさと 増加数=8
time=06:45:02.361 level=INFO msg=一定の売上が立ったためオーナーの椅子が増加します 名前=座心工房 増加数=10
time=06:45:02.361 level=INFO msg=一定の売上が立ったためオーナーの椅子が増加します 名前="Artisan Seats" 増加数=10
time=06:45:02.370 level=INFO msg=一定の売上が立ったためオーナーの椅子が増加します 名前=晴れ道タクシー 増加数=10
time=06:45:04.158 level=INFO msg=一定の売上が立ったためオーナーの椅子が増加します 名前=椅子のふるさと 増加数=12
time=06:45:04.163 level=INFO msg=一定の売上が立ったためオーナーの椅子が増加します 名前="Artisan Seats" 増加数=10
time=06:45:04.163 level=INFO msg=一定の売上が立ったためオーナーの椅子が増加します 名前=座心工房 増加数=11
time=06:45:04.163 level=INFO msg=一定の売上が立ったためオーナーの椅子が増加します 名前=街のりタクシー 増加数=11
time=06:45:04.170 level=INFO msg=一定の売上が立ったためオーナーの椅子が増加します 名前=晴れ道タクシー 増加数=12
time=06:45:05.961 level=INFO msg=一定の売上が立ったためオーナーの椅子が増加します 名前=椅子のふるさと 増加数=12
time=06:45:05.977 level=INFO msg=一定の売上が立ったためオーナーの椅子が増加します 名前="Artisan Seats" 増加数=11
time=06:45:05.977 level=INFO msg=一定の売上が立ったためオーナーの椅子が増加します 名前=座心工房 増加数=13
time=06:45:05.977 level=INFO msg=一定の売上が立ったためオーナーの椅子が増加します 名前=街のりタクシー 増加数=11
time=06:45:05.983 level=INFO msg=これまでに地域内の評判によって33人、既存ユーザーの招待経由で864人が新規登録しました
time=06:45:05.983 level=INFO msg=0.2%のライドは椅子がマッチされるまでの時間、11.4%のライドはマッチされた椅子が乗車地点までに掛かる時間、0.9%のライドは椅子の実移動時間に不満がありました
time=06:45:05.988 level=INFO msg=一定の売上が立ったためオーナーの椅子が増加します 名前=晴れ道タクシー 増加数=13
time=06:45:07.816 level=INFO msg=一定の売上が立ったためオーナーの椅子が増加します 名前=街のりタクシー 増加数=11
time=06:45:07.817 level=INFO msg=一定の売上が立ったためオーナーの椅子が増加します 名前="Artisan Seats" 増加数=14
time=06:45:07.819 level=INFO msg=一定の売上が立ったためオーナーの椅子が増加します 名前=座心工房 増加数=12
time=06:45:07.820 level=INFO msg=一定の売上が立ったためオーナーの椅子が増加します 名前=晴れ道タクシー 増加数=13
time=06:45:07.827 level=INFO msg=一定の売上が立ったためオーナーの椅子が増加します 名前=椅子のふるさと 増加数=12
time=06:45:11.367 level=INFO msg=一定の売上が立ったためオーナーの椅子が増加します 名前=街のりタクシー 増加数=21
time=06:45:11.374 level=INFO msg=一定の売上が立ったためオーナーの椅子が増加します 名前="Artisan Seats" 増加数=23
time=06:45:11.375 level=INFO msg=一定の売上が立ったためオーナーの椅子が増加します 名前=座心工房 増加数=26
time=06:45:11.375 level=INFO msg=一定の売上が立ったためオーナーの椅子が増加します 名前=椅子のふるさと 増加数=24
time=06:45:11.383 level=INFO msg=これまでに地域内の評判によって51人、既存ユーザーの招待経由で1770人が新規登録しました
time=06:45:11.383 level=INFO msg=これまでに低評価なライドによって5人が利用をやめました
time=06:45:11.383 level=INFO msg=7.2%のライドは椅子がマッチされるまでの時間、7.4%のライドはマッチされた椅子が乗車地点までに掛かる時間、13.0%のライドは椅子の実移動時間に不満がありました
time=06:45:11.403 level=INFO msg=一定の売上が立ったためオーナーの椅子が増加します 名前=晴れ道タクシー 増加数=30
time=06:45:13.175 level=INFO msg=一定の売上が立ったためオーナーの椅子が増加します 名前=座心工房 増加数=16
time=06:45:13.175 level=INFO msg=一定の売上が立ったためオーナーの椅子が増加します 名前="Artisan Seats" 増加数=17
time=06:45:13.176 level=INFO msg=一定の売上が立ったためオーナーの椅子が増加します 名前=街のりタクシー 増加数=14
time=06:45:13.192 level=INFO msg=一定の売上が立ったためオーナーの椅子が増加します 名前=椅子のふるさと 増加数=17
time=06:45:15.004 level=INFO msg=一定の売上が立ったためオーナーの椅子が増加します 名前=街のりタクシー 増加数=14
time=06:45:15.005 level=INFO msg=一定の売上が立ったためオーナーの椅子が増加します 名前="Artisan Seats" 増加数=18
time=06:45:15.006 level=INFO msg=一定の売上が立ったためオーナーの椅子が増加します 名前=座心工房 増加数=17
time=06:45:15.008 level=INFO msg=一定の売上が立ったためオーナーの椅子が増加します 名前=晴れ道タクシー 増加数=38
time=06:45:15.010 level=INFO msg=一定の売上が立ったためオーナーの椅子が増加します 名前=椅子のふるさと 増加数=19
time=06:45:16.963 level=INFO msg=これまでに地域内の評判によって68人、既存ユーザーの招待経由で2472人が新規登録しました
time=06:45:16.963 level=INFO msg=これまでに低評価なライドによって20人が利用をやめました
time=06:45:16.963 level=INFO msg=44.2%のライドは椅子がマッチされるまでの時間、5.3%のライドはマッチされた椅子が乗車地点までに掛かる時間、20.6%のライドは椅子の実移動時間に不満がありました
time=06:45:16.977 level=INFO msg=一定の売上が立ったためオーナーの椅子が増加します 名前=椅子のふるさと 増加数=22
time=06:45:16.978 level=INFO msg=一定の売上が立ったためオーナーの椅子が増加します 名前=街のりタクシー 増加数=19
time=06:45:16.979 level=INFO msg=一定の売上が立ったためオーナーの椅子が増加します 名前="Artisan Seats" 増加数=22
time=06:45:16.979 level=INFO msg=一定の売上が立ったためオーナーの椅子が増加します 名前=座心工房 増加数=22
time=06:45:19.000 level=INFO msg=一定の売上が立ったためオーナーの椅子が増加します 名前=街のりタクシー 増加数=20
time=06:45:19.000 level=INFO msg=一定の売上が立ったためオーナーの椅子が増加します 名前="Artisan Seats" 増加数=24
time=06:45:19.001 level=INFO msg=一定の売上が立ったためオーナーの椅子が増加します 名前=座心工房 増加数=23
time=06:45:19.013 level=INFO msg=一定の売上が立ったためオーナーの椅子が増加します 名前=椅子のふるさと 増加数=22
time=06:45:19.023 level=INFO msg=一定の売上が立ったためオーナーの椅子が増加します 名前=晴れ道タクシー 増加数=45
time=06:45:23.143 level=INFO msg=これまでに地域内の評判によって86人、既存ユーザーの招待経由で2928人が新規登録しました
time=06:45:23.143 level=INFO msg=これまでに低評価なライドによって44人が利用をやめました
time=06:45:23.143 level=INFO msg=64.6%のライドは椅子がマッチされるまでの時間、4.2%のライドはマッチされた椅子が乗車地点までに掛かる時間、28.5%のライドは椅子の実移動時間に不満がありました
time=06:45:23.163 level=INFO msg=一定の売上が立ったためオーナーの椅子が増加します 名前=座心工房 増加数=55
time=06:45:23.169 level=INFO msg=一定の売上が立ったためオーナーの椅子が増加します 名前=椅子のふるさと 増加数=56
time=06:45:23.169 level=INFO msg=一定の売上が立ったためオーナーの椅子が増加します 名前=街のりタクシー 増加数=47
time=06:45:23.169 level=INFO msg=一定の売上が立ったためオーナーの椅子が増加します 名前="Artisan Seats" 増加数=57
time=06:45:25.604 level=INFO msg=一定の売上が立ったためオーナーの椅子が増加します 名前=晴れ道タクシー 増加数=82
time=06:45:26.036 level=WARN msg="取得した付近の椅子情報に不備があります (CODE=30): ID:01M32YWGFEBX4Y13BATZJ10WGJの椅子は既にライド中です"
time=06:45:29.563 level=INFO msg=これまでに地域内の評判によって104人、既存ユーザーの招待経由で3298人が新規登録しました
time=06:45:29.563 level=INFO msg=これまでに低評価なライドによって64人が利用をやめました
time=06:45:29.563 level=INFO msg=73.9%のライドは椅子がマッチされるまでの時間、3.6%のライドはマッチされた椅子が乗車地点までに掛かる時間、32.9%のライドは椅子の実移動時間に不満がありました
time=06:45:29.635 level=INFO msg=一定の売上が立ったためオーナーの椅子が増加します 名前=街のりタクシー 増加数=66
time=06:45:29.645 level=INFO msg=一定の売上が立ったためオーナーの椅子が増加します 名前=座心工房 増加数=80
time=06:45:29.839 level=WARN msg="取得した付近の椅子情報に不備があります (CODE=30): ID:01M32YWMM1A180TFGTBK8SKT9Kの椅子は既にライド中です"
time=06:45:31.798 level=INFO msg=一定の売上が立ったためオーナーの椅子が増加します 名前="Artisan Seats" 増加数=103
time=06:45:31.837 level=INFO msg=一定の売上が立ったためオーナーの椅子が増加します 名前=椅子のふるさと 増加数=104
time=06:45:33.112 level=WARN msg="取得した付近の椅子情報に不備があります (CODE=30): ID:01M32YWAMGD2JWZDYPAR35NCY9の椅子は既にライド中です"
time=06:45:35.323 level=INFO msg=これまでに地域内の評判によって122人、既存ユーザーの招待経由で3445人が新規登録しました
time=06:45:35.323 level=INFO msg=これまでに低評価なライドによって98人が利用をやめました
time=06:45:35.323 level=INFO msg=79.7%のライドは椅子がマッチされるまでの時間、3.3%のライドはマッチされた椅子が乗車地点までに掛かる時間、36.7%のライドは椅子の実移動時間に不満がありました
time=06:45:39.369 level=INFO msg=一定の売上が立ったためオーナーの椅子が増加します 名前=晴れ道タクシー 増加数=190
time=06:45:41.203 level=INFO msg=これまでに地域内の評判によって140人、既存ユーザーの招待経由で3532人が新規登録しました
time=06:45:41.203 level=INFO msg=これまでに低評価なライドによって128人が利用をやめました
time=06:45:41.203 level=INFO msg=83.4%のライドは椅子がマッチされるまでの時間、3.0%のライドはマッチされた椅子が乗車地点までに掛かる時間、39.8%のライドは椅子の実移動時間に不満がありました
time=06:45:42.097 level=WARN msg="取得した付近の椅子情報に不備があります (CODE=30): ID:01M32YWSPNX5BD6M59X9RKB2D7の椅子は既にライド中です"
time=06:45:42.098 level=WARN msg="取得した付近の椅子情報に不備があります (CODE=30): ID:01M32YWSPNX5BD6M59X9RKB2D7の椅子は既にライド中です"
time=06:45:42.105 level=WARN msg="取得した付近の椅子情報に不備があります (CODE=30): ID:01M32YWSPNX5BD6M59X9RKB2D7の椅子は既にライド中です"
time=06:45:42.108 level=WARN msg="取得した付近の椅子情報に不備があります (CODE=30): ID:01M32YWSPNX5BD6M59X9RKB2D7の椅子は既にライド中です"
time=06:45:42.127 level=WARN msg="取得した付近の椅子情報に不備があります (CODE=30): ID:01M32YWSPNX5BD6M59X9RKB2D7の椅子は既にライド中です"
time=06:45:42.164 level=WARN msg="取得した付近の椅子情報に不備があります (CODE=30): ID:01M32YWSPNX5BD6M59X9RKB2D7の椅子は既にライド中です"
time=06:45:42.165 level=WARN msg="取得した付近の椅子情報に不備があります (CODE=30): ID:01M32YWSPNX5BD6M59X9RKB2D7の椅子は既にライド中です"
time=06:45:42.165 level=WARN msg="取得した付近の椅子情報に不備があります (CODE=30): ID:01M32YWSPNX5BD6M59X9RKB2D7の椅子は既にライド中です"
time=06:45:42.167 level=WARN msg="取得した付近の椅子情報に不備があります (CODE=30): ID:01M32YWSPNX5BD6M59X9RKB2D7の椅子は既にライド中です"
time=06:45:42.167 level=WARN msg="取得した付近の椅子情報に不備があります (CODE=30): ID:01M32YWSPNX5BD6M59X9RKB2D7の椅子は既にライド中です"
time=06:45:42.168 level=WARN msg="取得した付近の椅子情報に不備があります (CODE=30): ID:01M32YWSPNX5BD6M59X9RKB2D7の椅子は既にライド中です"
time=06:45:42.179 level=WARN msg="取得した付近の椅子情報に不備があります (CODE=30): ID:01M32YWX1JVDGM9AMV7BEDX8K1の椅子は既にライド中です"
time=06:45:42.181 level=WARN msg="取得した付近の椅子情報に不備があります (CODE=30): ID:01M32YWSPNX5BD6M59X9RKB2D7の椅子は既にライド中です"
time=06:45:42.313 level=WARN msg="取得した付近の椅子情報に不備があります (CODE=30): ID:01M32YWAME8FV82CVCMGDRN152の椅子は既にライド中です"
time=06:45:43.031 level=INFO msg=一定の売上が立ったためオーナーの椅子が増加します 名前=街のりタクシー 増加数=174
time=06:45:45.266 level=WARN msg="取得した付近の椅子情報に不備があります (CODE=30): ID:01M32YW8606HX2VHQY7WN5ZZWDの椅子は既にライド中です"
time=06:45:47.053 level=INFO msg=これまでに地域内の評判によって158人、既存ユーザーの招待経由で3579人が新規登録しました
time=06:45:47.053 level=INFO msg=これまでに低評価なライドによって146人が利用をやめました
time=06:45:47.053 level=INFO msg=86.0%のライドは椅子がマッチされるまでの時間、2.8%のライドはマッチされた椅子が乗車地点までに掛かる時間、42.7%のライドは椅子の実移動時間に不満がありました
time=06:45:47.164 level=INFO msg=一定の売上が立ったためオーナーの椅子が増加します 名前=座心工房 増加数=250
time=06:45:47.193 level=WARN msg="取得した付近の椅子情報に不備があります (CODE=30): ID:01M32YVY54CP3ZR4XKY4DKA0Q5の椅子は既にライド中です"
time=06:45:47.194 level=WARN msg="取得した付近の椅子情報に不備があります (CODE=30): ID:01M32YX1NMDTZZBNWH7PEW3JV6の椅子は既にライド中です"
time=06:45:54.783 level=INFO msg=最終地域情報 名前=チェアタウン ユーザー登録数=2323 アクティブユーザー数=2229
time=06:45:54.783 level=INFO msg=最終地域情報 名前=コシカケシティ ユーザー登録数=1464 アクティブユーザー数=1392
time=06:45:54.783 level=INFO msg=最終オーナー情報 名前=晴れ道タクシー 売上=23351300 椅子数=456
time=06:45:54.783 level=INFO msg=最終オーナー情報 名前=座心工房 売上=23087700 椅子数=556
time=06:45:54.783 level=INFO msg=最終オーナー情報 名前="Artisan Seats" 売上=22823200 椅子数=328
time=06:45:54.783 level=INFO msg=最終オーナー情報 名前=街のりタクシー 売上=19827300 椅子数=431
time=06:45:54.783 level=INFO msg=最終オーナー情報 名前=椅子のふるさと 売上=22656600 椅子数=327
time=06:45:54.783 level=INFO msg=87.2%のライドは椅子がマッチされるまでの時間、2.8%のライドはマッチされた椅子が乗車地点までに掛かる時間、44.3%のライドは椅子の実移動時間に不満がありました
time=06:45:54.784 level=INFO msg=結果 pass=true スコア=1164393 種別エラー数=map[30:20]
time=06:45:54.784 level=INFO msg=負荷走行が終了しました
