time=01:49:07.993 level=INFO msg=負荷走行を開始します
time=01:49:13.996 level=INFO msg=一定の売上が立ったためオーナーの椅子が増加します 名前=座和インダストリー 増加数=1
time=01:49:14.006 level=INFO msg=一定の売上が立ったためオーナーの椅子が増加します 名前=レトロ椅子館 増加数=1
time=01:49:14.006 level=INFO msg=一定の売上が立ったためオーナーの椅子が増加します 名前=ゆったり号 増加数=1
time=01:49:15.799 level=INFO msg=一定の売上が立ったためオーナーの椅子が増加します 名前=ゆったり号 増加数=1
time=01:49:15.802 level=INFO msg=一定の売上が立ったためオーナーの椅子が増加します 名前=再座堂 増加数=1
time=01:49:15.802 level=INFO msg=一定の売上が立ったためオーナーの椅子が増加します 名前=座和インダストリー 増加数=1
time=01:49:15.802 level=INFO msg=一定の売上が立ったためオーナーの椅子が増加します 名前=ChairCycle 増加数=1
time=01:49:15.819 level=INFO msg=これまでに地域内の評判によって8人、既存ユーザーの招待経由で32人が新規登録しました
time=01:49:15.819 level=INFO msg=0.0%のライドは椅子がマッチされるまでの時間、62.5%のライドはマッチされた椅子が乗車地点までに掛かる時間、0.0%のライドは椅子の実移動時間に不満がありました
time=01:49:17.601 level=INFO msg=一定の売上が立ったためオーナーの椅子が増加します 名前=レトロ椅子館 増加数=2
time=01:49:17.602 level=INFO msg=一定の売上が立ったためオーナーの椅子が増加します 名前=ゆったり号 増加数=1
time=01:49:17.607 level=INFO msg=一定の売上が立ったためオーナーの椅子が増加します 名前=再座堂 増加数=1
time=01:49:17.607 level=INFO msg=一定の売上が立ったためオーナーの椅子が増加します 名前=ChairCycle 増加数=1
time=01:49:17.607 level=INFO msg=一定の売上が立ったためオーナーの椅子が増加します 名前=座和インダストリー 増加数=2
time=01:49:19.405 level=INFO msg=一定の売上が立ったためオーナーの椅子が増加します 名前=ゆったり号 増加数=1
time=01:49:19.407 level=INFO msg=一定の売上が立ったためオーナーの椅子が増加します 名前=ChairCycle 増加数=2
time=01:49:19.407 level=INFO msg=一定の売上が立ったためオーナーの椅子が増加します 名前=再座堂 増加数=1
time=01:49:19.411 level=INFO msg=一定の売上が立ったためオーナーの椅子が増加します 名前=レトロ椅子館 増加数=1
time=01:49:19.414 level=INFO msg=一定の売上が立ったためオーナーの椅子が増加します 名前=座和インダストリー 増加数=2
time=01:49:21.204 level=INFO msg=一定の売上が立ったためオーナーの椅子が増加します 名前=再座堂 増加数=2
time=01:49:21.205 level=INFO msg=一定の売上が立ったためオーナーの椅子が増加します 名前=レトロ椅子館 増加数=2
time=01:49:21.208 level=INFO msg=一定の売上が立ったためオーナーの椅子が増加します 名前=ゆったり号 増加数=1
time=01:49:21.208 level=INFO msg=一定の売上が立ったためオーナーの椅子が増加します 名前=座和インダストリー 増加数=2
time=01:49:21.219 level=INFO msg=これまでに地域内の評判によって20人、既存ユーザーの招待経由で77人が新規登録しました
time=01:49:21.219 level=INFO msg=9.5%のライドは椅子がマッチされるまでの時間、70.2%のライドはマッチされた椅子が乗車地点までに掛かる時間、0.6%のライドは椅子の実移動時間に不満がありました
time=01:49:23.011 level=INFO msg=一定の売上が立ったためオーナーの椅子が増加します 名前=ChairCycle 増加数=1
time=01:49:23.012 level=INFO msg=一定の売上が立ったためオーナーの椅子が増加します 名前=レトロ椅子館 増加数=2
time=01:49:23.012 level=INFO msg=一定の売上が立ったためオーナーの椅子が増加します 名前=ゆったり号 増加数=2
time=01:49:23.012 level=INFO msg=一定の売上が立ったためオーナーの椅子が増加します 名前=再座堂 増加数=1
time=01:49:23.014 level=INFO msg=一定の売上が立ったためオーナーの椅子が増加します 名前=座和インダストリー 増加数=2
time=01:49:24.814 level=INFO msg=一定の売上が立ったためオーナーの椅子が増加します 名前=再座堂 増加数=2
time=01:49:24.814 level=INFO msg=一定の売上が立ったためオーナーの椅子が増加します 名前=ChairCycle 増加数=2
time=01:49:24.814 level=INFO msg=一定の売上が立ったためオーナーの椅子が増加します 名前=レトロ椅子館 増加数=2
time=01:49:24.817 level=INFO msg=一定の売上が立ったためオーナーの椅子が増加します 名前=ゆったり号 増加数=2
time=01:49:24.820 level=INFO msg=一定の売上が立ったためオーナーの椅子が増加します 名前=座和インダストリー 増加数=3
time=01:49:26.614 level=INFO msg=一定の売上が立ったためオーナーの椅子が増加します 名前=再座堂 増加数=2
time=01:49:26.615 level=INFO msg=一定の売上が立ったためオーナーの椅子が増加します 名前=ゆったり号 増加数=3
time=01:49:26.618 level=INFO msg=一定の売上が立ったためオーナーの椅子が増加します 名前=ChairCycle 増加数=3
time=01:49:26.618 level=INFO msg=一定の売上が立ったためオーナーの椅子が増加します 名前=レトロ椅子館 増加数=2
time=01:49:26.619 level=INFO msg=これまでに地域内の評判によって32人、既存ユーザーの招待経由で131人が新規登録しました
time=01:49:26.619 level=INFO msg=43.5%のライドは椅子がマッチされるまでの時間、66.8%のライドはマッチされた椅子が乗車地点までに掛かる時間、0.5%のライドは椅子の実移動時間に不満がありました
time=01:49:26.622 level=INFO msg=一定の売上が立ったためオーナーの椅子が増加します 名前=座和インダストリー 増加数=3
time=01:49:28.427 level=INFO msg=一定の売上が立ったためオーナーの椅子が増加します 名前=ChairCycle 増加数=3
time=01:49:28.435 level=INFO msg=一定の売上が立ったためオーナーの椅子が増加します 名前=レトロ椅子館 増加数=4
time=01:49:28.436 level=INFO msg=一定の売上が立ったためオーナーの椅子が増加します 名前=再座堂 増加数=3
time=01:49:28.437 level=INFO msg=一定の売上が立ったためオーナーの椅子が増加します 名前=ゆったり号 増加数=3
time=01:49:28.446 level=INFO msg=一定の売上が立ったためオーナーの椅子が増加します 名前=座和インダストリー 増加数=4
time=01:49:30.241 level=INFO msg=一定の売上が立ったためオーナーの椅子が増加します 名前=ChairCycle 増加数=2
time=01:49:30.242 level=INFO msg=一定の売上が立ったためオーナーの椅子が増加します 名前=ゆったり号 増加数=5
time=01:49:30.243 level=INFO msg=一定の売上が立ったためオーナーの椅子が増加します 名前=再座堂 増加数=3
time=01:49:30.248 level=INFO msg=一定の売上が立ったためオーナーの椅子が増加します 名前=座和インダストリー 増加数=3
time=01:49:30.250 level=INFO msg=一定の売上が立ったためオーナーの椅子が増加します 名前=レトロ椅子館 増加数=3
time=01:49:32.019 level=INFO msg=これまでに地域内の評判によって44人、既存ユーザーの招待経由で218人が新規登録しました
time=01:49:32.019 level=INFO msg=これまでに低評価なライドによって2人が利用をやめました
time=01:49:32.019 level=INFO msg=63.2%のライドは椅子がマッチされるまでの時間、60.1%のライドはマッチされた椅子が乗車地点までに掛かる時間、0.7%のライドは椅子の実移動時間に不満がありました
time=01:49:32.120 level=INFO msg=一定の売上が立ったためオーナーの椅子が増加します 名前=ChairCycle 増加数=3
time=01:49:32.136 level=INFO msg=一定の売上が立ったためオーナーの椅子が増加します 名前=再座堂 増加数=3
time=01:49:32.147 level=INFO msg=一定の売上が立ったためオーナーの椅子が増加します 名前=座和インダストリー 増加数=4
time=01:49:32.151 level=INFO msg=一定の売上が立ったためオーナーの椅子が増加します 名前=ゆったり号 増加数=3
time=01:49:32.162 level=INFO msg=一定の売上が立ったためオーナーの椅子が増加します 名前=レトロ椅子館 増加数=3
time=01:49:33.949 level=INFO msg=一定の売上が立ったためオーナーの椅子が増加します 名前=ゆったり号 増加数=3
time=01:49:33.950 level=INFO msg=一定の売上が立ったためオーナーの椅子が増加します 名前=ChairCycle 増加数=2
time=01:49:33.951 level=INFO msg=一定の売上が立ったためオーナーの椅子が増加します 名前=再座堂 増加数=3
time=01:49:33.954 level=INFO msg=一定の売上が立ったためオーナーの椅子が増加します 名前=レトロ椅子館 増加数=2
time=01:49:33.971 level=INFO msg=一定の売上が立ったためオーナーの椅子が増加します 名前=座和インダストリー 増加数=2
time=01:49:35.728 level=INFO msg=一定の売上が立ったためオーナーの椅子が増加します 名前=レトロ椅子館 増加数=4
time=01:49:35.742 level=INFO msg=一定の売上が立ったためオーナーの椅子が増加します 名前=ChairCycle 増加数=4
time=01:49:35.755 level=INFO msg=一定の売上が立ったためオーナーの椅子が増加します 名前=再座堂 増加数=2
time=01:49:35.786 level=INFO msg=一定の売上が立ったためオーナーの椅子が増加します 名前=座和インダストリー 増加数=4
time=01:49:35.786 level=INFO msg=一定の売上が立ったためオーナーの椅子が増加します 名前=ゆったり号 増加数=2
time=01:49:37.419 level=INFO msg=これまでに地域内の評判によって56人、既存ユーザーの招待経由で301人が新規登録しました
time=01:49:37.419 level=INFO msg=これまでに低評価なライドによって11人が利用をやめました
time=01:49:37.419 level=INFO msg=66.5%のライドは椅子がマッチされるまでの時間、53.3%のライドはマッチされた椅子が乗車地点までに掛かる時間、8.6%のライドは椅子の実移動時間に不満がありました
time=01:49:37.653 level=INFO msg=一定の売上が立ったためオーナーの椅子が増加します 名前=ChairCycle 増加数=2
time=01:49:37.676 level=INFO msg=一定の売上が立ったためオーナーの椅子が増加します 名前=再座堂 増加数=3
time=01:49:37.691 level=INFO msg=一定の売上が立ったためオーナーの椅子が増加します 名前=座和インダストリー 増加数=2
time=01:49:37.699 level=INFO msg=一定の売上が立ったためオーナーの椅子が増加します 名前=レトロ椅子館 増加数=4
time=01:49:37.700 level=INFO msg=一定の売上が立ったためオーナーの椅子が増加します 名前=ゆったり号 増加数=3
time=01:49:39.409 level=INFO msg=一定の売上が立ったためオーナーの椅子が増加します 名前=再座堂 増加数=2
time=01:49:39.427 level=INFO msg=一定の売上が立ったためオーナーの椅子が増加します 名前=ChairCycle 増加数=3
time=01:49:39.435 level=INFO msg=一定の売上が立ったためオーナーの椅子が増加します 名前=ゆったり号 増加数=2
time=01:49:39.441 level=INFO msg=一定の売上が立ったためオーナーの椅子が増加します 名前=座和インダストリー 増加数=4
time=01:49:39.443 level=INFO msg=一定の売上が立ったためオーナーの椅子が増加します 名前=レトロ椅子館 増加数=2
time=01:49:41.297 level=INFO msg=一定の売上が立ったためオーナーの椅子が増加します 名前=再座堂 増加数=3
time=01:49:41.306 level=INFO msg=一定の売上が立ったためオーナーの椅子が増加します 名前=ゆったり号 増加数=3
time=01:49:41.315 level=INFO msg=一定の売上が立ったためオーナーの椅子が増加します 名前=ChairCycle 増加数=3
time=01:49:41.358 level=INFO msg=一定の売上が立ったためオーナーの椅子が増加します 名前=座和インダストリー 増加数=2
time=01:49:41.360 level=INFO msg=一定の売上が立ったためオーナーの椅子が増加します 名前=レトロ椅子館 増加数=4
time=01:49:42.819 level=INFO msg=これまでに地域内の評判によって68人、既存ユーザーの招待経由で327人が新規登録しました
time=01:49:42.819 level=INFO msg=これまでに低評価なライドによって47人が利用をやめました
time=01:49:42.819 level=INFO msg=75.1%のライドは椅子がマッチされるまでの時間、49.3%のライドはマッチされた椅子が乗車地点までに掛かる時間、21.7%のライドは椅子の実移動時間に不満がありました
time=01:49:42.987 level=INFO msg=一定の売上が立ったためオーナーの椅子が増加します 名前=再座堂 増加数=1
time=01:49:42.989 level=INFO msg=一定の売上が立ったためオーナーの椅子が増加します 名前=ChairCycle 増加数=2
time=01:49:43.018 level=INFO msg=一定の売上が立ったためオーナーの椅子が増加します 名前=ゆったり号 増加数=3
time=01:49:43.026 level=INFO msg=一定の売上が立ったためオーナーの椅子が増加します 名前=座和インダストリー 増加数=3
time=01:49:43.036 level=INFO msg=一定の売上が立ったためオーナーの椅子が増加します 名前=レトロ椅子館 増加数=1
time=01:49:44.891 level=INFO msg=一定の売上が立ったためオーナーの椅子が増加します 名前=再座堂 増加数=2
time=01:49:44.919 level=INFO msg=一定の売上が立ったためオーナーの椅子が増加します 名前=ChairCycle 増加数=2
time=01:49:44.951 level=INFO msg=一定の売上が立ったためオーナーの椅子が増加します 名前=ゆったり号 増加数=2
time=01:49:44.985 level=INFO msg=一定の売上が立ったためオーナーの椅子が増加します 名前=レトロ椅子館 増加数=3
time=01:49:44.988 level=INFO msg=一定の売上が立ったためオーナーの椅子が増加します 名前=座和インダストリー 増加数=2
time=01:49:46.711 level=INFO msg=一定の売上が立ったためオーナーの椅子が増加します 名前=再座堂 増加数=2
time=01:49:46.729 level=INFO msg=一定の売上が立ったためオーナーの椅子が増加します 名前=ゆったり号 増加数=2
time=01:49:46.739 level=INFO msg=一定の売上が立ったためオーナーの椅子が増加します 名前=レトロ椅子館 増加数=2
time=01:49:46.750 level=INFO msg=一定の売上が立ったためオーナーの椅子が増加します 名前=ChairCycle 増加数=2
time=01:49:46.832 level=INFO msg=一定の売上が立ったためオーナーの椅子が増加します 名前=座和インダストリー 増加数=2
time=01:49:48.219 level=INFO msg=これまでに地域内の評判によって80人、既存ユーザーの招待経由で342人が新規登録しました
time=01:49:48.219 level=INFO msg=これまでに低評価なライドによって89人が利用をやめました
time=01:49:48.219 level=INFO msg=79.4%のライドは椅子がマッチされるまでの時間、46.9%のライドはマッチされた椅子が乗車地点までに掛かる時間、33.1%のライドは椅子の実移動時間に不満がありました
time=01:49:48.645 level=INFO msg=一定の売上が立ったためオーナーの椅子が増加します 名前=再座堂 増加数=3
time=01:49:48.658 level=INFO msg=一定の売上が立ったためオーナーの椅子が増加します 名前=ChairCycle 増加数=3
time=01:49:48.677 level=INFO msg=一定の売上が立ったためオーナーの椅子が増加します 名前=ゆったり号 増加数=2
time=01:49:48.748 level=INFO msg=一定の売上が立ったためオーナーの椅子が増加します 名前=座和インダストリー 増加数=2
time=01:49:48.751 level=INFO msg=一定の売上が立ったためオーナーの椅子が増加します 名前=レトロ椅子館 増加数=2
time=01:49:50.430 level=INFO msg=一定の売上が立ったためオーナーの椅子が増加します 名前=再座堂 増加数=2
time=01:49:50.456 level=INFO msg=一定の売上が立ったためオーナーの椅子が増加します 名前=ゆったり号 増加数=1
time=01:49:50.496 level=INFO msg=一定の売上が立ったためオーナーの椅子が増加します 名前=レトロ椅子館 増加数=2
time=01:49:50.510 level=INFO msg=一定の売上が立ったためオーナーの椅子が増加します 名前=ChairCycle 増加数=2
time=01:49:50.546 level=INFO msg=一定の売上が立ったためオーナーの椅子が増加します 名前=座和インダストリー 増加数=2
time=01:49:52.196 level=INFO msg=一定の売上が立ったためオーナーの椅子が増加します 名前=ChairCycle 増加数=2
time=01:49:52.207 level=INFO msg=一定の売上が立ったためオーナーの椅子が増加します 名前=再座堂 増加数=2
time=01:49:52.210 level=INFO msg=一定の売上が立ったためオーナーの椅子が増加します 名前=レトロ椅子館 増加数=2
time=01:49:52.224 level=INFO msg=一定の売上が立ったためオーナーの椅子が増加します 名前=ゆったり号 増加数=3
time=01:49:52.251 level=INFO msg=一定の売上が立ったためオーナーの椅子が増加します 名前=座和インダストリー 増加数=2
time=01:49:53.619 level=INFO msg=これまでに地域内の評判によって92人、既存ユーザーの招待経由で342人が新規登録しました
time=01:49:53.619 level=INFO msg=これまでに低評価なライドによって136人が利用をやめました
time=01:49:53.619 level=INFO msg=82.0%のライドは椅子がマッチされるまでの時間、46.9%のライドはマッチされた椅子が乗車地点までに掛かる時間、43.6%のライドは椅子の実移動時間に不満がありました
time=01:49:57.414 level=INFO msg=一定の売上が立ったためオーナーの椅子が増加します 名前=レトロ椅子館 増加数=7
time=01:49:59.049 level=INFO msg=これまでに地域内の評判によって96人、既存ユーザーの招待経由で346人が新規登録しました
time=01:49:59.049 level=INFO msg=これまでに低評価なライドによって163人が利用をやめました
time=01:49:59.049 level=INFO msg=77.2%のライドは椅子がマッチされるまでの時間、45.2%のライドはマッチされた椅子が乗車地点までに掛かる時間、50.6%のライドは椅子の実移動時間に不満がありました
time=01:50:01.157 level=INFO msg=一定の売上が立ったためオーナーの椅子が増加します 名前=ゆったり号 増加数=11
time=01:50:01.161 level=INFO msg=一定の売上が立ったためオーナーの椅子が増加します 名前=ChairCycle 増加数=8
time=01:50:03.478 level=WARN msg="ユーザー登録に失敗しました (CODE=17): ユーザー登録に失敗しました (CODE=17): GET /clientのリクエストが失敗しました: Get \"https://isuride.xiv.isucon.net/client\": context deadline exceeded (Client.Timeout exceeded while awaiting headers)"
time=01:50:03.589 level=WARN msg="ユーザー登録に失敗しました (CODE=17): ユーザー登録に失敗しました (CODE=17): GET /clientのリクエストが失敗しました: Get \"https://isuride.xiv.isucon.net/client\": context deadline exceeded (Client.Timeout exceeded while awaiting headers)"
time=01:50:03.589 level=WARN msg="ユーザー登録に失敗しました (CODE=17): ユーザー登録に失敗しました (CODE=17): GET /clientのリクエストが失敗しました: Get \"https://isuride.xiv.isucon.net/client\": context deadline exceeded (Client.Timeout exceeded while awaiting headers)"
time=01:50:03.589 level=WARN msg="ユーザー登録に失敗しました (CODE=17): ユーザー登録に失敗しました (CODE=17): GET /clientのリクエストが失敗しました: Get \"https://isuride.xiv.isucon.net/client\": context deadline exceeded (Client.Timeout exceeded while awaiting headers)"
time=01:50:03.589 level=WARN msg="ユーザー登録に失敗しました (CODE=17): ユーザー登録に失敗しました (CODE=17): GET /clientのリクエストが失敗しました: Get \"https://isuride.xiv.isucon.net/client\": context deadline exceeded (Client.Timeout exceeded while awaiting headers)"
time=01:50:04.123 level=WARN msg="ユーザー登録に失敗しました (CODE=17): ユーザー登録に失敗しました (CODE=17): GET /clientのリクエストが失敗しました: Get \"https://isuride.xiv.isucon.net/client\": context deadline exceeded (Client.Timeout exceeded while awaiting headers)"
time=01:50:04.250 level=WARN msg="椅子の座標送信に失敗しました (CODE=1): POST /api/chair/coordinateのリクエストが失敗しました: Post \"https://isuride.xiv.isucon.net/api/chair/coordinate\": EOF"
time=01:50:04.449 level=INFO msg=これまでに地域内の評判によって100人、既存ユーザーの招待経由で364人が新規登録しました
time=01:50:04.449 level=INFO msg=これまでに低評価なライドによって174人が利用をやめました
time=01:50:04.449 level=INFO msg=70.8%のライドは椅子がマッチされるまでの時間、44.0%のライドはマッチされた椅子が乗車地点までに掛かる時間、56.0%のライドは椅子の実移動時間に不満がありました
time=01:50:04.550 level=WARN msg="オーナーの椅子一覧の取得に失敗しました (CODE=25): GET /ownerのリクエストが失敗しました: Get \"https://isuride.xiv.isucon.net/owner\": context deadline exceeded (Client.Timeout exceeded while awaiting headers)"
time=01:50:05.420 level=WARN msg="オーナーの売り上げ情報の取得に失敗しました (CODE=22): GET /api/owner/salesのリクエストが失敗しました: Get \"https://isuride.xiv.isucon.net/api/owner/sales?until=1790009394741\": context deadline exceeded (Client.Timeout exceeded while awaiting headers)"
time=01:50:06.234 level=WARN msg="ユーザー登録に失敗しました (CODE=17): ユーザー登録に失敗しました (CODE=17): GET /clientのリクエストが失敗しました: Get \"https://isuride.xiv.isucon.net/client\": context deadline exceeded (Client.Timeout exceeded while awaiting headers)"
time=01:50:07.220 level=WARN msg="ユーザー登録に失敗しました (CODE=17): ユーザー登録に失敗しました (CODE=17): GET /clientのリクエストが失敗しました: Get \"https://isuride.xiv.isucon.net/client\": context deadline exceeded (Client.Timeout exceeded while awaiting headers)"
time=01:50:07.221 level=WARN msg="ユーザー登録に失敗しました (CODE=17): ユーザー登録に失敗しました (CODE=17): GET /clientのリクエストが失敗しました: Get \"https://isuride.xiv.isucon.net/client\": context deadline exceeded (Client.Timeout exceeded while awaiting headers)"
time=01:50:07.482 level=WARN msg="ユーザー登録に失敗しました (CODE=17): ユーザー登録に失敗しました (CODE=17): GET /clientのリクエストが失敗しました: Get \"https://isuride.xiv.isucon.net/client\": context deadline exceeded (Client.Timeout exceeded while awaiting headers)"
time=01:50:07.822 level=WARN msg="ユーザー登録に失敗しました (CODE=17): ユーザー登録に失敗しました (CODE=17): GET /clientのリクエストが失敗しました: Get \"https://isuride.xiv.isucon.net/client\": context deadline exceeded (Client.Timeout exceeded while awaiting headers)"
time=01:50:09.019 level=WARN msg="ユーザー登録に失敗しました (CODE=17): ユーザー登録に失敗しました (CODE=17): GET /clientのリクエストが失敗しました: Get \"https://isuride.xiv.isucon.net/client\": context deadline exceeded (Client.Timeout exceeded while awaiting headers)"
time=01:50:09.019 level=WARN msg="ユーザー登録に失敗しました (CODE=17): ユーザー登録に失敗しました (CODE=17): GET /clientのリクエストが失敗しました: Get \"https://isuride.xiv.isucon.net/client\": context deadline exceeded (Client.Timeout exceeded while awaiting headers)"
time=01:50:09.019 level=WARN msg="ユーザー登録に失敗しました (CODE=17): ユーザー登録に失敗しました (CODE=17): GET /clientのリクエストが失敗しました: Get \"https://isuride.xiv.isucon.net/client\": context deadline exceeded (Client.Timeout exceeded while awaiting headers)"
time=01:50:09.240 level=WARN msg="取得した付近の椅子情報に不備があります (CODE=30): GET /api/app/requests/nearby-chairsのリクエストが失敗しました: Get \"https://isuride.xiv.isucon.net/api/app/nearby-chairs?distance=50&latitude=-42&longitude=-27\": context deadline exceeded (Client.Timeout exceeded while awaiting headers)"
time=01:50:09.849 level=INFO msg=これまでに地域内の評判によって109人、既存ユーザーの招待経由で369人が新規登録しました
time=01:50:09.849 level=INFO msg=これまでに低評価なライドによって186人が利用をやめました
time=01:50:09.849 level=INFO msg=67.0%のライドは椅子がマッチされるまでの時間、40.4%のライドはマッチされた椅子が乗車地点までに掛かる時間、60.5%のライドは椅子の実移動時間に不満がありました
time=01:50:09.885 level=WARN msg="椅子の座標送信に失敗しました (CODE=1): POST /api/chair/coordinateのリクエストが失敗しました: Post \"https://isuride.xiv.isucon.net/api/chair/coordinate\": EOF"
time=01:50:10.418 level=WARN msg="ユーザー登録に失敗しました (CODE=17): ユーザー登録に失敗しました (CODE=17): GET /clientのリクエストが失敗しました: Get \"https://isuride.xiv.isucon.net/client\": context deadline exceeded (Client.Timeout exceeded while awaiting headers)"
time=01:50:10.479 level=WARN msg="取得した付近の椅子情報に不備があります (CODE=30): ID:01M32DYZ2RDZZM7RN0EC5MWGX9の椅子は既にライド中です"
time=01:50:10.603 level=WARN msg="ユーザー登録に失敗しました (CODE=17): ユーザー登録に失敗しました (CODE=17): GET /clientのリクエストが失敗しました: Get \"https://isuride.xiv.isucon.net/client\": context deadline exceeded (Client.Timeout exceeded while awaiting headers)"
time=01:50:10.820 level=WARN msg="ユーザー登録に失敗しました (CODE=17): ユーザー登録に失敗しました (CODE=17): GET /clientのリクエストが失敗しました: Get \"https://isuride.xiv.isucon.net/client\": context deadline exceeded (Client.Timeout exceeded while awaiting headers)"
time=01:50:10.820 level=WARN msg="ユーザー登録に失敗しました (CODE=17): ユーザー登録に失敗しました (CODE=17): GET /clientのリクエストが失敗しました: Get \"https://isuride.xiv.isucon.net/client\": context deadline exceeded (Client.Timeout exceeded while awaiting headers)"
time=01:50:10.855 level=WARN msg="ユーザー登録に失敗しました (CODE=17): ユーザー登録に失敗しました (CODE=17): GET /clientのリクエストが失敗しました: Get \"https://isuride.xiv.isucon.net/client\": context deadline exceeded (Client.Timeout exceeded while awaiting headers)"
time=01:50:10.916 level=WARN msg="ユーザー登録に失敗しました (CODE=17): ユーザー登録に失敗しました (CODE=17): GET /clientのリクエストが失敗しました: Get \"https://isuride.xiv.isucon.net/client\": context deadline exceeded (Client.Timeout exceeded while awaiting headers)"
time=01:50:11.407 level=WARN msg="ユーザー登録に失敗しました (CODE=17): ユーザー登録に失敗しました (CODE=17): GET /clientのリクエストが失敗しました: Get \"https://isuride.xiv.isucon.net/client\": context deadline exceeded (Client.Timeout exceeded while awaiting headers)"
time=01:50:12.172 level=WARN msg="ユーザー登録に失敗しました (CODE=17): ユーザー登録に失敗しました (CODE=17): GET /clientのリクエストが失敗しました: Get \"https://isuride.xiv.isucon.net/client\": context deadline exceeded (Client.Timeout exceeded while awaiting headers)"
time=01:50:14.880 level=WARN msg="椅子登録に失敗しました (CODE=19): POST /api/chair/chairsのリクエストが失敗しました: Post \"https://isuride.xiv.isucon.net/api/chair/chairs\": context deadline exceeded (Client.Timeout exceeded while awaiting headers)"
time=01:50:15.000 level=WARN msg="椅子登録に失敗しました (CODE=19): POST /api/chair/chairsのリクエストが失敗しました: Post \"https://isuride.xiv.isucon.net/api/chair/chairs\": context deadline exceeded (Client.Timeout exceeded while awaiting headers)"
time=01:50:15.419 level=INFO msg=最終地域情報 名前=チェアタウン ユーザー登録数=273 アクティブユーザー数=175
time=01:50:15.419 level=INFO msg=最終地域情報 名前=コシカケシティ ユーザー登録数=231 アクティブユーザー数=142
time=01:50:15.419 level=INFO msg=最終オーナー情報 名前=座和インダストリー 売上=2408200 椅子数=58
time=01:50:15.419 level=INFO msg=最終オーナー情報 名前=ChairCycle 売上=1868700 椅子数=51
time=01:50:15.419 level=INFO msg=最終オーナー情報 名前=再座堂 売上=1854000 椅子数=48
time=01:50:15.419 level=INFO msg=最終オーナー情報 名前=ゆったり号 売上=2173900 椅子数=55
time=01:50:15.419 level=INFO msg=最終オーナー情報 名前=レトロ椅子館 売上=2238000 椅子数=60
time=01:50:15.419 level=INFO msg=66.5%のライドは椅子がマッチされるまでの時間、40.9%のライドはマッチされた椅子が乗車地点までに掛かる時間、60.9%のライドは椅子の実移動時間に不満がありました
time=01:50:15.419 level=INFO msg=結果 pass=true スコア=121498 種別エラー数="map[1:2 17:22 19:2 22:1 25:1 30:2]"
time=01:50:15.419 level=INFO msg=負荷走行が終了しました
