time=00:52:55.207 level=INFO msg=負荷走行を開始します
time=00:53:03.731 level=INFO msg=これまでに地域内の評判によって0人、既存ユーザーの招待経由で0人が新規登録しました
time=00:53:09.131 level=INFO msg=これまでに地域内の評判によって2人、既存ユーザーの招待経由で0人が新規登録しました
time=00:53:09.131 level=INFO msg=33.3%のライドは椅子がマッチされるまでの時間、100.0%のライドはマッチされた椅子が乗車地点までに掛かる時間、100.0%のライドは椅子の実移動時間に不満がありました
time=00:53:14.531 level=INFO msg=これまでに地域内の評判によって4人、既存ユーザーの招待経由で0人が新規登録しました
time=00:53:14.531 level=INFO msg=60.0%のライドは椅子がマッチされるまでの時間、100.0%のライドはマッチされた椅子が乗車地点までに掛かる時間、100.0%のライドは椅子の実移動時間に不満がありました
time=00:53:19.931 level=INFO msg=これまでに地域内の評判によって5人、既存ユーザーの招待経由で0人が新規登録しました
time=00:53:19.931 level=INFO msg=50.0%のライドは椅子がマッチされるまでの時間、100.0%のライドはマッチされた椅子が乗車地点までに掛かる時間、100.0%のライドは椅子の実移動時間に不満がありました
time=00:53:19.968 level=INFO msg=一定の売上が立ったためオーナーの椅子が増加します 名前=PulseRide 増加数=1
time=00:53:25.331 level=INFO msg=これまでに地域内の評判によって6人、既存ユーザーの招待経由で0人が新規登録しました
time=00:53:25.331 level=INFO msg=これまでに低評価なライドによって1人が利用をやめました
time=00:53:25.331 level=INFO msg=44.4%のライドは椅子がマッチされるまでの時間、100.0%のライドはマッチされた椅子が乗車地点までに掛かる時間、100.0%のライドは椅子の実移動時間に不満がありました
time=00:53:30.731 level=INFO msg=これまでに地域内の評判によって9人、既存ユーザーの招待経由で0人が新規登録しました
time=00:53:30.731 level=INFO msg=これまでに低評価なライドによって2人が利用をやめました
time=00:53:30.731 level=INFO msg=41.7%のライドは椅子がマッチされるまでの時間、100.0%のライドはマッチされた椅子が乗車地点までに掛かる時間、100.0%のライドは椅子の実移動時間に不満がありました
time=00:53:30.798 level=INFO msg=一定の売上が立ったためオーナーの椅子が増加します 名前=いすの道 増加数=1
time=00:53:34.369 level=INFO msg=一定の売上が立ったためオーナーの椅子が増加します 名前=椅子と暮らし舎 増加数=1
time=00:53:36.131 level=INFO msg=これまでに地域内の評判によって15人、既存ユーザーの招待経由で0人が新規登録しました
time=00:53:36.131 level=INFO msg=これまでに低評価なライドによって5人が利用をやめました
time=00:53:36.131 level=INFO msg=33.3%のライドは椅子がマッチされるまでの時間、100.0%のライドはマッチされた椅子が乗車地点までに掛かる時間、100.0%のライドは椅子の実移動時間に不満がありました
time=00:53:38.019 level=INFO msg=一定の売上が立ったためオーナーの椅子が増加します 名前=いすの道 増加数=1
time=00:53:41.531 level=INFO msg=これまでに地域内の評判によって21人、既存ユーザーの招待経由で0人が新規登録しました
time=00:53:41.531 level=INFO msg=これまでに低評価なライドによって7人が利用をやめました
time=00:53:41.531 level=INFO msg=38.1%のライドは椅子がマッチされるまでの時間、100.0%のライドはマッチされた椅子が乗車地点までに掛かる時間、100.0%のライドは椅子の実移動時間に不満がありました
time=00:53:41.635 level=INFO msg=一定の売上が立ったためオーナーの椅子が増加します 名前=いすの道 増加数=1
time=00:53:46.931 level=INFO msg=これまでに地域内の評判によって26人、既存ユーザーの招待経由で0人が新規登録しました
time=00:53:46.931 level=INFO msg=これまでに低評価なライドによって14人が利用をやめました
time=00:53:46.931 level=INFO msg=46.7%のライドは椅子がマッチされるまでの時間、96.7%のライドはマッチされた椅子が乗車地点までに掛かる時間、100.0%のライドは椅子の実移動時間に不満がありました
time=00:53:48.811 level=INFO msg=一定の売上が立ったためオーナーの椅子が増加します 名前=PulseRide 増加数=2
time=00:53:48.812 level=INFO msg=一定の売上が立ったためオーナーの椅子が増加します 名前=ゆったり号 増加数=1
time=00:53:48.818 level=INFO msg=一定の売上が立ったためオーナーの椅子が増加します 名前=いすの道 増加数=1
time=00:53:48.826 level=INFO msg=一定の売上が立ったためオーナーの椅子が増加します 名前=ComfortWorks 増加数=1
time=00:53:52.331 level=INFO msg=これまでに地域内の評判によって32人、既存ユーザーの招待経由で0人が新規登録しました
time=00:53:52.331 level=INFO msg=これまでに低評価なライドによって17人が利用をやめました
time=00:53:52.331 level=INFO msg=48.5%のライドは椅子がマッチされるまでの時間、97.0%のライドはマッチされた椅子が乗車地点までに掛かる時間、100.0%のライドは椅子の実移動時間に不満がありました
time=00:53:56.120 level=INFO msg=一定の売上が立ったためオーナーの椅子が増加します 名前=PulseRide 増加数=1
time=00:53:57.732 level=INFO msg=これまでに地域内の評判によって38人、既存ユーザーの招待経由で0人が新規登録しました
time=00:53:57.732 level=INFO msg=これまでに低評価なライドによって22人が利用をやめました
time=00:53:57.732 level=INFO msg=52.5%のライドは椅子がマッチされるまでの時間、95.0%のライドはマッチされた椅子が乗車地点までに掛かる時間、100.0%のライドは椅子の実移動時間に不満がありました
time=00:54:03.332 level=INFO msg=最終地域情報 名前=チェアタウン ユーザー登録数=20 アクティブユーザー数=14
time=00:54:03.332 level=INFO msg=最終地域情報 名前=コシカケシティ ユーザー登録数=30 アクティブユーザー数=12
time=00:54:03.332 level=INFO msg=最終オーナー情報 名前=ゆったり号 売上=24700 椅子数=5
time=00:54:03.332 level=INFO msg=最終オーナー情報 名前=椅子と暮らし舎 売上=34200 椅子数=5
time=00:54:03.332 level=INFO msg=最終オーナー情報 名前=ComfortWorks 売上=25700 椅子数=5
time=00:54:03.332 level=INFO msg=最終オーナー情報 名前=いすの道 売上=84500 椅子数=8
time=00:54:03.332 level=INFO msg=最終オーナー情報 名前=PulseRide 売上=62200 椅子数=8
time=00:54:03.332 level=INFO msg=52.5%のライドは椅子がマッチされるまでの時間、95.0%のライドはマッチされた椅子が乗車地点までに掛かる時間、100.0%のライドは椅子の実移動時間に不満がありました
time=00:54:03.332 level=INFO msg=結果 pass=true スコア=3424 種別エラー数=map[]
time=00:54:03.332 level=INFO msg=負荷走行が終了しました
