time=02:20:34.822 level=INFO msg=負荷走行を開始します
time=02:20:40.248 level=INFO msg=一定の売上が立ったためオーナーの椅子が増加します 名前="Chair Charm" 増加数=1
time=02:20:40.248 level=INFO msg=一定の売上が立ったためオーナーの椅子が増加します 名前=迅行タクシー 増加数=2
time=02:20:40.248 level=INFO msg=一定の売上が立ったためオーナーの椅子が増加します 名前=GoEase 増加数=1
time=02:20:42.048 level=INFO msg=一定の売上が立ったためオーナーの椅子が増加します 名前=GoEase 増加数=2
time=02:20:42.048 level=INFO msg=一定の売上が立ったためオーナーの椅子が増加します 名前=座心工房 増加数=1
time=02:20:42.051 level=INFO msg=一定の売上が立ったためオーナーの椅子が増加します 名前=ふたたび椅子堂 増加数=2
time=02:20:42.051 level=INFO msg=一定の売上が立ったためオーナーの椅子が増加します 名前="Chair Charm" 増加数=1
time=02:20:42.052 level=INFO msg=一定の売上が立ったためオーナーの椅子が増加します 名前=迅行タクシー 増加数=2
time=02:20:42.073 level=INFO msg=これまでに地域内の評判によって10人、既存ユーザーの招待経由で41人が新規登録しました
time=02:20:42.073 level=INFO msg=0.0%のライドは椅子がマッチされるまでの時間、51.2%のライドはマッチされた椅子が乗車地点までに掛かる時間、0.0%のライドは椅子の実移動時間に不満がありました
time=02:20:43.848 level=INFO msg=一定の売上が立ったためオーナーの椅子が増加します 名前=ふたたび椅子堂 増加数=1
time=02:20:43.851 level=INFO msg=一定の売上が立ったためオーナーの椅子が増加します 名前=GoEase 増加数=1
time=02:20:43.851 level=INFO msg=一定の売上が立ったためオーナーの椅子が増加します 名前=座心工房 増加数=2
time=02:20:43.853 level=INFO msg=一定の売上が立ったためオーナーの椅子が増加します 名前=迅行タクシー 増加数=3
time=02:20:43.854 level=INFO msg=一定の売上が立ったためオーナーの椅子が増加します 名前="Chair Charm" 増加数=3
time=02:20:45.649 level=INFO msg=一定の売上が立ったためオーナーの椅子が増加します 名前=GoEase 増加数=4
time=02:20:45.657 level=INFO msg=一定の売上が立ったためオーナーの椅子が増加します 名前=ふたたび椅子堂 増加数=2
time=02:20:45.657 level=INFO msg=一定の売上が立ったためオーナーの椅子が増加します 名前=座心工房 増加数=3
time=02:20:45.659 level=INFO msg=一定の売上が立ったためオーナーの椅子が増加します 名前="Chair Charm" 増加数=2
time=02:20:45.660 level=INFO msg=一定の売上が立ったためオーナーの椅子が増加します 名前=迅行タクシー 増加数=4
time=02:20:47.453 level=INFO msg=一定の売上が立ったためオーナーの椅子が増加します 名前=ふたたび椅子堂 増加数=2
time=02:20:47.459 level=INFO msg=一定の売上が立ったためオーナーの椅子が増加します 名前=座心工房 増加数=2
time=02:20:47.459 level=INFO msg=一定の売上が立ったためオーナーの椅子が増加します 名前="Chair Charm" 増加数=3
time=02:20:47.460 level=INFO msg=一定の売上が立ったためオーナーの椅子が増加します 名前=GoEase 増加数=4
time=02:20:47.462 level=INFO msg=一定の売上が立ったためオーナーの椅子が増加します 名前=迅行タクシー 増加数=3
time=02:20:47.473 level=INFO msg=これまでに地域内の評判によって19人、既存ユーザーの招待経由で150人が新規登録しました
time=02:20:47.473 level=INFO msg=7.4%のライドは椅子がマッチされるまでの時間、30.9%のライドはマッチされた椅子が乗車地点までに掛かる時間、0.3%のライドは椅子の実移動時間に不満がありました
time=02:20:49.257 level=INFO msg=一定の売上が立ったためオーナーの椅子が増加します 名前=座心工房 増加数=3
time=02:20:49.261 level=INFO msg=一定の売上が立ったためオーナーの椅子が増加します 名前="Chair Charm" 増加数=5
time=02:20:49.261 level=INFO msg=一定の売上が立ったためオーナーの椅子が増加します 名前=GoEase 増加数=4
time=02:20:49.262 level=INFO msg=一定の売上が立ったためオーナーの椅子が増加します 名前=ふたたび椅子堂 増加数=3
time=02:20:49.265 level=INFO msg=一定の売上が立ったためオーナーの椅子が増加します 名前=迅行タクシー 増加数=5
time=02:20:51.069 level=INFO msg=一定の売上が立ったためオーナーの椅子が増加します 名前="Chair Charm" 増加数=6
time=02:20:51.070 level=INFO msg=一定の売上が立ったためオーナーの椅子が増加します 名前=ふたたび椅子堂 増加数=4
time=02:20:51.071 level=INFO msg=一定の売上が立ったためオーナーの椅子が増加します 名前=座心工房 増加数=7
time=02:20:51.074 level=INFO msg=一定の売上が立ったためオーナーの椅子が増加します 名前=迅行タクシー 増加数=6
time=02:20:51.076 level=INFO msg=一定の売上が立ったためオーナーの椅子が増加します 名前=GoEase 増加数=5
time=02:20:52.874 level=INFO msg=これまでに地域内の評判によって30人、既存ユーザーの招待経由で405人が新規登録しました
time=02:20:52.874 level=INFO msg=22.8%のライドは椅子がマッチされるまでの時間、12.2%のライドはマッチされた椅子が乗車地点までに掛かる時間、0.4%のライドは椅子の実移動時間に不満がありました
time=02:20:52.898 level=INFO msg=一定の売上が立ったためオーナーの椅子が増加します 名前=ふたたび椅子堂 増加数=4
time=02:20:52.911 level=INFO msg=一定の売上が立ったためオーナーの椅子が増加します 名前="Chair Charm" 増加数=6
time=02:20:52.912 level=INFO msg=一定の売上が立ったためオーナーの椅子が増加します 名前=座心工房 増加数=5
time=02:20:52.918 level=INFO msg=一定の売上が立ったためオーナーの椅子が増加します 名前=GoEase 増加数=6
time=02:20:52.922 level=INFO msg=一定の売上が立ったためオーナーの椅子が増加します 名前=迅行タクシー 増加数=7
time=02:20:54.702 level=INFO msg=一定の売上が立ったためオーナーの椅子が増加します 名前=ふたたび椅子堂 増加数=5
time=02:20:54.702 level=INFO msg=一定の売上が立ったためオーナーの椅子が増加します 名前=座心工房 増加数=7
time=02:20:54.707 level=INFO msg=一定の売上が立ったためオーナーの椅子が増加します 名前=GoEase 増加数=6
time=02:20:54.713 level=INFO msg=一定の売上が立ったためオーナーの椅子が増加します 名前="Chair Charm" 増加数=6
time=02:20:54.717 level=INFO msg=一定の売上が立ったためオーナーの椅子が増加します 名前=迅行タクシー 増加数=7
time=02:20:56.523 level=INFO msg=一定の売上が立ったためオーナーの椅子が増加します 名前=ふたたび椅子堂 増加数=6
time=02:20:56.537 level=INFO msg=一定の売上が立ったためオーナーの椅子が増加します 名前=座心工房 増加数=6
time=02:20:56.541 level=INFO msg=一定の売上が立ったためオーナーの椅子が増加します 名前=GoEase 増加数=7
time=02:20:56.550 level=INFO msg=一定の売上が立ったためオーナーの椅子が増加します 名前="Chair Charm" 増加数=7
time=02:20:56.551 level=INFO msg=一定の売上が立ったためオーナーの椅子が増加します 名前=迅行タクシー 増加数=7
time=02:20:58.273 level=INFO msg=これまでに地域内の評判によって42人、既存ユーザーの招待経由で855人が新規登録しました
time=02:20:58.273 level=INFO msg=40.1%のライドは椅子がマッチされるまでの時間、6.3%のライドはマッチされた椅子が乗車地点までに掛かる時間、0.6%のライドは椅子の実移動時間に不満がありました
time=02:20:58.332 level=INFO msg=一定の売上が立ったためオーナーの椅子が増加します 名前=ふたたび椅子堂 増加数=8
time=02:20:58.396 level=INFO msg=一定の売上が立ったためオーナーの椅子が増加します 名前=GoEase 増加数=6
time=02:20:58.418 level=INFO msg=一定の売上が立ったためオーナーの椅子が増加します 名前=座心工房 増加数=6
time=02:20:58.426 level=INFO msg=一定の売上が立ったためオーナーの椅子が増加します 名前="Chair Charm" 増加数=6
time=02:20:58.428 level=INFO msg=一定の売上が立ったためオーナーの椅子が増加します 名前=迅行タクシー 増加数=8
time=02:21:00.372 level=INFO msg=一定の売上が立ったためオーナーの椅子が増加します 名前=ふたたび椅子堂 増加数=5
time=02:21:00.438 level=INFO msg=一定の売上が立ったためオーナーの椅子が増加します 名前=座心工房 増加数=5
time=02:21:00.540 level=INFO msg=一定の売上が立ったためオーナーの椅子が増加します 名前=迅行タクシー 増加数=9
time=02:21:00.542 level=INFO msg=一定の売上が立ったためオーナーの椅子が増加します 名前=GoEase 増加数=6
time=02:21:00.669 level=INFO msg=一定の売上が立ったためオーナーの椅子が増加します 名前="Chair Charm" 増加数=7
time=02:21:02.373 level=INFO msg=一定の売上が立ったためオーナーの椅子が増加します 名前=ふたたび椅子堂 増加数=9
time=02:21:02.399 level=INFO msg=一定の売上が立ったためオーナーの椅子が増加します 名前=座心工房 増加数=9
time=02:21:02.437 level=INFO msg=一定の売上が立ったためオーナーの椅子が増加します 名前=GoEase 増加数=8
time=02:21:02.508 level=INFO msg=一定の売上が立ったためオーナーの椅子が増加します 名前="Chair Charm" 増加数=8
time=02:21:02.560 level=INFO msg=一定の売上が立ったためオーナーの椅子が増加します 名前=迅行タクシー 増加数=11
time=02:21:03.883 level=INFO msg=これまでに地域内の評判によって54人、既存ユーザーの招待経由で1441人が新規登録しました
time=02:21:03.883 level=INFO msg=59.2%のライドは椅子がマッチされるまでの時間、3.7%のライドはマッチされた椅子が乗車地点までに掛かる時間、0.9%のライドは椅子の実移動時間に不満がありました
time=02:21:04.520 level=INFO msg=一定の売上が立ったためオーナーの椅子が増加します 名前=座心工房 増加数=5
time=02:21:04.656 level=INFO msg=一定の売上が立ったためオーナーの椅子が増加します 名前=ふたたび椅子堂 増加数=4
time=02:21:04.714 level=INFO msg=一定の売上が立ったためオーナーの椅子が増加します 名前="Chair Charm" 増加数=8
time=02:21:04.768 level=INFO msg=一定の売上が立ったためオーナーの椅子が増加します 名前=迅行タクシー 増加数=7
time=02:21:04.842 level=INFO msg=一定の売上が立ったためオーナーの椅子が増加します 名前=GoEase 増加数=7
time=02:21:06.538 level=INFO msg=一定の売上が立ったためオーナーの椅子が増加します 名前=座心工房 増加数=8
time=02:21:06.606 level=INFO msg=一定の売上が立ったためオーナーの椅子が増加します 名前=ふたたび椅子堂 増加数=7
time=02:21:06.738 level=INFO msg=一定の売上が立ったためオーナーの椅子が増加します 名前=GoEase 増加数=7
time=02:21:06.769 level=INFO msg=一定の売上が立ったためオーナーの椅子が増加します 名前="Chair Charm" 増加数=7
time=02:21:06.967 level=INFO msg=一定の売上が立ったためオーナーの椅子が増加します 名前=迅行タクシー 増加数=9
time=02:21:09.703 level=INFO msg=これまでに地域内の評判によって66人、既存ユーザーの招待経由で2029人が新規登録しました
time=02:21:09.703 level=INFO msg=71.5%のライドは椅子がマッチされるまでの時間、2.6%のライドはマッチされた椅子が乗車地点までに掛かる時間、1.4%のライドは椅子の実移動時間に不満がありました
time=02:21:10.488 level=INFO msg=一定の売上が立ったためオーナーの椅子が増加します 名前=GoEase 増加数=16
time=02:21:10.493 level=INFO msg=一定の売上が立ったためオーナーの椅子が増加します 名前=座心工房 増加数=14
time=02:21:10.574 level=INFO msg=一定の売上が立ったためオーナーの椅子が増加します 名前="Chair Charm" 増加数=17
time=02:21:10.683 level=INFO msg=一定の売上が立ったためオーナーの椅子が増加します 名前=ふたたび椅子堂 増加数=15
time=02:21:10.888 level=INFO msg=一定の売上が立ったためオーナーの椅子が増加します 名前=迅行タクシー 増加数=19
time=02:21:13.304 level=WARN msg="ユーザー登録に失敗しました (CODE=17): POST /api/app/usersへのリクエストに対して、期待されたHTTPステータスコードが確認できませんでした (expected:201, actual:500)"
time=02:21:14.173 level=INFO msg=一定の売上が立ったためオーナーの椅子が増加します 名前=座心工房 増加数=14
time=02:21:14.181 level=INFO msg=一定の売上が立ったためオーナーの椅子が増加します 名前=ふたたび椅子堂 増加数=14
time=02:21:14.209 level=INFO msg=一定の売上が立ったためオーナーの椅子が増加します 名前="Chair Charm" 増加数=15
time=02:21:14.224 level=INFO msg=一定の売上が立ったためオーナーの椅子が増加します 名前=GoEase 増加数=16
time=02:21:15.103 level=INFO msg=これまでに地域内の評判によって78人、既存ユーザーの招待経由で2522人が新規登録しました
time=02:21:15.103 level=INFO msg=78.0%のライドは椅子がマッチされるまでの時間、2.1%のライドはマッチされた椅子が乗車地点までに掛かる時間、3.3%のライドは椅子の実移動時間に不満がありました
time=02:21:16.697 level=INFO msg=一定の売上が立ったためオーナーの椅子が増加します 名前=迅行タクシー 増加数=27
time=02:21:17.363 level=WARN msg="ユーザー登録に失敗しました (CODE=17): POST /api/app/usersへのリクエストに対して、期待されたHTTPステータスコードが確認できませんでした (expected:201, actual:500)"
time=02:21:18.322 level=INFO msg=一定の売上が立ったためオーナーの椅子が増加します 名前=座心工房 増加数=14
time=02:21:18.384 level=INFO msg=一定の売上が立ったためオーナーの椅子が増加します 名前=ふたたび椅子堂 増加数=12
time=02:21:19.764 level=INFO msg=一定の売上が立ったためオーナーの椅子が増加します 名前=GoEase 増加数=27
time=02:21:19.862 level=INFO msg=一定の売上が立ったためオーナーの椅子が増加します 名前="Chair Charm" 増加数=26
time=02:21:20.483 level=WARN msg="ユーザー登録に失敗しました (CODE=17): POST /api/app/usersへのリクエストに対して、期待されたHTTPステータスコードが確認できませんでした (expected:201, actual:500)"
time=02:21:21.333 level=INFO msg=これまでに地域内の評判によって90人、既存ユーザーの招待経由で3032人が新規登録しました
time=02:21:21.333 level=INFO msg=これまでに低評価なライドによって17人が利用をやめました
time=02:21:21.333 level=INFO msg=83.2%のライドは椅子がマッチされるまでの時間、1.6%のライドはマッチされた椅子が乗車地点までに掛かる時間、7.9%のライドは椅子の実移動時間に不満がありました
time=02:21:24.589 level=INFO msg=一定の売上が立ったためオーナーの椅子が増加します 名前=ふたたび椅子堂 増加数=25
time=02:21:24.772 level=INFO msg=一定の売上が立ったためオーナーの椅子が増加します 名前=座心工房 増加数=28
time=02:21:25.017 level=INFO msg=一定の売上が立ったためオーナーの椅子が増加します 名前=GoEase 増加数=19
time=02:21:25.046 level=INFO msg=一定の売上が立ったためオーナーの椅子が増加します 名前=迅行タクシー 増加数=42
time=02:21:25.068 level=INFO msg=一定の売上が立ったためオーナーの椅子が増加します 名前="Chair Charm" 増加数=17
time=02:21:26.713 level=INFO msg=これまでに地域内の評判によって102人、既存ユーザーの招待経由で3272人が新規登録しました
time=02:21:26.713 level=INFO msg=これまでに低評価なライドによって22人が利用をやめました
time=02:21:26.713 level=INFO msg=86.0%のライドは椅子がマッチされるまでの時間、1.4%のライドはマッチされた椅子が乗車地点までに掛かる時間、12.3%のライドは椅子の実移動時間に不満がありました
time=02:21:31.687 level=INFO msg=一定の売上が立ったためオーナーの椅子が増加します 名前=ふたたび椅子堂 増加数=33
time=02:21:31.840 level=INFO msg=一定の売上が立ったためオーナーの椅子が増加します 名前=座心工房 増加数=32
time=02:21:31.969 level=INFO msg=一定の売上が立ったためオーナーの椅子が増加します 名前=GoEase 増加数=38
time=02:21:32.113 level=INFO msg=これまでに地域内の評判によって113人、既存ユーザーの招待経由で3624人が新規登録しました
time=02:21:32.113 level=INFO msg=これまでに低評価なライドによって39人が利用をやめました
time=02:21:32.113 level=INFO msg=87.9%のライドは椅子がマッチされるまでの時間、1.3%のライドはマッチされた椅子が乗車地点までに掛かる時間、14.6%のライドは椅子の実移動時間に不満がありました
time=02:21:32.137 level=INFO msg=一定の売上が立ったためオーナーの椅子が増加します 名前="Chair Charm" 増加数=36
time=02:21:32.961 level=WARN msg="ユーザーがライド履歴の取得に失敗しました (CODE=7): ライドの完了日時が期待したものと異なります: id=01M32FS1S3VAS8KFR62WEBQDX6"
time=02:21:33.211 level=WARN msg="ユーザーがライド履歴の取得に失敗しました (CODE=7): ライドの完了日時が期待したものと異なります: id=01M32FS1S3VAS8KFR62WEBQDX6"
time=02:21:33.421 level=WARN msg="ユーザーがライド履歴の取得に失敗しました (CODE=7): ライドの完了日時が期待したものと異なります: id=01M32FS1S3VAS8KFR62WEBQDX6"
time=02:21:33.602 level=WARN msg="ユーザーがライド履歴の取得に失敗しました (CODE=7): ライドの完了日時が期待したものと異なります: id=01M32FS1S3VAS8KFR62WEBQDX6"
time=02:21:34.000 level=WARN msg="ユーザーがライド履歴の取得に失敗しました (CODE=7): ライドの完了日時が期待したものと異なります: id=01M32FS1S3VAS8KFR62WEBQDX6"
time=02:21:34.398 level=WARN msg="ユーザーがライド履歴の取得に失敗しました (CODE=7): ライドの完了日時が期待したものと異なります: id=01M32FS1S3VAS8KFR62WEBQDX6"
time=02:21:34.610 level=WARN msg="ユーザーがライド履歴の取得に失敗しました (CODE=7): ライドの完了日時が期待したものと異なります: id=01M32FS1S3VAS8KFR62WEBQDX6"
time=02:21:34.994 level=WARN msg="ユーザーがライド履歴の取得に失敗しました (CODE=7): ライドの完了日時が期待したものと異なります: id=01M32FS1S3VAS8KFR62WEBQDX6"
time=02:21:35.512 level=WARN msg="ユーザーがライド履歴の取得に失敗しました (CODE=7): ライドの完了日時が期待したものと異なります: id=01M32FS1S3VAS8KFR62WEBQDX6"
time=02:21:36.297 level=WARN msg="ユーザーがライド履歴の取得に失敗しました (CODE=7): ライドの完了日時が期待したものと異なります: id=01M32FS1S3VAS8KFR62WEBQDX6"
time=02:21:37.000 level=WARN msg="ユーザーがライド履歴の取得に失敗しました (CODE=7): ライドの完了日時が期待したものと異なります: id=01M32FS1S3VAS8KFR62WEBQDX6"
time=02:21:37.132 level=WARN msg="ユーザー登録に失敗しました (CODE=17): POST /api/app/usersへのリクエストに対して、期待されたHTTPステータスコードが確認できませんでした (expected:201, actual:500)"
time=02:21:37.463 level=INFO msg=一定の売上が立ったためオーナーの椅子が増加します 名前=迅行タクシー 増加数=69
time=02:21:41.673 level=INFO msg=最終地域情報 名前=チェアタウン ユーザー登録数=2339 アクティブユーザー数=2318
time=02:21:41.673 level=INFO msg=最終地域情報 名前=コシカケシティ ユーザー登録数=1761 アクティブユーザー数=1735
time=02:21:41.673 level=INFO msg=最終オーナー情報 名前="Chair Charm" 売上=8422000 椅子数=191
time=02:21:41.673 level=INFO msg=最終オーナー情報 名前=迅行タクシー 売上=9767200 椅子数=251
time=02:21:41.673 level=INFO msg=最終オーナー情報 名前=ふたたび椅子堂 売上=7138600 椅子数=165
time=02:21:41.673 level=INFO msg=最終オーナー情報 名前=座心工房 売上=7719600 椅子数=175
time=02:21:41.673 level=INFO msg=最終オーナー情報 名前=GoEase 売上=8699500 椅子数=194
time=02:21:41.673 level=INFO msg=89.9%のライドは椅子がマッチされるまでの時間、1.1%のライドはマッチされた椅子が乗車地点までに掛かる時間、18.1%のライドは椅子の実移動時間に不満がありました
time=02:21:41.674 level=INFO msg=結果 pass=true スコア=430410 種別エラー数="map[7:11 17:4]"
time=02:21:41.674 level=INFO msg=負荷走行が終了しました
