time=01:19:47.660 level=INFO msg=負荷走行を開始します
time=01:19:53.587 level=INFO msg=一定の売上が立ったためオーナーの椅子が増加します 名前=椅子やいちば 増加数=1
time=01:19:53.594 level=INFO msg=一定の売上が立ったためオーナーの椅子が増加します 名前=ReSit 増加数=1
time=01:19:55.388 level=INFO msg=これまでに地域内の評判によって6人、既存ユーザーの招待経由で28人が新規登録しました
time=01:19:55.388 level=INFO msg=0.0%のライドは椅子がマッチされるまでの時間、64.3%のライドはマッチされた椅子が乗車地点までに掛かる時間、0.0%のライドは椅子の実移動時間に不満がありました
time=01:19:55.400 level=INFO msg=一定の売上が立ったためオーナーの椅子が増加します 名前=瞬道タクシー 増加数=2
time=01:19:55.411 level=INFO msg=一定の売上が立ったためオーナーの椅子が増加します 名前="Urban Wheels" 増加数=1
time=01:19:55.430 level=INFO msg=一定の売上が立ったためオーナーの椅子が増加します 名前=ReSit 増加数=1
time=01:19:55.437 level=INFO msg=一定の売上が立ったためオーナーの椅子が増加します 名前=椅子再生工房 増加数=1
time=01:19:57.215 level=INFO msg=一定の売上が立ったためオーナーの椅子が増加します 名前="Urban Wheels" 増加数=1
time=01:19:57.218 level=INFO msg=一定の売上が立ったためオーナーの椅子が増加します 名前=椅子再生工房 増加数=2
time=01:19:57.227 level=INFO msg=一定の売上が立ったためオーナーの椅子が増加します 名前=ReSit 増加数=1
time=01:19:57.229 level=INFO msg=一定の売上が立ったためオーナーの椅子が増加します 名前=椅子やいちば 増加数=1
time=01:19:59.016 level=INFO msg=一定の売上が立ったためオーナーの椅子が増加します 名前=椅子やいちば 増加数=1
time=01:19:59.062 level=INFO msg=一定の売上が立ったためオーナーの椅子が増加します 名前=ReSit 増加数=2
time=01:20:00.788 level=INFO msg=これまでに地域内の評判によって18人、既存ユーザーの招待経由で40人が新規登録しました
time=01:20:00.788 level=INFO msg=これまでに低評価なライドによって6人が利用をやめました
time=01:20:00.788 level=INFO msg=0.0%のライドは椅子がマッチされるまでの時間、65.1%のライドはマッチされた椅子が乗車地点までに掛かる時間、35.7%のライドは椅子の実移動時間に不満がありました
time=01:20:00.846 level=INFO msg=一定の売上が立ったためオーナーの椅子が増加します 名前=椅子やいちば 増加数=2
time=01:20:00.864 level=INFO msg=一定の売上が立ったためオーナーの椅子が増加します 名前="Urban Wheels" 増加数=1
time=01:20:00.865 level=INFO msg=一定の売上が立ったためオーナーの椅子が増加します 名前=瞬道タクシー 増加数=1
time=01:20:00.871 level=INFO msg=一定の売上が立ったためオーナーの椅子が増加します 名前=椅子再生工房 増加数=1
time=01:20:02.652 level=INFO msg=一定の売上が立ったためオーナーの椅子が増加します 名前=瞬道タクシー 増加数=1
time=01:20:02.657 level=INFO msg=一定の売上が立ったためオーナーの椅子が増加します 名前="Urban Wheels" 増加数=1
time=01:20:02.688 level=INFO msg=一定の売上が立ったためオーナーの椅子が増加します 名前=椅子再生工房 増加数=2
time=01:20:02.718 level=INFO msg=一定の売上が立ったためオーナーの椅子が増加します 名前=ReSit 増加数=1
time=01:20:04.488 level=INFO msg=一定の売上が立ったためオーナーの椅子が増加します 名前=椅子やいちば 増加数=2
time=01:20:04.489 level=INFO msg=一定の売上が立ったためオーナーの椅子が増加します 名前=ReSit 増加数=1
time=01:20:06.188 level=INFO msg=これまでに地域内の評判によって30人、既存ユーザーの招待経由で41人が新規登録しました
time=01:20:06.188 level=INFO msg=これまでに低評価なライドによって16人が利用をやめました
time=01:20:06.188 level=INFO msg=14.8%のライドは椅子がマッチされるまでの時間、61.4%のライドはマッチされた椅子が乗車地点までに掛かる時間、50.0%のライドは椅子の実移動時間に不満がありました
time=01:20:06.342 level=INFO msg=一定の売上が立ったためオーナーの椅子が増加します 名前=椅子再生工房 増加数=1
time=01:20:08.056 level=INFO msg=一定の売上が立ったためオーナーの椅子が増加します 名前=瞬道タクシー 増加数=1
time=01:20:08.124 level=INFO msg=一定の売上が立ったためオーナーの椅子が増加します 名前=ReSit 増加数=1
time=01:20:08.136 level=INFO msg=一定の売上が立ったためオーナーの椅子が増加します 名前=椅子やいちば 増加数=1
time=01:20:09.837 level=INFO msg=一定の売上が立ったためオーナーの椅子が増加します 名前="Urban Wheels" 増加数=1
time=01:20:09.882 level=INFO msg=一定の売上が立ったためオーナーの椅子が増加します 名前=瞬道タクシー 増加数=1
time=01:20:09.909 level=INFO msg=一定の売上が立ったためオーナーの椅子が増加します 名前=椅子再生工房 増加数=1
time=01:20:11.588 level=INFO msg=これまでに地域内の評判によって42人、既存ユーザーの招待経由で41人が新規登録しました
time=01:20:11.588 level=INFO msg=これまでに低評価なライドによって32人が利用をやめました
time=01:20:11.588 level=INFO msg=31.9%のライドは椅子がマッチされるまでの時間、63.8%のライドはマッチされた椅子が乗車地点までに掛かる時間、62.1%のライドは椅子の実移動時間に不満がありました
time=01:20:11.654 level=INFO msg=一定の売上が立ったためオーナーの椅子が増加します 名前=椅子やいちば 増加数=2
time=01:20:11.662 level=INFO msg=一定の売上が立ったためオーナーの椅子が増加します 名前=ReSit 増加数=1
time=01:20:11.681 level=INFO msg=一定の売上が立ったためオーナーの椅子が増加します 名前=瞬道タクシー 増加数=1
time=01:20:13.490 level=INFO msg=一定の売上が立ったためオーナーの椅子が増加します 名前="Urban Wheels" 増加数=1
time=01:20:13.491 level=INFO msg=一定の売上が立ったためオーナーの椅子が増加します 名前=椅子再生工房 増加数=1
time=01:20:13.506 level=INFO msg=一定の売上が立ったためオーナーの椅子が増加します 名前=椅子やいちば 増加数=1
time=01:20:13.552 level=INFO msg=一定の売上が立ったためオーナーの椅子が増加します 名前=ReSit 増加数=1
time=01:20:15.339 level=INFO msg=一定の売上が立ったためオーナーの椅子が増加します 名前=椅子再生工房 増加数=1
time=01:20:16.989 level=INFO msg=これまでに地域内の評判によって54人、既存ユーザーの招待経由で48人が新規登録しました
time=01:20:16.989 level=INFO msg=これまでに低評価なライドによって43人が利用をやめました
time=01:20:16.989 level=INFO msg=33.8%のライドは椅子がマッチされるまでの時間、59.5%のライドはマッチされた椅子が乗車地点までに掛かる時間、67.9%のライドは椅子の実移動時間に不満がありました
time=01:20:17.091 level=INFO msg=一定の売上が立ったためオーナーの椅子が増加します 名前="Urban Wheels" 増加数=1
time=01:20:17.230 level=INFO msg=一定の売上が立ったためオーナーの椅子が増加します 名前=椅子やいちば 増加数=1
time=01:20:17.243 level=INFO msg=一定の売上が立ったためオーナーの椅子が増加します 名前=瞬道タクシー 増加数=2
time=01:20:17.273 level=INFO msg=一定の売上が立ったためオーナーの椅子が増加します 名前=椅子再生工房 増加数=1
time=01:20:18.956 level=INFO msg=一定の売上が立ったためオーナーの椅子が増加します 名前="Urban Wheels" 増加数=1
time=01:20:19.094 level=INFO msg=一定の売上が立ったためオーナーの椅子が増加します 名前=椅子やいちば 増加数=2
time=01:20:20.711 level=INFO msg=一定の売上が立ったためオーナーの椅子が増加します 名前="Urban Wheels" 増加数=1
time=01:20:20.761 level=INFO msg=一定の売上が立ったためオーナーの椅子が増加します 名前=ReSit 増加数=2
time=01:20:22.388 level=INFO msg=これまでに地域内の評判によって66人、既存ユーザーの招待経由で50人が新規登録しました
time=01:20:22.388 level=INFO msg=これまでに低評価なライドによって46人が利用をやめました
time=01:20:22.388 level=INFO msg=29.6%のライドは椅子がマッチされるまでの時間、55.9%のライドはマッチされた椅子が乗車地点までに掛かる時間、72.9%のライドは椅子の実移動時間に不満がありました
time=01:20:22.578 level=INFO msg=一定の売上が立ったためオーナーの椅子が増加します 名前=椅子再生工房 増加数=2
time=01:20:22.589 level=INFO msg=一定の売上が立ったためオーナーの椅子が増加します 名前=瞬道タクシー 増加数=1
time=01:20:24.403 level=INFO msg=一定の売上が立ったためオーナーの椅子が増加します 名前=ReSit 増加数=1
time=01:20:24.450 level=INFO msg=一定の売上が立ったためオーナーの椅子が増加します 名前=椅子やいちば 増加数=1
time=01:20:26.094 level=INFO msg=一定の売上が立ったためオーナーの椅子が増加します 名前="Urban Wheels" 増加数=1
time=01:20:26.126 level=INFO msg=一定の売上が立ったためオーナーの椅子が増加します 名前=ReSit 増加数=1
time=01:20:26.157 level=INFO msg=一定の売上が立ったためオーナーの椅子が増加します 名前=瞬道タクシー 増加数=1
time=01:20:26.170 level=INFO msg=一定の売上が立ったためオーナーの椅子が増加します 名前=椅子再生工房 増加数=1
time=01:20:26.276 level=INFO msg=一定の売上が立ったためオーナーの椅子が増加します 名前=椅子やいちば 増加数=2
time=01:20:27.789 level=INFO msg=これまでに地域内の評判によって78人、既存ユーザーの招待経由で52人が新規登録しました
time=01:20:27.789 level=INFO msg=これまでに低評価なライドによって51人が利用をやめました
time=01:20:27.789 level=INFO msg=26.1%のライドは椅子がマッチされるまでの時間、54.1%のライドはマッチされた椅子が乗車地点までに掛かる時間、77.3%のライドは椅子の実移動時間に不満がありました
time=01:20:28.059 level=INFO msg=一定の売上が立ったためオーナーの椅子が増加します 名前=椅子やいちば 増加数=1
time=01:20:28.062 level=INFO msg=一定の売上が立ったためオーナーの椅子が増加します 名前=瞬道タクシー 増加数=1
time=01:20:28.113 level=INFO msg=一定の売上が立ったためオーナーの椅子が増加します 名前=椅子再生工房 増加数=1
time=01:20:28.161 level=INFO msg=一定の売上が立ったためオーナーの椅子が増加します 名前=ReSit 増加数=1
time=01:20:29.749 level=INFO msg=一定の売上が立ったためオーナーの椅子が増加します 名前=瞬道タクシー 増加数=1
time=01:20:29.795 level=INFO msg=一定の売上が立ったためオーナーの椅子が増加します 名前=椅子再生工房 増加数=1
time=01:20:29.824 level=INFO msg=一定の売上が立ったためオーナーの椅子が増加します 名前="Urban Wheels" 増加数=1
time=01:20:29.839 level=INFO msg=一定の売上が立ったためオーナーの椅子が増加します 名前=椅子やいちば 増加数=1
time=01:20:31.595 level=INFO msg=一定の売上が立ったためオーナーの椅子が増加します 名前="Urban Wheels" 増加数=1
time=01:20:31.669 level=INFO msg=一定の売上が立ったためオーナーの椅子が増加します 名前=ReSit 増加数=2
time=01:20:33.188 level=INFO msg=これまでに地域内の評判によって90人、既存ユーザーの招待経由で52人が新規登録しました
time=01:20:33.188 level=INFO msg=これまでに低評価なライドによって62人が利用をやめました
time=01:20:33.188 level=INFO msg=27.3%のライドは椅子がマッチされるまでの時間、51.9%のライドはマッチされた椅子が乗車地点までに掛かる時間、80.8%のライドは椅子の実移動時間に不満がありました
time=01:20:33.418 level=INFO msg=一定の売上が立ったためオーナーの椅子が増加します 名前=ReSit 増加数=1
time=01:20:33.437 level=INFO msg=一定の売上が立ったためオーナーの椅子が増加します 名前=椅子再生工房 増加数=2
time=01:20:33.480 level=INFO msg=一定の売上が立ったためオーナーの椅子が増加します 名前=瞬道タクシー 増加数=1
time=01:20:33.540 level=INFO msg=一定の売上が立ったためオーナーの椅子が増加します 名前=椅子やいちば 増加数=1
time=01:20:35.186 level=INFO msg=一定の売上が立ったためオーナーの椅子が増加します 名前=椅子やいちば 増加数=1
time=01:20:35.256 level=INFO msg=一定の売上が立ったためオーナーの椅子が増加します 名前="Urban Wheels" 増加数=1
time=01:20:35.265 level=INFO msg=一定の売上が立ったためオーナーの椅子が増加します 名前=瞬道タクシー 増加数=1
time=01:20:35.412 level=INFO msg=一定の売上が立ったためオーナーの椅子が増加します 名前=椅子再生工房 増加数=1
time=01:20:37.081 level=INFO msg=一定の売上が立ったためオーナーの椅子が増加します 名前=ReSit 増加数=2
time=01:20:37.240 level=INFO msg=一定の売上が立ったためオーナーの椅子が増加します 名前=椅子やいちば 増加数=1
time=01:20:38.588 level=INFO msg=これまでに地域内の評判によって102人、既存ユーザーの招待経由で52人が新規登録しました
time=01:20:38.588 level=INFO msg=これまでに低評価なライドによって77人が利用をやめました
time=01:20:38.588 level=INFO msg=35.2%のライドは椅子がマッチされるまでの時間、49.8%のライドはマッチされた椅子が乗車地点までに掛かる時間、83.1%のライドは椅子の実移動時間に不満がありました
time=01:20:38.709 level=INFO msg=一定の売上が立ったためオーナーの椅子が増加します 名前="Urban Wheels" 増加数=1
time=01:20:38.832 level=INFO msg=一定の売上が立ったためオーナーの椅子が増加します 名前=瞬道タクシー 増加数=1
time=01:20:38.900 level=INFO msg=一定の売上が立ったためオーナーの椅子が増加します 名前=椅子再生工房 増加数=1
time=01:20:40.586 level=INFO msg=一定の売上が立ったためオーナーの椅子が増加します 名前="Urban Wheels" 増加数=1
time=01:20:40.657 level=INFO msg=一定の売上が立ったためオーナーの椅子が増加します 名前=椅子再生工房 増加数=1
time=01:20:40.742 level=INFO msg=一定の売上が立ったためオーナーの椅子が増加します 名前=瞬道タクシー 増加数=1
time=01:20:40.759 level=INFO msg=一定の売上が立ったためオーナーの椅子が増加します 名前=椅子やいちば 増加数=1
time=01:20:40.781 level=INFO msg=一定の売上が立ったためオーナーの椅子が増加します 名前=ReSit 増加数=1
time=01:20:42.481 level=INFO msg=一定の売上が立ったためオーナーの椅子が増加します 名前=ReSit 増加数=2
time=01:20:42.544 level=INFO msg=一定の売上が立ったためオーナーの椅子が増加します 名前=椅子再生工房 増加数=1
time=01:20:42.552 level=INFO msg=一定の売上が立ったためオーナーの椅子が増加します 名前=椅子やいちば 増加数=1
time=01:20:42.678 level=INFO msg=一定の売上が立ったためオーナーの椅子が増加します 名前=瞬道タクシー 増加数=2
time=01:20:42.715 level=INFO msg=一定の売上が立ったためオーナーの椅子が増加します 名前="Urban Wheels" 増加数=1
time=01:20:43.988 level=INFO msg=これまでに地域内の評判によって114人、既存ユーザーの招待経由で52人が新規登録しました
time=01:20:43.988 level=INFO msg=これまでに低評価なライドによって95人が利用をやめました
time=01:20:43.988 level=INFO msg=43.8%のライドは椅子がマッチされるまでの時間、46.0%のライドはマッチされた椅子が乗車地点までに掛かる時間、85.6%のライドは椅子の実移動時間に不満がありました
time=01:20:44.280 level=INFO msg=一定の売上が立ったためオーナーの椅子が増加します 名前=椅子やいちば 増加数=1
time=01:20:44.403 level=INFO msg=一定の売上が立ったためオーナーの椅子が増加します 名前=ReSit 増加数=1
time=01:20:44.414 level=INFO msg=一定の売上が立ったためオーナーの椅子が増加します 名前=椅子再生工房 増加数=1
time=01:20:46.276 level=INFO msg=一定の売上が立ったためオーナーの椅子が増加します 名前="Urban Wheels" 増加数=1
time=01:20:46.277 level=INFO msg=一定の売上が立ったためオーナーの椅子が増加します 名前=瞬道タクシー 増加数=1
time=01:20:46.279 level=INFO msg=一定の売上が立ったためオーナーの椅子が増加します 名前=ReSit 増加数=1
time=01:20:47.762 level=INFO msg=一定の売上が立ったためオーナーの椅子が増加します 名前=瞬道タクシー 増加数=1
time=01:20:47.926 level=INFO msg=一定の売上が立ったためオーナーの椅子が増加します 名前=椅子やいちば 増加数=1
time=01:20:49.388 level=INFO msg=これまでに地域内の評判によって126人、既存ユーザーの招待経由で52人が新規登録しました
time=01:20:49.388 level=INFO msg=これまでに低評価なライドによって111人が利用をやめました
time=01:20:49.388 level=INFO msg=49.2%のライドは椅子がマッチされるまでの時間、43.7%のライドはマッチされた椅子が乗車地点までに掛かる時間、86.9%のライドは椅子の実移動時間に不満がありました
time=01:20:49.660 level=INFO msg=一定の売上が立ったためオーナーの椅子が増加します 名前=椅子再生工房 増加数=1
time=01:20:49.668 level=INFO msg=一定の売上が立ったためオーナーの椅子が増加します 名前="Urban Wheels" 増加数=1
time=01:20:49.937 level=INFO msg=一定の売上が立ったためオーナーの椅子が増加します 名前=ReSit 増加数=1
time=01:20:54.989 level=INFO msg=最終地域情報 名前=チェアタウン ユーザー登録数=96 アクティブユーザー数=38
time=01:20:54.989 level=INFO msg=最終地域情報 名前=コシカケシティ ユーザー登録数=96 アクティブユーザー数=41
time=01:20:54.989 level=INFO msg=最終オーナー情報 名前=瞬道タクシー 売上=429000 椅子数=25
time=01:20:54.989 level=INFO msg=最終オーナー情報 名前=椅子やいちば 売上=527300 椅子数=30
time=01:20:54.989 level=INFO msg=最終オーナー情報 名前=ReSit 売上=535300 椅子数=30
time=01:20:54.989 level=INFO msg=最終オーナー情報 名前="Urban Wheels" 売上=338900 椅子数=22
time=01:20:54.989 level=INFO msg=最終オーナー情報 名前=椅子再生工房 売上=473200 椅子数=28
time=01:20:54.989 level=INFO msg=50.4%のライドは椅子がマッチされるまでの時間、43.0%のライドはマッチされた椅子が乗車地点までに掛かる時間、87.3%のライドは椅子の実移動時間に不満がありました
time=01:20:54.989 level=INFO msg=結果 pass=true スコア=27411 種別エラー数=map[]
time=01:20:54.989 level=INFO msg=負荷走行が終了しました
