time=03:12:10.423 level=INFO msg=負荷走行を開始します
time=03:12:16.376 level=INFO msg=一定の売上が立ったためオーナーの椅子が増加します 名前=SwiftCab 増加数=1
time=03:12:16.378 level=INFO msg=一定の売上が立ったためオーナーの椅子が増加します 名前="LuxeLine Taxi" 増加数=3
time=03:12:16.379 level=INFO msg=一定の売上が立ったためオーナーの椅子が増加します 名前=瞬道タクシー 増加数=1
time=03:12:18.176 level=INFO msg=一定の売上が立ったためオーナーの椅子が増加します 名前=SwiftCab 増加数=2
time=03:12:18.176 level=INFO msg=一定の売上が立ったためオーナーの椅子が増加します 名前=瞬道タクシー 増加数=3
time=03:12:18.178 level=INFO msg=一定の売上が立ったためオーナーの椅子が増加します 名前=ReSit 増加数=1
time=03:12:18.178 level=INFO msg=一定の売上が立ったためオーナーの椅子が増加します 名前="Vintage Vibe Seats" 増加数=3
time=03:12:18.180 level=INFO msg=一定の売上が立ったためオーナーの椅子が増加します 名前="LuxeLine Taxi" 増加数=3
time=03:12:18.200 level=INFO msg=これまでに地域内の評判によって7人、既存ユーザーの招待経由で58人が新規登録しました
time=03:12:18.200 level=INFO msg=0.0%のライドは椅子がマッチされるまでの時間、54.2%のライドはマッチされた椅子が乗車地点までに掛かる時間、0.0%のライドは椅子の実移動時間に不満がありました
time=03:12:19.979 level=INFO msg=一定の売上が立ったためオーナーの椅子が増加します 名前=SwiftCab 増加数=5
time=03:12:19.981 level=INFO msg=一定の売上が立ったためオーナーの椅子が増加します 名前=ReSit 増加数=3
time=03:12:19.982 level=INFO msg=一定の売上が立ったためオーナーの椅子が増加します 名前="Vintage Vibe Seats" 増加数=3
time=03:12:19.983 level=INFO msg=一定の売上が立ったためオーナーの椅子が増加します 名前=瞬道タクシー 増加数=4
time=03:12:19.985 level=INFO msg=一定の売上が立ったためオーナーの椅子が増加します 名前="LuxeLine Taxi" 増加数=4
time=03:12:21.782 level=INFO msg=一定の売上が立ったためオーナーの椅子が増加します 名前=ReSit 増加数=3
time=03:12:21.783 level=INFO msg=一定の売上が立ったためオーナーの椅子が増加します 名前=SwiftCab 増加数=4
time=03:12:21.786 level=INFO msg=一定の売上が立ったためオーナーの椅子が増加します 名前=瞬道タクシー 増加数=6
time=03:12:21.787 level=INFO msg=一定の売上が立ったためオーナーの椅子が増加します 名前="Vintage Vibe Seats" 増加数=5
time=03:12:21.788 level=INFO msg=一定の売上が立ったためオーナーの椅子が増加します 名前="LuxeLine Taxi" 増加数=8
time=03:12:23.600 level=INFO msg=これまでに地域内の評判によって20人、既存ユーザーの招待経由で306人が新規登録しました
time=03:12:23.600 level=INFO msg=2.7%のライドは椅子がマッチされるまでの時間、14.6%のライドはマッチされた椅子が乗車地点までに掛かる時間、0.3%のライドは椅子の実移動時間に不満がありました
time=03:12:23.601 level=INFO msg=一定の売上が立ったためオーナーの椅子が増加します 名前=ReSit 増加数=5
time=03:12:23.603 level=INFO msg=一定の売上が立ったためオーナーの椅子が増加します 名前=SwiftCab 増加数=8
time=03:12:23.603 level=INFO msg=一定の売上が立ったためオーナーの椅子が増加します 名前="Vintage Vibe Seats" 増加数=7
time=03:12:23.604 level=INFO msg=一定の売上が立ったためオーナーの椅子が増加します 名前=瞬道タクシー 増加数=7
time=03:12:23.608 level=INFO msg=一定の売上が立ったためオーナーの椅子が増加します 名前="LuxeLine Taxi" 増加数=9
time=03:12:25.406 level=INFO msg=一定の売上が立ったためオーナーの椅子が増加します 名前=瞬道タクシー 増加数=10
time=03:12:25.410 level=INFO msg=一定の売上が立ったためオーナーの椅子が増加します 名前=ReSit 増加数=8
time=03:12:25.412 level=INFO msg=一定の売上が立ったためオーナーの椅子が増加します 名前=SwiftCab 増加数=9
time=03:12:25.415 level=INFO msg=一定の売上が立ったためオーナーの椅子が増加します 名前="Vintage Vibe Seats" 増加数=9
time=03:12:25.428 level=INFO msg=一定の売上が立ったためオーナーの椅子が増加します 名前="LuxeLine Taxi" 増加数=11
time=03:12:27.242 level=INFO msg=一定の売上が立ったためオーナーの椅子が増加します 名前=SwiftCab 増加数=10
time=03:12:27.246 level=INFO msg=一定の売上が立ったためオーナーの椅子が増加します 名前="Vintage Vibe Seats" 増加数=11
time=03:12:27.249 level=INFO msg=一定の売上が立ったためオーナーの椅子が増加します 名前=ReSit 増加数=9
time=03:12:27.256 level=INFO msg=一定の売上が立ったためオーナーの椅子が増加します 名前=瞬道タクシー 増加数=10
time=03:12:27.267 level=INFO msg=一定の売上が立ったためオーナーの椅子が増加します 名前="LuxeLine Taxi" 増加数=11
time=03:12:29.000 level=INFO msg=これまでに地域内の評判によって37人、既存ユーザーの招待経由で966人が新規登録しました
time=03:12:29.000 level=INFO msg=4.2%のライドは椅子がマッチされるまでの時間、6.8%のライドはマッチされた椅子が乗車地点までに掛かる時間、0.6%のライドは椅子の実移動時間に不満がありました
time=03:12:29.089 level=INFO msg=一定の売上が立ったためオーナーの椅子が増加します 名前=ReSit 増加数=11
time=03:12:29.247 level=INFO msg=一定の売上が立ったためオーナーの椅子が増加します 名前=瞬道タクシー 増加数=12
time=03:12:29.303 level=INFO msg=一定の売上が立ったためオーナーの椅子が増加します 名前=SwiftCab 増加数=12
time=03:12:29.317 level=INFO msg=一定の売上が立ったためオーナーの椅子が増加します 名前="Vintage Vibe Seats" 増加数=11
time=03:12:29.329 level=INFO msg=一定の売上が立ったためオーナーの椅子が増加します 名前="LuxeLine Taxi" 増加数=14
time=03:12:31.078 level=INFO msg=一定の売上が立ったためオーナーの椅子が増加します 名前=ReSit 増加数=8
time=03:12:31.116 level=INFO msg=一定の売上が立ったためオーナーの椅子が増加します 名前="Vintage Vibe Seats" 増加数=10
time=03:12:31.120 level=INFO msg=一定の売上が立ったためオーナーの椅子が増加します 名前=SwiftCab 増加数=10
time=03:12:31.129 level=INFO msg=一定の売上が立ったためオーナーの椅子が増加します 名前=瞬道タクシー 増加数=12
time=03:12:31.174 level=INFO msg=一定の売上が立ったためオーナーの椅子が増加します 名前="LuxeLine Taxi" 増加数=12
time=03:12:32.988 level=INFO msg=一定の売上が立ったためオーナーの椅子が増加します 名前=瞬道タクシー 増加数=11
time=03:12:32.996 level=INFO msg=一定の売上が立ったためオーナーの椅子が増加します 名前=ReSit 増加数=10
time=03:12:33.004 level=INFO msg=一定の売上が立ったためオーナーの椅子が増加します 名前="LuxeLine Taxi" 増加数=13
time=03:12:33.008 level=INFO msg=一定の売上が立ったためオーナーの椅子が増加します 名前="Vintage Vibe Seats" 増加数=11
time=03:12:33.010 level=INFO msg=一定の売上が立ったためオーナーの椅子が増加します 名前=SwiftCab 増加数=12
time=03:12:34.460 level=INFO msg=これまでに地域内の評判によって55人、既存ユーザーの招待経由で1774人が新規登録しました
time=03:12:34.460 level=INFO msg=これまでに低評価なライドによって3人が利用をやめました
time=03:12:34.460 level=INFO msg=25.8%のライドは椅子がマッチされるまでの時間、4.0%のライドはマッチされた椅子が乗車地点までに掛かる時間、8.6%のライドは椅子の実移動時間に不満がありました
time=03:12:34.924 level=INFO msg=一定の売上が立ったためオーナーの椅子が増加します 名前=ReSit 増加数=11
time=03:12:34.936 level=INFO msg=一定の売上が立ったためオーナーの椅子が増加します 名前="Vintage Vibe Seats" 増加数=14
time=03:12:34.952 level=INFO msg=一定の売上が立ったためオーナーの椅子が増加します 名前=SwiftCab 増加数=14
time=03:12:34.953 level=INFO msg=一定の売上が立ったためオーナーの椅子が増加します 名前=瞬道タクシー 増加数=14
time=03:12:34.970 level=INFO msg=一定の売上が立ったためオーナーの椅子が増加します 名前="LuxeLine Taxi" 増加数=16
time=03:12:36.529 level=INFO msg=一定の売上が立ったためオーナーの椅子が増加します 名前=ReSit 増加数=9
time=03:12:36.572 level=INFO msg=一定の売上が立ったためオーナーの椅子が増加します 名前="Vintage Vibe Seats" 増加数=12
time=03:12:36.574 level=INFO msg=一定の売上が立ったためオーナーの椅子が増加します 名前=SwiftCab 増加数=11
time=03:12:36.575 level=INFO msg=一定の売上が立ったためオーナーの椅子が増加します 名前=瞬道タクシー 増加数=13
time=03:12:36.576 level=INFO msg=一定の売上が立ったためオーナーの椅子が増加します 名前="LuxeLine Taxi" 増加数=13
time=03:12:38.322 level=INFO msg=一定の売上が立ったためオーナーの椅子が増加します 名前=ReSit 増加数=13
time=03:12:38.384 level=INFO msg=一定の売上が立ったためオーナーの椅子が増加します 名前="Vintage Vibe Seats" 増加数=17
time=03:12:38.403 level=INFO msg=一定の売上が立ったためオーナーの椅子が増加します 名前=SwiftCab 増加数=17
time=03:12:38.410 level=INFO msg=一定の売上が立ったためオーナーの椅子が増加します 名前=瞬道タクシー 増加数=18
time=03:12:38.411 level=INFO msg=一定の売上が立ったためオーナーの椅子が増加します 名前="LuxeLine Taxi" 増加数=20
time=03:12:39.860 level=INFO msg=これまでに地域内の評判によって70人、既存ユーザーの招待経由で2344人が新規登録しました
time=03:12:39.860 level=INFO msg=これまでに低評価なライドによって13人が利用をやめました
time=03:12:39.860 level=INFO msg=51.6%のライドは椅子がマッチされるまでの時間、3.1%のライドはマッチされた椅子が乗車地点までに掛かる時間、17.5%のライドは椅子の実移動時間に不満がありました
time=03:12:40.189 level=INFO msg=一定の売上が立ったためオーナーの椅子が増加します 名前=ReSit 増加数=13
time=03:12:40.222 level=INFO msg=一定の売上が立ったためオーナーの椅子が増加します 名前="Vintage Vibe Seats" 増加数=18
time=03:12:40.273 level=INFO msg=一定の売上が立ったためオーナーの椅子が増加します 名前=SwiftCab 増加数=16
time=03:12:40.276 level=INFO msg=一定の売上が立ったためオーナーの椅子が増加します 名前=瞬道タクシー 増加数=16
time=03:12:41.951 level=INFO msg=一定の売上が立ったためオーナーの椅子が増加します 名前=ReSit 増加数=13
time=03:12:41.954 level=INFO msg=一定の売上が立ったためオーナーの椅子が増加します 名前="LuxeLine Taxi" 増加数=37
time=03:12:43.599 level=WARN msg="取得した付近の椅子情報に不備があります (CODE=30): ID:01M32JPEWWT8WWGCFDDG96QVMZの椅子は既にライド中です"
time=03:12:43.599 level=WARN msg="取得した付近の椅子情報に不備があります (CODE=30): ID:01M32JPSSFVPXJPG2NA046YHPZの椅子は既にライド中です"
time=03:12:44.104 level=INFO msg=一定の売上が立ったためオーナーの椅子が増加します 名前=SwiftCab 増加数=37
time=03:12:44.106 level=INFO msg=一定の売上が立ったためオーナーの椅子が増加します 名前=ReSit 増加数=15
time=03:12:44.134 level=INFO msg=一定の売上が立ったためオーナーの椅子が増加します 名前="Vintage Vibe Seats" 増加数=31
time=03:12:44.171 level=INFO msg=一定の売上が立ったためオーナーの椅子が増加します 名前=瞬道タクシー 増加数=35
time=03:12:45.260 level=INFO msg=これまでに地域内の評判によって88人、既存ユーザーの招待経由で2722人が新規登録しました
time=03:12:45.260 level=INFO msg=これまでに低評価なライドによって24人が利用をやめました
time=03:12:45.260 level=INFO msg=65.9%のライドは椅子がマッチされるまでの時間、2.7%のライドはマッチされた椅子が乗車地点までに掛かる時間、23.7%のライドは椅子の実移動時間に不満がありました
time=03:12:47.620 level=INFO msg=一定の売上が立ったためオーナーの椅子が増加します 名前=ReSit 増加数=28
time=03:12:47.644 level=INFO msg=一定の売上が立ったためオーナーの椅子が増加します 名前="LuxeLine Taxi" 増加数=54
time=03:12:49.552 level=INFO msg=一定の売上が立ったためオーナーの椅子が増加します 名前="Vintage Vibe Seats" 増加数=51
time=03:12:49.555 level=INFO msg=一定の売上が立ったためオーナーの椅子が増加します 名前=SwiftCab 増加数=52
time=03:12:50.990 level=INFO msg=これまでに地域内の評判によって106人、既存ユーザーの招待経由で3072人が新規登録しました
time=03:12:50.990 level=INFO msg=これまでに低評価なライドによって42人が利用をやめました
time=03:12:50.990 level=INFO msg=74.2%のライドは椅子がマッチされるまでの時間、2.4%のライドはマッチされた椅子が乗車地点までに掛かる時間、27.8%のライドは椅子の実移動時間に不満がありました
time=03:12:51.445 level=INFO msg=一定の売上が立ったためオーナーの椅子が増加します 名前=瞬道タクシー 増加数=73
time=03:12:53.299 level=INFO msg=一定の売上が立ったためオーナーの椅子が増加します 名前=ReSit 増加数=50
time=03:12:54.659 level=WARN msg="取得した付近の椅子情報に不備があります (CODE=30): ID:01M32JQ7476ATXNDZXETX9XQJZの椅子は既にライド中です"
time=03:12:56.480 level=INFO msg=これまでに地域内の評判によって124人、既存ユーザーの招待経由で3349人が新規登録しました
time=03:12:56.480 level=INFO msg=これまでに低評価なライドによって69人が利用をやめました
time=03:12:56.480 level=INFO msg=79.1%のライドは椅子がマッチされるまでの時間、2.4%のライドはマッチされた椅子が乗車地点までに掛かる時間、30.9%のライドは椅子の実移動時間に不満がありました
time=03:12:56.976 level=INFO msg=一定の売上が立ったためオーナーの椅子が増加します 名前="LuxeLine Taxi" 増加数=99
time=03:12:57.004 level=WARN msg="取得した付近の椅子情報に不備があります (CODE=30): ID:01M32JPJE367C17XS35GNMB7D6の椅子は既にライド中です"
time=03:12:57.006 level=WARN msg="取得した付近の椅子情報に不備があります (CODE=30): ID:01M32JPJE367C17XS35GNMB7D6の椅子は既にライド中です"
time=03:12:58.061 level=WARN msg="取得した付近の椅子情報に不備があります (CODE=30): ID:01M32JQF2SWDM80K7MDST6Q9ZBの椅子は既にライド中です"
time=03:12:58.061 level=WARN msg="取得した付近の椅子情報に不備があります (CODE=30): ID:01M32JQ7GE5G4B22VN9XYZQRKVの椅子は既にライド中です"
time=03:12:58.063 level=WARN msg="取得した付近の椅子情報に不備があります (CODE=30): ID:01M32JPEWX8QDW4TM579P098DVの椅子は既にライド中です"
time=03:12:58.063 level=WARN msg="取得した付近の椅子情報に不備があります (CODE=30): ID:01M32JPEWX8QDW4TM579P098DVの椅子は既にライド中です"
time=03:12:58.064 level=WARN msg="取得した付近の椅子情報に不備があります (CODE=30): ID:01M32JQABKXSVNM3H9MKYD799Vの椅子は既にライド中です"
time=03:12:58.064 level=WARN msg="取得した付近の椅子情報に不備があります (CODE=30): ID:01M32JQ7GE5G4B22VN9XYZQRKVの椅子は既にライド中です"
time=03:12:58.065 level=WARN msg="取得した付近の椅子情報に不備があります (CODE=30): ID:01M32JQF2SWDM80K7MDST6Q9ZBの椅子は既にライド中です"
time=03:12:59.324 level=INFO msg=一定の売上が立ったためオーナーの椅子が増加します 名前="Vintage Vibe Seats" 増加数=92
time=03:12:59.330 level=INFO msg=一定の売上が立ったためオーナーの椅子が増加します 名前=SwiftCab 増加数=98
time=03:13:00.893 level=WARN msg="取得した付近の椅子情報に不備があります (CODE=30): ID:01M32JP7J9TBYQDPYQY3WN9R6Rの椅子は既にライド中です"
time=03:13:00.893 level=WARN msg="取得した付近の椅子情報に不備があります (CODE=30): ID:01M32JP7J9TBYQDPYQY3WN9R6Rの椅子は既にライド中です"
time=03:13:00.895 level=WARN msg="取得した付近の椅子情報に不備があります (CODE=30): ID:01M32JP7J9TBYQDPYQY3WN9R6Rの椅子は既にライド中です"
time=03:13:01.970 level=INFO msg=これまでに地域内の評判によって137人、既存ユーザーの招待経由で3489人が新規登録しました
time=03:13:01.970 level=INFO msg=これまでに低評価なライドによって99人が利用をやめました
time=03:13:01.971 level=INFO msg=82.8%のライドは椅子がマッチされるまでの時間、2.4%のライドはマッチされた椅子が乗車地点までに掛かる時間、33.5%のライドは椅子の実移動時間に不満がありました
time=03:13:02.627 level=INFO msg=一定の売上が立ったためオーナーの椅子が増加します 名前=ReSit 増加数=77
time=03:13:03.519 level=WARN msg="取得した付近の椅子情報に不備があります (CODE=30): ID:01M32JQ1T6RDJKCX5PQDKV8F6Dの椅子は既にライド中です"
time=03:13:03.520 level=WARN msg="取得した付近の椅子情報に不備があります (CODE=30): ID:01M32JQ1T6RDJKCX5PQDKV8F6Dの椅子は既にライド中です"
time=03:13:03.521 level=WARN msg="取得した付近の椅子情報に不備があります (CODE=30): ID:01M32JQ1T6RDJKCX5PQDKV8F6Dの椅子は既にライド中です"
time=03:13:05.084 level=INFO msg=一定の売上が立ったためオーナーの椅子が増加します 名前=瞬道タクシー 増加数=124
time=03:13:05.129 level=WARN msg="取得した付近の椅子情報に不備があります (CODE=30): ID:01M32JQK6FCK2Y32XQZXWNXHBMの椅子は既にライド中です"
time=03:13:07.760 level=INFO msg=これまでに地域内の評判によって160人、既存ユーザーの招待経由で3785人が新規登録しました
time=03:13:07.760 level=INFO msg=これまでに低評価なライドによって137人が利用をやめました
time=03:13:07.760 level=INFO msg=85.3%のライドは椅子がマッチされるまでの時間、2.2%のライドはマッチされた椅子が乗車地点までに掛かる時間、36.1%のライドは椅子の実移動時間に不満がありました
time=03:13:17.801 level=INFO msg=最終地域情報 名前=チェアタウン ユーザー登録数=2443 アクティブユーザー数=2348
time=03:13:17.801 level=INFO msg=最終地域情報 名前=コシカケシティ ユーザー登録数=1727 アクティブユーザー数=1651
time=03:13:17.801 level=INFO msg=最終オーナー情報 名前=ReSit 売上=14639500 椅子数=291
time=03:13:17.801 level=INFO msg=最終オーナー情報 名前=SwiftCab 売上=18095000 椅子数=322
time=03:13:17.801 level=INFO msg=最終オーナー情報 名前=瞬道タクシー 売上=18114100 椅子数=373
time=03:13:17.801 level=INFO msg=最終オーナー情報 名前="LuxeLine Taxi" 売上=19893600 椅子数=331
time=03:13:17.801 level=INFO msg=最終オーナー情報 名前="Vintage Vibe Seats" 売上=17534000 椅子数=309
time=03:13:17.801 level=INFO msg=87.3%のライドは椅子がマッチされるまでの時間、2.2%のライドはマッチされた椅子が乗車地点までに掛かる時間、38.5%のライドは椅子の実移動時間に不満がありました
time=03:13:17.802 level=INFO msg=結果 pass=true スコア=924767 種別エラー数=map[30:19]
time=03:13:17.802 level=INFO msg=負荷走行が終了しました
