time=07:58:10.490 level=INFO msg=負荷走行を開始します
time=07:58:16.435 level=INFO msg=一定の売上が立ったためオーナーの椅子が増加します 名前=つばさ交通 増加数=1
time=07:58:16.439 level=INFO msg=一定の売上が立ったためオーナーの椅子が増加します 名前=椅子と暮らし舎 増加数=1
time=07:58:16.440 level=INFO msg=一定の売上が立ったためオーナーの椅子が増加します 名前=街のりタクシー 増加数=2
time=07:58:16.441 level=INFO msg=一定の売上が立ったためオーナーの椅子が増加します 名前=いすの道 増加数=1
time=07:58:18.237 level=INFO msg=一定の売上が立ったためオーナーの椅子が増加します 名前=街のりタクシー 増加数=2
time=07:58:18.242 level=INFO msg=一定の売上が立ったためオーナーの椅子が増加します 名前=椅子と暮らし舎 増加数=2
time=07:58:18.244 level=INFO msg=一定の売上が立ったためオーナーの椅子が増加します 名前=つばさ交通 増加数=2
time=07:58:18.244 level=INFO msg=一定の売上が立ったためオーナーの椅子が増加します 名前=いすの道 増加数=2
time=07:58:18.244 level=INFO msg=一定の売上が立ったためオーナーの椅子が増加します 名前=風座プロダクツ 増加数=2
time=07:58:18.263 level=INFO msg=これまでに地域内の評判によって7人、既存ユーザーの招待経由で46人が新規登録しました
time=07:58:18.263 level=INFO msg=0.0%のライドは椅子がマッチされるまでの時間、64.6%のライドはマッチされた椅子が乗車地点までに掛かる時間、0.0%のライドは椅子の実移動時間に不満がありました
time=07:58:20.038 level=INFO msg=一定の売上が立ったためオーナーの椅子が増加します 名前=つばさ交通 増加数=3
time=07:58:20.042 level=INFO msg=一定の売上が立ったためオーナーの椅子が増加します 名前=風座プロダクツ 増加数=4
time=07:58:20.042 level=INFO msg=一定の売上が立ったためオーナーの椅子が増加します 名前=いすの道 増加数=3
time=07:58:20.045 level=INFO msg=一定の売上が立ったためオーナーの椅子が増加します 名前=街のりタクシー 増加数=4
time=07:58:20.045 level=INFO msg=一定の売上が立ったためオーナーの椅子が増加します 名前=椅子と暮らし舎 増加数=4
time=07:58:21.837 level=INFO msg=一定の売上が立ったためオーナーの椅子が増加します 名前=街のりタクシー 増加数=6
time=07:58:21.840 level=INFO msg=一定の売上が立ったためオーナーの椅子が増加します 名前=椅子と暮らし舎 増加数=5
time=07:58:21.844 level=INFO msg=一定の売上が立ったためオーナーの椅子が増加します 名前=いすの道 増加数=4
time=07:58:21.844 level=INFO msg=一定の売上が立ったためオーナーの椅子が増加します 名前=つばさ交通 増加数=4
time=07:58:21.845 level=INFO msg=一定の売上が立ったためオーナーの椅子が増加します 名前=風座プロダクツ 増加数=4
time=07:58:23.638 level=INFO msg=一定の売上が立ったためオーナーの椅子が増加します 名前=つばさ交通 増加数=8
time=07:58:23.642 level=INFO msg=一定の売上が立ったためオーナーの椅子が増加します 名前=いすの道 増加数=8
time=07:58:23.642 level=INFO msg=一定の売上が立ったためオーナーの椅子が増加します 名前=風座プロダクツ 増加数=8
time=07:58:23.650 level=INFO msg=一定の売上が立ったためオーナーの椅子が増加します 名前=椅子と暮らし舎 増加数=8
time=07:58:23.651 level=INFO msg=一定の売上が立ったためオーナーの椅子が増加します 名前=街のりタクシー 増加数=8
time=07:58:23.663 level=INFO msg=これまでに地域内の評判によって19人、既存ユーザーの招待経由で274人が新規登録しました
time=07:58:23.663 level=INFO msg=0.0%のライドは椅子がマッチされるまでの時間、28.2%のライドはマッチされた椅子が乗車地点までに掛かる時間、0.3%のライドは椅子の実移動時間に不満がありました
time=07:58:25.439 level=INFO msg=一定の売上が立ったためオーナーの椅子が増加します 名前=風座プロダクツ 増加数=9
time=07:58:25.444 level=INFO msg=一定の売上が立ったためオーナーの椅子が増加します 名前=つばさ交通 増加数=9
time=07:58:25.445 level=INFO msg=一定の売上が立ったためオーナーの椅子が増加します 名前=いすの道 増加数=10
time=07:58:25.446 level=INFO msg=一定の売上が立ったためオーナーの椅子が増加します 名前=街のりタクシー 増加数=11
time=07:58:25.446 level=INFO msg=一定の売上が立ったためオーナーの椅子が増加します 名前=椅子と暮らし舎 増加数=10
time=07:58:27.244 level=INFO msg=一定の売上が立ったためオーナーの椅子が増加します 名前=いすの道 増加数=12
time=07:58:27.249 level=INFO msg=一定の売上が立ったためオーナーの椅子が増加します 名前=椅子と暮らし舎 増加数=12
time=07:58:27.249 level=INFO msg=一定の売上が立ったためオーナーの椅子が増加します 名前=街のりタクシー 増加数=12
time=07:58:27.254 level=INFO msg=一定の売上が立ったためオーナーの椅子が増加します 名前=つばさ交通 増加数=11
time=07:58:27.254 level=INFO msg=一定の売上が立ったためオーナーの椅子が増加します 名前=風座プロダクツ 増加数=12
time=07:58:29.063 level=INFO msg=これまでに地域内の評判によって33人、既存ユーザーの招待経由で1020人が新規登録しました
time=07:58:29.063 level=INFO msg=0.0%のライドは椅子がマッチされるまでの時間、10.9%のライドはマッチされた椅子が乗車地点までに掛かる時間、0.4%のライドは椅子の実移動時間に不満がありました
time=07:58:29.073 level=INFO msg=一定の売上が立ったためオーナーの椅子が増加します 名前=つばさ交通 増加数=13
time=07:58:29.096 level=INFO msg=一定の売上が立ったためオーナーの椅子が増加します 名前=椅子と暮らし舎 増加数=13
time=07:58:29.096 level=INFO msg=一定の売上が立ったためオーナーの椅子が増加します 名前=いすの道 増加数=13
time=07:58:29.097 level=INFO msg=一定の売上が立ったためオーナーの椅子が増加します 名前=街のりタクシー 増加数=14
time=07:58:29.098 level=INFO msg=一定の売上が立ったためオーナーの椅子が増加します 名前=風座プロダクツ 増加数=13
time=07:58:30.998 level=INFO msg=一定の売上が立ったためオーナーの椅子が増加します 名前=つばさ交通 増加数=12
time=07:58:31.001 level=INFO msg=一定の売上が立ったためオーナーの椅子が増加します 名前=風座プロダクツ 増加数=12
time=07:58:31.003 level=INFO msg=一定の売上が立ったためオーナーの椅子が増加します 名前=いすの道 増加数=12
time=07:58:31.009 level=INFO msg=一定の売上が立ったためオーナーの椅子が増加します 名前=椅子と暮らし舎 増加数=12
time=07:58:31.009 level=INFO msg=一定の売上が立ったためオーナーの椅子が増加します 名前=街のりタクシー 増加数=14
time=07:58:32.780 level=INFO msg=一定の売上が立ったためオーナーの椅子が増加します 名前=つばさ交通 増加数=13
time=07:58:32.784 level=INFO msg=一定の売上が立ったためオーナーの椅子が増加します 名前=風座プロダクツ 増加数=12
time=07:58:32.786 level=INFO msg=一定の売上が立ったためオーナーの椅子が増加します 名前=いすの道 増加数=12
time=07:58:32.788 level=INFO msg=一定の売上が立ったためオーナーの椅子が増加します 名前=街のりタクシー 増加数=13
time=07:58:32.815 level=INFO msg=一定の売上が立ったためオーナーの椅子が増加します 名前=椅子と暮らし舎 増加数=12
time=07:58:34.584 level=INFO msg=これまでに地域内の評判によって51人、既存ユーザーの招待経由で1906人が新規登録しました
time=07:58:34.584 level=INFO msg=これまでに低評価なライドによって5人が利用をやめました
time=07:58:34.584 level=INFO msg=11.6%のライドは椅子がマッチされるまでの時間、6.7%のライドはマッチされた椅子が乗車地点までに掛かる時間、14.8%のライドは椅子の実移動時間に不満がありました
time=07:58:34.600 level=INFO msg=一定の売上が立ったためオーナーの椅子が増加します 名前=つばさ交通 増加数=14
time=07:58:34.600 level=INFO msg=一定の売上が立ったためオーナーの椅子が増加します 名前=椅子と暮らし舎 増加数=17
time=07:58:34.601 level=INFO msg=一定の売上が立ったためオーナーの椅子が増加します 名前=風座プロダクツ 増加数=14
time=07:58:34.602 level=INFO msg=一定の売上が立ったためオーナーの椅子が増加します 名前=街のりタクシー 増加数=18
time=07:58:34.602 level=INFO msg=一定の売上が立ったためオーナーの椅子が増加します 名前=いすの道 増加数=14
time=07:58:36.414 level=INFO msg=一定の売上が立ったためオーナーの椅子が増加します 名前=いすの道 増加数=14
time=07:58:36.416 level=INFO msg=一定の売上が立ったためオーナーの椅子が増加します 名前=椅子と暮らし舎 増加数=16
time=07:58:36.417 level=INFO msg=一定の売上が立ったためオーナーの椅子が増加します 名前=街のりタクシー 増加数=18
time=07:58:36.419 level=INFO msg=一定の売上が立ったためオーナーの椅子が増加します 名前=風座プロダクツ 増加数=17
time=07:58:36.420 level=INFO msg=一定の売上が立ったためオーナーの椅子が増加します 名前=つばさ交通 増加数=17
time=07:58:38.211 level=INFO msg=一定の売上が立ったためオーナーの椅子が増加します 名前=街のりタクシー 増加数=24
time=07:58:38.235 level=INFO msg=一定の売上が立ったためオーナーの椅子が増加します 名前=椅子と暮らし舎 増加数=22
time=07:58:38.256 level=INFO msg=一定の売上が立ったためオーナーの椅子が増加します 名前=風座プロダクツ 増加数=20
time=07:58:38.269 level=INFO msg=一定の売上が立ったためオーナーの椅子が増加します 名前=つばさ交通 増加数=22
time=07:58:38.272 level=INFO msg=一定の売上が立ったためオーナーの椅子が増加します 名前=いすの道 増加数=21
time=07:58:39.983 level=INFO msg=これまでに地域内の評判によって69人、既存ユーザーの招待経由で2505人が新規登録しました
time=07:58:39.983 level=INFO msg=これまでに低評価なライドによって28人が利用をやめました
time=07:58:39.983 level=INFO msg=46.6%のライドは椅子がマッチされるまでの時間、5.1%のライドはマッチされた椅子が乗車地点までに掛かる時間、23.7%のライドは椅子の実移動時間に不満がありました
time=07:58:39.984 level=INFO msg=一定の売上が立ったためオーナーの椅子が増加します 名前=つばさ交通 増加数=18
time=07:58:39.984 level=INFO msg=一定の売上が立ったためオーナーの椅子が増加します 名前=いすの道 増加数=19
time=07:58:39.994 level=INFO msg=一定の売上が立ったためオーナーの椅子が増加します 名前=椅子と暮らし舎 増加数=20
time=07:58:39.995 level=INFO msg=一定の売上が立ったためオーナーの椅子が増加します 名前=街のりタクシー 増加数=19
time=07:58:39.995 level=INFO msg=一定の売上が立ったためオーナーの椅子が増加します 名前=風座プロダクツ 増加数=20
time=07:58:41.818 level=INFO msg=一定の売上が立ったためオーナーの椅子が増加します 名前=つばさ交通 増加数=20
time=07:58:41.819 level=INFO msg=一定の売上が立ったためオーナーの椅子が増加します 名前=いすの道 増加数=18
time=07:58:41.819 level=INFO msg=一定の売上が立ったためオーナーの椅子が増加します 名前=風座プロダクツ 増加数=18
time=07:58:41.829 level=INFO msg=一定の売上が立ったためオーナーの椅子が増加します 名前=街のりタクシー 増加数=22
time=07:58:41.847 level=INFO msg=一定の売上が立ったためオーナーの椅子が増加します 名前=椅子と暮らし舎 増加数=19
time=07:58:43.596 level=INFO msg=一定の売上が立ったためオーナーの椅子が増加します 名前=風座プロダクツ 増加数=20
time=07:58:43.597 level=INFO msg=一定の売上が立ったためオーナーの椅子が増加します 名前=椅子と暮らし舎 増加数=20
time=07:58:43.597 level=INFO msg=一定の売上が立ったためオーナーの椅子が増加します 名前=街のりタクシー 増加数=20
time=07:58:43.598 level=INFO msg=一定の売上が立ったためオーナーの椅子が増加します 名前=つばさ交通 増加数=17
time=07:58:43.599 level=INFO msg=一定の売上が立ったためオーナーの椅子が増加します 名前=いすの道 増加数=19
time=07:58:45.383 level=INFO msg=これまでに地域内の評判によって87人、既存ユーザーの招待経由で2783人が新規登録しました
time=07:58:45.383 level=INFO msg=これまでに低評価なライドによって69人が利用をやめました
time=07:58:45.383 level=INFO msg=63.8%のライドは椅子がマッチされるまでの時間、4.4%のライドはマッチされた椅子が乗車地点までに掛かる時間、30.6%のライドは椅子の実移動時間に不満がありました
time=07:58:45.443 level=INFO msg=一定の売上が立ったためオーナーの椅子が増加します 名前=風座プロダクツ 増加数=24
time=07:58:45.444 level=INFO msg=一定の売上が立ったためオーナーの椅子が増加します 名前=つばさ交通 増加数=25
time=07:58:45.447 level=INFO msg=一定の売上が立ったためオーナーの椅子が増加します 名前=いすの道 増加数=24
time=07:58:45.449 level=INFO msg=一定の売上が立ったためオーナーの椅子が増加します 名前=街のりタクシー 増加数=29
time=07:58:45.449 level=INFO msg=一定の売上が立ったためオーナーの椅子が増加します 名前=椅子と暮らし舎 増加数=26
time=07:58:49.224 level=INFO msg=一定の売上が立ったためオーナーの椅子が増加します 名前=街のりタクシー 増加数=59
time=07:58:49.254 level=INFO msg=一定の売上が立ったためオーナーの椅子が増加します 名前=椅子と暮らし舎 増加数=53
time=07:58:49.279 level=INFO msg=一定の売上が立ったためオーナーの椅子が増加します 名前=いすの道 増加数=52
time=07:58:49.283 level=INFO msg=一定の売上が立ったためオーナーの椅子が増加します 名前=つばさ交通 増加数=52
time=07:58:49.287 level=INFO msg=一定の売上が立ったためオーナーの椅子が増加します 名前=風座プロダクツ 増加数=51
time=07:58:51.383 level=INFO msg=これまでに地域内の評判によって105人、既存ユーザーの招待経由で2982人が新規登録しました
time=07:58:51.383 level=INFO msg=これまでに低評価なライドによって104人が利用をやめました
time=07:58:51.383 level=INFO msg=73.2%のライドは椅子がマッチされるまでの時間、3.7%のライドはマッチされた椅子が乗車地点までに掛かる時間、36.6%のライドは椅子の実移動時間に不満がありました
time=07:58:55.861 level=WARN msg="取得した付近の椅子情報に不備があります (CODE=30): ID:01M3332N7X5QRS0FD93VGD5E4Jの椅子は既にライド中です"
time=07:58:55.881 level=WARN msg="取得した付近の椅子情報に不備があります (CODE=30): ID:01M3332N7X5QRS0FD93VGD5E4Jの椅子は既にライド中です"
time=07:58:56.062 level=WARN msg="取得した付近の椅子情報に不備があります (CODE=30): ID:01M3332BVBSR40VZAMM0YX33JBの椅子は既にライド中です"
time=07:58:56.062 level=WARN msg="取得した付近の椅子情報に不備があります (CODE=30): ID:01M3332A2NF0BW6MSGPZP0GD2Bの椅子は既にライド中です"
time=07:58:56.062 level=WARN msg="取得した付近の椅子情報に不備があります (CODE=30): ID:01M3332FJ3S9QAN6TXHZYNPYGTの椅子は既にライド中です"
time=07:58:56.063 level=WARN msg="取得した付近の椅子情報に不備があります (CODE=30): ID:01M3332FJ3S9QAN6TXHZYNPYGTの椅子は既にライド中です"
time=07:58:56.063 level=WARN msg="取得した付近の椅子情報に不備があります (CODE=30): ID:01M3332TYWR8A56VG2RV9EDB87の椅子は既にライド中です"
time=07:58:56.063 level=WARN msg="取得した付近の椅子情報に不備があります (CODE=30): ID:01M3332BVBSR40VZAMM0YX33JBの椅子は既にライド中です"
time=07:58:56.063 level=WARN msg="取得した付近の椅子情報に不備があります (CODE=30): ID:01M3332A2NF0BW6MSGPZP0GD2Bの椅子は既にライド中です"
time=07:58:56.065 level=WARN msg="取得した付近の椅子情報に不備があります (CODE=30): ID:01M3332FJ3S9QAN6TXHZYNPYGTの椅子は既にライド中です"
time=07:58:56.065 level=WARN msg="取得した付近の椅子情報に不備があります (CODE=30): ID:01M3332A2NF0BW6MSGPZP0GD2Bの椅子は既にライド中です"
time=07:58:57.113 level=INFO msg=これまでに地域内の評判によって121人、既存ユーザーの招待経由で3204人が新規登録しました
time=07:58:57.113 level=INFO msg=これまでに低評価なライドによって143人が利用をやめました
time=07:58:57.113 level=INFO msg=75.0%のライドは椅子がマッチされるまでの時間、3.4%のライドはマッチされた椅子が乗車地点までに掛かる時間、41.2%のライドは椅子の実移動時間に不満がありました
time=07:58:57.240 level=WARN msg="取得した付近の椅子情報に不備があります (CODE=30): ID:01M33334FSV71GSRX08WDM5DEDの椅子は既にライド中です"
time=07:58:57.242 level=WARN msg="取得した付近の椅子情報に不備があります (CODE=30): ID:01M33334FSV71GSRX08WDM5DEDの椅子は既にライド中です"
time=07:58:57.247 level=WARN msg="取得した付近の椅子情報に不備があります (CODE=30): ID:01M33334FSV71GSRX08WDM5DEDの椅子は既にライド中です"
time=07:58:57.282 level=INFO msg=一定の売上が立ったためオーナーの椅子が増加します 名前=風座プロダクツ 増加数=98
time=07:58:57.286 level=INFO msg=一定の売上が立ったためオーナーの椅子が増加します 名前=椅子と暮らし舎 増加数=103
time=07:58:58.672 level=WARN msg="取得した付近の椅子情報に不備があります (CODE=30): ID:01M3332KG3980JAK8QTK59MTRWの椅子は既にライド中です"
time=07:58:58.682 level=WARN msg="取得した付近の椅子情報に不備があります (CODE=30): ID:01M3332KG3980JAK8QTK59MTRWの椅子は既にライド中です"
time=07:58:58.697 level=WARN msg="取得した付近の椅子情報に不備があります (CODE=30): ID:01M3332KG3980JAK8QTK59MTRWの椅子は既にライド中です"
time=07:58:58.945 level=INFO msg=一定の売上が立ったためオーナーの椅子が増加します 名前=街のりタクシー 増加数=127
time=07:58:58.952 level=INFO msg=一定の売上が立ったためオーナーの椅子が増加します 名前=つばさ交通 増加数=115
time=07:58:58.979 level=INFO msg=一定の売上が立ったためオーナーの椅子が増加します 名前=いすの道 増加数=112
time=07:59:03.023 level=INFO msg=これまでに地域内の評判によって141人、既存ユーザーの招待経由で3376人が新規登録しました
time=07:59:03.023 level=INFO msg=これまでに低評価なライドによって198人が利用をやめました
time=07:59:03.023 level=INFO msg=78.9%のライドは椅子がマッチされるまでの時間、3.2%のライドはマッチされた椅子が乗車地点までに掛かる時間、45.4%のライドは椅子の実移動時間に不満がありました
time=07:59:04.019 level=WARN msg="取得した付近の椅子情報に不備があります (CODE=30): ID:01M33332E0VF7BR74NXDV8Z1A2の椅子は既にライド中です"
time=07:59:04.021 level=WARN msg="取得した付近の椅子情報に不備があります (CODE=30): ID:01M33332E0VF7BR74NXDV8Z1A2の椅子は既にライド中です"
time=07:59:04.021 level=WARN msg="取得した付近の椅子情報に不備があります (CODE=30): ID:01M33332E0VF7BR74NXDV8Z1A2の椅子は既にライド中です"
time=07:59:04.023 level=WARN msg="取得した付近の椅子情報に不備があります (CODE=30): ID:01M33332E0VF7BR74NXDV8Z1A2の椅子は既にライド中です"
time=07:59:04.026 level=WARN msg="取得した付近の椅子情報に不備があります (CODE=30): ID:01M33332E0VF7BR74NXDV8Z1A2の椅子は既にライド中です"
time=07:59:04.032 level=WARN msg="取得した付近の椅子情報に不備があります (CODE=30): ID:01M33332E0VF7BR74NXDV8Z1A2の椅子は既にライド中です"
time=07:59:04.055 level=WARN msg="取得した付近の椅子情報に不備があります (CODE=30): ID:01M33332E0VF7BR74NXDV8Z1A2の椅子は既にライド中です"
time=07:59:08.843 level=INFO msg=これまでに地域内の評判によって153人、既存ユーザーの招待経由で3500人が新規登録しました
time=07:59:08.843 level=INFO msg=これまでに低評価なライドによって259人が利用をやめました
time=07:59:08.843 level=INFO msg=81.2%のライドは椅子がマッチされるまでの時間、3.0%のライドはマッチされた椅子が乗車地点までに掛かる時間、48.3%のライドは椅子の実移動時間に不満がありました
time=07:59:09.424 level=WARN msg="取得した付近の椅子情報に不備があります (CODE=30): ID:01M3332ZJ7P4152WKWDXYHKEEPの椅子は既にライド中です"
time=07:59:09.428 level=WARN msg="取得した付近の椅子情報に不備があります (CODE=30): ID:01M3332ZJ7P4152WKWDXYHKEEPの椅子は既にライド中です"
time=07:59:09.429 level=WARN msg="取得した付近の椅子情報に不備があります (CODE=30): ID:01M3332ZAPDN7YCXCM86GH3MHYの椅子は既にライド中です"
time=07:59:09.431 level=WARN msg="取得した付近の椅子情報に不備があります (CODE=30): ID:01M3332PNVD5QJ3YJJ0G1N3QS2の椅子は既にライド中です"
time=07:59:09.431 level=WARN msg="取得した付近の椅子情報に不備があります (CODE=30): ID:01M3332PNVD5QJ3YJJ0G1N3QS2の椅子は既にライド中です"
time=07:59:09.431 level=WARN msg="取得した付近の椅子情報に不備があります (CODE=30): ID:01M3332PNVD5QJ3YJJ0G1N3QS2の椅子は既にライド中です"
time=07:59:09.431 level=WARN msg="取得した付近の椅子情報に不備があります (CODE=30): ID:01M3333GK22HVB1XCWH6VYSG0Eの椅子は既にライド中です"
time=07:59:09.431 level=WARN msg="取得した付近の椅子情報に不備があります (CODE=30): ID:01M3332ZAPDN7YCXCM86GH3MHYの椅子は既にライド中です"
time=07:59:09.432 level=WARN msg="取得した付近の椅子情報に不備があります (CODE=30): ID:01M3332ZAPDN7YCXCM86GH3MHYの椅子は既にライド中です"
time=07:59:09.432 level=WARN msg="取得した付近の椅子情報に不備があります (CODE=30): ID:01M3332ZAPDN7YCXCM86GH3MHYの椅子は既にライド中です"
time=07:59:09.496 level=WARN msg="取得した付近の椅子情報に不備があります (CODE=30): ID:01M3332PNVD5QJ3YJJ0G1N3QS2の椅子は既にライド中です"
time=07:59:09.527 level=WARN msg="取得した付近の椅子情報に不備があります (CODE=30): ID:01M3332PNVD5QJ3YJJ0G1N3QS2の椅子は既にライド中です"
time=07:59:09.527 level=WARN msg="取得した付近の椅子情報に不備があります (CODE=30): ID:01M3332PNVD5QJ3YJJ0G1N3QS2の椅子は既にライド中です"
time=07:59:09.527 level=WARN msg="取得した付近の椅子情報に不備があります (CODE=30): ID:01M3332PNVD5QJ3YJJ0G1N3QS2の椅子は既にライド中です"
time=07:59:09.528 level=WARN msg="取得した付近の椅子情報に不備があります (CODE=30): ID:01M3333GK22HVB1XCWH6VYSG0Eの椅子は既にライド中です"
time=07:59:09.528 level=WARN msg="取得した付近の椅子情報に不備があります (CODE=30): ID:01M3332PNVD5QJ3YJJ0G1N3QS2の椅子は既にライド中です"
time=07:59:09.530 level=WARN msg="取得した付近の椅子情報に不備があります (CODE=30): ID:01M3332PNVD5QJ3YJJ0G1N3QS2の椅子は既にライド中です"
time=07:59:09.532 level=WARN msg="取得した付近の椅子情報に不備があります (CODE=30): ID:01M3332PNVD5QJ3YJJ0G1N3QS2の椅子は既にライド中です"
time=07:59:09.721 level=WARN msg="取得した付近の椅子情報に不備があります (CODE=30): ID:01M3332896RG0E8FY3WEEJHMX2の椅子は既にライド中です"
time=07:59:09.722 level=WARN msg="取得した付近の椅子情報に不備があります (CODE=30): ID:01M3332896RG0E8FY3WEEJHMX2の椅子は既にライド中です"
time=07:59:09.749 level=WARN msg="取得した付近の椅子情報に不備があります (CODE=30): ID:01M3332896RG0E8FY3WEEJHMX2の椅子は既にライド中です"
time=07:59:09.752 level=WARN msg="取得した付近の椅子情報に不備があります (CODE=30): ID:01M3332Z7GSX76TWDCXM1K206Eの椅子は既にライド中です"
time=07:59:09.764 level=WARN msg="取得した付近の椅子情報に不備があります (CODE=30): ID:01M3331XEB5M0VWHKQQZ1MPQE9の椅子は既にライド中です"
time=07:59:09.764 level=WARN msg="取得した付近の椅子情報に不備があります (CODE=30): ID:01M3332V5Z8W7S0NYETWRG1BFNの椅子は既にライド中です"
time=07:59:09.765 level=WARN msg="取得した付近の椅子情報に不備があります (CODE=30): ID:01M3332Z7GSX76TWDCXM1K206Eの椅子は既にライド中です"
time=07:59:09.766 level=WARN msg="取得した付近の椅子情報に不備があります (CODE=30): ID:01M3332896RG0E8FY3WEEJHMX2の椅子は既にライド中です"
time=07:59:09.767 level=WARN msg="取得した付近の椅子情報に不備があります (CODE=30): ID:01M3332896RG0E8FY3WEEJHMX2の椅子は既にライド中です"
time=07:59:09.767 level=WARN msg="取得した付近の椅子情報に不備があります (CODE=30): ID:01M3332Z7GSX76TWDCXM1K206Eの椅子は既にライド中です"
time=07:59:09.779 level=WARN msg="取得した付近の椅子情報に不備があります (CODE=30): ID:01M3331XEB5M0VWHKQQZ1MPQE9の椅子は既にライド中です"
time=07:59:09.787 level=WARN msg="取得した付近の椅子情報に不備があります (CODE=30): ID:01M3332V5Z8W7S0NYETWRG1BFNの椅子は既にライド中です"
time=07:59:09.789 level=WARN msg="取得した付近の椅子情報に不備があります (CODE=30): ID:01M3332Z7GSX76TWDCXM1K206Eの椅子は既にライド中です"
time=07:59:09.790 level=WARN msg="取得した付近の椅子情報に不備があります (CODE=30): ID:01M3332Z7GSX76TWDCXM1K206Eの椅子は既にライド中です"
time=07:59:09.790 level=WARN msg="取得した付近の椅子情報に不備があります (CODE=30): ID:01M3332V5Z8W7S0NYETWRG1BFNの椅子は既にライド中です"
time=07:59:12.312 level=WARN msg="取得した付近の椅子情報に不備があります (CODE=30): ID:01M3332HD4XZ69HWW9SAHW28YEの椅子は既にライド中です"
time=07:59:12.313 level=WARN msg="取得した付近の椅子情報に不備があります (CODE=30): ID:01M33326GTSJZEPDQBHQ8DPRPPの椅子は既にライド中です"
time=07:59:12.313 level=WARN msg="取得した付近の椅子情報に不備があります (CODE=30): ID:01M3332HWGYVJGGKDMD0D5XHEHの椅子は既にライド中です"
time=07:59:12.314 level=WARN msg="取得した付近の椅子情報に不備があります (CODE=30): ID:01M333289VV2Y2MKQQRFTTXPT2の椅子は既にライド中です"
time=07:59:12.314 level=WARN msg="取得した付近の椅子情報に不備があります (CODE=30): ID:01M3332HWGYVJGGKDMD0D5XHEHの椅子は既にライド中です"
time=07:59:12.316 level=WARN msg="取得した付近の椅子情報に不備があります (CODE=30): ID:01M33326GTSJZEPDQBHQ8DPRPPの椅子は既にライド中です"
time=07:59:12.316 level=WARN msg="取得した付近の椅子情報に不備があります (CODE=30): ID:01M3332HWGYVJGGKDMD0D5XHEHの椅子は既にライド中です"
time=07:59:12.317 level=WARN msg="取得した付近の椅子情報に不備があります (CODE=30): ID:01M333289VV2Y2MKQQRFTTXPT2の椅子は既にライド中です"
time=07:59:12.317 level=WARN msg="取得した付近の椅子情報に不備があります (CODE=30): ID:01M333289VV2Y2MKQQRFTTXPT2の椅子は既にライド中です"
time=07:59:12.317 level=WARN msg="取得した付近の椅子情報に不備があります (CODE=30): ID:01M33324RK6NTJF71WS13VVSZNの椅子は既にライド中です"
time=07:59:12.323 level=WARN msg="取得した付近の椅子情報に不備があります (CODE=30): ID:01M333289VV2Y2MKQQRFTTXPT2の椅子は既にライド中です"
time=07:59:12.527 level=WARN msg="取得した付近の椅子情報に不備があります (CODE=30): ID:01M3332HRXGYVHF6M2E4HV6C59の椅子は既にライド中です"
time=07:59:12.527 level=WARN msg="取得した付近の椅子情報に不備があります (CODE=30): ID:01M33324RK6NTJF71WS13VVSZNの椅子は既にライド中です"
time=07:59:12.540 level=WARN msg="取得した付近の椅子情報に不備があります (CODE=30): ID:01M33333X3JAK4PGT27VPWZN6Yの椅子は既にライド中です"
time=07:59:12.541 level=WARN msg="取得した付近の椅子情報に不備があります (CODE=30): ID:01M3332G0ZN9PT76YVHJZ2S8KBの椅子は既にライド中です"
time=07:59:12.541 level=WARN msg="取得した付近の椅子情報に不備があります (CODE=30): ID:01M33326GTSJZEPDQBHQ8DPRPPの椅子は既にライド中です"
time=07:59:12.542 level=WARN msg="取得した付近の椅子情報に不備があります (CODE=30): ID:01M33326GTSJZEPDQBHQ8DPRPPの椅子は既にライド中です"
time=07:59:12.542 level=WARN msg="取得した付近の椅子情報に不備があります (CODE=30): ID:01M3332G0ZN9PT76YVHJZ2S8KBの椅子は既にライド中です"
time=07:59:12.542 level=WARN msg="取得した付近の椅子情報に不備があります (CODE=30): ID:01M3332HWGYVJGGKDMD0D5XHEHの椅子は既にライド中です"
time=07:59:12.542 level=WARN msg="取得した付近の椅子情報に不備があります (CODE=30): ID:01M33326GTSJZEPDQBHQ8DPRPPの椅子は既にライド中です"
time=07:59:12.542 level=WARN msg="取得した付近の椅子情報に不備があります (CODE=30): ID:01M3332G0ZN9PT76YVHJZ2S8KBの椅子は既にライド中です"
time=07:59:12.543 level=WARN msg="取得した付近の椅子情報に不備があります (CODE=30): ID:01M33324RK6NTJF71WS13VVSZNの椅子は既にライド中です"
time=07:59:12.543 level=WARN msg="取得した付近の椅子情報に不備があります (CODE=30): ID:01M33324RK6NTJF71WS13VVSZNの椅子は既にライド中です"
time=07:59:12.550 level=WARN msg="取得した付近の椅子情報に不備があります (CODE=30): ID:01M333289VV2Y2MKQQRFTTXPT2の椅子は既にライド中です"
time=07:59:12.551 level=WARN msg="取得した付近の椅子情報に不備があります (CODE=30): ID:01M33326GTSJZEPDQBHQ8DPRPPの椅子は既にライド中です"
time=07:59:12.554 level=WARN msg="取得した付近の椅子情報に不備があります (CODE=30): ID:01M333289VV2Y2MKQQRFTTXPT2の椅子は既にライド中です"
time=07:59:12.582 level=WARN msg="取得した付近の椅子情報に不備があります (CODE=30): ID:01M3332G0ZN9PT76YVHJZ2S8KBの椅子は既にライド中です"
time=07:59:12.582 level=WARN msg="取得した付近の椅子情報に不備があります (CODE=30): ID:01M3332FJ3S9QAN6TXJ28E4PBYの椅子は既にライド中です"
time=07:59:12.582 level=WARN msg="取得した付近の椅子情報に不備があります (CODE=30): ID:01M33324RK6NTJF71WS13VVSZNの椅子は既にライド中です"
time=07:59:12.582 level=WARN msg="取得した付近の椅子情報に不備があります (CODE=30): ID:01M33324RK6NTJF71WS13VVSZNの椅子は既にライド中です"
time=07:59:12.582 level=WARN msg="取得した付近の椅子情報に不備があります (CODE=30): ID:01M33333X3JAK4PGT27VPWZN6Yの椅子は既にライド中です"
time=07:59:12.582 level=WARN msg="取得した付近の椅子情報に不備があります (CODE=30): ID:01M3332HRXGYVHF6M2E4HV6C59の椅子は既にライド中です"
time=07:59:12.582 level=WARN msg="取得した付近の椅子情報に不備があります (CODE=30): ID:01M33324RK6NTJF71WS13VVSZNの椅子は既にライド中です"
time=07:59:12.582 level=WARN msg="取得した付近の椅子情報に不備があります (CODE=30): ID:01M333289VV2Y2MKQQRFTTXPT2の椅子は既にライド中です"
time=07:59:12.583 level=WARN msg="取得した付近の椅子情報に不備があります (CODE=30): ID:01M3332G0ZN9PT76YVHJZ2S8KBの椅子は既にライド中です"
time=07:59:12.583 level=WARN msg="取得した付近の椅子情報に不備があります (CODE=30): ID:01M33324RK6NTJF71WS13VVSZNの椅子は既にライド中です"
time=07:59:12.583 level=WARN msg="取得した付近の椅子情報に不備があります (CODE=30): ID:01M33333X3JAK4PGT27VPWZN6Yの椅子は既にライド中です"
time=07:59:12.583 level=WARN msg="取得した付近の椅子情報に不備があります (CODE=30): ID:01M33326GTSJZEPDQBHQ8DPRPPの椅子は既にライド中です"
time=07:59:12.941 level=WARN msg="取得した付近の椅子情報に不備があります (CODE=30): ID:01M3332RECMMFJRAXHBRFJRHMVの椅子は既にライド中です"
time=07:59:12.941 level=WARN msg="取得した付近の椅子情報に不備があります (CODE=30): ID:01M3332RECMMFJRAXHBRFJRHMVの椅子は既にライド中です"
time=07:59:12.943 level=WARN msg="取得した付近の椅子情報に不備があります (CODE=30): ID:01M3332RECMMFJRAXHBRFJRHMVの椅子は既にライド中です"
time=07:59:12.943 level=WARN msg="取得した付近の椅子情報に不備があります (CODE=30): ID:01M3332RECMMFJRAXHBRFJRHMVの椅子は既にライド中です"
time=07:59:17.867 level=INFO msg=最終地域情報 名前=チェアタウン ユーザー登録数=2095 アクティブユーザー数=1938
time=07:59:17.867 level=INFO msg=最終地域情報 名前=コシカケシティ ユーザー登録数=1645 アクティブユーザー数=1488
time=07:59:17.867 level=INFO msg=最終オーナー情報 名前=いすの道 売上=21587300 椅子数=374
time=07:59:17.867 level=INFO msg=最終オーナー情報 名前=椅子と暮らし舎 売上=22989600 椅子数=379
time=07:59:17.867 level=INFO msg=最終オーナー情報 名前=つばさ交通 売上=21976800 椅子数=380
time=07:59:17.867 level=INFO msg=最終オーナー情報 名前=風座プロダクツ 売上=22253500 椅子数=362
time=07:59:17.867 level=INFO msg=最終オーナー情報 名前=街のりタクシー 売上=24539000 椅子数=426
time=07:59:17.867 level=INFO msg=82.7%のライドは椅子がマッチされるまでの時間、3.0%のライドはマッチされた椅子が乗車地点までに掛かる時間、51.2%のライドは椅子の実移動時間に不満がありました
time=07:59:17.869 level=INFO msg=結果 pass=true スコア=1191662 種別エラー数=map[30:99]
time=07:59:17.869 level=INFO msg=負荷走行が終了しました
