time=07:49:15.300 level=INFO msg=負荷走行を開始します
time=07:49:21.260 level=INFO msg=一定の売上が立ったためオーナーの椅子が増加します 名前=SwiftCab 増加数=1
time=07:49:21.264 level=INFO msg=一定の売上が立ったためオーナーの椅子が増加します 名前="Chair Charm" 増加数=2
time=07:49:21.265 level=INFO msg=一定の売上が立ったためオーナーの椅子が増加します 名前="Sit Second Life" 増加数=1
time=07:49:21.270 level=INFO msg=一定の売上が立ったためオーナーの椅子が増加します 名前=ChairCycle 増加数=1
time=07:49:21.270 level=INFO msg=一定の売上が立ったためオーナーの椅子が増加します 名前=座和インダストリー 増加数=2
time=07:49:23.062 level=INFO msg=一定の売上が立ったためオーナーの椅子が増加します 名前=SwiftCab 増加数=2
time=07:49:23.064 level=INFO msg=一定の売上が立ったためオーナーの椅子が増加します 名前="Chair Charm" 増加数=2
time=07:49:23.066 level=INFO msg=一定の売上が立ったためオーナーの椅子が増加します 名前="Sit Second Life" 増加数=2
time=07:49:23.068 level=INFO msg=一定の売上が立ったためオーナーの椅子が増加します 名前=ChairCycle 増加数=2
time=07:49:23.068 level=INFO msg=一定の売上が立ったためオーナーの椅子が増加します 名前=座和インダストリー 増加数=2
time=07:49:23.089 level=INFO msg=これまでに地域内の評判によって8人、既存ユーザーの招待経由で55人が新規登録しました
time=07:49:23.089 level=INFO msg=0.0%のライドは椅子がマッチされるまでの時間、56.4%のライドはマッチされた椅子が乗車地点までに掛かる時間、0.9%のライドは椅子の実移動時間に不満がありました
time=07:49:24.863 level=INFO msg=一定の売上が立ったためオーナーの椅子が増加します 名前="Sit Second Life" 増加数=4
time=07:49:24.866 level=INFO msg=一定の売上が立ったためオーナーの椅子が増加します 名前="Chair Charm" 増加数=4
time=07:49:24.866 level=INFO msg=一定の売上が立ったためオーナーの椅子が増加します 名前=SwiftCab 増加数=3
time=07:49:24.867 level=INFO msg=一定の売上が立ったためオーナーの椅子が増加します 名前=ChairCycle 増加数=4
time=07:49:24.867 level=INFO msg=一定の売上が立ったためオーナーの椅子が増加します 名前=座和インダストリー 増加数=3
time=07:49:26.664 level=INFO msg=一定の売上が立ったためオーナーの椅子が増加します 名前=座和インダストリー 増加数=6
time=07:49:26.667 level=INFO msg=一定の売上が立ったためオーナーの椅子が増加します 名前=SwiftCab 増加数=5
time=07:49:26.667 level=INFO msg=一定の売上が立ったためオーナーの椅子が増加します 名前="Sit Second Life" 増加数=5
time=07:49:26.667 level=INFO msg=一定の売上が立ったためオーナーの椅子が増加します 名前="Chair Charm" 増加数=6
time=07:49:26.669 level=INFO msg=一定の売上が立ったためオーナーの椅子が増加します 名前=ChairCycle 増加数=6
time=07:49:28.462 level=INFO msg=一定の売上が立ったためオーナーの椅子が増加します 名前=SwiftCab 増加数=8
time=07:49:28.467 level=INFO msg=一定の売上が立ったためオーナーの椅子が増加します 名前=ChairCycle 増加数=8
time=07:49:28.467 level=INFO msg=一定の売上が立ったためオーナーの椅子が増加します 名前=座和インダストリー 増加数=8
time=07:49:28.474 level=INFO msg=一定の売上が立ったためオーナーの椅子が増加します 名前="Sit Second Life" 増加数=9
time=07:49:28.474 level=INFO msg=一定の売上が立ったためオーナーの椅子が増加します 名前="Chair Charm" 増加数=9
time=07:49:28.489 level=INFO msg=これまでに地域内の評判によって19人、既存ユーザーの招待経由で313人が新規登録しました
time=07:49:28.489 level=INFO msg=0.0%のライドは椅子がマッチされるまでの時間、26.7%のライドはマッチされた椅子が乗車地点までに掛かる時間、0.6%のライドは椅子の実移動時間に不満がありました
time=07:49:30.269 level=INFO msg=一定の売上が立ったためオーナーの椅子が増加します 名前=座和インダストリー 増加数=10
time=07:49:30.274 level=INFO msg=一定の売上が立ったためオーナーの椅子が増加します 名前="Sit Second Life" 増加数=11
time=07:49:30.274 level=INFO msg=一定の売上が立ったためオーナーの椅子が増加します 名前=SwiftCab 増加数=11
time=07:49:30.276 level=INFO msg=一定の売上が立ったためオーナーの椅子が増加します 名前="Chair Charm" 増加数=10
time=07:49:30.277 level=INFO msg=一定の売上が立ったためオーナーの椅子が増加します 名前=ChairCycle 増加数=11
time=07:49:32.076 level=INFO msg=一定の売上が立ったためオーナーの椅子が増加します 名前="Sit Second Life" 増加数=11
time=07:49:32.086 level=INFO msg=一定の売上が立ったためオーナーの椅子が増加します 名前=座和インダストリー 増加数=10
time=07:49:32.086 level=INFO msg=一定の売上が立ったためオーナーの椅子が増加します 名前=ChairCycle 増加数=12
time=07:49:32.089 level=INFO msg=一定の売上が立ったためオーナーの椅子が増加します 名前="Chair Charm" 増加数=13
time=07:49:32.091 level=INFO msg=一定の売上が立ったためオーナーの椅子が増加します 名前=SwiftCab 増加数=11
time=07:49:33.889 level=INFO msg=これまでに地域内の評判によって35人、既存ユーザーの招待経由で1072人が新規登録しました
time=07:49:33.889 level=INFO msg=0.1%のライドは椅子がマッチされるまでの時間、10.7%のライドはマッチされた椅子が乗車地点までに掛かる時間、0.7%のライドは椅子の実移動時間に不満がありました
time=07:49:33.899 level=INFO msg=一定の売上が立ったためオーナーの椅子が増加します 名前=SwiftCab 増加数=13
time=07:49:33.906 level=INFO msg=一定の売上が立ったためオーナーの椅子が増加します 名前=座和インダストリー 増加数=13
time=07:49:33.907 level=INFO msg=一定の売上が立ったためオーナーの椅子が増加します 名前="Chair Charm" 増加数=12
time=07:49:33.908 level=INFO msg=一定の売上が立ったためオーナーの椅子が増加します 名前="Sit Second Life" 増加数=11
time=07:49:33.911 level=INFO msg=一定の売上が立ったためオーナーの椅子が増加します 名前=ChairCycle 増加数=11
time=07:49:35.989 level=INFO msg=一定の売上が立ったためオーナーの椅子が増加します 名前=SwiftCab 増加数=11
time=07:49:37.842 level=INFO msg=一定の売上が立ったためオーナーの椅子が増加します 名前=SwiftCab 増加数=14
time=07:49:37.845 level=INFO msg=一定の売上が立ったためオーナーの椅子が増加します 名前="Chair Charm" 増加数=28
time=07:49:37.846 level=INFO msg=一定の売上が立ったためオーナーの椅子が増加します 名前="Sit Second Life" 増加数=25
time=07:49:37.847 level=INFO msg=一定の売上が立ったためオーナーの椅子が増加します 名前=座和インダストリー 増加数=25
time=07:49:37.848 level=INFO msg=一定の売上が立ったためオーナーの椅子が増加します 名前=ChairCycle 増加数=27
time=07:49:39.738 level=INFO msg=一定の売上が立ったためオーナーの椅子が増加します 名前="Sit Second Life" 増加数=15
time=07:49:39.739 level=INFO msg=一定の売上が立ったためオーナーの椅子が増加します 名前="Chair Charm" 増加数=14
time=07:49:39.739 level=INFO msg=これまでに地域内の評判によって53人、既存ユーザーの招待経由で2002人が新規登録しました
time=07:49:39.739 level=INFO msg=これまでに低評価なライドによって6人が利用をやめました
time=07:49:39.739 level=INFO msg=17.7%のライドは椅子がマッチされるまでの時間、7.3%のライドはマッチされた椅子が乗車地点までに掛かる時間、12.7%のライドは椅子の実移動時間に不満がありました
time=07:49:39.740 level=INFO msg=一定の売上が立ったためオーナーの椅子が増加します 名前=SwiftCab 増加数=17
time=07:49:39.740 level=INFO msg=一定の売上が立ったためオーナーの椅子が増加します 名前=座和インダストリー 増加数=14
time=07:49:39.742 level=INFO msg=一定の売上が立ったためオーナーの椅子が増加します 名前=ChairCycle 増加数=14
time=07:49:41.529 level=INFO msg=一定の売上が立ったためオーナーの椅子が増加します 名前=SwiftCab 増加数=15
time=07:49:41.538 level=INFO msg=一定の売上が立ったためオーナーの椅子が増加します 名前="Chair Charm" 増加数=17
time=07:49:41.538 level=INFO msg=一定の売上が立ったためオーナーの椅子が増加します 名前="Sit Second Life" 増加数=15
time=07:49:41.588 level=INFO msg=一定の売上が立ったためオーナーの椅子が増加します 名前=ChairCycle 増加数=15
time=07:49:41.588 level=INFO msg=一定の売上が立ったためオーナーの椅子が増加します 名前=座和インダストリー 増加数=14
time=07:49:43.545 level=INFO msg=一定の売上が立ったためオーナーの椅子が増加します 名前=SwiftCab 増加数=23
time=07:49:43.560 level=INFO msg=一定の売上が立ったためオーナーの椅子が増加します 名前=ChairCycle 増加数=22
time=07:49:43.580 level=INFO msg=一定の売上が立ったためオーナーの椅子が増加します 名前=座和インダストリー 増加数=21
time=07:49:43.607 level=INFO msg=一定の売上が立ったためオーナーの椅子が増加します 名前="Chair Charm" 増加数=22
time=07:49:43.609 level=INFO msg=一定の売上が立ったためオーナーの椅子が増加します 名前="Sit Second Life" 増加数=21
time=07:49:45.319 level=INFO msg=これまでに地域内の評判によって71人、既存ユーザーの招待経由で2660人が新規登録しました
time=07:49:45.319 level=INFO msg=これまでに低評価なライドによって27人が利用をやめました
time=07:49:45.319 level=INFO msg=50.8%のライドは椅子がマッチされるまでの時間、5.4%のライドはマッチされた椅子が乗車地点までに掛かる時間、20.8%のライドは椅子の実移動時間に不満がありました
time=07:49:47.120 level=INFO msg=一定の売上が立ったためオーナーの椅子が増加します 名前="Chair Charm" 増加数=36
time=07:49:47.120 level=INFO msg=一定の売上が立ったためオーナーの椅子が増加します 名前=SwiftCab 増加数=35
time=07:49:47.120 level=INFO msg=一定の売上が立ったためオーナーの椅子が増加します 名前="Sit Second Life" 増加数=33
time=07:49:47.140 level=INFO msg=一定の売上が立ったためオーナーの椅子が増加します 名前=座和インダストリー 増加数=31
time=07:49:47.148 level=INFO msg=一定の売上が立ったためオーナーの椅子が増加します 名前=ChairCycle 増加数=35
time=07:49:51.046 level=INFO msg=一定の売上が立ったためオーナーの椅子が増加します 名前=座和インダストリー 増加数=47
time=07:49:51.049 level=INFO msg=これまでに地域内の評判によって89人、既存ユーザーの招待経由で3157人が新規登録しました
time=07:49:51.049 level=INFO msg=これまでに低評価なライドによって45人が利用をやめました
time=07:49:51.049 level=INFO msg=66.4%のライドは椅子がマッチされるまでの時間、4.2%のライドはマッチされた椅子が乗車地点までに掛かる時間、25.7%のライドは椅子の実移動時間に不満がありました
time=07:49:53.228 level=INFO msg=一定の売上が立ったためオーナーの椅子が増加します 名前=SwiftCab 増加数=74
time=07:49:53.229 level=INFO msg=一定の売上が立ったためオーナーの椅子が増加します 名前="Sit Second Life" 増加数=74
time=07:49:53.230 level=INFO msg=一定の売上が立ったためオーナーの椅子が増加します 名前="Chair Charm" 増加数=75
time=07:49:53.268 level=INFO msg=一定の売上が立ったためオーナーの椅子が増加します 名前=ChairCycle 増加数=74
time=07:49:57.140 level=INFO msg=これまでに地域内の評判によって107人、既存ユーザーの招待経由で3491人が新規登録しました
time=07:49:57.140 level=INFO msg=これまでに低評価なライドによって75人が利用をやめました
time=07:49:57.140 level=INFO msg=75.4%のライドは椅子がマッチされるまでの時間、3.7%のライドはマッチされた椅子が乗車地点までに掛かる時間、30.5%のライドは椅子の実移動時間に不満がありました
time=07:49:57.162 level=INFO msg=一定の売上が立ったためオーナーの椅子が増加します 名前=座和インダストリー 増加数=76
time=07:50:00.161 level=WARN msg="取得した付近の椅子情報に不備があります (CODE=30): ID:01M332JCJ1ZDRJYSXFYAYGPT8Gの椅子は既にライド中です"
time=07:50:00.162 level=WARN msg="取得した付近の椅子情報に不備があります (CODE=30): ID:01M332JCJ1ZDRJYSXFYAYGPT8Gの椅子は既にライド中です"
time=07:50:00.199 level=WARN msg="取得した付近の椅子情報に不備があります (CODE=30): ID:01M332JCJ1ZDRJYSXFYAYGPT8Gの椅子は既にライド中です"
time=07:50:00.199 level=WARN msg="取得した付近の椅子情報に不備があります (CODE=30): ID:01M332JCJ1ZDRJYSXFYAYGPT8Gの椅子は既にライド中です"
time=07:50:01.402 level=WARN msg="取得した付近の椅子情報に不備があります (CODE=30): ID:01M332J7DRSJD8RN0HAYAGF2CAの椅子は既にライド中です"
time=07:50:02.659 level=INFO msg=これまでに地域内の評判によって125人、既存ユーザーの招待経由で3618人が新規登録しました
time=07:50:02.659 level=INFO msg=これまでに低評価なライドによって133人が利用をやめました
time=07:50:02.659 level=INFO msg=80.9%のライドは椅子がマッチされるまでの時間、3.3%のライドはマッチされた椅子が乗車地点までに掛かる時間、35.5%のライドは椅子の実移動時間に不満がありました
time=07:50:04.824 level=INFO msg=一定の売上が立ったためオーナーの椅子が増加します 名前="Sit Second Life" 増加数=149
time=07:50:06.778 level=INFO msg=一定の売上が立ったためオーナーの椅子が増加します 名前=SwiftCab 増加数=182
time=07:50:06.784 level=INFO msg=一定の売上が立ったためオーナーの椅子が増加します 名前=ChairCycle 増加数=182
time=07:50:06.930 level=INFO msg=一定の売上が立ったためオーナーの椅子が増加します 名前="Chair Charm" 増加数=183
time=07:50:08.600 level=INFO msg=これまでに地域内の評判によって143人、既存ユーザーの招待経由で3737人が新規登録しました
time=07:50:08.600 level=INFO msg=これまでに低評価なライドによって160人が利用をやめました
time=07:50:08.601 level=INFO msg=84.3%のライドは椅子がマッチされるまでの時間、3.1%のライドはマッチされた椅子が乗車地点までに掛かる時間、38.8%のライドは椅子の実移動時間に不満がありました
time=07:50:12.675 level=INFO msg=一定の売上が立ったためオーナーの椅子が増加します 名前=座和インダストリー 増加数=224
time=07:50:15.409 level=INFO msg=これまでに地域内の評判によって161人、既存ユーザーの招待経由で3856人が新規登録しました
time=07:50:15.409 level=INFO msg=これまでに低評価なライドによって185人が利用をやめました
time=07:50:15.409 level=INFO msg=87.1%のライドは椅子がマッチされるまでの時間、3.0%のライドはマッチされた椅子が乗車地点までに掛かる時間、41.4%のライドは椅子の実移動時間に不満がありました
time=07:50:22.690 level=INFO msg=最終地域情報 名前=チェアタウン ユーザー登録数=2403 アクティブユーザー数=2308
time=07:50:22.690 level=INFO msg=最終地域情報 名前=コシカケシティ ユーザー登録数=1668 アクティブユーザー数=1570
time=07:50:22.690 level=INFO msg=最終オーナー情報 名前="Sit Second Life" 売上=21796700 椅子数=390
time=07:50:22.690 level=INFO msg=最終オーナー情報 名前="Chair Charm" 売上=22636200 椅子数=437
time=07:50:22.690 level=INFO msg=最終オーナー情報 名前=ChairCycle 売上=22130500 椅子数=428
time=07:50:22.690 level=INFO msg=最終オーナー情報 名前=座和インダストリー 売上=22149300 椅子数=510
time=07:50:22.690 level=INFO msg=最終オーナー情報 名前=SwiftCab 売上=22303700 椅子数=429
time=07:50:22.690 level=INFO msg=88.0%のライドは椅子がマッチされるまでの時間、2.9%のライドはマッチされた椅子が乗車地点までに掛かる時間、42.6%のライドは椅子の実移動時間に不満がありました
time=07:50:22.691 level=INFO msg=結果 pass=true スコア=1160128 種別エラー数=map[30:5]
time=07:50:22.692 level=INFO msg=負荷走行が終了しました
