time=03:51:23.009 level=INFO msg=負荷走行を開始します
time=03:51:27.271 level=INFO msg=一定の売上が立ったためオーナーの椅子が増加します 名前=椅子やいちば 増加数=1
time=03:51:29.072 level=INFO msg=一定の売上が立ったためオーナーの椅子が増加します 名前=椅子のふるさと 増加数=1
time=03:51:29.072 level=INFO msg=一定の売上が立ったためオーナーの椅子が増加します 名前=座和インダストリー 増加数=1
time=03:51:29.072 level=INFO msg=一定の売上が立ったためオーナーの椅子が増加します 名前=椅子やいちば 増加数=1
time=03:51:29.072 level=INFO msg=一定の売上が立ったためオーナーの椅子が増加します 名前=ふたたび椅子堂 増加数=1
time=03:51:30.874 level=INFO msg=一定の売上が立ったためオーナーの椅子が増加します 名前=座和インダストリー 増加数=2
time=03:51:30.875 level=INFO msg=一定の売上が立ったためオーナーの椅子が増加します 名前=ふたたび椅子堂 増加数=2
time=03:51:30.877 level=INFO msg=一定の売上が立ったためオーナーの椅子が増加します 名前=椅子のふるさと 増加数=2
time=03:51:30.879 level=INFO msg=一定の売上が立ったためオーナーの椅子が増加します 名前=椅子やいちば 増加数=4
time=03:51:30.879 level=INFO msg=一定の売上が立ったためオーナーの椅子が増加します 名前="Artisan Seats" 増加数=1
time=03:51:30.900 level=INFO msg=これまでに地域内の評判によって8人、既存ユーザーの招待経由で52人が新規登録しました
time=03:51:30.900 level=INFO msg=0.0%のライドは椅子がマッチされるまでの時間、64.2%のライドはマッチされた椅子が乗車地点までに掛かる時間、0.0%のライドは椅子の実移動時間に不満がありました
time=03:51:32.672 level=INFO msg=一定の売上が立ったためオーナーの椅子が増加します 名前=ふたたび椅子堂 増加数=4
time=03:51:32.675 level=INFO msg=一定の売上が立ったためオーナーの椅子が増加します 名前="Artisan Seats" 増加数=2
time=03:51:32.675 level=INFO msg=一定の売上が立ったためオーナーの椅子が増加します 名前=椅子のふるさと 増加数=4
time=03:51:32.675 level=INFO msg=一定の売上が立ったためオーナーの椅子が増加します 名前=椅子やいちば 増加数=3
time=03:51:32.682 level=INFO msg=一定の売上が立ったためオーナーの椅子が増加します 名前=座和インダストリー 増加数=4
time=03:51:34.472 level=INFO msg=一定の売上が立ったためオーナーの椅子が増加します 名前=ふたたび椅子堂 増加数=6
time=03:51:34.475 level=INFO msg=一定の売上が立ったためオーナーの椅子が増加します 名前=椅子やいちば 増加数=6
time=03:51:34.475 level=INFO msg=一定の売上が立ったためオーナーの椅子が増加します 名前=椅子のふるさと 増加数=5
time=03:51:34.475 level=INFO msg=一定の売上が立ったためオーナーの椅子が増加します 名前="Artisan Seats" 増加数=4
time=03:51:34.483 level=INFO msg=一定の売上が立ったためオーナーの椅子が増加します 名前=座和インダストリー 増加数=4
time=03:51:36.276 level=INFO msg=一定の売上が立ったためオーナーの椅子が増加します 名前="Artisan Seats" 増加数=5
time=03:51:36.276 level=INFO msg=一定の売上が立ったためオーナーの椅子が増加します 名前=椅子のふるさと 増加数=8
time=03:51:36.276 level=INFO msg=一定の売上が立ったためオーナーの椅子が増加します 名前=椅子やいちば 増加数=9
time=03:51:36.280 level=INFO msg=一定の売上が立ったためオーナーの椅子が増加します 名前=ふたたび椅子堂 増加数=7
time=03:51:36.284 level=INFO msg=一定の売上が立ったためオーナーの椅子が増加します 名前=座和インダストリー 増加数=9
time=03:51:36.299 level=INFO msg=これまでに地域内の評判によって20人、既存ユーザーの招待経由で303人が新規登録しました
time=03:51:36.299 level=INFO msg=1.2%のライドは椅子がマッチされるまでの時間、20.1%のライドはマッチされた椅子が乗車地点までに掛かる時間、0.2%のライドは椅子の実移動時間に不満がありました
time=03:51:38.078 level=INFO msg=一定の売上が立ったためオーナーの椅子が増加します 名前=ふたたび椅子堂 増加数=11
time=03:51:38.085 level=INFO msg=一定の売上が立ったためオーナーの椅子が増加します 名前=椅子のふるさと 増加数=10
time=03:51:38.085 level=INFO msg=一定の売上が立ったためオーナーの椅子が増加します 名前="Artisan Seats" 増加数=7
time=03:51:38.085 level=INFO msg=一定の売上が立ったためオーナーの椅子が増加します 名前=椅子やいちば 増加数=12
time=03:51:38.093 level=INFO msg=一定の売上が立ったためオーナーの椅子が増加します 名前=座和インダストリー 増加数=11
time=03:51:39.879 level=INFO msg=一定の売上が立ったためオーナーの椅子が増加します 名前="Artisan Seats" 増加数=10
time=03:51:39.886 level=INFO msg=一定の売上が立ったためオーナーの椅子が増加します 名前=椅子やいちば 増加数=13
time=03:51:39.887 level=INFO msg=一定の売上が立ったためオーナーの椅子が増加します 名前=椅子のふるさと 増加数=12
time=03:51:39.888 level=INFO msg=一定の売上が立ったためオーナーの椅子が増加します 名前=座和インダストリー 増加数=12
time=03:51:39.888 level=INFO msg=一定の売上が立ったためオーナーの椅子が増加します 名前=ふたたび椅子堂 増加数=14
time=03:51:41.686 level=INFO msg=一定の売上が立ったためオーナーの椅子が増加します 名前=ふたたび椅子堂 増加数=13
time=03:51:41.699 level=INFO msg=これまでに地域内の評判によって35人、既存ユーザーの招待経由で1080人が新規登録しました
time=03:51:41.700 level=INFO msg=2.2%のライドは椅子がマッチされるまでの時間、5.5%のライドはマッチされた椅子が乗車地点までに掛かる時間、0.4%のライドは椅子の実移動時間に不満がありました
time=03:51:41.765 level=INFO msg=一定の売上が立ったためオーナーの椅子が増加します 名前="Artisan Seats" 増加数=12
time=03:51:41.776 level=INFO msg=一定の売上が立ったためオーナーの椅子が増加します 名前=椅子のふるさと 増加数=13
time=03:51:41.777 level=INFO msg=一定の売上が立ったためオーナーの椅子が増加します 名前=椅子やいちば 増加数=14
time=03:51:41.778 level=INFO msg=一定の売上が立ったためオーナーの椅子が増加します 名前=座和インダストリー 増加数=13
time=03:51:43.527 level=INFO msg=一定の売上が立ったためオーナーの椅子が増加します 名前=椅子のふるさと 増加数=12
time=03:51:43.528 level=INFO msg=一定の売上が立ったためオーナーの椅子が増加します 名前="Artisan Seats" 増加数=9
time=03:51:43.529 level=INFO msg=一定の売上が立ったためオーナーの椅子が増加します 名前=椅子やいちば 増加数=14
time=03:51:43.530 level=INFO msg=一定の売上が立ったためオーナーの椅子が増加します 名前=座和インダストリー 増加数=12
time=03:51:43.531 level=INFO msg=一定の売上が立ったためオーナーの椅子が増加します 名前=ふたたび椅子堂 増加数=15
time=03:51:45.285 level=INFO msg=一定の売上が立ったためオーナーの椅子が増加します 名前="Artisan Seats" 増加数=10
time=03:51:45.285 level=INFO msg=一定の売上が立ったためオーナーの椅子が増加します 名前=椅子やいちば 増加数=14
time=03:51:45.285 level=INFO msg=一定の売上が立ったためオーナーの椅子が増加します 名前=椅子のふるさと 増加数=13
time=03:51:45.300 level=INFO msg=一定の売上が立ったためオーナーの椅子が増加します 名前=ふたたび椅子堂 増加数=12
time=03:51:45.303 level=INFO msg=一定の売上が立ったためオーナーの椅子が増加します 名前=座和インダストリー 増加数=12
time=03:51:47.250 level=INFO msg=これまでに地域内の評判によって53人、既存ユーザーの招待経由で1965人が新規登録しました
time=03:51:47.250 level=INFO msg=これまでに低評価なライドによって5人が利用をやめました
time=03:51:47.250 level=INFO msg=20.4%のライドは椅子がマッチされるまでの時間、3.4%のライドはマッチされた椅子が乗車地点までに掛かる時間、12.5%のライドは椅子の実移動時間に不満がありました
time=03:51:47.282 level=INFO msg=一定の売上が立ったためオーナーの椅子が増加します 名前=椅子のふるさと 増加数=15
time=03:51:47.283 level=INFO msg=一定の売上が立ったためオーナーの椅子が増加します 名前="Artisan Seats" 増加数=11
time=03:51:47.284 level=INFO msg=一定の売上が立ったためオーナーの椅子が増加します 名前=椅子やいちば 増加数=17
time=03:51:47.316 level=INFO msg=一定の売上が立ったためオーナーの椅子が増加します 名前=座和インダストリー 増加数=17
time=03:51:47.318 level=INFO msg=一定の売上が立ったためオーナーの椅子が増加します 名前=ふたたび椅子堂 増加数=16
time=03:51:49.279 level=INFO msg=一定の売上が立ったためオーナーの椅子が増加します 名前=ふたたび椅子堂 増加数=18
time=03:51:49.281 level=INFO msg=一定の売上が立ったためオーナーの椅子が増加します 名前=座和インダストリー 増加数=18
time=03:51:49.339 level=INFO msg=一定の売上が立ったためオーナーの椅子が増加します 名前="Artisan Seats" 増加数=13
time=03:51:49.345 level=INFO msg=一定の売上が立ったためオーナーの椅子が増加します 名前=椅子のふるさと 増加数=18
time=03:51:49.352 level=INFO msg=一定の売上が立ったためオーナーの椅子が増加します 名前=椅子やいちば 増加数=22
time=03:51:51.072 level=INFO msg=一定の売上が立ったためオーナーの椅子が増加します 名前=椅子のふるさと 増加数=16
time=03:51:51.073 level=INFO msg=一定の売上が立ったためオーナーの椅子が増加します 名前="Artisan Seats" 増加数=13
time=03:51:51.073 level=INFO msg=一定の売上が立ったためオーナーの椅子が増加します 名前=ふたたび椅子堂 増加数=17
time=03:51:51.074 level=INFO msg=一定の売上が立ったためオーナーの椅子が増加します 名前=座和インダストリー 増加数=17
time=03:51:52.860 level=INFO msg=これまでに地域内の評判によって71人、既存ユーザーの招待経由で2654人が新規登録しました
time=03:51:52.860 level=INFO msg=これまでに低評価なライドによって11人が利用をやめました
time=03:51:52.860 level=INFO msg=46.2%のライドは椅子がマッチされるまでの時間、2.4%のライドはマッチされた椅子が乗車地点までに掛かる時間、21.7%のライドは椅子の実移動時間に不満がありました
time=03:51:52.962 level=INFO msg=一定の売上が立ったためオーナーの椅子が増加します 名前=椅子のふるさと 増加数=23
time=03:51:52.963 level=INFO msg=一定の売上が立ったためオーナーの椅子が増加します 名前="Artisan Seats" 増加数=15
time=03:51:52.965 level=INFO msg=一定の売上が立ったためオーナーの椅子が増加します 名前=椅子やいちば 増加数=41
time=03:51:52.967 level=INFO msg=一定の売上が立ったためオーナーの椅子が増加します 名前=座和インダストリー 増加数=20
time=03:51:52.972 level=INFO msg=一定の売上が立ったためオーナーの椅子が増加します 名前=ふたたび椅子堂 増加数=22
time=03:51:54.683 level=INFO msg=一定の売上が立ったためオーナーの椅子が増加します 名前="Artisan Seats" 増加数=15
time=03:51:56.448 level=INFO msg=一定の売上が立ったためオーナーの椅子が増加します 名前="Artisan Seats" 増加数=18
time=03:51:56.460 level=INFO msg=一定の売上が立ったためオーナーの椅子が増加します 名前=椅子のふるさと 増加数=41
time=03:51:56.475 level=INFO msg=一定の売上が立ったためオーナーの椅子が増加します 名前=ふたたび椅子堂 増加数=43
time=03:51:56.479 level=INFO msg=一定の売上が立ったためオーナーの椅子が増加します 名前=座和インダストリー 増加数=42
time=03:51:58.470 level=INFO msg=これまでに地域内の評判によって89人、既存ユーザーの招待経由で3095人が新規登録しました
time=03:51:58.470 level=INFO msg=これまでに低評価なライドによって29人が利用をやめました
time=03:51:58.470 level=INFO msg=62.9%のライドは椅子がマッチされるまでの時間、2.2%のライドはマッチされた椅子が乗車地点までに掛かる時間、27.4%のライドは椅子の実移動時間に不満がありました
time=03:51:58.491 level=INFO msg=一定の売上が立ったためオーナーの椅子が増加します 名前="Artisan Seats" 増加数=19
time=03:51:58.493 level=INFO msg=一定の売上が立ったためオーナーの椅子が増加します 名前=椅子やいちば 増加数=67
time=03:52:02.431 level=INFO msg=一定の売上が立ったためオーナーの椅子が増加します 名前=ふたたび椅子堂 増加数=79
time=03:52:02.510 level=INFO msg=一定の売上が立ったためオーナーの椅子が増加します 名前=座和インダストリー 増加数=74
time=03:52:02.542 level=INFO msg=一定の売上が立ったためオーナーの椅子が増加します 名前="Artisan Seats" 増加数=47
time=03:52:02.548 level=INFO msg=一定の売上が立ったためオーナーの椅子が増加します 名前=椅子のふるさと 増加数=75
time=03:52:04.147 level=WARN msg="取得した付近の椅子情報に不備があります (CODE=30): ID:01M32MZ01HG3T8EH8H048F1Y5Pの椅子は既にライド中です"
time=03:52:04.151 level=WARN msg="取得した付近の椅子情報に不備があります (CODE=30): ID:01M32MZ01HG3T8EH8H048F1Y5Pの椅子は既にライド中です"
time=03:52:04.169 level=INFO msg=これまでに地域内の評判によって107人、既存ユーザーの招待経由で3477人が新規登録しました
time=03:52:04.170 level=INFO msg=これまでに低評価なライドによって50人が利用をやめました
time=03:52:04.170 level=INFO msg=72.4%のライドは椅子がマッチされるまでの時間、2.0%のライドはマッチされた椅子が乗車地点までに掛かる時間、31.7%のライドは椅子の実移動時間に不満がありました
time=03:52:05.821 level=WARN msg="取得した付近の椅子情報に不備があります (CODE=30): ID:01M32MYFPY7QC3H2091M7ESNHSの椅子は既にライド中です"
time=03:52:09.929 level=INFO msg=これまでに地域内の評判によって125人、既存ユーザーの招待経由で3729人が新規登録しました
time=03:52:09.929 level=INFO msg=これまでに低評価なライドによって83人が利用をやめました
time=03:52:09.929 level=INFO msg=78.3%のライドは椅子がマッチされるまでの時間、2.0%のライドはマッチされた椅子が乗車地点までに掛かる時間、35.0%のライドは椅子の実移動時間に不満がありました
time=03:52:09.951 level=INFO msg=一定の売上が立ったためオーナーの椅子が増加します 名前=椅子やいちば 増加数=154
time=03:52:11.826 level=INFO msg=一定の売上が立ったためオーナーの椅子が増加します 名前="Artisan Seats" 増加数=105
time=03:52:12.315 level=WARN msg="取得した付近の椅子情報に不備があります (CODE=30): ID:01M32MYXBF7DAR1M0AXAV80519の椅子は既にライド中です"
time=03:52:12.316 level=WARN msg="取得した付近の椅子情報に不備があります (CODE=30): ID:01M32MYXBF7DAR1M0AXAV80519の椅子は既にライド中です"
time=03:52:12.317 level=WARN msg="取得した付近の椅子情報に不備があります (CODE=30): ID:01M32MYXBF7DAR1M0AXAV80519の椅子は既にライド中です"
time=03:52:13.771 level=WARN msg="取得した付近の椅子情報に不備があります (CODE=30): ID:01M32MYHEZNS252X75VGMM2Y33の椅子は既にライド中です"
time=03:52:15.389 level=INFO msg=これまでに地域内の評判によって143人、既存ユーザーの招待経由で3913人が新規登録しました
time=03:52:15.389 level=INFO msg=これまでに低評価なライドによって105人が利用をやめました
time=03:52:15.389 level=INFO msg=82.0%のライドは椅子がマッチされるまでの時間、1.9%のライドはマッチされた椅子が乗車地点までに掛かる時間、37.3%のライドは椅子の実移動時間に不満がありました
time=03:52:17.557 level=INFO msg=一定の売上が立ったためオーナーの椅子が増加します 名前=座和インダストリー 増加数=193
time=03:52:17.637 level=INFO msg=一定の売上が立ったためオーナーの椅子が増加します 名前=椅子のふるさと 増加数=191
time=03:52:19.699 level=INFO msg=一定の売上が立ったためオーナーの椅子が増加します 名前=ふたたび椅子堂 増加数=227
time=03:52:21.360 level=INFO msg=これまでに地域内の評判によって161人、既存ユーザーの招待経由で4128人が新規登録しました
time=03:52:21.360 level=INFO msg=これまでに低評価なライドによって132人が利用をやめました
time=03:52:21.360 level=INFO msg=84.7%のライドは椅子がマッチされるまでの時間、1.8%のライドはマッチされた椅子が乗車地点までに掛かる時間、38.8%のライドは椅子の実移動時間に不満がありました
time=03:52:22.626 level=WARN msg="取得した付近の椅子情報に不備があります (CODE=30): ID:01M32MYK43E8YE2JJJE0B7ZDQTの椅子は既にライド中です"
time=03:52:24.133 level=WARN msg="取得した付近の椅子情報に不備があります (CODE=30): ID:01M32MYWN2EK99WH98B1J645YPの椅子は既にライド中です"
time=03:52:24.234 level=WARN msg="取得した付近の椅子情報に不備があります (CODE=30): ID:01M32MYWN2EK99WH98B1J645YPの椅子は既にライド中です"
time=03:52:24.234 level=WARN msg="取得した付近の椅子情報に不備があります (CODE=30): ID:01M32MYWN2EK99WH98B1J645YPの椅子は既にライド中です"
time=03:52:24.242 level=WARN msg="取得した付近の椅子情報に不備があります (CODE=30): ID:01M32MYWN2EK99WH98B1J645YPの椅子は既にライド中です"
time=03:52:24.243 level=WARN msg="取得した付近の椅子情報に不備があります (CODE=30): ID:01M32MYWN2EK99WH98B1J645YPの椅子は既にライド中です"
time=03:52:24.245 level=WARN msg="取得した付近の椅子情報に不備があります (CODE=30): ID:01M32MYWN2EK99WH98B1J645YPの椅子は既にライド中です"
time=03:52:24.264 level=WARN msg="取得した付近の椅子情報に不備があります (CODE=30): ID:01M32MYWN2EK99WH98B1J645YPの椅子は既にライド中です"
time=03:52:24.265 level=WARN msg="取得した付近の椅子情報に不備があります (CODE=30): ID:01M32MYWN2EK99WH98B1J645YPの椅子は既にライド中です"
time=03:52:24.272 level=WARN msg="取得した付近の椅子情報に不備があります (CODE=30): ID:01M32MYWN2EK99WH98B1J645YPの椅子は既にライド中です"
time=03:52:24.296 level=WARN msg="取得した付近の椅子情報に不備があります (CODE=30): ID:01M32MYWN2EK99WH98B1J645YPの椅子は既にライド中です"
time=03:52:24.355 level=WARN msg="取得した付近の椅子情報に不備があります (CODE=30): ID:01M32MYWN2EK99WH98B1J645YPの椅子は既にライド中です"
time=03:52:24.358 level=WARN msg="取得した付近の椅子情報に不備があります (CODE=30): ID:01M32MYWN2EK99WH98B1J645YPの椅子は既にライド中です"
time=03:52:24.358 level=WARN msg="取得した付近の椅子情報に不備があります (CODE=30): ID:01M32MYWN2EK99WH98B1J645YPの椅子は既にライド中です"
time=03:52:24.495 level=WARN msg="取得した付近の椅子情報に不備があります (CODE=30): ID:01M32MYWN2EK99WH98B1J645YPの椅子は既にライド中です"
time=03:52:30.504 level=INFO msg=最終地域情報 名前=チェアタウン ユーザー登録数=2538 アクティブユーザー数=2470
time=03:52:30.504 level=INFO msg=最終地域情報 名前=コシカケシティ ユーザー登録数=1992 アクティブユーザー数=1911
time=03:52:30.504 level=INFO msg=最終オーナー情報 名前=座和インダストリー 売上=22245900 椅子数=465
time=03:52:30.504 level=INFO msg=最終オーナー情報 名前=椅子やいちば 売上=23331800 椅子数=396
time=03:52:30.504 level=INFO msg=最終オーナー情報 名前="Artisan Seats" 売上=18108300 椅子数=320
time=03:52:30.504 level=INFO msg=最終オーナー情報 名前=椅子のふるさと 売上=22014100 椅子数=463
time=03:52:30.504 level=INFO msg=最終オーナー情報 名前=ふたたび椅子堂 売上=22828300 椅子数=511
time=03:52:30.504 level=INFO msg=86.4%のライドは椅子がマッチされるまでの時間、1.7%のライドはマッチされた椅子が乗車地点までに掛かる時間、40.2%のライドは椅子の実移動時間に不満がありました
time=03:52:30.505 level=INFO msg=結果 pass=true スコア=1134748 種別エラー数=map[30:22]
time=03:52:30.505 level=INFO msg=負荷走行が終了しました
