time=06:39:03.462 level=INFO msg=負荷走行を開始します
time=06:39:09.485 level=INFO msg=一定の売上が立ったためオーナーの椅子が増加します 名前="Timeless Seats" 増加数=2
time=06:39:09.491 level=INFO msg=一定の売上が立ったためオーナーの椅子が増加します 名前=ふたたび椅子堂 増加数=1
time=06:39:09.491 level=INFO msg=一定の売上が立ったためオーナーの椅子が増加します 名前=風座プロダクツ 増加数=2
time=06:39:11.285 level=INFO msg=一定の売上が立ったためオーナーの椅子が増加します 名前=風座プロダクツ 増加数=3
time=06:39:11.289 level=INFO msg=一定の売上が立ったためオーナーの椅子が増加します 名前="Timeless Seats" 増加数=2
time=06:39:11.289 level=INFO msg=一定の売上が立ったためオーナーの椅子が増加します 名前=椅子のめぐりや 増加数=2
time=06:39:11.289 level=INFO msg=一定の売上が立ったためオーナーの椅子が増加します 名前=ZenDrive 増加数=1
time=06:39:11.291 level=INFO msg=一定の売上が立ったためオーナーの椅子が増加します 名前=ふたたび椅子堂 増加数=2
time=06:39:11.312 level=INFO msg=これまでに地域内の評判によって7人、既存ユーザーの招待経由で55人が新規登録しました
time=06:39:11.312 level=INFO msg=0.0%のライドは椅子がマッチされるまでの時間、56.1%のライドはマッチされた椅子が乗車地点までに掛かる時間、0.0%のライドは椅子の実移動時間に不満がありました
time=06:39:13.086 level=INFO msg=一定の売上が立ったためオーナーの椅子が増加します 名前=風座プロダクツ 増加数=5
time=06:39:13.090 level=INFO msg=一定の売上が立ったためオーナーの椅子が増加します 名前=ふたたび椅子堂 増加数=4
time=06:39:13.091 level=INFO msg=一定の売上が立ったためオーナーの椅子が増加します 名前=ZenDrive 増加数=3
time=06:39:13.091 level=INFO msg=一定の売上が立ったためオーナーの椅子が増加します 名前="Timeless Seats" 増加数=4
time=06:39:13.091 level=INFO msg=一定の売上が立ったためオーナーの椅子が増加します 名前=椅子のめぐりや 増加数=2
time=06:39:14.893 level=INFO msg=一定の売上が立ったためオーナーの椅子が増加します 名前=風座プロダクツ 増加数=7
time=06:39:14.895 level=INFO msg=一定の売上が立ったためオーナーの椅子が増加します 名前="Timeless Seats" 増加数=6
time=06:39:14.895 level=INFO msg=一定の売上が立ったためオーナーの椅子が増加します 名前=ZenDrive 増加数=4
time=06:39:14.895 level=INFO msg=一定の売上が立ったためオーナーの椅子が増加します 名前=椅子のめぐりや 増加数=5
time=06:39:14.900 level=INFO msg=一定の売上が立ったためオーナーの椅子が増加します 名前=ふたたび椅子堂 増加数=6
time=06:39:16.689 level=INFO msg=一定の売上が立ったためオーナーの椅子が増加します 名前=ふたたび椅子堂 増加数=9
time=06:39:16.690 level=INFO msg=一定の売上が立ったためオーナーの椅子が増加します 名前=風座プロダクツ 増加数=9
time=06:39:16.695 level=INFO msg=一定の売上が立ったためオーナーの椅子が増加します 名前="Timeless Seats" 増加数=8
time=06:39:16.695 level=INFO msg=一定の売上が立ったためオーナーの椅子が増加します 名前=椅子のめぐりや 増加数=8
time=06:39:16.697 level=INFO msg=一定の売上が立ったためオーナーの椅子が増加します 名前=ZenDrive 増加数=6
time=06:39:16.712 level=INFO msg=これまでに地域内の評判によって20人、既存ユーザーの招待経由で295人が新規登録しました
time=06:39:16.712 level=INFO msg=0.0%のライドは椅子がマッチされるまでの時間、23.4%のライドはマッチされた椅子が乗車地点までに掛かる時間、0.5%のライドは椅子の実移動時間に不満がありました
time=06:39:18.489 level=INFO msg=一定の売上が立ったためオーナーの椅子が増加します 名前=椅子のめぐりや 増加数=8
time=06:39:18.493 level=INFO msg=一定の売上が立ったためオーナーの椅子が増加します 名前=風座プロダクツ 増加数=12
time=06:39:18.493 level=INFO msg=一定の売上が立ったためオーナーの椅子が増加します 名前=ZenDrive 増加数=8
time=06:39:18.493 level=INFO msg=一定の売上が立ったためオーナーの椅子が増加します 名前="Timeless Seats" 増加数=11
time=06:39:18.502 level=INFO msg=一定の売上が立ったためオーナーの椅子が増加します 名前=ふたたび椅子堂 増加数=12
time=06:39:20.312 level=INFO msg=一定の売上が立ったためオーナーの椅子が増加します 名前=風座プロダクツ 増加数=13
time=06:39:20.321 level=INFO msg=一定の売上が立ったためオーナーの椅子が増加します 名前="Timeless Seats" 増加数=12
time=06:39:20.322 level=INFO msg=一定の売上が立ったためオーナーの椅子が増加します 名前=ふたたび椅子堂 増加数=11
time=06:39:22.092 level=INFO msg=一定の売上が立ったためオーナーの椅子が増加します 名前=椅子のめぐりや 増加数=21
time=06:39:22.092 level=INFO msg=一定の売上が立ったためオーナーの椅子が増加します 名前=ZenDrive 増加数=19
time=06:39:22.092 level=INFO msg=一定の売上が立ったためオーナーの椅子が増加します 名前="Timeless Seats" 増加数=14
time=06:39:22.093 level=INFO msg=一定の売上が立ったためオーナーの椅子が増加します 名前=ふたたび椅子堂 増加数=13
time=06:39:22.094 level=INFO msg=一定の売上が立ったためオーナーの椅子が増加します 名前=風座プロダクツ 増加数=14
time=06:39:22.112 level=INFO msg=これまでに地域内の評判によって33人、既存ユーザーの招待経由で1068人が新規登録しました
time=06:39:22.112 level=INFO msg=0.1%のライドは椅子がマッチされるまでの時間、10.7%のライドはマッチされた椅子が乗車地点までに掛かる時間、0.5%のライドは椅子の実移動時間に不満がありました
time=06:39:23.898 level=INFO msg=一定の売上が立ったためオーナーの椅子が増加します 名前=ZenDrive 増加数=9
time=06:39:23.898 level=INFO msg=一定の売上が立ったためオーナーの椅子が増加します 名前=風座プロダクツ 増加数=15
time=06:39:23.898 level=INFO msg=一定の売上が立ったためオーナーの椅子が増加します 名前=ふたたび椅子堂 増加数=13
time=06:39:23.899 level=INFO msg=一定の売上が立ったためオーナーの椅子が増加します 名前=椅子のめぐりや 増加数=9
time=06:39:23.899 level=INFO msg=一定の売上が立ったためオーナーの椅子が増加します 名前="Timeless Seats" 増加数=14
time=06:39:25.714 level=INFO msg=一定の売上が立ったためオーナーの椅子が増加します 名前=風座プロダクツ 増加数=14
time=06:39:25.722 level=INFO msg=一定の売上が立ったためオーナーの椅子が増加します 名前=椅子のめぐりや 増加数=11
time=06:39:25.724 level=INFO msg=一定の売上が立ったためオーナーの椅子が増加します 名前=ZenDrive 増加数=8
time=06:39:25.726 level=INFO msg=一定の売上が立ったためオーナーの椅子が増加します 名前="Timeless Seats" 増加数=15
time=06:39:25.727 level=INFO msg=一定の売上が立ったためオーナーの椅子が増加します 名前=ふたたび椅子堂 増加数=14
time=06:39:27.506 level=INFO msg=一定の売上が立ったためオーナーの椅子が増加します 名前=椅子のめぐりや 増加数=11
time=06:39:27.511 level=INFO msg=一定の売上が立ったためオーナーの椅子が増加します 名前=ZenDrive 増加数=14
time=06:39:27.512 level=INFO msg=一定の売上が立ったためオーナーの椅子が増加します 名前=風座プロダクツ 増加数=20
time=06:39:27.513 level=INFO msg=これまでに地域内の評判によって51人、既存ユーザーの招待経由で1863人が新規登録しました
time=06:39:27.513 level=INFO msg=これまでに低評価なライドによって10人が利用をやめました
time=06:39:27.513 level=INFO msg=18.5%のライドは椅子がマッチされるまでの時間、7.1%のライドはマッチされた椅子が乗車地点までに掛かる時間、14.1%のライドは椅子の実移動時間に不満がありました
time=06:39:27.524 level=INFO msg=一定の売上が立ったためオーナーの椅子が増加します 名前=ふたたび椅子堂 増加数=19
time=06:39:27.524 level=INFO msg=一定の売上が立ったためオーナーの椅子が増加します 名前="Timeless Seats" 増加数=17
time=06:39:29.539 level=INFO msg=一定の売上が立ったためオーナーの椅子が増加します 名前=ZenDrive 増加数=13
time=06:39:29.540 level=INFO msg=一定の売上が立ったためオーナーの椅子が増加します 名前="Timeless Seats" 増加数=21
time=06:39:29.541 level=INFO msg=一定の売上が立ったためオーナーの椅子が増加します 名前=風座プロダクツ 増加数=22
time=06:39:29.541 level=INFO msg=一定の売上が立ったためオーナーの椅子が増加します 名前=椅子のめぐりや 増加数=14
time=06:39:29.545 level=INFO msg=一定の売上が立ったためオーナーの椅子が増加します 名前=ふたたび椅子堂 増加数=20
time=06:39:31.498 level=INFO msg=一定の売上が立ったためオーナーの椅子が増加します 名前=椅子のめぐりや 増加数=16
time=06:39:31.527 level=INFO msg=一定の売上が立ったためオーナーの椅子が増加します 名前=ふたたび椅子堂 増加数=21
time=06:39:31.529 level=INFO msg=一定の売上が立ったためオーナーの椅子が増加します 名前=風座プロダクツ 増加数=23
time=06:39:31.549 level=INFO msg=一定の売上が立ったためオーナーの椅子が増加します 名前=ZenDrive 増加数=14
time=06:39:31.550 level=INFO msg=一定の売上が立ったためオーナーの椅子が増加します 名前="Timeless Seats" 増加数=20
time=06:39:33.303 level=INFO msg=これまでに地域内の評判によって69人、既存ユーザーの招待経由で2615人が新規登録しました
time=06:39:33.303 level=INFO msg=これまでに低評価なライドによって26人が利用をやめました
time=06:39:33.303 level=INFO msg=47.5%のライドは椅子がマッチされるまでの時間、5.6%のライドはマッチされた椅子が乗車地点までに掛かる時間、21.3%のライドは椅子の実移動時間に不満がありました
time=06:39:33.386 level=INFO msg=一定の売上が立ったためオーナーの椅子が増加します 名前=ZenDrive 増加数=16
time=06:39:33.388 level=INFO msg=一定の売上が立ったためオーナーの椅子が増加します 名前=椅子のめぐりや 増加数=15
time=06:39:34.661 level=WARN msg="取得した付近の椅子情報に不備があります (CODE=30): ID:01M32YHNRPETCHD6P1PZR8MPBVの椅子は既にライド中です"
time=06:39:34.665 level=WARN msg="取得した付近の椅子情報に不備があります (CODE=30): ID:01M32YHNRPETCHD6P1PZR8MPBVの椅子は既にライド中です"
time=06:39:34.676 level=WARN msg="取得した付近の椅子情報に不備があります (CODE=30): ID:01M32YHNRPETCHD6P1PZR8MPBVの椅子は既にライド中です"
time=06:39:35.123 level=INFO msg=一定の売上が立ったためオーナーの椅子が増加します 名前=ふたたび椅子堂 増加数=49
time=06:39:35.124 level=INFO msg=一定の売上が立ったためオーナーの椅子が増加します 名前="Timeless Seats" 増加数=45
time=06:39:35.125 level=INFO msg=一定の売上が立ったためオーナーの椅子が増加します 名前=風座プロダクツ 増加数=53
time=06:39:35.125 level=INFO msg=一定の売上が立ったためオーナーの椅子が増加します 名前=椅子のめぐりや 増加数=17
time=06:39:35.126 level=INFO msg=一定の売上が立ったためオーナーの椅子が増加します 名前=ZenDrive 増加数=17
time=06:39:36.925 level=INFO msg=一定の売上が立ったためオーナーの椅子が増加します 名前=ZenDrive 増加数=22
time=06:39:36.927 level=INFO msg=一定の売上が立ったためオーナーの椅子が増加します 名前=椅子のめぐりや 増加数=21
time=06:39:38.702 level=INFO msg=これまでに地域内の評判によって87人、既存ユーザーの招待経由で2974人が新規登録しました
time=06:39:38.703 level=INFO msg=これまでに低評価なライドによって55人が利用をやめました
time=06:39:38.703 level=INFO msg=63.7%のライドは椅子がマッチされるまでの時間、4.6%のライドはマッチされた椅子が乗車地点までに掛かる時間、27.8%のライドは椅子の実移動時間に不満がありました
time=06:39:40.526 level=INFO msg=一定の売上が立ったためオーナーの椅子が増加します 名前="Timeless Seats" 増加数=71
time=06:39:40.527 level=INFO msg=一定の売上が立ったためオーナーの椅子が増加します 名前=ZenDrive 増加数=37
time=06:39:40.528 level=INFO msg=一定の売上が立ったためオーナーの椅子が増加します 名前=椅子のめぐりや 増加数=37
time=06:39:42.500 level=INFO msg=一定の売上が立ったためオーナーの椅子が増加します 名前=ふたたび椅子堂 増加数=97
time=06:39:42.516 level=INFO msg=一定の売上が立ったためオーナーの椅子が増加します 名前=風座プロダクツ 増加数=101
time=06:39:44.253 level=INFO msg=これまでに地域内の評判によって105人、既存ユーザーの招待経由で3086人が新規登録しました
time=06:39:44.253 level=INFO msg=これまでに低評価なライドによって92人が利用をやめました
time=06:39:44.253 level=INFO msg=74.0%のライドは椅子がマッチされるまでの時間、4.0%のライドはマッチされた椅子が乗車地点までに掛かる時間、34.1%のライドは椅子の実移動時間に不満がありました
time=06:39:46.141 level=INFO msg=一定の売上が立ったためオーナーの椅子が増加します 名前=椅子のめぐりや 増加数=69
time=06:39:46.143 level=INFO msg=一定の売上が立ったためオーナーの椅子が増加します 名前=ZenDrive 増加数=66
time=06:39:46.484 level=WARN msg="取得した付近の椅子情報に不備があります (CODE=30): ID:01M32YHZNZYSF5Q020VWC3WJSRの椅子は既にライド中です"
time=06:39:46.488 level=WARN msg="取得した付近の椅子情報に不備があります (CODE=30): ID:01M32YHZNZYSF5Q020VWC3WJSRの椅子は既にライド中です"
time=06:39:46.491 level=WARN msg="取得した付近の椅子情報に不備があります (CODE=30): ID:01M32YHZNZYSF5Q020VWC3WJSRの椅子は既にライド中です"
time=06:39:49.774 level=INFO msg=これまでに地域内の評判によって123人、既存ユーザーの招待経由で3226人が新規登録しました
time=06:39:49.774 level=INFO msg=これまでに低評価なライドによって121人が利用をやめました
time=06:39:49.774 level=INFO msg=79.3%のライドは椅子がマッチされるまでの時間、3.7%のライドはマッチされた椅子が乗車地点までに掛かる時間、37.7%のライドは椅子の実移動時間に不満がありました
time=06:39:51.601 level=INFO msg=一定の売上が立ったためオーナーの椅子が増加します 名前="Timeless Seats" 増加数=163
time=06:39:55.652 level=INFO msg=これまでに地域内の評判によって141人、既存ユーザーの招待経由で3321人が新規登録しました
time=06:39:55.653 level=INFO msg=これまでに低評価なライドによって154人が利用をやめました
time=06:39:55.653 level=INFO msg=83.3%のライドは椅子がマッチされるまでの時間、3.4%のライドはマッチされた椅子が乗車地点までに掛かる時間、41.1%のライドは椅子の実移動時間に不満がありました
time=06:39:57.727 level=WARN msg="取得した付近の椅子情報に不備があります (CODE=30): ID:01M32YJGT0SE7C64TFSY1TXD7Mの椅子は既にライド中です"
time=06:39:57.729 level=WARN msg="取得した付近の椅子情報に不備があります (CODE=30): ID:01M32YJGT0SE7C64TFSY1TXD7Mの椅子は既にライド中です"
time=06:39:59.502 level=INFO msg=一定の売上が立ったためオーナーの椅子が増加します 名前=ふたたび椅子堂 増加数=239
time=06:39:59.505 level=INFO msg=一定の売上が立ったためオーナーの椅子が増加します 名前=ZenDrive 増加数=156
time=06:40:00.466 level=WARN msg="取得した付近の椅子情報に不備があります (CODE=30): ID:01M32YJ23ARGMBFB94W2C0HZFNの椅子は既にライド中です"
time=06:40:00.467 level=WARN msg="取得した付近の椅子情報に不備があります (CODE=30): ID:01M32YHV3VCSJ21K4BQZZ85Z6Tの椅子は既にライド中です"
time=06:40:00.468 level=WARN msg="取得した付近の椅子情報に不備があります (CODE=30): ID:01M32YHJ0Y6Q844M4M0KB5B36Pの椅子は既にライド中です"
time=06:40:00.511 level=WARN msg="取得した付近の椅子情報に不備があります (CODE=30): ID:01M32YJ23ARGMBFB94W2C0HZFNの椅子は既にライド中です"
time=06:40:00.561 level=WARN msg="取得した付近の椅子情報に不備があります (CODE=30): ID:01M32YJ23ARGMBFB94W2C0HZFNの椅子は既にライド中です"
time=06:40:00.561 level=WARN msg="取得した付近の椅子情報に不備があります (CODE=30): ID:01M32YHJ0Y6Q844M4M0KB5B36Pの椅子は既にライド中です"
time=06:40:00.562 level=WARN msg="取得した付近の椅子情報に不備があります (CODE=30): ID:01M32YJ23ARGMBFB94W2C0HZFNの椅子は既にライド中です"
time=06:40:00.563 level=WARN msg="取得した付近の椅子情報に不備があります (CODE=30): ID:01M32YHJ0Y6Q844M4M0KB5B36Pの椅子は既にライド中です"
time=06:40:00.564 level=WARN msg="取得した付近の椅子情報に不備があります (CODE=30): ID:01M32YHJ0Y6Q844M4M0KB5B36Pの椅子は既にライド中です"
time=06:40:00.564 level=WARN msg="取得した付近の椅子情報に不備があります (CODE=30): ID:01M32YHV3VCSJ21K4BQZZ85Z6Tの椅子は既にライド中です"
time=06:40:00.596 level=WARN msg="取得した付近の椅子情報に不備があります (CODE=30): ID:01M32YJ23ARGMBFB94W2C0HZFNの椅子は既にライド中です"
time=06:40:00.871 level=WARN msg="取得した付近の椅子情報に不備があります (CODE=30): ID:01M32YHHZ08WBN24T85TMBQ9TRの椅子は既にライド中です"
time=06:40:00.871 level=WARN msg="取得した付近の椅子情報に不備があります (CODE=30): ID:01M32YHHZ08WBN24T85TMBQ9TRの椅子は既にライド中です"
time=06:40:01.114 level=INFO msg=これまでに地域内の評判によって159人、既存ユーザーの招待経由で3391人が新規登録しました
time=06:40:01.114 level=INFO msg=これまでに低評価なライドによって191人が利用をやめました
time=06:40:01.115 level=INFO msg=85.5%のライドは椅子がマッチされるまでの時間、3.1%のライドはマッチされた椅子が乗車地点までに掛かる時間、44.1%のライドは椅子の実移動時間に不満がありました
time=06:40:01.209 level=INFO msg=一定の売上が立ったためオーナーの椅子が増加します 名前=椅子のめぐりや 増加数=187
time=06:40:01.259 level=INFO msg=一定の売上が立ったためオーナーの椅子が増加します 名前=風座プロダクツ 増加数=286
time=06:40:01.660 level=WARN msg="取得した付近の椅子情報に不備があります (CODE=30): ID:01M32YJ41MY8DY92KS1YQB4YB2の椅子は既にライド中です"
time=06:40:04.510 level=WARN msg="取得した付近の椅子情報に不備があります (CODE=30): ID:01M32YHCJYGP4Y1AZJEQZAHXW1の椅子は既にライド中です"
time=06:40:04.512 level=WARN msg="取得した付近の椅子情報に不備があります (CODE=30): ID:01M32YHCJYGP4Y1AZJEQZAHXW1の椅子は既にライド中です"
time=06:40:04.572 level=WARN msg="取得した付近の椅子情報に不備があります (CODE=30): ID:01M32YJ7X00G25S7CR3547W3YXの椅子は既にライド中です"
time=06:40:04.572 level=WARN msg="取得した付近の椅子情報に不備があります (CODE=30): ID:01M32YJ7X00G25S7CR3547W3YXの椅子は既にライド中です"
time=06:40:04.574 level=WARN msg="取得した付近の椅子情報に不備があります (CODE=30): ID:01M32YHCJYGP4Y1AZJEQZAHXW1の椅子は既にライド中です"
time=06:40:04.579 level=WARN msg="取得した付近の椅子情報に不備があります (CODE=30): ID:01M32YJ7X00G25S7CR3547W3YXの椅子は既にライド中です"
time=06:40:04.655 level=WARN msg="取得した付近の椅子情報に不備があります (CODE=30): ID:01M32YHCJYGP4Y1AZJEQZAHXW1の椅子は既にライド中です"
time=06:40:10.913 level=INFO msg=最終地域情報 名前=チェアタウン ユーザー登録数=2147 アクティブユーザー数=2033
time=06:40:10.913 level=INFO msg=最終地域情報 名前=コシカケシティ ユーザー登録数=1480 アクティブユーザー数=1378
time=06:40:10.913 level=INFO msg=最終オーナー情報 名前=椅子のめぐりや 売上=19825200 椅子数=457
time=06:40:10.913 level=INFO msg=最終オーナー情報 名前=風座プロダクツ 売上=26227300 椅子数=603
time=06:40:10.913 level=INFO msg=最終オーナー情報 名前=ふたたび椅子堂 売上=24344700 椅子数=534
time=06:40:10.913 level=INFO msg=最終オーナー情報 名前="Timeless Seats" 売上=24590500 椅子数=429
time=06:40:10.913 level=INFO msg=最終オーナー情報 名前=ZenDrive 売上=19115600 椅子数=417
time=06:40:10.913 level=INFO msg=87.1%のライドは椅子がマッチされるまでの時間、3.0%のライドはマッチされた椅子が乗車地点までに掛かる時間、46.9%のライドは椅子の実移動時間に不満がありました
time=06:40:10.914 level=INFO msg=結果 pass=true スコア=1196520 種別エラー数=map[30:29]
time=06:40:10.914 level=INFO msg=負荷走行が終了しました
