time=02:44:51.000 level=INFO msg=負荷走行を開始します
time=02:44:56.915 level=INFO msg=一定の売上が立ったためオーナーの椅子が増加します 名前="PreLoved Chairs" 増加数=1
time=02:44:56.915 level=INFO msg=一定の売上が立ったためオーナーの椅子が増加します 名前=ReSit 増加数=2
time=02:44:56.916 level=INFO msg=一定の売上が立ったためオーナーの椅子が増加します 名前="CraftChair Co., Ltd." 増加数=1
time=02:44:58.714 level=INFO msg=一定の売上が立ったためオーナーの椅子が増加します 名前=風座プロダクツ 増加数=1
time=02:44:58.719 level=INFO msg=一定の売上が立ったためオーナーの椅子が増加します 名前=SwiftCab 増加数=1
time=02:44:58.719 level=INFO msg=一定の売上が立ったためオーナーの椅子が増加します 名前="CraftChair Co., Ltd." 増加数=1
time=02:44:58.720 level=INFO msg=一定の売上が立ったためオーナーの椅子が増加します 名前="PreLoved Chairs" 増加数=1
time=02:44:58.721 level=INFO msg=一定の売上が立ったためオーナーの椅子が増加します 名前=ReSit 増加数=1
time=02:44:58.739 level=INFO msg=これまでに地域内の評判によって6人、既存ユーザーの招待経由で40人が新規登録しました
time=02:44:58.740 level=INFO msg=0.0%のライドは椅子がマッチされるまでの時間、55.0%のライドはマッチされた椅子が乗車地点までに掛かる時間、0.0%のライドは椅子の実移動時間に不満がありました
time=02:45:00.516 level=INFO msg=一定の売上が立ったためオーナーの椅子が増加します 名前="PreLoved Chairs" 増加数=3
time=02:45:00.520 level=INFO msg=一定の売上が立ったためオーナーの椅子が増加します 名前=ReSit 増加数=1
time=02:45:00.523 level=INFO msg=一定の売上が立ったためオーナーの椅子が増加します 名前="CraftChair Co., Ltd." 増加数=1
time=02:45:00.524 level=INFO msg=一定の売上が立ったためオーナーの椅子が増加します 名前=風座プロダクツ 増加数=2
time=02:45:00.525 level=INFO msg=一定の売上が立ったためオーナーの椅子が増加します 名前=SwiftCab 増加数=1
time=02:45:02.320 level=INFO msg=一定の売上が立ったためオーナーの椅子が増加します 名前="PreLoved Chairs" 増加数=2
time=02:45:02.325 level=INFO msg=一定の売上が立ったためオーナーの椅子が増加します 名前=ReSit 増加数=3
time=02:45:02.326 level=INFO msg=一定の売上が立ったためオーナーの椅子が増加します 名前=SwiftCab 増加数=1
time=02:45:02.326 level=INFO msg=一定の売上が立ったためオーナーの椅子が増加します 名前="CraftChair Co., Ltd." 増加数=2
time=02:45:02.327 level=INFO msg=一定の売上が立ったためオーナーの椅子が増加します 名前=風座プロダクツ 増加数=1
time=02:45:04.122 level=INFO msg=一定の売上が立ったためオーナーの椅子が増加します 名前="PreLoved Chairs" 増加数=5
time=02:45:04.124 level=INFO msg=一定の売上が立ったためオーナーの椅子が増加します 名前=SwiftCab 増加数=1
time=02:45:04.126 level=INFO msg=一定の売上が立ったためオーナーの椅子が増加します 名前=風座プロダクツ 増加数=3
time=02:45:04.129 level=INFO msg=一定の売上が立ったためオーナーの椅子が増加します 名前="CraftChair Co., Ltd." 増加数=3
time=02:45:04.132 level=INFO msg=一定の売上が立ったためオーナーの椅子が増加します 名前=ReSit 増加数=4
time=02:45:04.139 level=INFO msg=これまでに地域内の評判によって18人、既存ユーザーの招待経由で132人が新規登録しました
time=02:45:04.139 level=INFO msg=5.0%のライドは椅子がマッチされるまでの時間、30.7%のライドはマッチされた椅子が乗車地点までに掛かる時間、0.0%のライドは椅子の実移動時間に不満がありました
time=02:45:05.927 level=INFO msg=一定の売上が立ったためオーナーの椅子が増加します 名前=SwiftCab 増加数=3
time=02:45:05.930 level=INFO msg=一定の売上が立ったためオーナーの椅子が増加します 名前=風座プロダクツ 増加数=4
time=02:45:05.931 level=INFO msg=一定の売上が立ったためオーナーの椅子が増加します 名前="CraftChair Co., Ltd." 増加数=4
time=02:45:05.933 level=INFO msg=一定の売上が立ったためオーナーの椅子が増加します 名前="PreLoved Chairs" 増加数=7
time=02:45:05.936 level=INFO msg=一定の売上が立ったためオーナーの椅子が増加します 名前=ReSit 増加数=6
time=02:45:07.747 level=INFO msg=一定の売上が立ったためオーナーの椅子が増加します 名前=SwiftCab 増加数=3
time=02:45:07.759 level=INFO msg=一定の売上が立ったためオーナーの椅子が増加します 名前="CraftChair Co., Ltd." 増加数=3
time=02:45:07.764 level=INFO msg=一定の売上が立ったためオーナーの椅子が増加します 名前=ReSit 増加数=5
time=02:45:07.764 level=INFO msg=一定の売上が立ったためオーナーの椅子が増加します 名前="PreLoved Chairs" 増加数=7
time=02:45:07.765 level=INFO msg=一定の売上が立ったためオーナーの椅子が増加します 名前=風座プロダクツ 増加数=4
time=02:45:09.539 level=INFO msg=これまでに地域内の評判によって31人、既存ユーザーの招待経由で377人が新規登録しました
time=02:45:09.540 level=INFO msg=7.5%のライドは椅子がマッチされるまでの時間、15.3%のライドはマッチされた椅子が乗車地点までに掛かる時間、0.1%のライドは椅子の実移動時間に不満がありました
time=02:45:09.542 level=INFO msg=一定の売上が立ったためオーナーの椅子が増加します 名前=SwiftCab 増加数=4
time=02:45:09.543 level=INFO msg=一定の売上が立ったためオーナーの椅子が増加します 名前=風座プロダクツ 増加数=6
time=02:45:09.543 level=INFO msg=一定の売上が立ったためオーナーの椅子が増加します 名前="CraftChair Co., Ltd." 増加数=6
time=02:45:09.560 level=INFO msg=一定の売上が立ったためオーナーの椅子が増加します 名前="PreLoved Chairs" 増加数=7
time=02:45:09.561 level=INFO msg=一定の売上が立ったためオーナーの椅子が増加します 名前=ReSit 増加数=6
time=02:45:11.372 level=INFO msg=一定の売上が立ったためオーナーの椅子が増加します 名前="CraftChair Co., Ltd." 増加数=9
time=02:45:11.375 level=INFO msg=一定の売上が立ったためオーナーの椅子が増加します 名前=SwiftCab 増加数=6
time=02:45:11.378 level=INFO msg=一定の売上が立ったためオーナーの椅子が増加します 名前=風座プロダクツ 増加数=7
time=02:45:11.379 level=INFO msg=一定の売上が立ったためオーナーの椅子が増加します 名前="PreLoved Chairs" 増加数=9
time=02:45:11.382 level=INFO msg=一定の売上が立ったためオーナーの椅子が増加します 名前=ReSit 増加数=8
time=02:45:13.164 level=INFO msg=一定の売上が立ったためオーナーの椅子が増加します 名前=SwiftCab 増加数=6
time=02:45:13.183 level=INFO msg=一定の売上が立ったためオーナーの椅子が増加します 名前=ReSit 増加数=8
time=02:45:13.184 level=INFO msg=一定の売上が立ったためオーナーの椅子が増加します 名前=風座プロダクツ 増加数=6
time=02:45:13.185 level=INFO msg=一定の売上が立ったためオーナーの椅子が増加します 名前="CraftChair Co., Ltd." 増加数=6
time=02:45:13.186 level=INFO msg=一定の売上が立ったためオーナーの椅子が増加します 名前="PreLoved Chairs" 増加数=9
time=02:45:14.939 level=INFO msg=これまでに地域内の評判によって48人、既存ユーザーの招待経由で798人が新規登録しました
time=02:45:14.939 level=INFO msg=13.4%のライドは椅子がマッチされるまでの時間、8.5%のライドはマッチされた椅子が乗車地点までに掛かる時間、1.7%のライドは椅子の実移動時間に不満がありました
time=02:45:14.977 level=INFO msg=一定の売上が立ったためオーナーの椅子が増加します 名前=SwiftCab 増加数=5
time=02:45:14.981 level=INFO msg=一定の売上が立ったためオーナーの椅子が増加します 名前="CraftChair Co., Ltd." 増加数=7
time=02:45:14.982 level=INFO msg=一定の売上が立ったためオーナーの椅子が増加します 名前=風座プロダクツ 増加数=6
time=02:45:14.985 level=INFO msg=一定の売上が立ったためオーナーの椅子が増加します 名前=ReSit 増加数=6
time=02:45:14.992 level=INFO msg=一定の売上が立ったためオーナーの椅子が増加します 名前="PreLoved Chairs" 増加数=7
time=02:45:16.805 level=INFO msg=一定の売上が立ったためオーナーの椅子が増加します 名前=風座プロダクツ 増加数=6
time=02:45:16.810 level=INFO msg=一定の売上が立ったためオーナーの椅子が増加します 名前="CraftChair Co., Ltd." 増加数=6
time=02:45:16.812 level=INFO msg=一定の売上が立ったためオーナーの椅子が増加します 名前=SwiftCab 増加数=6
time=02:45:16.820 level=INFO msg=一定の売上が立ったためオーナーの椅子が増加します 名前="PreLoved Chairs" 増加数=7
time=02:45:16.825 level=INFO msg=一定の売上が立ったためオーナーの椅子が増加します 名前=ReSit 増加数=7
time=02:45:18.866 level=INFO msg=一定の売上が立ったためオーナーの椅子が増加します 名前=SwiftCab 増加数=5
time=02:45:18.878 level=INFO msg=一定の売上が立ったためオーナーの椅子が増加します 名前=風座プロダクツ 増加数=7
time=02:45:18.879 level=INFO msg=一定の売上が立ったためオーナーの椅子が増加します 名前="CraftChair Co., Ltd." 増加数=7
time=02:45:18.882 level=INFO msg=一定の売上が立ったためオーナーの椅子が増加します 名前=ReSit 増加数=7
time=02:45:18.885 level=INFO msg=一定の売上が立ったためオーナーの椅子が増加します 名前="PreLoved Chairs" 増加数=10
time=02:45:20.590 level=INFO msg=これまでに地域内の評判によって61人、既存ユーザーの招待経由で1197人が新規登録しました
time=02:45:20.590 level=INFO msg=これまでに低評価なライドによって4人が利用をやめました
time=02:45:20.590 level=INFO msg=28.4%のライドは椅子がマッチされるまでの時間、6.0%のライドはマッチされた椅子が乗車地点までに掛かる時間、9.7%のライドは椅子の実移動時間に不満がありました
time=02:45:20.695 level=INFO msg=一定の売上が立ったためオーナーの椅子が増加します 名前=風座プロダクツ 増加数=4
time=02:45:20.700 level=INFO msg=一定の売上が立ったためオーナーの椅子が増加します 名前=SwiftCab 増加数=4
time=02:45:20.708 level=INFO msg=一定の売上が立ったためオーナーの椅子が増加します 名前="CraftChair Co., Ltd." 増加数=5
time=02:45:20.716 level=INFO msg=一定の売上が立ったためオーナーの椅子が増加します 名前="PreLoved Chairs" 増加数=7
time=02:45:20.720 level=INFO msg=一定の売上が立ったためオーナーの椅子が増加します 名前=ReSit 増加数=7
time=02:45:22.519 level=INFO msg=一定の売上が立ったためオーナーの椅子が増加します 名前=SwiftCab 増加数=7
time=02:45:22.526 level=INFO msg=一定の売上が立ったためオーナーの椅子が増加します 名前=ReSit 増加数=10
time=02:45:22.535 level=INFO msg=一定の売上が立ったためオーナーの椅子が増加します 名前="CraftChair Co., Ltd." 増加数=7
time=02:45:22.540 level=INFO msg=一定の売上が立ったためオーナーの椅子が増加します 名前=風座プロダクツ 増加数=9
time=02:45:22.549 level=INFO msg=一定の売上が立ったためオーナーの椅子が増加します 名前="PreLoved Chairs" 増加数=11
time=02:45:24.346 level=INFO msg=一定の売上が立ったためオーナーの椅子が増加します 名前=SwiftCab 増加数=6
time=02:45:24.374 level=INFO msg=一定の売上が立ったためオーナーの椅子が増加します 名前="CraftChair Co., Ltd." 増加数=6
time=02:45:24.377 level=INFO msg=一定の売上が立ったためオーナーの椅子が増加します 名前=ReSit 増加数=7
time=02:45:24.380 level=INFO msg=一定の売上が立ったためオーナーの椅子が増加します 名前=風座プロダクツ 増加数=5
time=02:45:24.405 level=INFO msg=一定の売上が立ったためオーナーの椅子が増加します 名前="PreLoved Chairs" 増加数=8
time=02:45:25.979 level=INFO msg=これまでに地域内の評判によって77人、既存ユーザーの招待経由で1480人が新規登録しました
time=02:45:25.979 level=INFO msg=これまでに低評価なライドによって6人が利用をやめました
time=02:45:25.980 level=INFO msg=45.4%のライドは椅子がマッチされるまでの時間、4.1%のライドはマッチされた椅子が乗車地点までに掛かる時間、18.4%のライドは椅子の実移動時間に不満がありました
time=02:45:26.189 level=INFO msg=一定の売上が立ったためオーナーの椅子が増加します 名前=SwiftCab 増加数=5
time=02:45:26.228 level=INFO msg=一定の売上が立ったためオーナーの椅子が増加します 名前=風座プロダクツ 増加数=7
time=02:45:26.240 level=INFO msg=一定の売上が立ったためオーナーの椅子が増加します 名前="CraftChair Co., Ltd." 増加数=9
time=02:45:26.278 level=INFO msg=一定の売上が立ったためオーナーの椅子が増加します 名前=ReSit 増加数=9
time=02:45:26.288 level=INFO msg=一定の売上が立ったためオーナーの椅子が増加します 名前="PreLoved Chairs" 増加数=10
time=02:45:27.983 level=INFO msg=一定の売上が立ったためオーナーの椅子が増加します 名前=SwiftCab 増加数=6
time=02:45:28.028 level=INFO msg=一定の売上が立ったためオーナーの椅子が増加します 名前=風座プロダクツ 増加数=9
time=02:45:28.052 level=INFO msg=一定の売上が立ったためオーナーの椅子が増加します 名前="CraftChair Co., Ltd." 増加数=7
time=02:45:28.067 level=INFO msg=一定の売上が立ったためオーナーの椅子が増加します 名前=ReSit 増加数=10
time=02:45:28.084 level=INFO msg=一定の売上が立ったためオーナーの椅子が増加します 名前="PreLoved Chairs" 増加数=8
time=02:45:30.249 level=INFO msg=一定の売上が立ったためオーナーの椅子が増加します 名前=SwiftCab 増加数=6
time=02:45:30.271 level=INFO msg=一定の売上が立ったためオーナーの椅子が増加します 名前=風座プロダクツ 増加数=8
time=02:45:30.284 level=INFO msg=一定の売上が立ったためオーナーの椅子が増加します 名前="CraftChair Co., Ltd." 増加数=9
time=02:45:30.305 level=INFO msg=一定の売上が立ったためオーナーの椅子が増加します 名前=ReSit 増加数=10
time=02:45:30.329 level=INFO msg=一定の売上が立ったためオーナーの椅子が増加します 名前="PreLoved Chairs" 増加数=13
time=02:45:31.770 level=INFO msg=これまでに地域内の評判によって95人、既存ユーザーの招待経由で1745人が新規登録しました
time=02:45:31.770 level=INFO msg=これまでに低評価なライドによって14人が利用をやめました
time=02:45:31.770 level=INFO msg=57.8%のライドは椅子がマッチされるまでの時間、3.2%のライドはマッチされた椅子が乗車地点までに掛かる時間、23.6%のライドは椅子の実移動時間に不満がありました
time=02:45:32.262 level=INFO msg=一定の売上が立ったためオーナーの椅子が増加します 名前=SwiftCab 増加数=6
time=02:45:32.354 level=INFO msg=一定の売上が立ったためオーナーの椅子が増加します 名前=風座プロダクツ 増加数=9
time=02:45:32.359 level=INFO msg=一定の売上が立ったためオーナーの椅子が増加します 名前="CraftChair Co., Ltd." 増加数=6
time=02:45:32.376 level=INFO msg=一定の売上が立ったためオーナーの椅子が増加します 名前=ReSit 増加数=8
time=02:45:32.468 level=INFO msg=一定の売上が立ったためオーナーの椅子が増加します 名前="PreLoved Chairs" 増加数=11
time=02:45:33.997 level=INFO msg=一定の売上が立ったためオーナーの椅子が増加します 名前=SwiftCab 増加数=6
time=02:45:34.042 level=INFO msg=一定の売上が立ったためオーナーの椅子が増加します 名前="CraftChair Co., Ltd." 増加数=9
time=02:45:34.062 level=INFO msg=一定の売上が立ったためオーナーの椅子が増加します 名前=ReSit 増加数=10
time=02:45:36.025 level=INFO msg=一定の売上が立ったためオーナーの椅子が増加します 名前=SwiftCab 増加数=8
time=02:45:36.050 level=INFO msg=一定の売上が立ったためオーナーの椅子が増加します 名前=風座プロダクツ 増加数=17
time=02:45:36.084 level=INFO msg=一定の売上が立ったためオーナーの椅子が増加します 名前="CraftChair Co., Ltd." 増加数=10
time=02:45:36.118 level=INFO msg=一定の売上が立ったためオーナーの椅子が増加します 名前=ReSit 増加数=12
time=02:45:36.173 level=INFO msg=一定の売上が立ったためオーナーの椅子が増加します 名前="PreLoved Chairs" 増加数=23
time=02:45:37.350 level=INFO msg=これまでに地域内の評判によって113人、既存ユーザーの招待経由で1940人が新規登録しました
time=02:45:37.350 level=INFO msg=これまでに低評価なライドによって24人が利用をやめました
time=02:45:37.350 level=INFO msg=66.2%のライドは椅子がマッチされるまでの時間、2.8%のライドはマッチされた椅子が乗車地点までに掛かる時間、27.6%のライドは椅子の実移動時間に不満がありました
time=02:45:37.817 level=INFO msg=一定の売上が立ったためオーナーの椅子が増加します 名前=SwiftCab 増加数=6
time=02:45:39.448 level=INFO msg=一定の売上が立ったためオーナーの椅子が増加します 名前=SwiftCab 増加数=9
time=02:45:39.471 level=INFO msg=一定の売上が立ったためオーナーの椅子が増加します 名前=風座プロダクツ 増加数=17
time=02:45:39.477 level=INFO msg=一定の売上が立ったためオーナーの椅子が増加します 名前="CraftChair Co., Ltd." 増加数=18
time=02:45:39.481 level=INFO msg=一定の売上が立ったためオーナーの椅子が増加します 名前=ReSit 増加数=20
time=02:45:41.530 level=INFO msg=一定の売上が立ったためオーナーの椅子が増加します 名前=SwiftCab 増加数=6
time=02:45:41.903 level=INFO msg=一定の売上が立ったためオーナーの椅子が増加します 名前="PreLoved Chairs" 増加数=36
time=02:45:42.750 level=INFO msg=これまでに地域内の評判によって131人、既存ユーザーの招待経由で2054人が新規登録しました
time=02:45:42.750 level=INFO msg=これまでに低評価なライドによって35人が利用をやめました
time=02:45:42.750 level=INFO msg=72.5%のライドは椅子がマッチされるまでの時間、2.3%のライドはマッチされた椅子が乗車地点までに掛かる時間、31.5%のライドは椅子の実移動時間に不満がありました
time=02:45:43.306 level=INFO msg=一定の売上が立ったためオーナーの椅子が増加します 名前=SwiftCab 増加数=11
time=02:45:43.408 level=INFO msg=一定の売上が立ったためオーナーの椅子が増加します 名前=風座プロダクツ 増加数=18
time=02:45:43.418 level=INFO msg=一定の売上が立ったためオーナーの椅子が増加します 名前=ReSit 増加数=23
time=02:45:43.426 level=INFO msg=一定の売上が立ったためオーナーの椅子が増加します 名前="CraftChair Co., Ltd." 増加数=21
time=02:45:48.150 level=INFO msg=これまでに地域内の評判によって149人、既存ユーザーの招待経由で2191人が新規登録しました
time=02:45:48.150 level=INFO msg=これまでに低評価なライドによって52人が利用をやめました
time=02:45:48.150 level=INFO msg=76.4%のライドは椅子がマッチされるまでの時間、2.1%のライドはマッチされた椅子が乗車地点までに掛かる時間、34.5%のライドは椅子の実移動時間に不満がありました
time=02:45:48.552 level=INFO msg=一定の売上が立ったためオーナーの椅子が増加します 名前=ReSit 増加数=33
time=02:45:48.552 level=INFO msg=一定の売上が立ったためオーナーの椅子が増加します 名前="PreLoved Chairs" 増加数=51
time=02:45:58.342 level=INFO msg=最終地域情報 名前=チェアタウン ユーザー登録数=1399 アクティブユーザー数=1367
time=02:45:58.342 level=INFO msg=最終地域情報 名前=コシカケシティ ユーザー登録数=1075 アクティブユーザー数=1035
time=02:45:58.342 level=INFO msg=最終オーナー情報 名前=ReSit 売上=9835100 椅子数=227
time=02:45:58.342 level=INFO msg=最終オーナー情報 名前=SwiftCab 売上=6425700 椅子数=132
time=02:45:58.342 level=INFO msg=最終オーナー情報 名前=風座プロダクツ 売上=7908800 椅子数=160
time=02:45:58.342 level=INFO msg=最終オーナー情報 名前="PreLoved Chairs" 売上=11201300 椅子数=257
time=02:45:58.342 level=INFO msg=最終オーナー情報 名前="CraftChair Co., Ltd." 売上=8257900 椅子数=167
time=02:45:58.342 level=INFO msg=79.8%のライドは椅子がマッチされるまでの時間、1.9%のライドはマッチされた椅子が乗車地点までに掛かる時間、38.3%のライドは椅子の実移動時間に不満がありました
time=02:45:58.342 level=INFO msg=結果 pass=true スコア=457804 種別エラー数=map[]
time=02:45:58.342 level=INFO msg=負荷走行が終了しました
