time=01:38:17.659 level=INFO msg=負荷走行を開始します
time=01:38:23.601 level=INFO msg=一定の売上が立ったためオーナーの椅子が増加します 名前=ゆったり号 増加数=1
time=01:38:23.602 level=INFO msg=一定の売上が立ったためオーナーの椅子が増加します 名前="Chair Charm" 増加数=2
time=01:38:23.605 level=INFO msg=一定の売上が立ったためオーナーの椅子が増加します 名前=ふたたび椅子堂 増加数=1
time=01:38:25.405 level=INFO msg=一定の売上が立ったためオーナーの椅子が増加します 名前=座和インダストリー 増加数=1
time=01:38:25.405 level=INFO msg=一定の売上が立ったためオーナーの椅子が増加します 名前=ふたたび椅子堂 増加数=1
time=01:38:25.406 level=INFO msg=一定の売上が立ったためオーナーの椅子が増加します 名前="Chair Charm" 増加数=1
time=01:38:25.416 level=INFO msg=これまでに地域内の評判によって6人、既存ユーザーの招待経由で29人が新規登録しました
time=01:38:25.416 level=INFO msg=0.0%のライドは椅子がマッチされるまでの時間、65.5%のライドはマッチされた椅子が乗車地点までに掛かる時間、0.0%のライドは椅子の実移動時間に不満がありました
time=01:38:27.208 level=INFO msg=一定の売上が立ったためオーナーの椅子が増加します 名前=ふたたび椅子堂 増加数=2
time=01:38:27.209 level=INFO msg=一定の売上が立ったためオーナーの椅子が増加します 名前=EcoChairs 増加数=1
time=01:38:27.211 level=INFO msg=一定の売上が立ったためオーナーの椅子が増加します 名前=ゆったり号 増加数=3
time=01:38:29.014 level=INFO msg=一定の売上が立ったためオーナーの椅子が増加します 名前="Chair Charm" 増加数=2
time=01:38:29.019 level=INFO msg=一定の売上が立ったためオーナーの椅子が増加します 名前=座和インダストリー 増加数=1
time=01:38:29.023 level=INFO msg=一定の売上が立ったためオーナーの椅子が増加します 名前=ゆったり号 増加数=1
time=01:38:29.023 level=INFO msg=一定の売上が立ったためオーナーの椅子が増加します 名前=EcoChairs 増加数=1
time=01:38:29.025 level=INFO msg=一定の売上が立ったためオーナーの椅子が増加します 名前=ふたたび椅子堂 増加数=2
time=01:38:30.816 level=INFO msg=これまでに地域内の評判によって17人、既存ユーザーの招待経由で73人が新規登録しました
time=01:38:30.816 level=INFO msg=5.1%のライドは椅子がマッチされるまでの時間、74.7%のライドはマッチされた椅子が乗車地点までに掛かる時間、0.6%のライドは椅子の実移動時間に不満がありました
time=01:38:30.828 level=INFO msg=一定の売上が立ったためオーナーの椅子が増加します 名前=ふたたび椅子堂 増加数=1
time=01:38:30.832 level=INFO msg=一定の売上が立ったためオーナーの椅子が増加します 名前=EcoChairs 増加数=1
time=01:38:30.833 level=INFO msg=一定の売上が立ったためオーナーの椅子が増加します 名前=座和インダストリー 増加数=1
time=01:38:30.835 level=INFO msg=一定の売上が立ったためオーナーの椅子が増加します 名前=ゆったり号 増加数=2
time=01:38:30.839 level=INFO msg=一定の売上が立ったためオーナーの椅子が増加します 名前="Chair Charm" 増加数=2
time=01:38:32.626 level=INFO msg=一定の売上が立ったためオーナーの椅子が増加します 名前=EcoChairs 増加数=1
time=01:38:32.640 level=INFO msg=一定の売上が立ったためオーナーの椅子が増加します 名前=ゆったり号 増加数=2
time=01:38:32.651 level=INFO msg=一定の売上が立ったためオーナーの椅子が増加します 名前=ふたたび椅子堂 増加数=2
time=01:38:34.440 level=INFO msg=一定の売上が立ったためオーナーの椅子が増加します 名前=座和インダストリー 増加数=2
time=01:38:34.445 level=INFO msg=一定の売上が立ったためオーナーの椅子が増加します 名前=EcoChairs 増加数=1
time=01:38:34.447 level=INFO msg=一定の売上が立ったためオーナーの椅子が増加します 名前="Chair Charm" 増加数=1
time=01:38:34.453 level=INFO msg=一定の売上が立ったためオーナーの椅子が増加します 名前=ふたたび椅子堂 増加数=2
time=01:38:34.457 level=INFO msg=一定の売上が立ったためオーナーの椅子が増加します 名前=ゆったり号 増加数=2
time=01:38:36.216 level=INFO msg=これまでに地域内の評判によって29人、既存ユーザーの招待経由で95人が新規登録しました
time=01:38:36.216 level=INFO msg=これまでに低評価なライドによって4人が利用をやめました
time=01:38:36.216 level=INFO msg=33.8%のライドは椅子がマッチされるまでの時間、72.8%のライドはマッチされた椅子が乗車地点までに掛かる時間、7.7%のライドは椅子の実移動時間に不満がありました
time=01:38:36.234 level=INFO msg=一定の売上が立ったためオーナーの椅子が増加します 名前=座和インダストリー 増加数=1
time=01:38:36.236 level=INFO msg=一定の売上が立ったためオーナーの椅子が増加します 名前=EcoChairs 増加数=1
time=01:38:36.238 level=INFO msg=一定の売上が立ったためオーナーの椅子が増加します 名前="Chair Charm" 増加数=2
time=01:38:36.238 level=INFO msg=一定の売上が立ったためオーナーの椅子が増加します 名前=ゆったり号 増加数=1
time=01:38:36.242 level=INFO msg=一定の売上が立ったためオーナーの椅子が増加します 名前=ふたたび椅子堂 増加数=1
time=01:38:38.043 level=INFO msg=一定の売上が立ったためオーナーの椅子が増加します 名前=座和インダストリー 増加数=1
time=01:38:38.052 level=INFO msg=一定の売上が立ったためオーナーの椅子が増加します 名前=ゆったり号 増加数=1
time=01:38:38.052 level=INFO msg=一定の売上が立ったためオーナーの椅子が増加します 名前="Chair Charm" 増加数=2
time=01:38:38.061 level=INFO msg=一定の売上が立ったためオーナーの椅子が増加します 名前=ふたたび椅子堂 増加数=3
time=01:38:39.846 level=INFO msg=一定の売上が立ったためオーナーの椅子が増加します 名前=EcoChairs 増加数=1
time=01:38:39.864 level=INFO msg=一定の売上が立ったためオーナーの椅子が増加します 名前=座和インダストリー 増加数=1
time=01:38:39.877 level=INFO msg=一定の売上が立ったためオーナーの椅子が増加します 名前=ゆったり号 増加数=4
time=01:38:39.893 level=INFO msg=一定の売上が立ったためオーナーの椅子が増加します 名前="Chair Charm" 増加数=1
time=01:38:39.903 level=INFO msg=一定の売上が立ったためオーナーの椅子が増加します 名前=ふたたび椅子堂 増加数=2
time=01:38:41.616 level=INFO msg=これまでに地域内の評判によって41人、既存ユーザーの招待経由で104人が新規登録しました
time=01:38:41.616 level=INFO msg=これまでに低評価なライドによって26人が利用をやめました
time=01:38:41.616 level=INFO msg=56.6%のライドは椅子がマッチされるまでの時間、68.8%のライドはマッチされた椅子が乗車地点までに掛かる時間、27.4%のライドは椅子の実移動時間に不満がありました
time=01:38:41.667 level=INFO msg=一定の売上が立ったためオーナーの椅子が増加します 名前=EcoChairs 増加数=1
time=01:38:41.685 level=INFO msg=一定の売上が立ったためオーナーの椅子が増加します 名前=座和インダストリー 増加数=1
time=01:38:41.690 level=INFO msg=一定の売上が立ったためオーナーの椅子が増加します 名前=ゆったり号 増加数=2
time=01:38:41.691 level=INFO msg=一定の売上が立ったためオーナーの椅子が増加します 名前="Chair Charm" 増加数=1
time=01:38:41.708 level=INFO msg=一定の売上が立ったためオーナーの椅子が増加します 名前=ふたたび椅子堂 増加数=2
time=01:38:43.489 level=INFO msg=一定の売上が立ったためオーナーの椅子が増加します 名前=EcoChairs 増加数=2
time=01:38:43.514 level=INFO msg=一定の売上が立ったためオーナーの椅子が増加します 名前=座和インダストリー 増加数=2
time=01:38:43.515 level=INFO msg=一定の売上が立ったためオーナーの椅子が増加します 名前="Chair Charm" 増加数=3
time=01:38:43.522 level=INFO msg=一定の売上が立ったためオーナーの椅子が増加します 名前=ゆったり号 増加数=4
time=01:38:43.563 level=INFO msg=一定の売上が立ったためオーナーの椅子が増加します 名前=ふたたび椅子堂 増加数=3
time=01:38:45.343 level=INFO msg=一定の売上が立ったためオーナーの椅子が増加します 名前=座和インダストリー 増加数=3
time=01:38:45.361 level=INFO msg=一定の売上が立ったためオーナーの椅子が増加します 名前=ふたたび椅子堂 増加数=3
time=01:38:45.365 level=INFO msg=一定の売上が立ったためオーナーの椅子が増加します 名前="Chair Charm" 増加数=3
time=01:38:45.379 level=INFO msg=一定の売上が立ったためオーナーの椅子が増加します 名前=ゆったり号 増加数=2
time=01:38:47.016 level=INFO msg=これまでに地域内の評判によって53人、既存ユーザーの招待経由で141人が新規登録しました
time=01:38:47.016 level=INFO msg=これまでに低評価なライドによって53人が利用をやめました
time=01:38:47.016 level=INFO msg=56.4%のライドは椅子がマッチされるまでの時間、61.3%のライドはマッチされた椅子が乗車地点までに掛かる時間、40.0%のライドは椅子の実移動時間に不満がありました
time=01:38:47.126 level=INFO msg=一定の売上が立ったためオーナーの椅子が増加します 名前=座和インダストリー 増加数=1
time=01:38:47.132 level=INFO msg=一定の売上が立ったためオーナーの椅子が増加します 名前=EcoChairs 増加数=1
time=01:38:47.175 level=INFO msg=一定の売上が立ったためオーナーの椅子が増加します 名前="Chair Charm" 増加数=2
time=01:38:47.215 level=INFO msg=一定の売上が立ったためオーナーの椅子が増加します 名前=ゆったり号 増加数=2
time=01:38:47.215 level=INFO msg=一定の売上が立ったためオーナーの椅子が増加します 名前=ふたたび椅子堂 増加数=3
time=01:38:48.935 level=INFO msg=一定の売上が立ったためオーナーの椅子が増加します 名前=EcoChairs 増加数=3
time=01:38:49.020 level=INFO msg=一定の売上が立ったためオーナーの椅子が増加します 名前=座和インダストリー 増加数=2
time=01:38:49.039 level=INFO msg=一定の売上が立ったためオーナーの椅子が増加します 名前="Chair Charm" 増加数=1
time=01:38:49.048 level=INFO msg=一定の売上が立ったためオーナーの椅子が増加します 名前=ゆったり号 増加数=2
time=01:38:49.068 level=INFO msg=一定の売上が立ったためオーナーの椅子が増加します 名前=ふたたび椅子堂 増加数=3
time=01:38:50.718 level=INFO msg=一定の売上が立ったためオーナーの椅子が増加します 名前=EcoChairs 増加数=1
time=01:38:50.792 level=INFO msg=一定の売上が立ったためオーナーの椅子が増加します 名前=座和インダストリー 増加数=1
time=01:38:50.815 level=INFO msg=一定の売上が立ったためオーナーの椅子が増加します 名前=ゆったり号 増加数=2
time=01:38:50.824 level=INFO msg=一定の売上が立ったためオーナーの椅子が増加します 名前="Chair Charm" 増加数=1
time=01:38:50.872 level=INFO msg=一定の売上が立ったためオーナーの椅子が増加します 名前=ふたたび椅子堂 増加数=2
time=01:38:52.416 level=INFO msg=これまでに地域内の評判によって65人、既存ユーザーの招待経由で184人が新規登録しました
time=01:38:52.416 level=INFO msg=これまでに低評価なライドによって62人が利用をやめました
time=01:38:52.416 level=INFO msg=44.6%のライドは椅子がマッチされるまでの時間、55.4%のライドはマッチされた椅子が乗車地点までに掛かる時間、47.6%のライドは椅子の実移動時間に不満がありました
time=01:38:52.477 level=INFO msg=一定の売上が立ったためオーナーの椅子が増加します 名前=座和インダストリー 増加数=1
time=01:38:52.489 level=INFO msg=一定の売上が立ったためオーナーの椅子が増加します 名前=EcoChairs 増加数=1
time=01:38:52.554 level=INFO msg=一定の売上が立ったためオーナーの椅子が増加します 名前="Chair Charm" 増加数=3
time=01:38:52.584 level=INFO msg=一定の売上が立ったためオーナーの椅子が増加します 名前=ふたたび椅子堂 増加数=3
time=01:38:52.691 level=INFO msg=一定の売上が立ったためオーナーの椅子が増加します 名前=ゆったり号 増加数=1
time=01:38:54.349 level=INFO msg=一定の売上が立ったためオーナーの椅子が増加します 名前=EcoChairs 増加数=1
time=01:38:54.374 level=INFO msg=一定の売上が立ったためオーナーの椅子が増加します 名前=座和インダストリー 増加数=1
time=01:38:54.436 level=INFO msg=一定の売上が立ったためオーナーの椅子が増加します 名前="Chair Charm" 増加数=1
time=01:38:54.457 level=INFO msg=一定の売上が立ったためオーナーの椅子が増加します 名前=ゆったり号 増加数=2
time=01:38:54.530 level=INFO msg=一定の売上が立ったためオーナーの椅子が増加します 名前=ふたたび椅子堂 増加数=1
time=01:38:56.201 level=INFO msg=一定の売上が立ったためオーナーの椅子が増加します 名前=EcoChairs 増加数=2
time=01:38:56.283 level=INFO msg=一定の売上が立ったためオーナーの椅子が増加します 名前=座和インダストリー 増加数=2
time=01:38:56.315 level=INFO msg=一定の売上が立ったためオーナーの椅子が増加します 名前=ゆったり号 増加数=1
time=01:38:56.322 level=INFO msg=一定の売上が立ったためオーナーの椅子が増加します 名前="Chair Charm" 増加数=1
time=01:38:56.509 level=INFO msg=一定の売上が立ったためオーナーの椅子が増加します 名前=ふたたび椅子堂 増加数=2
time=01:38:57.816 level=INFO msg=これまでに地域内の評判によって77人、既存ユーザーの招待経由で193人が新規登録しました
time=01:38:57.816 level=INFO msg=これまでに低評価なライドによって91人が利用をやめました
time=01:38:57.816 level=INFO msg=50.8%のライドは椅子がマッチされるまでの時間、50.4%のライドはマッチされた椅子が乗車地点までに掛かる時間、54.3%のライドは椅子の実移動時間に不満がありました
time=01:38:57.987 level=INFO msg=一定の売上が立ったためオーナーの椅子が増加します 名前=EcoChairs 増加数=2
time=01:38:58.065 level=INFO msg=一定の売上が立ったためオーナーの椅子が増加します 名前=座和インダストリー 増加数=1
time=01:38:58.102 level=INFO msg=一定の売上が立ったためオーナーの椅子が増加します 名前="Chair Charm" 増加数=2
time=01:38:58.163 level=INFO msg=一定の売上が立ったためオーナーの椅子が増加します 名前=ゆったり号 増加数=3
time=01:38:58.168 level=INFO msg=一定の売上が立ったためオーナーの椅子が増加します 名前=ふたたび椅子堂 増加数=3
time=01:38:59.757 level=INFO msg=一定の売上が立ったためオーナーの椅子が増加します 名前=EcoChairs 増加数=2
time=01:38:59.820 level=INFO msg=一定の売上が立ったためオーナーの椅子が増加します 名前=座和インダストリー 増加数=1
time=01:38:59.856 level=INFO msg=一定の売上が立ったためオーナーの椅子が増加します 名前="Chair Charm" 増加数=2
time=01:38:59.856 level=INFO msg=一定の売上が立ったためオーナーの椅子が増加します 名前=ゆったり号 増加数=1
time=01:38:59.963 level=INFO msg=一定の売上が立ったためオーナーの椅子が増加します 名前=ふたたび椅子堂 増加数=2
time=01:39:01.582 level=INFO msg=一定の売上が立ったためオーナーの椅子が増加します 名前=EcoChairs 増加数=2
time=01:39:01.602 level=INFO msg=一定の売上が立ったためオーナーの椅子が増加します 名前=座和インダストリー 増加数=2
time=01:39:01.738 level=INFO msg=一定の売上が立ったためオーナーの椅子が増加します 名前="Chair Charm" 増加数=2
time=01:39:01.802 level=INFO msg=一定の売上が立ったためオーナーの椅子が増加します 名前=ゆったり号 増加数=2
time=01:39:01.838 level=INFO msg=一定の売上が立ったためオーナーの椅子が増加します 名前=ふたたび椅子堂 増加数=2
time=01:39:03.216 level=INFO msg=これまでに地域内の評判によって89人、既存ユーザーの招待経由で201人が新規登録しました
time=01:39:03.216 level=INFO msg=これまでに低評価なライドによって119人が利用をやめました
time=01:39:03.216 level=INFO msg=57.9%のライドは椅子がマッチされるまでの時間、47.0%のライドはマッチされた椅子が乗車地点までに掛かる時間、59.1%のライドは椅子の実移動時間に不満がありました
time=01:39:03.523 level=INFO msg=一定の売上が立ったためオーナーの椅子が増加します 名前=座和インダストリー 増加数=2
time=01:39:03.527 level=INFO msg=一定の売上が立ったためオーナーの椅子が増加します 名前=EcoChairs 増加数=2
time=01:39:03.657 level=INFO msg=一定の売上が立ったためオーナーの椅子が増加します 名前="Chair Charm" 増加数=1
time=01:39:03.657 level=INFO msg=一定の売上が立ったためオーナーの椅子が増加します 名前=ゆったり号 増加数=2
time=01:39:03.705 level=INFO msg=一定の売上が立ったためオーナーの椅子が増加します 名前=ふたたび椅子堂 増加数=2
time=01:39:05.231 level=INFO msg=一定の売上が立ったためオーナーの椅子が増加します 名前=座和インダストリー 増加数=1
time=01:39:05.247 level=INFO msg=一定の売上が立ったためオーナーの椅子が増加します 名前=EcoChairs 増加数=1
time=01:39:05.386 level=INFO msg=一定の売上が立ったためオーナーの椅子が増加します 名前=ゆったり号 増加数=1
time=01:39:05.389 level=INFO msg=一定の売上が立ったためオーナーの椅子が増加します 名前="Chair Charm" 増加数=2
time=01:39:05.454 level=INFO msg=一定の売上が立ったためオーナーの椅子が増加します 名前=ふたたび椅子堂 増加数=2
time=01:39:07.064 level=INFO msg=一定の売上が立ったためオーナーの椅子が増加します 名前=座和インダストリー 増加数=2
time=01:39:07.072 level=INFO msg=一定の売上が立ったためオーナーの椅子が増加します 名前=EcoChairs 増加数=1
time=01:39:07.175 level=INFO msg=一定の売上が立ったためオーナーの椅子が増加します 名前="Chair Charm" 増加数=2
time=01:39:07.200 level=INFO msg=一定の売上が立ったためオーナーの椅子が増加します 名前=ゆったり号 増加数=2
time=01:39:07.350 level=INFO msg=一定の売上が立ったためオーナーの椅子が増加します 名前=ふたたび椅子堂 増加数=3
time=01:39:08.616 level=INFO msg=これまでに地域内の評判によって101人、既存ユーザーの招待経由で216人が新規登録しました
time=01:39:08.616 level=INFO msg=これまでに低評価なライドによって133人が利用をやめました
time=01:39:08.616 level=INFO msg=57.7%のライドは椅子がマッチされるまでの時間、44.2%のライドはマッチされた椅子が乗車地点までに掛かる時間、62.5%のライドは椅子の実移動時間に不満がありました
time=01:39:08.867 level=INFO msg=一定の売上が立ったためオーナーの椅子が増加します 名前=EcoChairs 増加数=2
time=01:39:09.044 level=INFO msg=一定の売上が立ったためオーナーの椅子が増加します 名前="Chair Charm" 増加数=1
time=01:39:09.069 level=INFO msg=一定の売上が立ったためオーナーの椅子が増加します 名前=ゆったり号 増加数=2
time=01:39:09.087 level=INFO msg=一定の売上が立ったためオーナーの椅子が増加します 名前=ふたたび椅子堂 増加数=2
time=01:39:10.669 level=INFO msg=一定の売上が立ったためオーナーの椅子が増加します 名前=EcoChairs 増加数=1
time=01:39:10.712 level=INFO msg=一定の売上が立ったためオーナーの椅子が増加します 名前="Chair Charm" 増加数=1
time=01:39:10.712 level=INFO msg=一定の売上が立ったためオーナーの椅子が増加します 名前=座和インダストリー 増加数=2
time=01:39:10.746 level=INFO msg=一定の売上が立ったためオーナーの椅子が増加します 名前=ゆったり号 増加数=2
time=01:39:10.842 level=INFO msg=一定の売上が立ったためオーナーの椅子が増加します 名前=ふたたび椅子堂 増加数=2
time=01:39:12.503 level=INFO msg=一定の売上が立ったためオーナーの椅子が増加します 名前=EcoChairs 増加数=2
time=01:39:12.566 level=INFO msg=一定の売上が立ったためオーナーの椅子が増加します 名前=座和インダストリー 増加数=3
time=01:39:12.601 level=INFO msg=一定の売上が立ったためオーナーの椅子が増加します 名前="Chair Charm" 増加数=2
time=01:39:12.706 level=INFO msg=一定の売上が立ったためオーナーの椅子が増加します 名前=ゆったり号 増加数=2
time=01:39:12.784 level=INFO msg=一定の売上が立ったためオーナーの椅子が増加します 名前=ふたたび椅子堂 増加数=2
time=01:39:14.016 level=INFO msg=これまでに地域内の評判によって113人、既存ユーザーの招待経由で239人が新規登録しました
time=01:39:14.016 level=INFO msg=これまでに低評価なライドによって146人が利用をやめました
time=01:39:14.016 level=INFO msg=56.9%のライドは椅子がマッチされるまでの時間、40.0%のライドはマッチされた椅子が乗車地点までに掛かる時間、64.4%のライドは椅子の実移動時間に不満がありました
time=01:39:14.383 level=INFO msg=一定の売上が立ったためオーナーの椅子が増加します 名前=EcoChairs 増加数=1
time=01:39:14.434 level=INFO msg=一定の売上が立ったためオーナーの椅子が増加します 名前=座和インダストリー 増加数=2
time=01:39:14.457 level=INFO msg=一定の売上が立ったためオーナーの椅子が増加します 名前="Chair Charm" 増加数=2
time=01:39:14.562 level=INFO msg=一定の売上が立ったためオーナーの椅子が増加します 名前=ふたたび椅子堂 増加数=2
time=01:39:14.565 level=INFO msg=一定の売上が立ったためオーナーの椅子が増加します 名前=ゆったり号 増加数=2
time=01:39:16.217 level=INFO msg=一定の売上が立ったためオーナーの椅子が増加します 名前=EcoChairs 増加数=1
time=01:39:16.241 level=INFO msg=一定の売上が立ったためオーナーの椅子が増加します 名前=座和インダストリー 増加数=1
time=01:39:16.286 level=INFO msg=一定の売上が立ったためオーナーの椅子が増加します 名前="Chair Charm" 増加数=2
time=01:39:16.328 level=INFO msg=一定の売上が立ったためオーナーの椅子が増加します 名前=ゆったり号 増加数=2
time=01:39:16.458 level=INFO msg=一定の売上が立ったためオーナーの椅子が増加します 名前=ふたたび椅子堂 増加数=3
time=01:39:17.935 level=INFO msg=一定の売上が立ったためオーナーの椅子が増加します 名前=EcoChairs 増加数=3
time=01:39:17.947 level=INFO msg=一定の売上が立ったためオーナーの椅子が増加します 名前=座和インダストリー 増加数=2
time=01:39:18.001 level=INFO msg=一定の売上が立ったためオーナーの椅子が増加します 名前="Chair Charm" 増加数=1
time=01:39:18.121 level=INFO msg=一定の売上が立ったためオーナーの椅子が増加します 名前=ゆったり号 増加数=2
time=01:39:18.255 level=INFO msg=一定の売上が立ったためオーナーの椅子が増加します 名前=ふたたび椅子堂 増加数=2
time=01:39:19.416 level=INFO msg=これまでに地域内の評判によって125人、既存ユーザーの招待経由で245人が新規登録しました
time=01:39:19.416 level=INFO msg=これまでに低評価なライドによって162人が利用をやめました
time=01:39:19.416 level=INFO msg=60.0%のライドは椅子がマッチされるまでの時間、36.4%のライドはマッチされた椅子が乗車地点までに掛かる時間、66.2%のライドは椅子の実移動時間に不満がありました
time=01:39:19.696 level=INFO msg=一定の売上が立ったためオーナーの椅子が増加します 名前=EcoChairs 増加数=1
time=01:39:19.737 level=INFO msg=一定の売上が立ったためオーナーの椅子が増加します 名前=座和インダストリー 増加数=1
time=01:39:19.867 level=INFO msg=一定の売上が立ったためオーナーの椅子が増加します 名前="Chair Charm" 増加数=1
time=01:39:19.898 level=INFO msg=一定の売上が立ったためオーナーの椅子が増加します 名前=ゆったり号 増加数=2
time=01:39:19.974 level=INFO msg=一定の売上が立ったためオーナーの椅子が増加します 名前=ふたたび椅子堂 増加数=2
time=01:39:25.017 level=INFO msg=最終地域情報 名前=チェアタウン ユーザー登録数=251 アクティブユーザー数=159
time=01:39:25.017 level=INFO msg=最終地域情報 名前=コシカケシティ ユーザー登録数=137 アクティブユーザー数=64
time=01:39:25.017 level=INFO msg=最終オーナー情報 名前=ふたたび椅子堂 売上=2045800 椅子数=72
time=01:39:25.017 level=INFO msg=最終オーナー情報 名前=ゆったり号 売上=1736900 椅子数=64
time=01:39:25.017 level=INFO msg=最終オーナー情報 名前="Chair Charm" 売上=1364800 椅子数=54
time=01:39:25.017 level=INFO msg=最終オーナー情報 名前=座和インダストリー 売上=1006500 椅子数=46
time=01:39:25.017 level=INFO msg=最終オーナー情報 名前=EcoChairs 売上=971000 椅子数=44
time=01:39:25.017 level=INFO msg=61.2%のライドは椅子がマッチされるまでの時間、35.4%のライドはマッチされた椅子が乗車地点までに掛かる時間、66.2%のライドは椅子の実移動時間に不満がありました
time=01:39:25.017 level=INFO msg=結果 pass=true スコア=82922 種別エラー数=map[]
time=01:39:25.017 level=INFO msg=負荷走行が終了しました
