time=06:33:29.302 level=INFO msg=負荷走行を開始します
time=06:33:35.293 level=INFO msg=一定の売上が立ったためオーナーの椅子が増加します 名前=風座プロダクツ 増加数=1
time=06:33:35.293 level=INFO msg=一定の売上が立ったためオーナーの椅子が増加します 名前=和やか交通 増加数=1
time=06:33:35.297 level=INFO msg=一定の売上が立ったためオーナーの椅子が増加します 名前=PulseRide 増加数=2
time=06:33:35.297 level=INFO msg=一定の売上が立ったためオーナーの椅子が増加します 名前=木座デザイン 増加数=1
time=06:33:37.091 level=INFO msg=一定の売上が立ったためオーナーの椅子が増加します 名前=木座デザイン 増加数=2
time=06:33:37.096 level=INFO msg=一定の売上が立ったためオーナーの椅子が増加します 名前=和やか交通 増加数=2
time=06:33:37.097 level=INFO msg=一定の売上が立ったためオーナーの椅子が増加します 名前=座心工房 増加数=2
time=06:33:37.098 level=INFO msg=一定の売上が立ったためオーナーの椅子が増加します 名前=PulseRide 増加数=2
time=06:33:37.098 level=INFO msg=一定の売上が立ったためオーナーの椅子が増加します 名前=風座プロダクツ 増加数=1
time=06:33:37.119 level=INFO msg=これまでに地域内の評判によって7人、既存ユーザーの招待経由で49人が新規登録しました
time=06:33:37.119 level=INFO msg=0.0%のライドは椅子がマッチされるまでの時間、70.0%のライドはマッチされた椅子が乗車地点までに掛かる時間、0.0%のライドは椅子の実移動時間に不満がありました
time=06:33:38.892 level=INFO msg=一定の売上が立ったためオーナーの椅子が増加します 名前=木座デザイン 増加数=3
time=06:33:38.895 level=INFO msg=一定の売上が立ったためオーナーの椅子が増加します 名前=PulseRide 増加数=3
time=06:33:38.895 level=INFO msg=一定の売上が立ったためオーナーの椅子が増加します 名前=風座プロダクツ 増加数=3
time=06:33:38.897 level=INFO msg=一定の売上が立ったためオーナーの椅子が増加します 名前=和やか交通 増加数=4
time=06:33:38.897 level=INFO msg=一定の売上が立ったためオーナーの椅子が増加します 名前=座心工房 増加数=2
time=06:33:40.693 level=INFO msg=一定の売上が立ったためオーナーの椅子が増加します 名前=座心工房 増加数=4
time=06:33:40.700 level=INFO msg=一定の売上が立ったためオーナーの椅子が増加します 名前=風座プロダクツ 増加数=4
time=06:33:40.700 level=INFO msg=一定の売上が立ったためオーナーの椅子が増加します 名前=PulseRide 増加数=6
time=06:33:40.700 level=INFO msg=一定の売上が立ったためオーナーの椅子が増加します 名前=木座デザイン 増加数=6
time=06:33:40.705 level=INFO msg=一定の売上が立ったためオーナーの椅子が増加します 名前=和やか交通 増加数=5
time=06:33:42.494 level=INFO msg=一定の売上が立ったためオーナーの椅子が増加します 名前=PulseRide 増加数=8
time=06:33:42.499 level=INFO msg=一定の売上が立ったためオーナーの椅子が増加します 名前=風座プロダクツ 増加数=6
time=06:33:42.500 level=INFO msg=一定の売上が立ったためオーナーの椅子が増加します 名前=木座デザイン 増加数=8
time=06:33:42.502 level=INFO msg=一定の売上が立ったためオーナーの椅子が増加します 名前=座心工房 増加数=5
time=06:33:42.502 level=INFO msg=一定の売上が立ったためオーナーの椅子が増加します 名前=和やか交通 増加数=8
time=06:33:42.519 level=INFO msg=これまでに地域内の評判によって19人、既存ユーザーの招待経由で268人が新規登録しました
time=06:33:42.519 level=INFO msg=3.1%のライドは椅子がマッチされるまでの時間、27.4%のライドはマッチされた椅子が乗車地点までに掛かる時間、0.9%のライドは椅子の実移動時間に不満がありました
time=06:33:44.300 level=INFO msg=一定の売上が立ったためオーナーの椅子が増加します 名前=風座プロダクツ 増加数=9
time=06:33:44.309 level=INFO msg=一定の売上が立ったためオーナーの椅子が増加します 名前=PulseRide 増加数=11
time=06:33:44.309 level=INFO msg=一定の売上が立ったためオーナーの椅子が増加します 名前=木座デザイン 増加数=12
time=06:33:44.310 level=INFO msg=一定の売上が立ったためオーナーの椅子が増加します 名前=座心工房 増加数=7
time=06:33:44.310 level=INFO msg=一定の売上が立ったためオーナーの椅子が増加します 名前=和やか交通 増加数=11
time=06:33:46.102 level=INFO msg=一定の売上が立ったためオーナーの椅子が増加します 名前=木座デザイン 増加数=12
time=06:33:46.108 level=INFO msg=一定の売上が立ったためオーナーの椅子が増加します 名前=和やか交通 増加数=12
time=06:33:46.109 level=INFO msg=一定の売上が立ったためオーナーの椅子が増加します 名前=座心工房 増加数=10
time=06:33:46.126 level=INFO msg=一定の売上が立ったためオーナーの椅子が増加します 名前=風座プロダクツ 増加数=11
time=06:33:46.126 level=INFO msg=一定の売上が立ったためオーナーの椅子が増加します 名前=PulseRide 増加数=12
time=06:33:47.904 level=INFO msg=一定の売上が立ったためオーナーの椅子が増加します 名前=風座プロダクツ 増加数=12
time=06:33:47.905 level=INFO msg=一定の売上が立ったためオーナーの椅子が増加します 名前=和やか交通 増加数=12
time=06:33:47.906 level=INFO msg=一定の売上が立ったためオーナーの椅子が増加します 名前=座心工房 増加数=11
time=06:33:47.907 level=INFO msg=一定の売上が立ったためオーナーの椅子が増加します 名前=木座デザイン 増加数=12
time=06:33:47.907 level=INFO msg=一定の売上が立ったためオーナーの椅子が増加します 名前=PulseRide 増加数=13
time=06:33:47.919 level=INFO msg=これまでに地域内の評判によって34人、既存ユーザーの招待経由で963人が新規登録しました
time=06:33:47.919 level=INFO msg=10.7%のライドは椅子がマッチされるまでの時間、11.3%のライドはマッチされた椅子が乗車地点までに掛かる時間、0.7%のライドは椅子の実移動時間に不満がありました
time=06:33:49.715 level=INFO msg=一定の売上が立ったためオーナーの椅子が増加します 名前=座心工房 増加数=10
time=06:33:49.716 level=INFO msg=一定の売上が立ったためオーナーの椅子が増加します 名前=和やか交通 増加数=14
time=06:33:49.739 level=INFO msg=一定の売上が立ったためオーナーの椅子が増加します 名前=PulseRide 増加数=14
time=06:33:49.739 level=INFO msg=一定の売上が立ったためオーナーの椅子が増加します 名前=風座プロダクツ 増加数=12
time=06:33:49.739 level=INFO msg=一定の売上が立ったためオーナーの椅子が増加します 名前=木座デザイン 増加数=16
time=06:33:51.528 level=INFO msg=一定の売上が立ったためオーナーの椅子が増加します 名前=木座デザイン 増加数=16
time=06:33:51.531 level=INFO msg=一定の売上が立ったためオーナーの椅子が増加します 名前=座心工房 増加数=11
time=06:33:51.532 level=INFO msg=一定の売上が立ったためオーナーの椅子が増加します 名前=和やか交通 増加数=14
time=06:33:51.550 level=INFO msg=一定の売上が立ったためオーナーの椅子が増加します 名前=風座プロダクツ 増加数=12
time=06:33:51.561 level=INFO msg=一定の売上が立ったためオーナーの椅子が増加します 名前=PulseRide 増加数=15
time=06:33:53.310 level=INFO msg=一定の売上が立ったためオーナーの椅子が増加します 名前=座心工房 増加数=12
time=06:33:53.311 level=INFO msg=一定の売上が立ったためオーナーの椅子が増加します 名前=和やか交通 増加数=15
time=06:33:53.319 level=INFO msg=これまでに地域内の評判によって51人、既存ユーザーの招待経由で1824人が新規登録しました
time=06:33:53.319 level=INFO msg=これまでに低評価なライドによって9人が利用をやめました
time=06:33:53.319 level=INFO msg=22.9%のライドは椅子がマッチされるまでの時間、6.7%のライドはマッチされた椅子が乗車地点までに掛かる時間、12.2%のライドは椅子の実移動時間に不満がありました
time=06:33:53.336 level=INFO msg=一定の売上が立ったためオーナーの椅子が増加します 名前=PulseRide 増加数=14
time=06:33:53.337 level=INFO msg=一定の売上が立ったためオーナーの椅子が増加します 名前=風座プロダクツ 増加数=14
time=06:33:53.338 level=INFO msg=一定の売上が立ったためオーナーの椅子が増加します 名前=木座デザイン 増加数=16
time=06:33:55.334 level=INFO msg=一定の売上が立ったためオーナーの椅子が増加します 名前=座心工房 増加数=12
time=06:33:55.335 level=INFO msg=一定の売上が立ったためオーナーの椅子が増加します 名前=風座プロダクツ 増加数=15
time=06:33:55.337 level=INFO msg=一定の売上が立ったためオーナーの椅子が増加します 名前=PulseRide 増加数=16
time=06:33:55.338 level=INFO msg=一定の売上が立ったためオーナーの椅子が増加します 名前=和やか交通 増加数=19
time=06:33:55.340 level=INFO msg=一定の売上が立ったためオーナーの椅子が増加します 名前=木座デザイン 増加数=21
time=06:33:57.115 level=INFO msg=一定の売上が立ったためオーナーの椅子が増加します 名前=和やか交通 増加数=18
time=06:33:57.115 level=INFO msg=一定の売上が立ったためオーナーの椅子が増加します 名前=座心工房 増加数=15
time=06:33:57.119 level=INFO msg=一定の売上が立ったためオーナーの椅子が増加します 名前=PulseRide 増加数=19
time=06:33:57.128 level=INFO msg=一定の売上が立ったためオーナーの椅子が増加します 名前=風座プロダクツ 増加数=17
time=06:33:59.537 level=INFO msg=一定の売上が立ったためオーナーの椅子が増加します 名前=PulseRide 増加数=21
time=06:33:59.538 level=INFO msg=一定の売上が立ったためオーナーの椅子が増加します 名前=和やか交通 増加数=23
time=06:33:59.539 level=INFO msg=一定の売上が立ったためオーナーの椅子が増加します 名前=木座デザイン 増加数=43
time=06:33:59.540 level=INFO msg=一定の売上が立ったためオーナーの椅子が増加します 名前=座心工房 増加数=17
time=06:33:59.542 level=INFO msg=一定の売上が立ったためオーナーの椅子が増加します 名前=風座プロダクツ 増加数=21
time=06:33:59.553 level=INFO msg=これまでに地域内の評判によって69人、既存ユーザーの招待経由で2651人が新規登録しました
time=06:33:59.553 level=INFO msg=これまでに低評価なライドによって20人が利用をやめました
time=06:33:59.553 level=INFO msg=37.8%のライドは椅子がマッチされるまでの時間、4.7%のライドはマッチされた椅子が乗車地点までに掛かる時間、24.1%のライドは椅子の実移動時間に不満がありました
time=06:34:01.470 level=INFO msg=一定の売上が立ったためオーナーの椅子が増加します 名前=座心工房 増加数=16
time=06:34:03.983 level=INFO msg=一定の売上が立ったためオーナーの椅子が増加します 名前=座心工房 増加数=22
time=06:34:03.984 level=INFO msg=一定の売上が立ったためオーナーの椅子が増加します 名前=和やか交通 増加数=52
time=06:34:03.995 level=INFO msg=一定の売上が立ったためオーナーの椅子が増加します 名前=風座プロダクツ 増加数=45
time=06:34:04.011 level=INFO msg=一定の売上が立ったためオーナーの椅子が増加します 名前=PulseRide 増加数=48
time=06:34:04.012 level=INFO msg=一定の売上が立ったためオーナーの椅子が増加します 名前=木座デザイン 増加数=50
time=06:34:05.769 level=INFO msg=これまでに地域内の評判によって87人、既存ユーザーの招待経由で3224人が新規登録しました
time=06:34:05.769 level=INFO msg=これまでに低評価なライドによって37人が利用をやめました
time=06:34:05.769 level=INFO msg=48.0%のライドは椅子がマッチされるまでの時間、3.8%のライドはマッチされた椅子が乗車地点までに掛かる時間、31.9%のライドは椅子の実移動時間に不満がありました
time=06:34:07.626 level=INFO msg=一定の売上が立ったためオーナーの椅子が増加します 名前=座心工房 増加数=37
time=06:34:11.260 level=INFO msg=これまでに地域内の評判によって105人、既存ユーザーの招待経由で3622人が新規登録しました
time=06:34:11.260 level=INFO msg=これまでに低評価なライドによって92人が利用をやめました
time=06:34:11.260 level=INFO msg=56.4%のライドは椅子がマッチされるまでの時間、3.4%のライドはマッチされた椅子が乗車地点までに掛かる時間、37.3%のライドは椅子の実移動時間に不満がありました
time=06:34:11.389 level=INFO msg=一定の売上が立ったためオーナーの椅子が増加します 名前=和やか交通 増加数=93
time=06:34:11.395 level=INFO msg=一定の売上が立ったためオーナーの椅子が増加します 名前=PulseRide 増加数=93
time=06:34:11.397 level=INFO msg=一定の売上が立ったためオーナーの椅子が増加します 名前=風座プロダクツ 増加数=82
time=06:34:11.400 level=INFO msg=一定の売上が立ったためオーナーの椅子が増加します 名前=木座デザイン 増加数=99
time=06:34:13.656 level=INFO msg=一定の売上が立ったためオーナーの椅子が増加します 名前=座心工房 増加数=61
time=06:34:17.739 level=INFO msg=これまでに地域内の評判によって123人、既存ユーザーの招待経由で3987人が新規登録しました
time=06:34:17.739 level=INFO msg=これまでに低評価なライドによって127人が利用をやめました
time=06:34:17.739 level=INFO msg=62.9%のライドは椅子がマッチされるまでの時間、3.1%のライドはマッチされた椅子が乗車地点までに掛かる時間、40.7%のライドは椅子の実移動時間に不満がありました
time=06:34:24.040 level=INFO msg=これまでに地域内の評判によって141人、既存ユーザーの招待経由で4245人が新規登録しました
time=06:34:24.040 level=INFO msg=これまでに低評価なライドによって167人が利用をやめました
time=06:34:24.040 level=INFO msg=67.8%のライドは椅子がマッチされるまでの時間、2.8%のライドはマッチされた椅子が乗車地点までに掛かる時間、43.2%のライドは椅子の実移動時間に不満がありました
time=06:34:24.129 level=INFO msg=一定の売上が立ったためオーナーの椅子が増加します 名前=風座プロダクツ 増加数=154
time=06:34:24.133 level=INFO msg=一定の売上が立ったためオーナーの椅子が増加します 名前=座心工房 増加数=119
time=06:34:26.474 level=INFO msg=一定の売上が立ったためオーナーの椅子が増加します 名前=和やか交通 増加数=207
time=06:34:27.688 level=WARN msg="取得した付近の椅子情報に不備があります (CODE=30): ID:01M32Y7Z0FVTPXJPHDNTJYST09の椅子は既にライド中です"
time=06:34:27.689 level=WARN msg="取得した付近の椅子情報に不備があります (CODE=30): ID:01M32Y7Z0FVTPXJPHDNTJYST09の椅子は既にライド中です"
time=06:34:28.582 level=WARN msg="取得した付近の椅子情報に不備があります (CODE=30): ID:01M32Y7HAGGJJ9R569Q2M66KM4の椅子は既にライド中です"
time=06:34:28.582 level=WARN msg="取得した付近の椅子情報に不備があります (CODE=30): ID:01M32Y7HAGGJJ9R569Q2M66KM4の椅子は既にライド中です"
time=06:34:28.584 level=WARN msg="取得した付近の椅子情報に不備があります (CODE=30): ID:01M32Y7HAGGJJ9R569Q2M66KM4の椅子は既にライド中です"
time=06:34:28.593 level=WARN msg="取得した付近の椅子情報に不備があります (CODE=30): ID:01M32Y7HAGGJJ9R569Q2M66KM4の椅子は既にライド中です"
time=06:34:28.595 level=WARN msg="取得した付近の椅子情報に不備があります (CODE=30): ID:01M32Y7HAGGJJ9R569Q2M66KM4の椅子は既にライド中です"
time=06:34:28.596 level=WARN msg="取得した付近の椅子情報に不備があります (CODE=30): ID:01M32Y7HAGGJJ9R569Q2M66KM4の椅子は既にライド中です"
time=06:34:29.108 level=INFO msg=一定の売上が立ったためオーナーの椅子が増加します 名前=PulseRide 増加数=220
time=06:34:29.113 level=INFO msg=一定の売上が立ったためオーナーの椅子が増加します 名前=木座デザイン 増加数=246
time=06:34:30.879 level=INFO msg=これまでに地域内の評判によって153人、既存ユーザーの招待経由で4466人が新規登録しました
time=06:34:30.879 level=INFO msg=これまでに低評価なライドによって212人が利用をやめました
time=06:34:30.879 level=INFO msg=70.9%のライドは椅子がマッチされるまでの時間、2.6%のライドはマッチされた椅子が乗車地点までに掛かる時間、45.0%のライドは椅子の実移動時間に不満がありました
time=06:34:36.720 level=INFO msg=最終地域情報 名前=チェアタウン ユーザー登録数=3080 アクティブユーザー数=2964
time=06:34:36.720 level=INFO msg=最終地域情報 名前=コシカケシティ ユーザー登録数=1834 アクティブユーザー数=1735
time=06:34:36.720 level=INFO msg=最終オーナー情報 名前=和やか交通 売上=22801800 椅子数=514
time=06:34:36.720 level=INFO msg=最終オーナー情報 名前=PulseRide 売上=21544600 椅子数=521
time=06:34:36.720 level=INFO msg=最終オーナー情報 名前=風座プロダクツ 売上=19926200 椅子数=423
time=06:34:36.720 level=INFO msg=最終オーナー情報 名前=座心工房 売上=17724700 椅子数=377
time=06:34:36.720 level=INFO msg=最終オーナー情報 名前=木座デザイン 売上=23503600 椅子数=567
time=06:34:36.720 level=INFO msg=71.2%のライドは椅子がマッチされるまでの時間、2.7%のライドはマッチされた椅子が乗車地点までに掛かる時間、45.4%のライドは椅子の実移動時間に不満がありました
time=06:34:36.721 level=INFO msg=結果 pass=true スコア=1111020 種別エラー数=map[30:8]
time=06:34:36.721 level=INFO msg=負荷走行が終了しました
