time=03:23:13.656 level=INFO msg=負荷走行を開始します
time=03:23:19.659 level=INFO msg=一定の売上が立ったためオーナーの椅子が増加します 名前=座心工房 増加数=1
time=03:23:19.662 level=INFO msg=一定の売上が立ったためオーナーの椅子が増加します 名前="Skyline Taxis" 増加数=1
time=03:23:19.662 level=INFO msg=一定の売上が立ったためオーナーの椅子が増加します 名前=迅行タクシー 増加数=1
time=03:23:19.663 level=INFO msg=一定の売上が立ったためオーナーの椅子が増加します 名前=ChairCycle 増加数=1
time=03:23:19.664 level=INFO msg=一定の売上が立ったためオーナーの椅子が増加します 名前=椅子のふるさと 増加数=2
time=03:23:21.461 level=INFO msg=一定の売上が立ったためオーナーの椅子が増加します 名前=座心工房 増加数=3
time=03:23:21.466 level=INFO msg=一定の売上が立ったためオーナーの椅子が増加します 名前=椅子のふるさと 増加数=1
time=03:23:21.468 level=INFO msg=一定の売上が立ったためオーナーの椅子が増加します 名前=迅行タクシー 増加数=2
time=03:23:21.469 level=INFO msg=一定の売上が立ったためオーナーの椅子が増加します 名前="Skyline Taxis" 増加数=2
time=03:23:21.469 level=INFO msg=一定の売上が立ったためオーナーの椅子が増加します 名前=ChairCycle 増加数=2
time=03:23:21.486 level=INFO msg=これまでに地域内の評判によって7人、既存ユーザーの招待経由で53人が新規登録しました
time=03:23:21.486 level=INFO msg=0.0%のライドは椅子がマッチされるまでの時間、49.1%のライドはマッチされた椅子が乗車地点までに掛かる時間、0.0%のライドは椅子の実移動時間に不満がありました
time=03:23:23.258 level=INFO msg=一定の売上が立ったためオーナーの椅子が増加します 名前=ChairCycle 増加数=2
time=03:23:23.276 level=INFO msg=一定の売上が立ったためオーナーの椅子が増加します 名前=椅子のふるさと 増加数=2
time=03:23:23.276 level=INFO msg=一定の売上が立ったためオーナーの椅子が増加します 名前=座心工房 増加数=3
time=03:23:23.277 level=INFO msg=一定の売上が立ったためオーナーの椅子が増加します 名前="Skyline Taxis" 増加数=1
time=03:23:23.277 level=INFO msg=一定の売上が立ったためオーナーの椅子が増加します 名前=迅行タクシー 増加数=3
time=03:23:25.058 level=INFO msg=一定の売上が立ったためオーナーの椅子が増加します 名前=座心工房 増加数=5
time=03:23:25.082 level=INFO msg=一定の売上が立ったためオーナーの椅子が増加します 名前=椅子のふるさと 増加数=3
time=03:23:25.084 level=INFO msg=一定の売上が立ったためオーナーの椅子が増加します 名前=迅行タクシー 増加数=3
time=03:23:25.086 level=INFO msg=一定の売上が立ったためオーナーの椅子が増加します 名前="Skyline Taxis" 増加数=3
time=03:23:25.086 level=INFO msg=一定の売上が立ったためオーナーの椅子が増加します 名前=ChairCycle 増加数=2
time=03:23:26.867 level=INFO msg=一定の売上が立ったためオーナーの椅子が増加します 名前="Skyline Taxis" 増加数=4
time=03:23:26.885 level=INFO msg=一定の売上が立ったためオーナーの椅子が増加します 名前=迅行タクシー 増加数=6
time=03:23:26.886 level=INFO msg=これまでに地域内の評判によって19人、既存ユーザーの招待経由で202人が新規登録しました
time=03:23:26.886 level=INFO msg=0.0%のライドは椅子がマッチされるまでの時間、28.4%のライドはマッチされた椅子が乗車地点までに掛かる時間、0.0%のライドは椅子の実移動時間に不満がありました
time=03:23:26.886 level=INFO msg=一定の売上が立ったためオーナーの椅子が増加します 名前=椅子のふるさと 増加数=5
time=03:23:26.886 level=INFO msg=一定の売上が立ったためオーナーの椅子が増加します 名前=ChairCycle 増加数=4
time=03:23:26.887 level=INFO msg=一定の売上が立ったためオーナーの椅子が増加します 名前=座心工房 増加数=7
time=03:23:28.692 level=INFO msg=一定の売上が立ったためオーナーの椅子が増加します 名前="Skyline Taxis" 増加数=5
time=03:23:28.693 level=INFO msg=一定の売上が立ったためオーナーの椅子が増加します 名前=迅行タクシー 増加数=7
time=03:23:28.698 level=INFO msg=一定の売上が立ったためオーナーの椅子が増加します 名前=ChairCycle 増加数=5
time=03:23:28.702 level=INFO msg=一定の売上が立ったためオーナーの椅子が増加します 名前=椅子のふるさと 増加数=5
time=03:23:32.333 level=INFO msg=これまでに地域内の評判によって36人、既存ユーザーの招待経由で459人が新規登録しました
time=03:23:32.333 level=INFO msg=0.2%のライドは椅子がマッチされるまでの時間、22.9%のライドはマッチされた椅子が乗車地点までに掛かる時間、8.3%のライドは椅子の実移動時間に不満がありました
time=03:23:32.345 level=INFO msg=一定の売上が立ったためオーナーの椅子が増加します 名前=座心工房 増加数=20
time=03:23:32.347 level=INFO msg=一定の売上が立ったためオーナーの椅子が増加します 名前=迅行タクシー 増加数=12
time=03:23:34.136 level=INFO msg=一定の売上が立ったためオーナーの椅子が増加します 名前=椅子のふるさと 増加数=11
time=03:23:36.008 level=INFO msg=一定の売上が立ったためオーナーの椅子が増加します 名前=座心工房 増加数=6
time=03:23:36.011 level=INFO msg=一定の売上が立ったためオーナーの椅子が増加します 名前="Skyline Taxis" 増加数=15
time=03:23:36.013 level=INFO msg=一定の売上が立ったためオーナーの椅子が増加します 名前=椅子のふるさと 増加数=1
time=03:23:36.014 level=INFO msg=一定の売上が立ったためオーナーの椅子が増加します 名前=ChairCycle 増加数=13
time=03:23:36.025 level=INFO msg=一定の売上が立ったためオーナーの椅子が増加します 名前=迅行タクシー 増加数=9
time=03:23:37.864 level=INFO msg=一定の売上が立ったためオーナーの椅子が増加します 名前=ChairCycle 増加数=5
time=03:23:37.867 level=INFO msg=これまでに地域内の評判によって51人、既存ユーザーの招待経由で637人が新規登録しました
time=03:23:37.868 level=INFO msg=これまでに低評価なライドによって13人が利用をやめました
time=03:23:37.868 level=INFO msg=0.8%のライドは椅子がマッチされるまでの時間、23.8%のライドはマッチされた椅子が乗車地点までに掛かる時間、18.8%のライドは椅子の実移動時間に不満がありました
time=03:23:37.884 level=INFO msg=一定の売上が立ったためオーナーの椅子が増加します 名前=椅子のふるさと 増加数=3
time=03:23:39.735 level=INFO msg=一定の売上が立ったためオーナーの椅子が増加します 名前=ChairCycle 増加数=3
time=03:23:39.784 level=INFO msg=一定の売上が立ったためオーナーの椅子が増加します 名前=椅子のふるさと 増加数=3
time=03:23:39.785 level=INFO msg=一定の売上が立ったためオーナーの椅子が増加します 名前=座心工房 増加数=13
time=03:23:39.788 level=INFO msg=一定の売上が立ったためオーナーの椅子が増加します 名前="Skyline Taxis" 増加数=10
time=03:23:40.003 level=INFO msg=一定の売上が立ったためオーナーの椅子が増加します 名前=迅行タクシー 増加数=12
time=03:23:41.721 level=INFO msg=一定の売上が立ったためオーナーの椅子が増加します 名前=椅子のふるさと 増加数=3
time=03:23:43.567 level=INFO msg=これまでに地域内の評判によって64人、既存ユーザーの招待経由で867人が新規登録しました
time=03:23:43.567 level=INFO msg=これまでに低評価なライドによって33人が利用をやめました
time=03:23:43.567 level=INFO msg=8.6%のライドは椅子がマッチされるまでの時間、21.7%のライドはマッチされた椅子が乗車地点までに掛かる時間、25.1%のライドは椅子の実移動時間に不満がありました
time=03:23:43.624 level=INFO msg=一定の売上が立ったためオーナーの椅子が増加します 名前=ChairCycle 増加数=8
time=03:23:45.601 level=INFO msg=一定の売上が立ったためオーナーの椅子が増加します 名前=ChairCycle 増加数=3
time=03:23:47.513 level=INFO msg=一定の売上が立ったためオーナーの椅子が増加します 名前=迅行タクシー 増加数=15
time=03:23:49.266 level=INFO msg=これまでに地域内の評判によって74人、既存ユーザーの招待経由で953人が新規登録しました
time=03:23:49.266 level=INFO msg=これまでに低評価なライドによって64人が利用をやめました
time=03:23:49.266 level=INFO msg=10.0%のライドは椅子がマッチされるまでの時間、24.1%のライドはマッチされた椅子が乗車地点までに掛かる時間、32.7%のライドは椅子の実移動時間に不満がありました
time=03:23:49.324 level=INFO msg=一定の売上が立ったためオーナーの椅子が増加します 名前=ChairCycle 増加数=5
time=03:23:49.325 level=INFO msg=一定の売上が立ったためオーナーの椅子が増加します 名前="Skyline Taxis" 増加数=15
time=03:23:49.325 level=INFO msg=一定の売上が立ったためオーナーの椅子が増加します 名前=椅子のふるさと 増加数=11
time=03:23:49.332 level=INFO msg=一定の売上が立ったためオーナーの椅子が増加します 名前=座心工房 増加数=19
time=03:23:51.054 level=INFO msg=一定の売上が立ったためオーナーの椅子が増加します 名前=座心工房 増加数=6
time=03:23:51.063 level=INFO msg=一定の売上が立ったためオーナーの椅子が増加します 名前=ChairCycle 増加数=3
time=03:23:51.063 level=INFO msg=一定の売上が立ったためオーナーの椅子が増加します 名前="Skyline Taxis" 増加数=5
time=03:23:51.074 level=INFO msg=一定の売上が立ったためオーナーの椅子が増加します 名前=椅子のふるさと 増加数=5
time=03:23:51.075 level=INFO msg=一定の売上が立ったためオーナーの椅子が増加します 名前=迅行タクシー 増加数=11
time=03:23:52.927 level=INFO msg=一定の売上が立ったためオーナーの椅子が増加します 名前=椅子のふるさと 増加数=8
time=03:23:52.931 level=INFO msg=一定の売上が立ったためオーナーの椅子が増加します 名前=座心工房 増加数=14
time=03:23:52.991 level=INFO msg=一定の売上が立ったためオーナーの椅子が増加します 名前=ChairCycle 増加数=7
time=03:23:52.992 level=INFO msg=一定の売上が立ったためオーナーの椅子が増加します 名前="Skyline Taxis" 増加数=10
time=03:23:52.994 level=INFO msg=一定の売上が立ったためオーナーの椅子が増加します 名前=迅行タクシー 増加数=12
time=03:23:54.727 level=INFO msg=これまでに地域内の評判によって90人、既存ユーザーの招待経由で1328人が新規登録しました
time=03:23:54.727 level=INFO msg=これまでに低評価なライドによって98人が利用をやめました
time=03:23:54.727 level=INFO msg=11.3%のライドは椅子がマッチされるまでの時間、21.8%のライドはマッチされた椅子が乗車地点までに掛かる時間、33.3%のライドは椅子の実移動時間に不満がありました
time=03:23:54.757 level=INFO msg=一定の売上が立ったためオーナーの椅子が増加します 名前=椅子のふるさと 増加数=5
time=03:23:54.760 level=INFO msg=一定の売上が立ったためオーナーの椅子が増加します 名前="Skyline Taxis" 増加数=6
time=03:23:54.768 level=INFO msg=一定の売上が立ったためオーナーの椅子が増加します 名前=ChairCycle 増加数=5
time=03:23:56.780 level=INFO msg=一定の売上が立ったためオーナーの椅子が増加します 名前=座心工房 増加数=16
time=03:23:59.161 level=INFO msg=一定の売上が立ったためオーナーの椅子が増加します 名前="Skyline Taxis" 増加数=11
time=03:23:59.166 level=INFO msg=一定の売上が立ったためオーナーの椅子が増加します 名前=迅行タクシー 増加数=21
time=03:23:59.268 level=INFO msg=一定の売上が立ったためオーナーの椅子が増加します 名前=ChairCycle 増加数=8
time=03:23:59.277 level=INFO msg=一定の売上が立ったためオーナーの椅子が増加します 名前=椅子のふるさと 増加数=9
time=03:23:59.654 level=WARN msg="取得した付近の椅子情報に不備があります (CODE=30): ID:01M32KBHC6WPE4JDTPBHZM88HXの椅子は既にライド中です"
time=03:23:59.656 level=WARN msg="取得した付近の椅子情報に不備があります (CODE=30): ID:01M32KBHC6WPE4JDTPBHZM88HXの椅子は既にライド中です"
time=03:23:59.657 level=WARN msg="取得した付近の椅子情報に不備があります (CODE=30): ID:01M32KBHC6WPE4JDTPBHZM88HXの椅子は既にライド中です"
time=03:23:59.657 level=WARN msg="取得した付近の椅子情報に不備があります (CODE=30): ID:01M32KBHC6WPE4JDTPBHZM88HXの椅子は既にライド中です"
time=03:23:59.668 level=WARN msg="取得した付近の椅子情報に不備があります (CODE=30): ID:01M32KBHC6WPE4JDTPBHZM88HXの椅子は既にライド中です"
time=03:23:59.668 level=WARN msg="取得した付近の椅子情報に不備があります (CODE=30): ID:01M32KBHC6WPE4JDTPBHZM88HXの椅子は既にライド中です"
time=03:23:59.672 level=WARN msg="取得した付近の椅子情報に不備があります (CODE=30): ID:01M32KBHC6WPE4JDTPBHZM88HXの椅子は既にライド中です"
time=03:23:59.673 level=WARN msg="取得した付近の椅子情報に不備があります (CODE=30): ID:01M32KBHC6WPE4JDTPBHZM88HXの椅子は既にライド中です"
time=03:23:59.693 level=WARN msg="取得した付近の椅子情報に不備があります (CODE=30): ID:01M32KBHC6WPE4JDTPBHZM88HXの椅子は既にライド中です"
time=03:23:59.693 level=WARN msg="取得した付近の椅子情報に不備があります (CODE=30): ID:01M32KBHC6WPE4JDTPBHZM88HXの椅子は既にライド中です"
time=03:23:59.694 level=WARN msg="取得した付近の椅子情報に不備があります (CODE=30): ID:01M32KBHC6WPE4JDTPBHZM88HXの椅子は既にライド中です"
time=03:23:59.694 level=WARN msg="取得した付近の椅子情報に不備があります (CODE=30): ID:01M32KBHC6WPE4JDTPBHZM88HXの椅子は既にライド中です"
time=03:23:59.694 level=WARN msg="取得した付近の椅子情報に不備があります (CODE=30): ID:01M32KBHC6WPE4JDTPBHZM88HXの椅子は既にライド中です"
time=03:23:59.694 level=WARN msg="取得した付近の椅子情報に不備があります (CODE=30): ID:01M32KBHC6WPE4JDTPBHZM88HXの椅子は既にライド中です"
time=03:23:59.695 level=WARN msg="取得した付近の椅子情報に不備があります (CODE=30): ID:01M32KBHC6WPE4JDTPBHZM88HXの椅子は既にライド中です"
time=03:23:59.696 level=WARN msg="取得した付近の椅子情報に不備があります (CODE=30): ID:01M32KBHC6WPE4JDTPBHZM88HXの椅子は既にライド中です"
time=03:23:59.696 level=WARN msg="取得した付近の椅子情報に不備があります (CODE=30): ID:01M32KBHC6WPE4JDTPBHZM88HXの椅子は既にライド中です"
time=03:23:59.696 level=WARN msg="取得した付近の椅子情報に不備があります (CODE=30): ID:01M32KBHC6WPE4JDTPBHZM88HXの椅子は既にライド中です"
time=03:23:59.696 level=WARN msg="取得した付近の椅子情報に不備があります (CODE=30): ID:01M32KBHC6WPE4JDTPBHZM88HXの椅子は既にライド中です"
time=03:23:59.696 level=WARN msg="取得した付近の椅子情報に不備があります (CODE=30): ID:01M32KBHC6WPE4JDTPBHZM88HXの椅子は既にライド中です"
time=03:23:59.696 level=WARN msg="取得した付近の椅子情報に不備があります (CODE=30): ID:01M32KBHC6WPE4JDTPBHZM88HXの椅子は既にライド中です"
time=03:23:59.696 level=WARN msg="取得した付近の椅子情報に不備があります (CODE=30): ID:01M32KBHC6WPE4JDTPBHZM88HXの椅子は既にライド中です"
time=03:23:59.697 level=WARN msg="取得した付近の椅子情報に不備があります (CODE=30): ID:01M32KBHC6WPE4JDTPBHZM88HXの椅子は既にライド中です"
time=03:23:59.697 level=WARN msg="取得した付近の椅子情報に不備があります (CODE=30): ID:01M32KBHC6WPE4JDTPBHZM88HXの椅子は既にライド中です"
time=03:23:59.697 level=WARN msg="取得した付近の椅子情報に不備があります (CODE=30): ID:01M32KBHC6WPE4JDTPBHZM88HXの椅子は既にライド中です"
time=03:23:59.697 level=WARN msg="取得した付近の椅子情報に不備があります (CODE=30): ID:01M32KBHC6WPE4JDTPBHZM88HXの椅子は既にライド中です"
time=03:23:59.697 level=WARN msg="取得した付近の椅子情報に不備があります (CODE=30): ID:01M32KBHC6WPE4JDTPBHZM88HXの椅子は既にライド中です"
time=03:23:59.697 level=WARN msg="取得した付近の椅子情報に不備があります (CODE=30): ID:01M32KBHC6WPE4JDTPBHZM88HXの椅子は既にライド中です"
time=03:23:59.698 level=WARN msg="取得した付近の椅子情報に不備があります (CODE=30): ID:01M32KBHC6WPE4JDTPBHZM88HXの椅子は既にライド中です"
time=03:23:59.699 level=WARN msg="取得した付近の椅子情報に不備があります (CODE=30): ID:01M32KBHC6WPE4JDTPBHZM88HXの椅子は既にライド中です"
time=03:23:59.699 level=WARN msg="取得した付近の椅子情報に不備があります (CODE=30): ID:01M32KBHC6WPE4JDTPBHZM88HXの椅子は既にライド中です"
time=03:23:59.699 level=WARN msg="取得した付近の椅子情報に不備があります (CODE=30): ID:01M32KBHC6WPE4JDTPBHZM88HXの椅子は既にライド中です"
time=03:23:59.723 level=WARN msg="取得した付近の椅子情報に不備があります (CODE=30): ID:01M32KBHC6WPE4JDTPBHZM88HXの椅子は既にライド中です"
time=03:23:59.724 level=WARN msg="取得した付近の椅子情報に不備があります (CODE=30): ID:01M32KBHC6WPE4JDTPBHZM88HXの椅子は既にライド中です"
time=03:23:59.724 level=WARN msg="取得した付近の椅子情報に不備があります (CODE=30): ID:01M32KBHC6WPE4JDTPBHZM88HXの椅子は既にライド中です"
time=03:23:59.725 level=WARN msg="取得した付近の椅子情報に不備があります (CODE=30): ID:01M32KBHC6WPE4JDTPBHZM88HXの椅子は既にライド中です"
time=03:23:59.725 level=WARN msg="取得した付近の椅子情報に不備があります (CODE=30): ID:01M32KBHC6WPE4JDTPBHZM88HXの椅子は既にライド中です"
time=03:23:59.725 level=WARN msg="取得した付近の椅子情報に不備があります (CODE=30): ID:01M32KBHC6WPE4JDTPBHZM88HXの椅子は既にライド中です"
time=03:23:59.726 level=WARN msg="取得した付近の椅子情報に不備があります (CODE=30): ID:01M32KBHC6WPE4JDTPBHZM88HXの椅子は既にライド中です"
time=03:23:59.726 level=WARN msg="取得した付近の椅子情報に不備があります (CODE=30): ID:01M32KBHC6WPE4JDTPBHZM88HXの椅子は既にライド中です"
time=03:23:59.727 level=WARN msg="取得した付近の椅子情報に不備があります (CODE=30): ID:01M32KBHC6WPE4JDTPBHZM88HXの椅子は既にライド中です"
time=03:23:59.727 level=WARN msg="取得した付近の椅子情報に不備があります (CODE=30): ID:01M32KBHC6WPE4JDTPBHZM88HXの椅子は既にライド中です"
time=03:24:00.846 level=INFO msg=これまでに地域内の評判によって105人、既存ユーザーの招待経由で1614人が新規登録しました
time=03:24:00.846 level=INFO msg=これまでに低評価なライドによって163人が利用をやめました
time=03:24:00.846 level=INFO msg=25.4%のライドは椅子がマッチされるまでの時間、19.4%のライドはマッチされた椅子が乗車地点までに掛かる時間、39.3%のライドは椅子の実移動時間に不満がありました
time=03:24:02.699 level=INFO msg=一定の売上が立ったためオーナーの椅子が増加します 名前=迅行タクシー 増加数=24
time=03:24:02.699 level=INFO msg=一定の売上が立ったためオーナーの椅子が増加します 名前="Skyline Taxis" 増加数=21
time=03:24:02.700 level=INFO msg=一定の売上が立ったためオーナーの椅子が増加します 名前=ChairCycle 増加数=17
time=03:24:02.701 level=INFO msg=一定の売上が立ったためオーナーの椅子が増加します 名前=椅子のふるさと 増加数=18
time=03:24:02.702 level=INFO msg=一定の売上が立ったためオーナーの椅子が増加します 名前=座心工房 増加数=32
time=03:24:06.576 level=INFO msg=これまでに地域内の評判によって115人、既存ユーザーの招待経由で2005人が新規登録しました
time=03:24:06.576 level=INFO msg=これまでに低評価なライドによって192人が利用をやめました
time=03:24:06.576 level=INFO msg=23.6%のライドは椅子がマッチされるまでの時間、16.3%のライドはマッチされた椅子が乗車地点までに掛かる時間、38.4%のライドは椅子の実移動時間に不満がありました
time=03:24:09.528 level=INFO msg=一定の売上が立ったためオーナーの椅子が増加します 名前=椅子のふるさと 増加数=18
time=03:24:09.575 level=INFO msg=一定の売上が立ったためオーナーの椅子が増加します 名前=ChairCycle 増加数=17
time=03:24:09.580 level=INFO msg=一定の売上が立ったためオーナーの椅子が増加します 名前="Skyline Taxis" 増加数=20
time=03:24:12.431 level=INFO msg=一定の売上が立ったためオーナーの椅子が増加します 名前=迅行タクシー 増加数=33
time=03:24:12.830 level=WARN msg="取得した付近の椅子情報に不備があります (CODE=30): ID:01M32KB7GPD937DQVP5FWWDDFGの椅子は既にライド中です"
time=03:24:12.831 level=WARN msg="取得した付近の椅子情報に不備があります (CODE=30): ID:01M32KB7GPD937DQVP5FWWDDFGの椅子は既にライド中です"
time=03:24:12.831 level=WARN msg="取得した付近の椅子情報に不備があります (CODE=30): ID:01M32KB7GPD937DQVP5FWWDDFGの椅子は既にライド中です"
time=03:24:13.986 level=INFO msg=これまでに地域内の評判によって130人、既存ユーザーの招待経由で2296人が新規登録しました
time=03:24:13.986 level=INFO msg=これまでに低評価なライドによって275人が利用をやめました
time=03:24:13.986 level=INFO msg=33.2%のライドは椅子がマッチされるまでの時間、14.8%のライドはマッチされた椅子が乗車地点までに掛かる時間、43.4%のライドは椅子の実移動時間に不満がありました
time=03:24:15.775 level=INFO msg=一定の売上が立ったためオーナーの椅子が増加します 名前="Skyline Taxis" 増加数=23
time=03:24:15.795 level=INFO msg=一定の売上が立ったためオーナーの椅子が増加します 名前=ChairCycle 増加数=17
time=03:24:15.796 level=INFO msg=一定の売上が立ったためオーナーの椅子が増加します 名前=迅行タクシー 増加数=23
time=03:24:15.800 level=INFO msg=一定の売上が立ったためオーナーの椅子が増加します 名前=椅子のふるさと 増加数=15
time=03:24:15.826 level=INFO msg=一定の売上が立ったためオーナーの椅子が増加します 名前=座心工房 増加数=55
time=03:24:21.087 level=INFO msg=最終地域情報 名前=チェアタウン ユーザー登録数=1958 アクティブユーザー数=1735
time=03:24:21.087 level=INFO msg=最終地域情報 名前=コシカケシティ ユーザー登録数=653 アクティブユーザー数=568
time=03:24:21.087 level=INFO msg=最終オーナー情報 名前=迅行タクシー 売上=7092400 椅子数=198
time=03:24:21.087 level=INFO msg=最終オーナー情報 名前=椅子のふるさと 売上=4451200 椅子数=132
time=03:24:21.087 level=INFO msg=最終オーナー情報 名前="Skyline Taxis" 売上=5410000 椅子数=156
time=03:24:21.087 level=INFO msg=最終オーナー情報 名前=ChairCycle 売上=4403400 椅子数=131
time=03:24:21.087 level=INFO msg=最終オーナー情報 名前=座心工房 売上=7336600 椅子数=204
time=03:24:21.087 level=INFO msg=33.2%のライドは椅子がマッチされるまでの時間、15.5%のライドはマッチされた椅子が乗車地点までに掛かる時間、42.8%のライドは椅子の実移動時間に不満がありました
time=03:24:21.087 level=INFO msg=結果 pass=true スコア=326635 種別エラー数=map[30:45]
time=03:24:21.087 level=INFO msg=負荷走行が終了しました
