time=03:29:27.170 level=INFO msg=負荷走行を開始します
time=03:29:33.122 level=INFO msg=一定の売上が立ったためオーナーの椅子が増加します 名前=椅子のふるさと 増加数=1
time=03:29:33.124 level=INFO msg=一定の売上が立ったためオーナーの椅子が増加します 名前=ふたたび椅子堂 増加数=2
time=03:29:33.127 level=INFO msg=一定の売上が立ったためオーナーの椅子が増加します 名前=ZenDrive 増加数=2
time=03:29:33.129 level=INFO msg=一定の売上が立ったためオーナーの椅子が増加します 名前=つばさ交通 増加数=1
time=03:29:34.922 level=INFO msg=一定の売上が立ったためオーナーの椅子が増加します 名前=ZenDrive 増加数=3
time=03:29:34.925 level=INFO msg=一定の売上が立ったためオーナーの椅子が増加します 名前="Vintage Vibe Seats" 増加数=3
time=03:29:34.925 level=INFO msg=一定の売上が立ったためオーナーの椅子が増加します 名前=つばさ交通 増加数=1
time=03:29:34.926 level=INFO msg=一定の売上が立ったためオーナーの椅子が増加します 名前=ふたたび椅子堂 増加数=2
time=03:29:34.926 level=INFO msg=一定の売上が立ったためオーナーの椅子が増加します 名前=椅子のふるさと 増加数=2
time=03:29:34.950 level=INFO msg=これまでに地域内の評判によって7人、既存ユーザーの招待経由で59人が新規登録しました
time=03:29:34.950 level=INFO msg=0.0%のライドは椅子がマッチされるまでの時間、54.2%のライドはマッチされた椅子が乗車地点までに掛かる時間、0.0%のライドは椅子の実移動時間に不満がありました
time=03:29:36.722 level=INFO msg=一定の売上が立ったためオーナーの椅子が増加します 名前=ZenDrive 増加数=4
time=03:29:36.725 level=INFO msg=一定の売上が立ったためオーナーの椅子が増加します 名前=つばさ交通 増加数=4
time=03:29:36.728 level=INFO msg=一定の売上が立ったためオーナーの椅子が増加します 名前=椅子のふるさと 増加数=4
time=03:29:36.728 level=INFO msg=一定の売上が立ったためオーナーの椅子が増加します 名前=ふたたび椅子堂 増加数=4
time=03:29:36.728 level=INFO msg=一定の売上が立ったためオーナーの椅子が増加します 名前="Vintage Vibe Seats" 増加数=2
time=03:29:38.524 level=INFO msg=一定の売上が立ったためオーナーの椅子が増加します 名前=椅子のふるさと 増加数=5
time=03:29:38.527 level=INFO msg=一定の売上が立ったためオーナーの椅子が増加します 名前=つばさ交通 増加数=5
time=03:29:38.527 level=INFO msg=一定の売上が立ったためオーナーの椅子が増加します 名前="Vintage Vibe Seats" 増加数=5
time=03:29:38.527 level=INFO msg=一定の売上が立ったためオーナーの椅子が増加します 名前=ZenDrive 増加数=6
time=03:29:38.527 level=INFO msg=一定の売上が立ったためオーナーの椅子が増加します 名前=ふたたび椅子堂 増加数=6
time=03:29:40.327 level=INFO msg=一定の売上が立ったためオーナーの椅子が増加します 名前=ZenDrive 増加数=9
time=03:29:40.329 level=INFO msg=一定の売上が立ったためオーナーの椅子が増加します 名前=つばさ交通 増加数=6
time=03:29:40.331 level=INFO msg=一定の売上が立ったためオーナーの椅子が増加します 名前="Vintage Vibe Seats" 増加数=7
time=03:29:40.331 level=INFO msg=一定の売上が立ったためオーナーの椅子が増加します 名前=椅子のふるさと 増加数=7
time=03:29:40.331 level=INFO msg=一定の売上が立ったためオーナーの椅子が増加します 名前=ふたたび椅子堂 増加数=7
time=03:29:40.350 level=INFO msg=これまでに地域内の評判によって19人、既存ユーザーの招待経由で299人が新規登録しました
time=03:29:40.350 level=INFO msg=3.0%のライドは椅子がマッチされるまでの時間、16.7%のライドはマッチされた椅子が乗車地点までに掛かる時間、0.2%のライドは椅子の実移動時間に不満がありました
time=03:29:42.128 level=INFO msg=一定の売上が立ったためオーナーの椅子が増加します 名前=ふたたび椅子堂 増加数=10
time=03:29:42.128 level=INFO msg=一定の売上が立ったためオーナーの椅子が増加します 名前="Vintage Vibe Seats" 増加数=9
time=03:29:42.128 level=INFO msg=一定の売上が立ったためオーナーの椅子が増加します 名前=椅子のふるさと 増加数=11
time=03:29:42.129 level=INFO msg=一定の売上が立ったためオーナーの椅子が増加します 名前=つばさ交通 増加数=9
time=03:29:42.129 level=INFO msg=一定の売上が立ったためオーナーの椅子が増加します 名前=ZenDrive 増加数=11
time=03:29:43.925 level=INFO msg=一定の売上が立ったためオーナーの椅子が増加します 名前=ZenDrive 増加数=12
time=03:29:43.934 level=INFO msg=一定の売上が立ったためオーナーの椅子が増加します 名前="Vintage Vibe Seats" 増加数=12
time=03:29:43.935 level=INFO msg=一定の売上が立ったためオーナーの椅子が増加します 名前=椅子のふるさと 増加数=11
time=03:29:43.935 level=INFO msg=一定の売上が立ったためオーナーの椅子が増加します 名前=ふたたび椅子堂 増加数=12
time=03:29:43.935 level=INFO msg=一定の売上が立ったためオーナーの椅子が増加します 名前=つばさ交通 増加数=11
time=03:29:45.734 level=INFO msg=一定の売上が立ったためオーナーの椅子が増加します 名前=ふたたび椅子堂 増加数=12
time=03:29:45.735 level=INFO msg=一定の売上が立ったためオーナーの椅子が増加します 名前=椅子のふるさと 増加数=12
time=03:29:45.735 level=INFO msg=一定の売上が立ったためオーナーの椅子が増加します 名前="Vintage Vibe Seats" 増加数=11
time=03:29:45.737 level=INFO msg=一定の売上が立ったためオーナーの椅子が増加します 名前=つばさ交通 増加数=12
time=03:29:45.738 level=INFO msg=一定の売上が立ったためオーナーの椅子が増加します 名前=ZenDrive 増加数=14
time=03:29:45.751 level=INFO msg=これまでに地域内の評判によって36人、既存ユーザーの招待経由で1079人が新規登録しました
time=03:29:45.751 level=INFO msg=6.2%のライドは椅子がマッチされるまでの時間、5.1%のライドはマッチされた椅子が乗車地点までに掛かる時間、0.4%のライドは椅子の実移動時間に不満がありました
time=03:29:47.586 level=INFO msg=一定の売上が立ったためオーナーの椅子が増加します 名前=ふたたび椅子堂 増加数=14
time=03:29:47.586 level=INFO msg=一定の売上が立ったためオーナーの椅子が増加します 名前=椅子のふるさと 増加数=13
time=03:29:47.587 level=INFO msg=一定の売上が立ったためオーナーの椅子が増加します 名前="Vintage Vibe Seats" 増加数=12
time=03:29:47.589 level=INFO msg=一定の売上が立ったためオーナーの椅子が増加します 名前=つばさ交通 増加数=11
time=03:29:47.622 level=INFO msg=一定の売上が立ったためオーナーの椅子が増加します 名前=ZenDrive 増加数=14
time=03:29:49.376 level=INFO msg=一定の売上が立ったためオーナーの椅子が増加します 名前="Vintage Vibe Seats" 増加数=11
time=03:29:49.376 level=INFO msg=一定の売上が立ったためオーナーの椅子が増加します 名前=椅子のふるさと 増加数=12
time=03:29:49.378 level=INFO msg=一定の売上が立ったためオーナーの椅子が増加します 名前=ふたたび椅子堂 増加数=14
time=03:29:49.388 level=INFO msg=一定の売上が立ったためオーナーの椅子が増加します 名前=ZenDrive 増加数=14
time=03:29:49.388 level=INFO msg=一定の売上が立ったためオーナーの椅子が増加します 名前=つばさ交通 増加数=12
time=03:29:51.180 level=INFO msg=これまでに地域内の評判によって54人、既存ユーザーの招待経由で1951人が新規登録しました
time=03:29:51.180 level=INFO msg=これまでに低評価なライドによって1人が利用をやめました
time=03:29:51.180 level=INFO msg=24.7%のライドは椅子がマッチされるまでの時間、2.8%のライドはマッチされた椅子が乗車地点までに掛かる時間、10.7%のライドは椅子の実移動時間に不満がありました
time=03:29:51.183 level=INFO msg=一定の売上が立ったためオーナーの椅子が増加します 名前=ZenDrive 増加数=15
time=03:29:51.184 level=INFO msg=一定の売上が立ったためオーナーの椅子が増加します 名前=つばさ交通 増加数=15
time=03:29:51.187 level=INFO msg=一定の売上が立ったためオーナーの椅子が増加します 名前=ふたたび椅子堂 増加数=14
time=03:29:51.187 level=INFO msg=一定の売上が立ったためオーナーの椅子が増加します 名前=椅子のふるさと 増加数=16
time=03:29:51.188 level=INFO msg=一定の売上が立ったためオーナーの椅子が増加します 名前="Vintage Vibe Seats" 増加数=14
time=03:29:52.962 level=INFO msg=一定の売上が立ったためオーナーの椅子が増加します 名前=椅子のふるさと 増加数=17
time=03:29:52.971 level=INFO msg=一定の売上が立ったためオーナーの椅子が増加します 名前=ふたたび椅子堂 増加数=17
time=03:29:52.973 level=INFO msg=一定の売上が立ったためオーナーの椅子が増加します 名前="Vintage Vibe Seats" 増加数=16
time=03:29:52.995 level=INFO msg=一定の売上が立ったためオーナーの椅子が増加します 名前=つばさ交通 増加数=14
time=03:29:52.996 level=INFO msg=一定の売上が立ったためオーナーの椅子が増加します 名前=ZenDrive 増加数=17
time=03:29:54.783 level=INFO msg=一定の売上が立ったためオーナーの椅子が増加します 名前=つばさ交通 増加数=16
time=03:29:54.797 level=INFO msg=一定の売上が立ったためオーナーの椅子が増加します 名前="Vintage Vibe Seats" 増加数=15
time=03:29:54.799 level=INFO msg=一定の売上が立ったためオーナーの椅子が増加します 名前=ZenDrive 増加数=21
time=03:29:54.802 level=INFO msg=一定の売上が立ったためオーナーの椅子が増加します 名前=椅子のふるさと 増加数=18
time=03:29:54.804 level=INFO msg=一定の売上が立ったためオーナーの椅子が増加します 名前=ふたたび椅子堂 増加数=19
time=03:29:56.580 level=INFO msg=これまでに地域内の評判によって71人、既存ユーザーの招待経由で2651人が新規登録しました
time=03:29:56.580 level=INFO msg=これまでに低評価なライドによって14人が利用をやめました
time=03:29:56.580 level=INFO msg=50.8%のライドは椅子がマッチされるまでの時間、2.2%のライドはマッチされた椅子が乗車地点までに掛かる時間、19.3%のライドは椅子の実移動時間に不満がありました
time=03:29:56.585 level=INFO msg=一定の売上が立ったためオーナーの椅子が増加します 名前=ZenDrive 増加数=19
time=03:29:56.586 level=INFO msg=一定の売上が立ったためオーナーの椅子が増加します 名前=ふたたび椅子堂 増加数=17
time=03:29:56.588 level=INFO msg=一定の売上が立ったためオーナーの椅子が増加します 名前="Vintage Vibe Seats" 増加数=17
time=03:29:56.589 level=INFO msg=一定の売上が立ったためオーナーの椅子が増加します 名前=つばさ交通 増加数=16
time=03:29:56.591 level=INFO msg=一定の売上が立ったためオーナーの椅子が増加します 名前=椅子のふるさと 増加数=16
time=03:29:58.631 level=INFO msg=一定の売上が立ったためオーナーの椅子が増加します 名前=ZenDrive 増加数=26
time=03:29:58.638 level=INFO msg=一定の売上が立ったためオーナーの椅子が増加します 名前=ふたたび椅子堂 増加数=25
time=03:29:58.656 level=INFO msg=一定の売上が立ったためオーナーの椅子が増加します 名前="Vintage Vibe Seats" 増加数=22
time=03:29:58.661 level=INFO msg=一定の売上が立ったためオーナーの椅子が増加します 名前=つばさ交通 増加数=21
time=03:29:58.662 level=INFO msg=一定の売上が立ったためオーナーの椅子が増加します 名前=椅子のふるさと 増加数=22
time=03:30:02.550 level=INFO msg=これまでに地域内の評判によって89人、既存ユーザーの招待経由で3179人が新規登録しました
time=03:30:02.550 level=INFO msg=これまでに低評価なライドによって25人が利用をやめました
time=03:30:02.550 level=INFO msg=66.8%のライドは椅子がマッチされるまでの時間、1.8%のライドはマッチされた椅子が乗車地点までに掛かる時間、25.2%のライドは椅子の実移動時間に不満がありました
time=03:30:02.570 level=INFO msg=一定の売上が立ったためオーナーの椅子が増加します 名前=つばさ交通 増加数=38
time=03:30:02.571 level=INFO msg=一定の売上が立ったためオーナーの椅子が増加します 名前=ZenDrive 増加数=47
time=03:30:02.574 level=INFO msg=一定の売上が立ったためオーナーの椅子が増加します 名前=椅子のふるさと 増加数=45
time=03:30:02.575 level=INFO msg=一定の売上が立ったためオーナーの椅子が増加します 名前=ふたたび椅子堂 増加数=43
time=03:30:02.575 level=INFO msg=一定の売上が立ったためオーナーの椅子が増加します 名前="Vintage Vibe Seats" 増加数=39
time=03:30:07.950 level=INFO msg=これまでに地域内の評判によって107人、既存ユーザーの招待経由で3629人が新規登録しました
time=03:30:07.950 level=INFO msg=これまでに低評価なライドによって32人が利用をやめました
time=03:30:07.950 level=INFO msg=74.4%のライドは椅子がマッチされるまでの時間、1.6%のライドはマッチされた椅子が乗車地点までに掛かる時間、28.1%のライドは椅子の実移動時間に不満がありました
time=03:30:07.969 level=INFO msg=一定の売上が立ったためオーナーの椅子が増加します 名前=つばさ交通 増加数=55
time=03:30:07.972 level=INFO msg=一定の売上が立ったためオーナーの椅子が増加します 名前="Vintage Vibe Seats" 増加数=57
time=03:30:09.804 level=INFO msg=一定の売上が立ったためオーナーの椅子が増加します 名前=椅子のふるさと 増加数=81
time=03:30:09.819 level=INFO msg=一定の売上が立ったためオーナーの椅子が増加します 名前=ふたたび椅子堂 増加数=83
time=03:30:09.825 level=INFO msg=一定の売上が立ったためオーナーの椅子が増加します 名前=ZenDrive 増加数=91
time=03:30:13.410 level=INFO msg=これまでに地域内の評判によって125人、既存ユーザーの招待経由で3966人が新規登録しました
time=03:30:13.410 level=INFO msg=これまでに低評価なライドによって41人が利用をやめました
time=03:30:13.410 level=INFO msg=79.1%のライドは椅子がマッチされるまでの時間、1.4%のライドはマッチされた椅子が乗車地点までに掛かる時間、30.4%のライドは椅子の実移動時間に不満がありました
time=03:30:15.234 level=INFO msg=一定の売上が立ったためオーナーの椅子が増加します 名前=つばさ交通 増加数=71
time=03:30:15.239 level=INFO msg=一定の売上が立ったためオーナーの椅子が増加します 名前="Vintage Vibe Seats" 増加数=69
time=03:30:19.080 level=INFO msg=これまでに地域内の評判によって143人、既存ユーザーの招待経由で4382人が新規登録しました
time=03:30:19.080 level=INFO msg=これまでに低評価なライドによって42人が利用をやめました
time=03:30:19.080 level=INFO msg=82.1%のライドは椅子がマッチされるまでの時間、1.3%のライドはマッチされた椅子が乗車地点までに掛かる時間、30.9%のライドは椅子の実移動時間に不満がありました
time=03:30:19.581 level=WARN msg="取得した付近の椅子情報に不備があります (CODE=30): ID:01M32KPY441D7M31QTZDD5YGFGの椅子は既にライド中です"
time=03:30:19.600 level=WARN msg="取得した付近の椅子情報に不備があります (CODE=30): ID:01M32KPY441D7M31QTZDD5YGFGの椅子は既にライド中です"
time=03:30:19.607 level=WARN msg="取得した付近の椅子情報に不備があります (CODE=30): ID:01M32KPY441D7M31QTZDD5YGFGの椅子は既にライド中です"
time=03:30:19.608 level=WARN msg="取得した付近の椅子情報に不備があります (CODE=30): ID:01M32KPY441D7M31QTZDD5YGFGの椅子は既にライド中です"
time=03:30:21.527 level=INFO msg=一定の売上が立ったためオーナーの椅子が増加します 名前=ふたたび椅子堂 増加数=115
time=03:30:21.530 level=INFO msg=一定の売上が立ったためオーナーの椅子が増加します 名前=椅子のふるさと 増加数=112
time=03:30:23.340 level=INFO msg=一定の売上が立ったためオーナーの椅子が増加します 名前=ZenDrive 増加数=145
time=03:30:25.092 level=INFO msg=一定の売上が立ったためオーナーの椅子が増加します 名前=つばさ交通 増加数=89
time=03:30:25.097 level=INFO msg=一定の売上が立ったためオーナーの椅子が増加します 名前="Vintage Vibe Seats" 増加数=89
time=03:30:25.110 level=INFO msg=これまでに地域内の評判によって161人、既存ユーザーの招待経由で4732人が新規登録しました
time=03:30:25.110 level=INFO msg=これまでに低評価なライドによって51人が利用をやめました
time=03:30:25.110 level=INFO msg=84.4%のライドは椅子がマッチされるまでの時間、1.2%のライドはマッチされた椅子が乗車地点までに掛かる時間、32.3%のライドは椅子の実移動時間に不満がありました
time=03:30:34.551 level=INFO msg=最終地域情報 名前=チェアタウン ユーザー登録数=2989 アクティブユーザー数=2964
time=03:30:34.551 level=INFO msg=最終地域情報 名前=コシカケシティ ユーザー登録数=2198 アクティブユーザー数=2170
time=03:30:34.551 level=INFO msg=最終オーナー情報 名前=ふたたび椅子堂 売上=18703300 椅子数=420
time=03:30:34.551 level=INFO msg=最終オーナー情報 名前=ZenDrive 売上=20211200 椅子数=474
time=03:30:34.551 level=INFO msg=最終オーナー情報 名前=つばさ交通 売上=16937600 椅子数=411
time=03:30:34.551 level=INFO msg=最終オーナー情報 名前="Vintage Vibe Seats" 売上=17139900 椅子数=414
time=03:30:34.551 level=INFO msg=最終オーナー情報 名前=椅子のふるさと 売上=18338600 椅子数=409
time=03:30:34.551 level=INFO msg=85.9%のライドは椅子がマッチされるまでの時間、1.1%のライドはマッチされた椅子が乗車地点までに掛かる時間、33.0%のライドは椅子の実移動時間に不満がありました
time=03:30:34.552 level=INFO msg=結果 pass=true スコア=940818 種別エラー数=map[30:4]
time=03:30:34.552 level=INFO msg=負荷走行が終了しました
