time=03:44:07.342 level=INFO msg=負荷走行を開始します
time=03:44:13.236 level=INFO msg=一定の売上が立ったためオーナーの椅子が増加します 名前=木座デザイン 増加数=2
time=03:44:13.236 level=INFO msg=一定の売上が立ったためオーナーの椅子が増加します 名前="SitWell Designs" 増加数=1
time=03:44:13.237 level=INFO msg=一定の売上が立ったためオーナーの椅子が増加します 名前=椅子のめぐりや 増加数=2
time=03:44:13.237 level=INFO msg=一定の売上が立ったためオーナーの椅子が増加します 名前="Chair Charm" 増加数=1
time=03:44:15.037 level=INFO msg=一定の売上が立ったためオーナーの椅子が増加します 名前=木座デザイン 増加数=2
time=03:44:15.041 level=INFO msg=一定の売上が立ったためオーナーの椅子が増加します 名前=椅子のめぐりや 増加数=3
time=03:44:15.043 level=INFO msg=一定の売上が立ったためオーナーの椅子が増加します 名前="SitWell Designs" 増加数=1
time=03:44:15.043 level=INFO msg=一定の売上が立ったためオーナーの椅子が増加します 名前="Skyline Taxis" 増加数=1
time=03:44:15.043 level=INFO msg=一定の売上が立ったためオーナーの椅子が増加します 名前="Chair Charm" 増加数=3
time=03:44:15.064 level=INFO msg=これまでに地域内の評判によって7人、既存ユーザーの招待経由で57人が新規登録しました
time=03:44:15.064 level=INFO msg=0.0%のライドは椅子がマッチされるまでの時間、45.6%のライドはマッチされた椅子が乗車地点までに掛かる時間、0.0%のライドは椅子の実移動時間に不満がありました
time=03:44:16.837 level=INFO msg=一定の売上が立ったためオーナーの椅子が増加します 名前=木座デザイン 増加数=5
time=03:44:16.838 level=INFO msg=一定の売上が立ったためオーナーの椅子が増加します 名前=椅子のめぐりや 増加数=4
time=03:44:16.840 level=INFO msg=一定の売上が立ったためオーナーの椅子が増加します 名前="Chair Charm" 増加数=4
time=03:44:16.841 level=INFO msg=一定の売上が立ったためオーナーの椅子が増加します 名前="Skyline Taxis" 増加数=3
time=03:44:16.842 level=INFO msg=一定の売上が立ったためオーナーの椅子が増加します 名前="SitWell Designs" 増加数=3
time=03:44:18.639 level=INFO msg=一定の売上が立ったためオーナーの椅子が増加します 名前="Skyline Taxis" 増加数=3
time=03:44:18.642 level=INFO msg=一定の売上が立ったためオーナーの椅子が増加します 名前="Chair Charm" 増加数=6
time=03:44:18.642 level=INFO msg=一定の売上が立ったためオーナーの椅子が増加します 名前="SitWell Designs" 増加数=4
time=03:44:18.644 level=INFO msg=一定の売上が立ったためオーナーの椅子が増加します 名前=木座デザイン 増加数=6
time=03:44:18.645 level=INFO msg=一定の売上が立ったためオーナーの椅子が増加します 名前=椅子のめぐりや 増加数=5
time=03:44:20.445 level=INFO msg=一定の売上が立ったためオーナーの椅子が増加します 名前=椅子のめぐりや 増加数=10
time=03:44:20.446 level=INFO msg=一定の売上が立ったためオーナーの椅子が増加します 名前="Skyline Taxis" 増加数=6
time=03:44:20.451 level=INFO msg=一定の売上が立ったためオーナーの椅子が増加します 名前="SitWell Designs" 増加数=8
time=03:44:20.460 level=INFO msg=一定の売上が立ったためオーナーの椅子が増加します 名前="Chair Charm" 増加数=9
time=03:44:20.464 level=INFO msg=一定の売上が立ったためオーナーの椅子が増加します 名前=木座デザイン 増加数=10
time=03:44:20.464 level=INFO msg=これまでに地域内の評判によって19人、既存ユーザーの招待経由で308人が新規登録しました
time=03:44:20.464 level=INFO msg=0.9%のライドは椅子がマッチされるまでの時間、14.8%のライドはマッチされた椅子が乗車地点までに掛かる時間、0.7%のライドは椅子の実移動時間に不満がありました
time=03:44:22.243 level=INFO msg=一定の売上が立ったためオーナーの椅子が増加します 名前=木座デザイン 増加数=11
time=03:44:22.250 level=INFO msg=一定の売上が立ったためオーナーの椅子が増加します 名前="SitWell Designs" 増加数=9
time=03:44:22.250 level=INFO msg=一定の売上が立ったためオーナーの椅子が増加します 名前="Skyline Taxis" 増加数=8
time=03:44:22.250 level=INFO msg=一定の売上が立ったためオーナーの椅子が増加します 名前="Chair Charm" 増加数=11
time=03:44:22.259 level=INFO msg=一定の売上が立ったためオーナーの椅子が増加します 名前=椅子のめぐりや 増加数=11
time=03:44:24.040 level=INFO msg=一定の売上が立ったためオーナーの椅子が増加します 名前=木座デザイン 増加数=13
time=03:44:24.046 level=INFO msg=一定の売上が立ったためオーナーの椅子が増加します 名前=椅子のめぐりや 増加数=13
time=03:44:24.047 level=INFO msg=一定の売上が立ったためオーナーの椅子が増加します 名前="Skyline Taxis" 増加数=9
time=03:44:24.051 level=INFO msg=一定の売上が立ったためオーナーの椅子が増加します 名前="SitWell Designs" 増加数=11
time=03:44:24.053 level=INFO msg=一定の売上が立ったためオーナーの椅子が増加します 名前="Chair Charm" 増加数=12
time=03:44:25.894 level=INFO msg=これまでに地域内の評判によって36人、既存ユーザーの招待経由で1071人が新規登録しました
time=03:44:25.894 level=INFO msg=1.8%のライドは椅子がマッチされるまでの時間、4.6%のライドはマッチされた椅子が乗車地点までに掛かる時間、0.6%のライドは椅子の実移動時間に不満がありました
time=03:44:25.914 level=INFO msg=一定の売上が立ったためオーナーの椅子が増加します 名前=木座デザイン 増加数=14
time=03:44:25.920 level=INFO msg=一定の売上が立ったためオーナーの椅子が増加します 名前="SitWell Designs" 増加数=13
time=03:44:25.921 level=INFO msg=一定の売上が立ったためオーナーの椅子が増加します 名前="Skyline Taxis" 増加数=12
time=03:44:25.921 level=INFO msg=一定の売上が立ったためオーナーの椅子が増加します 名前=椅子のめぐりや 増加数=13
time=03:44:25.922 level=INFO msg=一定の売上が立ったためオーナーの椅子が増加します 名前="Chair Charm" 増加数=13
time=03:44:27.682 level=INFO msg=一定の売上が立ったためオーナーの椅子が増加します 名前=椅子のめぐりや 増加数=13
time=03:44:27.682 level=INFO msg=一定の売上が立ったためオーナーの椅子が増加します 名前=木座デザイン 増加数=13
time=03:44:27.688 level=INFO msg=一定の売上が立ったためオーナーの椅子が増加します 名前="Chair Charm" 増加数=13
time=03:44:27.689 level=INFO msg=一定の売上が立ったためオーナーの椅子が増加します 名前="SitWell Designs" 増加数=10
time=03:44:27.689 level=INFO msg=一定の売上が立ったためオーナーの椅子が増加します 名前="Skyline Taxis" 増加数=9
time=03:44:29.506 level=INFO msg=一定の売上が立ったためオーナーの椅子が増加します 名前="Skyline Taxis" 増加数=12
time=03:44:29.506 level=INFO msg=一定の売上が立ったためオーナーの椅子が増加します 名前="Chair Charm" 増加数=15
time=03:44:29.506 level=INFO msg=一定の売上が立ったためオーナーの椅子が増加します 名前="SitWell Designs" 増加数=13
time=03:44:29.539 level=INFO msg=一定の売上が立ったためオーナーの椅子が増加します 名前=椅子のめぐりや 増加数=15
time=03:44:29.539 level=INFO msg=一定の売上が立ったためオーナーの椅子が増加します 名前=木座デザイン 増加数=15
time=03:44:31.294 level=INFO msg=これまでに地域内の評判によって54人、既存ユーザーの招待経由で1979人が新規登録しました
time=03:44:31.294 level=INFO msg=これまでに低評価なライドによって5人が利用をやめました
time=03:44:31.294 level=INFO msg=20.1%のライドは椅子がマッチされるまでの時間、2.8%のライドはマッチされた椅子が乗車地点までに掛かる時間、13.0%のライドは椅子の実移動時間に不満がありました
time=03:44:31.337 level=INFO msg=一定の売上が立ったためオーナーの椅子が増加します 名前="SitWell Designs" 増加数=14
time=03:44:31.338 level=INFO msg=一定の売上が立ったためオーナーの椅子が増加します 名前="Skyline Taxis" 増加数=11
time=03:44:31.339 level=INFO msg=一定の売上が立ったためオーナーの椅子が増加します 名前=椅子のめぐりや 増加数=16
time=03:44:31.370 level=INFO msg=一定の売上が立ったためオーナーの椅子が増加します 名前="Chair Charm" 増加数=14
time=03:44:31.372 level=INFO msg=一定の売上が立ったためオーナーの椅子が増加します 名前=木座デザイン 増加数=17
time=03:44:33.109 level=INFO msg=一定の売上が立ったためオーナーの椅子が増加します 名前=椅子のめぐりや 増加数=17
time=03:44:33.111 level=INFO msg=一定の売上が立ったためオーナーの椅子が増加します 名前="Skyline Taxis" 増加数=13
time=03:44:33.111 level=INFO msg=一定の売上が立ったためオーナーの椅子が増加します 名前=木座デザイン 増加数=16
time=03:44:33.112 level=INFO msg=一定の売上が立ったためオーナーの椅子が増加します 名前="Chair Charm" 増加数=16
time=03:44:33.113 level=INFO msg=一定の売上が立ったためオーナーの椅子が増加します 名前="SitWell Designs" 増加数=13
time=03:44:35.090 level=INFO msg=一定の売上が立ったためオーナーの椅子が増加します 名前=椅子のめぐりや 増加数=22
time=03:44:35.091 level=INFO msg=一定の売上が立ったためオーナーの椅子が増加します 名前=木座デザイン 増加数=23
time=03:44:35.099 level=INFO msg=一定の売上が立ったためオーナーの椅子が増加します 名前="Chair Charm" 増加数=23
time=03:44:35.099 level=INFO msg=一定の売上が立ったためオーナーの椅子が増加します 名前="SitWell Designs" 増加数=18
time=03:44:35.099 level=INFO msg=一定の売上が立ったためオーナーの椅子が増加します 名前="Skyline Taxis" 増加数=16
time=03:44:36.862 level=INFO msg=一定の売上が立ったためオーナーの椅子が増加します 名前="Skyline Taxis" 増加数=13
time=03:44:36.863 level=INFO msg=一定の売上が立ったためオーナーの椅子が増加します 名前="SitWell Designs" 増加数=18
time=03:44:36.874 level=INFO msg=これまでに地域内の評判によって71人、既存ユーザーの招待経由で2656人が新規登録しました
time=03:44:36.874 level=INFO msg=これまでに低評価なライドによって13人が利用をやめました
time=03:44:36.874 level=INFO msg=46.3%のライドは椅子がマッチされるまでの時間、2.1%のライドはマッチされた椅子が乗車地点までに掛かる時間、21.9%のライドは椅子の実移動時間に不満がありました
time=03:44:38.674 level=INFO msg=一定の売上が立ったためオーナーの椅子が増加します 名前="Chair Charm" 増加数=39
time=03:44:38.695 level=INFO msg=一定の売上が立ったためオーナーの椅子が増加します 名前="SitWell Designs" 増加数=16
time=03:44:38.696 level=INFO msg=一定の売上が立ったためオーナーの椅子が増加します 名前=椅子のめぐりや 増加数=41
time=03:44:38.698 level=INFO msg=一定の売上が立ったためオーナーの椅子が増加します 名前=木座デザイン 増加数=41
time=03:44:38.698 level=INFO msg=一定の売上が立ったためオーナーの椅子が増加します 名前="Skyline Taxis" 増加数=16
time=03:44:40.496 level=INFO msg=一定の売上が立ったためオーナーの椅子が増加します 名前="Skyline Taxis" 増加数=18
time=03:44:40.497 level=INFO msg=一定の売上が立ったためオーナーの椅子が増加します 名前="SitWell Designs" 増加数=21
time=03:44:42.275 level=INFO msg=これまでに地域内の評判によって89人、既存ユーザーの招待経由で3142人が新規登録しました
time=03:44:42.275 level=INFO msg=これまでに低評価なライドによって28人が利用をやめました
time=03:44:42.275 level=INFO msg=62.4%のライドは椅子がマッチされるまでの時間、1.9%のライドはマッチされた椅子が乗車地点までに掛かる時間、27.4%のライドは椅子の実移動時間に不満がありました
time=03:44:44.401 level=INFO msg=一定の売上が立ったためオーナーの椅子が増加します 名前=木座デザイン 増加数=73
time=03:44:44.402 level=INFO msg=一定の売上が立ったためオーナーの椅子が増加します 名前="Chair Charm" 増加数=71
time=03:44:44.402 level=INFO msg=一定の売上が立ったためオーナーの椅子が増加します 名前="Skyline Taxis" 増加数=39
time=03:44:44.403 level=INFO msg=一定の売上が立ったためオーナーの椅子が増加します 名前=椅子のめぐりや 増加数=71
time=03:44:44.403 level=INFO msg=一定の売上が立ったためオーナーの椅子が増加します 名前="SitWell Designs" 増加数=44
time=03:44:45.108 level=WARN msg="取得した付近の椅子情報に不備があります (CODE=30): ID:01M32MHC8K7XNQCB7YE23CPZF3の椅子は既にライド中です"
time=03:44:45.342 level=WARN msg="取得した付近の椅子情報に不備があります (CODE=30): ID:01M32MH2F1CVVJWG4TXED53502の椅子は既にライド中です"
time=03:44:48.274 level=INFO msg=これまでに地域内の評判によって107人、既存ユーザーの招待経由で3498人が新規登録しました
time=03:44:48.274 level=INFO msg=これまでに低評価なライドによって39人が利用をやめました
time=03:44:48.274 level=INFO msg=71.9%のライドは椅子がマッチされるまでの時間、1.7%のライドはマッチされた椅子が乗車地点までに掛かる時間、31.4%のライドは椅子の実移動時間に不満がありました
time=03:44:52.021 level=INFO msg=一定の売上が立ったためオーナーの椅子が増加します 名前="Skyline Taxis" 増加数=79
time=03:44:52.021 level=INFO msg=一定の売上が立ったためオーナーの椅子が増加します 名前="SitWell Designs" 増加数=90
time=03:44:54.214 level=INFO msg=これまでに地域内の評判によって125人、既存ユーザーの招待経由で3763人が新規登録しました
time=03:44:54.214 level=INFO msg=これまでに低評価なライドによって64人が利用をやめました
time=03:44:54.214 level=INFO msg=78.0%のライドは椅子がマッチされるまでの時間、1.6%のライドはマッチされた椅子が乗車地点までに掛かる時間、34.4%のライドは椅子の実移動時間に不満がありました
time=03:44:55.188 level=WARN msg="取得した付近の椅子情報に不備があります (CODE=30): ID:01M32MHHS3PH2W6ZBZ3PZPT9CQの椅子は既にライド中です"
time=03:44:55.190 level=WARN msg="取得した付近の椅子情報に不備があります (CODE=30): ID:01M32MHDSGVET8TKVQHCXZ89T6の椅子は既にライド中です"
time=03:44:56.756 level=INFO msg=一定の売上が立ったためオーナーの椅子が増加します 名前=椅子のめぐりや 増加数=156
time=03:44:56.806 level=INFO msg=一定の売上が立ったためオーナーの椅子が増加します 名前="Chair Charm" 増加数=159
time=03:44:56.811 level=INFO msg=一定の売上が立ったためオーナーの椅子が増加します 名前=木座デザイン 増加数=167
time=03:44:58.422 level=WARN msg="取得した付近の椅子情報に不備があります (CODE=30): ID:01M32MH7W1YVY19QKWJF65YJNYの椅子は既にライド中です"
time=03:44:58.422 level=WARN msg="取得した付近の椅子情報に不備があります (CODE=30): ID:01M32MH7W1YVY19QKWJF65YJNYの椅子は既にライド中です"
time=03:44:58.611 level=WARN msg="取得した付近の椅子情報に不備があります (CODE=30): ID:01M32MHDAP5814QFE89N9NQ9QSの椅子は既にライド中です"
time=03:44:59.810 level=WARN msg="取得した付近の椅子情報に不備があります (CODE=30): ID:01M32MH821FH5G0SB10RN5YGZYの椅子は既にライド中です"
time=03:44:59.813 level=WARN msg="取得した付近の椅子情報に不備があります (CODE=30): ID:01M32MH821FH5G0SB10RN5YGZYの椅子は既にライド中です"
time=03:44:59.814 level=WARN msg="取得した付近の椅子情報に不備があります (CODE=30): ID:01M32MH821FH5G0SB10RN5YGZYの椅子は既にライド中です"
time=03:44:59.862 level=WARN msg="取得した付近の椅子情報に不備があります (CODE=30): ID:01M32MH821FH5G0SB10RN5YGZYの椅子は既にライド中です"
time=03:44:59.867 level=WARN msg="取得した付近の椅子情報に不備があります (CODE=30): ID:01M32MH821FH5G0SB10RN5YGZYの椅子は既にライド中です"
time=03:44:59.877 level=WARN msg="取得した付近の椅子情報に不備があります (CODE=30): ID:01M32MH821FH5G0SB10RN5YGZYの椅子は既にライド中です"
time=03:44:59.878 level=WARN msg="取得した付近の椅子情報に不備があります (CODE=30): ID:01M32MH821FH5G0SB10RN5YGZYの椅子は既にライド中です"
time=03:44:59.884 level=WARN msg="取得した付近の椅子情報に不備があります (CODE=30): ID:01M32MH821FH5G0SB10RN5YGZYの椅子は既にライド中です"
time=03:45:00.003 level=WARN msg="取得した付近の椅子情報に不備があります (CODE=30): ID:01M32MHDARDKZBNMAAT544BDVAの椅子は既にライド中です"
time=03:45:00.019 level=WARN msg="取得した付近の椅子情報に不備があります (CODE=30): ID:01M32MHDARDKZBNMAAT544BDVAの椅子は既にライド中です"
time=03:45:00.026 level=WARN msg="取得した付近の椅子情報に不備があります (CODE=30): ID:01M32MHDARDKZBNMAAT544BDVAの椅子は既にライド中です"
time=03:45:00.029 level=WARN msg="取得した付近の椅子情報に不備があります (CODE=30): ID:01M32MHDARDKZBNMAAT544BDVAの椅子は既にライド中です"
time=03:45:00.032 level=WARN msg="取得した付近の椅子情報に不備があります (CODE=30): ID:01M32MHDARDKZBNMAAT544BDVAの椅子は既にライド中です"
time=03:45:00.033 level=WARN msg="取得した付近の椅子情報に不備があります (CODE=30): ID:01M32MHDARDKZBNMAAT544BDVAの椅子は既にライド中です"
time=03:45:00.033 level=WARN msg="取得した付近の椅子情報に不備があります (CODE=30): ID:01M32MHDARDKZBNMAAT544BDVAの椅子は既にライド中です"
time=03:45:00.202 level=WARN msg="取得した付近の椅子情報に不備があります (CODE=30): ID:01M32MGQJGQM5FK6W9SHP37AFBの椅子は既にライド中です"
time=03:45:00.544 level=INFO msg=これまでに地域内の評判によって143人、既存ユーザーの招待経由で4025人が新規登録しました
time=03:45:00.544 level=INFO msg=これまでに低評価なライドによって97人が利用をやめました
time=03:45:00.544 level=INFO msg=82.1%のライドは椅子がマッチされるまでの時間、1.6%のライドはマッチされた椅子が乗車地点までに掛かる時間、37.1%のライドは椅子の実移動時間に不満がありました
time=03:45:03.045 level=INFO msg=一定の売上が立ったためオーナーの椅子が増加します 名前="Skyline Taxis" 増加数=118
time=03:45:05.509 level=INFO msg=一定の売上が立ったためオーナーの椅子が増加します 名前="SitWell Designs" 増加数=178
time=03:45:07.744 level=INFO msg=これまでに地域内の評判によって161人、既存ユーザーの招待経由で4323人が新規登録しました
time=03:45:07.744 level=INFO msg=これまでに低評価なライドによって134人が利用をやめました
time=03:45:07.744 level=INFO msg=85.2%のライドは椅子がマッチされるまでの時間、1.6%のライドはマッチされた椅子が乗車地点までに掛かる時間、39.0%のライドは椅子の実移動時間に不満がありました
time=03:45:14.756 level=INFO msg=最終地域情報 名前=チェアタウン ユーザー登録数=2752 アクティブユーザー数=2683
time=03:45:14.756 level=INFO msg=最終地域情報 名前=コシカケシティ ユーザー登録数=1838 アクティブユーザー数=1771
time=03:45:14.756 level=INFO msg=最終オーナー情報 名前="SitWell Designs" 売上=20843600 椅子数=489
time=03:45:14.757 level=INFO msg=最終オーナー情報 名前="Skyline Taxis" 売上=17785800 椅子数=390
time=03:45:14.757 level=INFO msg=最終オーナー情報 名前=木座デザイン 売上=23210300 椅子数=432
time=03:45:14.757 level=INFO msg=最終オーナー情報 名前="Chair Charm" 売上=22152000 椅子数=413
time=03:45:14.757 level=INFO msg=最終オーナー情報 名前=椅子のめぐりや 売上=22370400 椅子数=416
time=03:45:14.757 level=INFO msg=86.0%のライドは椅子がマッチされるまでの時間、1.6%のライドはマッチされた椅子が乗車地点までに掛かる時間、39.7%のライドは椅子の実移動時間に不満がありました
time=03:45:14.758 level=INFO msg=結果 pass=true スコア=1113880 種別エラー数=map[30:23]
time=03:45:14.758 level=INFO msg=負荷走行が終了しました
