time=07:11:54.597 level=INFO msg=負荷走行を開始します
time=07:12:00.536 level=INFO msg=一定の売上が立ったためオーナーの椅子が増加します 名前="PreLoved Chairs" 増加数=1
time=07:12:00.543 level=INFO msg=一定の売上が立ったためオーナーの椅子が増加します 名前=風座プロダクツ 増加数=1
time=07:12:00.544 level=INFO msg=一定の売上が立ったためオーナーの椅子が増加します 名前="Timeless Seats" 増加数=1
time=07:12:00.545 level=INFO msg=一定の売上が立ったためオーナーの椅子が増加します 名前=迅行タクシー 増加数=3
time=07:12:00.545 level=INFO msg=一定の売上が立ったためオーナーの椅子が増加します 名前=ゆったり号 増加数=1
time=07:12:02.337 level=INFO msg=一定の売上が立ったためオーナーの椅子が増加します 名前="Timeless Seats" 増加数=1
time=07:12:02.338 level=INFO msg=一定の売上が立ったためオーナーの椅子が増加します 名前=風座プロダクツ 増加数=1
time=07:12:02.338 level=INFO msg=一定の売上が立ったためオーナーの椅子が増加します 名前=迅行タクシー 増加数=2
time=07:12:02.338 level=INFO msg=一定の売上が立ったためオーナーの椅子が増加します 名前=ゆったり号 増加数=2
time=07:12:02.338 level=INFO msg=一定の売上が立ったためオーナーの椅子が増加します 名前="PreLoved Chairs" 増加数=2
time=07:12:02.364 level=INFO msg=これまでに地域内の評判によって7人、既存ユーザーの招待経由で48人が新規登録しました
time=07:12:02.364 level=INFO msg=0.0%のライドは椅子がマッチされるまでの時間、63.3%のライドはマッチされた椅子が乗車地点までに掛かる時間、0.0%のライドは椅子の実移動時間に不満がありました
time=07:12:04.137 level=INFO msg=一定の売上が立ったためオーナーの椅子が増加します 名前="PreLoved Chairs" 増加数=3
time=07:12:04.139 level=INFO msg=一定の売上が立ったためオーナーの椅子が増加します 名前=迅行タクシー 増加数=3
time=07:12:04.139 level=INFO msg=一定の売上が立ったためオーナーの椅子が増加します 名前=ゆったり号 増加数=3
time=07:12:04.143 level=INFO msg=一定の売上が立ったためオーナーの椅子が増加します 名前=風座プロダクツ 増加数=3
time=07:12:04.145 level=INFO msg=一定の売上が立ったためオーナーの椅子が増加します 名前="Timeless Seats" 増加数=2
time=07:12:05.941 level=INFO msg=一定の売上が立ったためオーナーの椅子が増加します 名前="PreLoved Chairs" 増加数=5
time=07:12:05.945 level=INFO msg=一定の売上が立ったためオーナーの椅子が増加します 名前=ゆったり号 増加数=6
time=07:12:05.946 level=INFO msg=一定の売上が立ったためオーナーの椅子が増加します 名前=迅行タクシー 増加数=5
time=07:12:05.948 level=INFO msg=一定の売上が立ったためオーナーの椅子が増加します 名前=風座プロダクツ 増加数=4
time=07:12:05.949 level=INFO msg=一定の売上が立ったためオーナーの椅子が増加します 名前="Timeless Seats" 増加数=3
time=07:12:07.738 level=INFO msg=一定の売上が立ったためオーナーの椅子が増加します 名前=風座プロダクツ 増加数=6
time=07:12:07.743 level=INFO msg=一定の売上が立ったためオーナーの椅子が増加します 名前="Timeless Seats" 増加数=5
time=07:12:07.754 level=INFO msg=一定の売上が立ったためオーナーの椅子が増加します 名前=迅行タクシー 増加数=8
time=07:12:07.754 level=INFO msg=一定の売上が立ったためオーナーの椅子が増加します 名前="PreLoved Chairs" 増加数=7
time=07:12:07.754 level=INFO msg=一定の売上が立ったためオーナーの椅子が増加します 名前=ゆったり号 増加数=7
time=07:12:07.764 level=INFO msg=これまでに地域内の評判によって19人、既存ユーザーの招待経由で243人が新規登録しました
time=07:12:07.764 level=INFO msg=0.0%のライドは椅子がマッチされるまでの時間、33.1%のライドはマッチされた椅子が乗車地点までに掛かる時間、0.8%のライドは椅子の実移動時間に不満がありました
time=07:12:09.543 level=INFO msg=一定の売上が立ったためオーナーの椅子が増加します 名前=ゆったり号 増加数=10
time=07:12:09.549 level=INFO msg=一定の売上が立ったためオーナーの椅子が増加します 名前=風座プロダクツ 増加数=10
time=07:12:09.552 level=INFO msg=一定の売上が立ったためオーナーの椅子が増加します 名前="Timeless Seats" 増加数=8
time=07:12:09.562 level=INFO msg=一定の売上が立ったためオーナーの椅子が増加します 名前=迅行タクシー 増加数=10
time=07:12:09.562 level=INFO msg=一定の売上が立ったためオーナーの椅子が増加します 名前="PreLoved Chairs" 増加数=11
time=07:12:11.342 level=INFO msg=一定の売上が立ったためオーナーの椅子が増加します 名前="PreLoved Chairs" 増加数=11
time=07:12:11.346 level=INFO msg=一定の売上が立ったためオーナーの椅子が増加します 名前="Timeless Seats" 増加数=10
time=07:12:11.347 level=INFO msg=一定の売上が立ったためオーナーの椅子が増加します 名前=風座プロダクツ 増加数=11
time=07:12:11.351 level=INFO msg=一定の売上が立ったためオーナーの椅子が増加します 名前=迅行タクシー 増加数=11
time=07:12:11.351 level=INFO msg=一定の売上が立ったためオーナーの椅子が増加します 名前=ゆったり号 増加数=11
time=07:12:13.175 level=INFO msg=一定の売上が立ったためオーナーの椅子が増加します 名前=ゆったり号 増加数=13
time=07:12:13.185 level=INFO msg=一定の売上が立ったためオーナーの椅子が増加します 名前=風座プロダクツ 増加数=12
time=07:12:13.186 level=INFO msg=一定の売上が立ったためオーナーの椅子が増加します 名前="Timeless Seats" 増加数=12
time=07:12:13.188 level=INFO msg=一定の売上が立ったためオーナーの椅子が増加します 名前="PreLoved Chairs" 増加数=11
time=07:12:13.188 level=INFO msg=一定の売上が立ったためオーナーの椅子が増加します 名前=迅行タクシー 増加数=13
time=07:12:13.194 level=INFO msg=これまでに地域内の評判によって35人、既存ユーザーの招待経由で937人が新規登録しました
time=07:12:13.194 level=INFO msg=0.1%のライドは椅子がマッチされるまでの時間、13.2%のライドはマッチされた椅子が乗車地点までに掛かる時間、0.9%のライドは椅子の実移動時間に不満がありました
time=07:12:15.000 level=INFO msg=一定の売上が立ったためオーナーの椅子が増加します 名前=迅行タクシー 増加数=13
time=07:12:15.020 level=INFO msg=一定の売上が立ったためオーナーの椅子が増加します 名前="PreLoved Chairs" 増加数=13
time=07:12:15.020 level=INFO msg=一定の売上が立ったためオーナーの椅子が増加します 名前="Timeless Seats" 増加数=10
time=07:12:15.021 level=INFO msg=一定の売上が立ったためオーナーの椅子が増加します 名前=風座プロダクツ 増加数=12
time=07:12:15.023 level=INFO msg=一定の売上が立ったためオーナーの椅子が増加します 名前=ゆったり号 増加数=12
time=07:12:16.961 level=INFO msg=一定の売上が立ったためオーナーの椅子が増加します 名前=ゆったり号 増加数=14
time=07:12:16.973 level=INFO msg=一定の売上が立ったためオーナーの椅子が増加します 名前="Timeless Seats" 増加数=9
time=07:12:16.974 level=INFO msg=一定の売上が立ったためオーナーの椅子が増加します 名前=風座プロダクツ 増加数=12
time=07:12:16.995 level=INFO msg=一定の売上が立ったためオーナーの椅子が増加します 名前="PreLoved Chairs" 増加数=13
time=07:12:16.996 level=INFO msg=一定の売上が立ったためオーナーの椅子が増加します 名前=迅行タクシー 増加数=13
time=07:12:19.055 level=INFO msg=一定の売上が立ったためオーナーの椅子が増加します 名前="Timeless Seats" 増加数=11
time=07:12:19.056 level=INFO msg=一定の売上が立ったためオーナーの椅子が増加します 名前=風座プロダクツ 増加数=15
time=07:12:19.057 level=INFO msg=一定の売上が立ったためオーナーの椅子が増加します 名前=迅行タクシー 増加数=15
time=07:12:19.057 level=INFO msg=一定の売上が立ったためオーナーの椅子が増加します 名前=ゆったり号 増加数=16
time=07:12:19.062 level=INFO msg=一定の売上が立ったためオーナーの椅子が増加します 名前="PreLoved Chairs" 増加数=16
time=07:12:19.074 level=INFO msg=これまでに地域内の評判によって53人、既存ユーザーの招待経由で1824人が新規登録しました
time=07:12:19.074 level=INFO msg=これまでに低評価なライドによって4人が利用をやめました
time=07:12:19.074 level=INFO msg=11.5%のライドは椅子がマッチされるまでの時間、7.9%のライドはマッチされた椅子が乗車地点までに掛かる時間、14.1%のライドは椅子の実移動時間に不満がありました
time=07:12:20.889 level=INFO msg=一定の売上が立ったためオーナーの椅子が増加します 名前="Timeless Seats" 増加数=12
time=07:12:20.890 level=INFO msg=一定の売上が立ったためオーナーの椅子が増加します 名前=風座プロダクツ 増加数=17
time=07:12:20.899 level=INFO msg=一定の売上が立ったためオーナーの椅子が増加します 名前=ゆったり号 増加数=16
time=07:12:20.899 level=INFO msg=一定の売上が立ったためオーナーの椅子が増加します 名前=迅行タクシー 増加数=17
time=07:12:20.899 level=INFO msg=一定の売上が立ったためオーナーの椅子が増加します 名前="PreLoved Chairs" 増加数=16
time=07:12:22.678 level=INFO msg=一定の売上が立ったためオーナーの椅子が増加します 名前=風座プロダクツ 増加数=17
time=07:12:22.692 level=INFO msg=一定の売上が立ったためオーナーの椅子が増加します 名前="Timeless Seats" 増加数=15
time=07:12:22.693 level=INFO msg=一定の売上が立ったためオーナーの椅子が増加します 名前=ゆったり号 増加数=22
time=07:12:22.694 level=INFO msg=一定の売上が立ったためオーナーの椅子が増加します 名前=迅行タクシー 増加数=19
time=07:12:22.695 level=INFO msg=一定の売上が立ったためオーナーの椅子が増加します 名前="PreLoved Chairs" 増加数=20
time=07:12:24.564 level=INFO msg=これまでに地域内の評判によって70人、既存ユーザーの招待経由で2434人が新規登録しました
time=07:12:24.564 level=INFO msg=これまでに低評価なライドによって11人が利用をやめました
time=07:12:24.564 level=INFO msg=42.7%のライドは椅子がマッチされるまでの時間、5.6%のライドはマッチされた椅子が乗車地点までに掛かる時間、24.0%のライドは椅子の実移動時間に不満がありました
time=07:12:24.582 level=INFO msg=一定の売上が立ったためオーナーの椅子が増加します 名前="Timeless Seats" 増加数=18
time=07:12:24.583 level=INFO msg=一定の売上が立ったためオーナーの椅子が増加します 名前="PreLoved Chairs" 増加数=23
time=07:12:24.583 level=INFO msg=一定の売上が立ったためオーナーの椅子が増加します 名前=迅行タクシー 増加数=24
time=07:12:24.585 level=INFO msg=一定の売上が立ったためオーナーの椅子が増加します 名前=風座プロダクツ 増加数=25
time=07:12:24.586 level=INFO msg=一定の売上が立ったためオーナーの椅子が増加します 名前=ゆったり号 増加数=23
time=07:12:26.862 level=INFO msg=一定の売上が立ったためオーナーの椅子が増加します 名前="PreLoved Chairs" 増加数=27
time=07:12:26.864 level=INFO msg=一定の売上が立ったためオーナーの椅子が増加します 名前=迅行タクシー 増加数=29
time=07:12:26.864 level=INFO msg=一定の売上が立ったためオーナーの椅子が増加します 名前=ゆったり号 増加数=30
time=07:12:26.866 level=INFO msg=一定の売上が立ったためオーナーの椅子が増加します 名前="Timeless Seats" 増加数=21
time=07:12:26.866 level=INFO msg=一定の売上が立ったためオーナーの椅子が増加します 名前=風座プロダクツ 増加数=27
time=07:12:30.684 level=INFO msg=これまでに地域内の評判によって88人、既存ユーザーの招待経由で2785人が新規登録しました
time=07:12:30.684 level=INFO msg=これまでに低評価なライドによって46人が利用をやめました
time=07:12:30.684 level=INFO msg=62.0%のライドは椅子がマッチされるまでの時間、4.6%のライドはマッチされた椅子が乗車地点までに掛かる時間、30.7%のライドは椅子の実移動時間に不満がありました
time=07:12:30.792 level=INFO msg=一定の売上が立ったためオーナーの椅子が増加します 名前="Timeless Seats" 増加数=38
time=07:12:30.795 level=INFO msg=一定の売上が立ったためオーナーの椅子が増加します 名前=ゆったり号 増加数=48
time=07:12:30.797 level=INFO msg=一定の売上が立ったためオーナーの椅子が増加します 名前="PreLoved Chairs" 増加数=47
time=07:12:30.800 level=INFO msg=一定の売上が立ったためオーナーの椅子が増加します 名前=風座プロダクツ 増加数=42
time=07:12:32.602 level=INFO msg=一定の売上が立ったためオーナーの椅子が増加します 名前=迅行タクシー 増加数=77
time=07:12:36.564 level=INFO msg=これまでに地域内の評判によって106人、既存ユーザーの招待経由で3027人が新規登録しました
time=07:12:36.564 level=INFO msg=これまでに低評価なライドによって90人が利用をやめました
time=07:12:36.564 level=INFO msg=72.5%のライドは椅子がマッチされるまでの時間、4.2%のライドはマッチされた椅子が乗車地点までに掛かる時間、36.7%のライドは椅子の実移動時間に不満がありました
time=07:12:38.392 level=INFO msg=一定の売上が立ったためオーナーの椅子が増加します 名前=風座プロダクツ 増加数=109
time=07:12:38.393 level=INFO msg=一定の売上が立ったためオーナーの椅子が増加します 名前="PreLoved Chairs" 増加数=107
time=07:12:38.393 level=INFO msg=一定の売上が立ったためオーナーの椅子が増加します 名前=ゆったり号 増加数=114
time=07:12:38.416 level=INFO msg=一定の売上が立ったためオーナーの椅子が増加します 名前="Timeless Seats" 増加数=87
time=07:12:41.273 level=WARN msg="取得した付近の椅子情報に不備があります (CODE=30): ID:01M330DZ9777G9ACNQJ02C6Y4Aの椅子は既にライド中です"
time=07:12:42.264 level=INFO msg=これまでに地域内の評判によって124人、既存ユーザーの招待経由で3146人が新規登録しました
time=07:12:42.264 level=INFO msg=これまでに低評価なライドによって128人が利用をやめました
time=07:12:42.264 level=INFO msg=78.3%のライドは椅子がマッチされるまでの時間、3.8%のライドはマッチされた椅子が乗車地点までに掛かる時間、40.6%のライドは椅子の実移動時間に不満がありました
time=07:12:46.540 level=WARN msg="取得した付近の椅子情報に不備があります (CODE=30): ID:01M330DV9B83Q1625EP8ZR2HE3の椅子は既にライド中です"
time=07:12:46.543 level=WARN msg="取得した付近の椅子情報に不備があります (CODE=30): ID:01M330DV9B83Q1625EP8ZR2HE3の椅子は既にライド中です"
time=07:12:46.543 level=WARN msg="取得した付近の椅子情報に不備があります (CODE=30): ID:01M330DV9B83Q1625EP8ZR2HE3の椅子は既にライド中です"
time=07:12:46.547 level=WARN msg="取得した付近の椅子情報に不備があります (CODE=30): ID:01M330DV9B83Q1625EP8ZR2HE3の椅子は既にライド中です"
time=07:12:48.084 level=INFO msg=これまでに地域内の評判によって142人、既存ユーザーの招待経由で3216人が新規登録しました
time=07:12:48.084 level=INFO msg=これまでに低評価なライドによって165人が利用をやめました
time=07:12:48.084 level=INFO msg=81.8%のライドは椅子がマッチされるまでの時間、3.5%のライドはマッチされた椅子が乗車地点までに掛かる時間、44.0%のライドは椅子の実移動時間に不満がありました
time=07:12:48.242 level=INFO msg=一定の売上が立ったためオーナーの椅子が増加します 名前=迅行タクシー 増加数=217
time=07:12:48.258 level=WARN msg="取得した付近の椅子情報に不備があります (CODE=30): ID:01M330E98Y932MCMPRWVY7Z6KBの椅子は既にライド中です"
time=07:12:48.258 level=WARN msg="取得した付近の椅子情報に不備があります (CODE=30): ID:01M330E98Y932MCMPRWVY7Z6KBの椅子は既にライド中です"
time=07:12:48.259 level=WARN msg="取得した付近の椅子情報に不備があります (CODE=30): ID:01M330E98Y932MCMPRWVY7Z6KBの椅子は既にライド中です"
time=07:12:49.419 level=WARN msg="取得した付近の椅子情報に不備があります (CODE=30): ID:01M330DDXWN7JYXHW5EFMVXS54の椅子は既にライド中です"
time=07:12:49.421 level=WARN msg="取得した付近の椅子情報に不備があります (CODE=30): ID:01M330DDXWN7JYXHW5EFMVXS54の椅子は既にライド中です"
time=07:12:49.421 level=WARN msg="取得した付近の椅子情報に不備があります (CODE=30): ID:01M330DDXWN7JYXHW5EFMVXS54の椅子は既にライド中です"
time=07:12:49.422 level=WARN msg="取得した付近の椅子情報に不備があります (CODE=30): ID:01M330DDXWN7JYXHW5EFMVXS54の椅子は既にライド中です"
time=07:12:49.422 level=WARN msg="取得した付近の椅子情報に不備があります (CODE=30): ID:01M330DDXWN7JYXHW5EFMVXS54の椅子は既にライド中です"
time=07:12:53.515 level=INFO msg=これまでに地域内の評判によって160人、既存ユーザーの招待経由で3283人が新規登録しました
time=07:12:53.515 level=INFO msg=これまでに低評価なライドによって196人が利用をやめました
time=07:12:53.515 level=INFO msg=83.9%のライドは椅子がマッチされるまでの時間、3.4%のライドはマッチされた椅子が乗車地点までに掛かる時間、47.0%のライドは椅子の実移動時間に不満がありました
time=07:12:54.613 level=WARN msg="取得した付近の椅子情報に不備があります (CODE=30): ID:01M330EQB8AZ2FT8DXEZW0EC80の椅子は既にライド中です"
time=07:12:54.614 level=WARN msg="取得した付近の椅子情報に不備があります (CODE=30): ID:01M330EQB8AZ2FT8DXEZW0EC80の椅子は既にライド中です"
time=07:13:01.972 level=INFO msg=最終地域情報 名前=チェアタウン ユーザー登録数=2119 アクティブユーザー数=2018
time=07:13:01.972 level=INFO msg=最終地域情報 名前=コシカケシティ ユーザー登録数=1372 アクティブユーザー数=1262
time=07:13:01.972 level=INFO msg=最終オーナー情報 名前=ゆったり号 売上=24690800 椅子数=352
time=07:13:01.972 level=INFO msg=最終オーナー情報 名前=迅行タクシー 売上=23172800 椅子数=483
time=07:13:01.972 level=INFO msg=最終オーナー情報 名前=風座プロダクツ 売上=22936100 椅子数=328
time=07:13:01.972 level=INFO msg=最終オーナー情報 名前="Timeless Seats" 売上=18319300 椅子数=267
time=07:13:01.972 level=INFO msg=最終オーナー情報 名前="PreLoved Chairs" 売上=23693200 椅子数=337
time=07:13:01.972 level=INFO msg=85.3%のライドは椅子がマッチされるまでの時間、3.3%のライドはマッチされた椅子が乗車地点までに掛かる時間、49.0%のライドは椅子の実移動時間に不満がありました
time=07:13:01.973 level=INFO msg=結果 pass=true スコア=1185463 種別エラー数=map[30:15]
time=07:13:01.973 level=INFO msg=負荷走行が終了しました
