time=03:46:17.163 level=INFO msg=負荷走行を開始します
time=03:46:23.168 level=INFO msg=一定の売上が立ったためオーナーの椅子が増加します 名前=晴れ道タクシー 増加数=1
time=03:46:23.171 level=INFO msg=一定の売上が立ったためオーナーの椅子が増加します 名前=椅子のふるさと 増加数=1
time=03:46:23.171 level=INFO msg=一定の売上が立ったためオーナーの椅子が増加します 名前="LuxeLine Taxi" 増加数=2
time=03:46:23.174 level=INFO msg=一定の売上が立ったためオーナーの椅子が増加します 名前="PreLoved Chairs" 増加数=1
time=03:46:23.174 level=INFO msg=一定の売上が立ったためオーナーの椅子が増加します 名前=迅行タクシー 増加数=1
time=03:46:24.968 level=INFO msg=一定の売上が立ったためオーナーの椅子が増加します 名前=椅子のふるさと 増加数=3
time=03:46:24.968 level=INFO msg=一定の売上が立ったためオーナーの椅子が増加します 名前="PreLoved Chairs" 増加数=2
time=03:46:24.968 level=INFO msg=一定の売上が立ったためオーナーの椅子が増加します 名前=晴れ道タクシー 増加数=3
time=03:46:24.969 level=INFO msg=一定の売上が立ったためオーナーの椅子が増加します 名前="LuxeLine Taxi" 増加数=2
time=03:46:24.968 level=INFO msg=一定の売上が立ったためオーナーの椅子が増加します 名前=迅行タクシー 増加数=2
time=03:46:24.996 level=INFO msg=これまでに地域内の評判によって7人、既存ユーザーの招待経由で59人が新規登録しました
time=03:46:24.996 level=INFO msg=0.0%のライドは椅子がマッチされるまでの時間、56.5%のライドはマッチされた椅子が乗車地点までに掛かる時間、0.0%のライドは椅子の実移動時間に不満がありました
time=03:46:26.769 level=INFO msg=一定の売上が立ったためオーナーの椅子が増加します 名前=椅子のふるさと 増加数=5
time=03:46:26.772 level=INFO msg=一定の売上が立ったためオーナーの椅子が増加します 名前=晴れ道タクシー 増加数=4
time=03:46:26.772 level=INFO msg=一定の売上が立ったためオーナーの椅子が増加します 名前="LuxeLine Taxi" 増加数=4
time=03:46:26.774 level=INFO msg=一定の売上が立ったためオーナーの椅子が増加します 名前=迅行タクシー 増加数=4
time=03:46:26.774 level=INFO msg=一定の売上が立ったためオーナーの椅子が増加します 名前="PreLoved Chairs" 増加数=4
time=03:46:28.571 level=INFO msg=一定の売上が立ったためオーナーの椅子が増加します 名前=椅子のふるさと 増加数=5
time=03:46:28.571 level=INFO msg=一定の売上が立ったためオーナーの椅子が増加します 名前=晴れ道タクシー 増加数=7
time=03:46:28.572 level=INFO msg=一定の売上が立ったためオーナーの椅子が増加します 名前="LuxeLine Taxi" 増加数=7
time=03:46:28.579 level=INFO msg=一定の売上が立ったためオーナーの椅子が増加します 名前=迅行タクシー 増加数=5
time=03:46:28.579 level=INFO msg=一定の売上が立ったためオーナーの椅子が増加します 名前="PreLoved Chairs" 増加数=5
time=03:46:30.371 level=INFO msg=一定の売上が立ったためオーナーの椅子が増加します 名前=晴れ道タクシー 増加数=9
time=03:46:30.374 level=INFO msg=一定の売上が立ったためオーナーの椅子が増加します 名前=迅行タクシー 増加数=7
time=03:46:30.375 level=INFO msg=一定の売上が立ったためオーナーの椅子が増加します 名前="PreLoved Chairs" 増加数=9
time=03:46:30.382 level=INFO msg=一定の売上が立ったためオーナーの椅子が増加します 名前="LuxeLine Taxi" 増加数=9
time=03:46:30.382 level=INFO msg=一定の売上が立ったためオーナーの椅子が増加します 名前=椅子のふるさと 増加数=9
time=03:46:30.396 level=INFO msg=これまでに地域内の評判によって20人、既存ユーザーの招待経由で355人が新規登録しました
time=03:46:30.396 level=INFO msg=1.0%のライドは椅子がマッチされるまでの時間、16.4%のライドはマッチされた椅子が乗車地点までに掛かる時間、0.5%のライドは椅子の実移動時間に不満がありました
time=03:46:32.177 level=INFO msg=一定の売上が立ったためオーナーの椅子が増加します 名前=晴れ道タクシー 増加数=11
time=03:46:32.185 level=INFO msg=一定の売上が立ったためオーナーの椅子が増加します 名前="PreLoved Chairs" 増加数=11
time=03:46:32.185 level=INFO msg=一定の売上が立ったためオーナーの椅子が増加します 名前=迅行タクシー 増加数=13
time=03:46:32.186 level=INFO msg=一定の売上が立ったためオーナーの椅子が増加します 名前=椅子のふるさと 増加数=12
time=03:46:32.190 level=INFO msg=一定の売上が立ったためオーナーの椅子が増加します 名前="LuxeLine Taxi" 増加数=11
time=03:46:33.985 level=INFO msg=一定の売上が立ったためオーナーの椅子が増加します 名前=晴れ道タクシー 増加数=13
time=03:46:33.991 level=INFO msg=一定の売上が立ったためオーナーの椅子が増加します 名前="LuxeLine Taxi" 増加数=12
time=03:46:33.991 level=INFO msg=一定の売上が立ったためオーナーの椅子が増加します 名前=椅子のふるさと 増加数=13
time=03:46:33.996 level=INFO msg=一定の売上が立ったためオーナーの椅子が増加します 名前="PreLoved Chairs" 増加数=12
time=03:46:33.996 level=INFO msg=一定の売上が立ったためオーナーの椅子が増加します 名前=迅行タクシー 増加数=12
time=03:46:35.976 level=INFO msg=これまでに地域内の評判によって36人、既存ユーザーの招待経由で1201人が新規登録しました
time=03:46:35.976 level=INFO msg=2.9%のライドは椅子がマッチされるまでの時間、5.0%のライドはマッチされた椅子が乗車地点までに掛かる時間、0.6%のライドは椅子の実移動時間に不満がありました
time=03:46:35.976 level=INFO msg=一定の売上が立ったためオーナーの椅子が増加します 名前=迅行タクシー 増加数=13
time=03:46:35.986 level=INFO msg=一定の売上が立ったためオーナーの椅子が増加します 名前="LuxeLine Taxi" 増加数=13
time=03:46:35.987 level=INFO msg=一定の売上が立ったためオーナーの椅子が増加します 名前=椅子のふるさと 増加数=13
time=03:46:35.987 level=INFO msg=一定の売上が立ったためオーナーの椅子が増加します 名前=晴れ道タクシー 増加数=12
time=03:46:35.995 level=INFO msg=一定の売上が立ったためオーナーの椅子が増加します 名前="PreLoved Chairs" 増加数=12
time=03:46:37.995 level=INFO msg=一定の売上が立ったためオーナーの椅子が増加します 名前="PreLoved Chairs" 増加数=12
time=03:46:37.998 level=INFO msg=一定の売上が立ったためオーナーの椅子が増加します 名前=迅行タクシー 増加数=11
time=03:46:38.002 level=INFO msg=一定の売上が立ったためオーナーの椅子が増加します 名前=晴れ道タクシー 増加数=13
time=03:46:38.002 level=INFO msg=一定の売上が立ったためオーナーの椅子が増加します 名前=椅子のふるさと 増加数=13
time=03:46:38.002 level=INFO msg=一定の売上が立ったためオーナーの椅子が増加します 名前="LuxeLine Taxi" 増加数=13
time=03:46:40.201 level=INFO msg=一定の売上が立ったためオーナーの椅子が増加します 名前=晴れ道タクシー 増加数=16
time=03:46:40.213 level=INFO msg=一定の売上が立ったためオーナーの椅子が増加します 名前="PreLoved Chairs" 増加数=15
time=03:46:40.215 level=INFO msg=一定の売上が立ったためオーナーの椅子が増加します 名前=迅行タクシー 増加数=15
time=03:46:40.216 level=INFO msg=一定の売上が立ったためオーナーの椅子が増加します 名前="LuxeLine Taxi" 増加数=16
time=03:46:40.217 level=INFO msg=一定の売上が立ったためオーナーの椅子が増加します 名前=椅子のふるさと 増加数=13
time=03:46:42.456 level=INFO msg=これまでに地域内の評判によって54人、既存ユーザーの招待経由で2214人が新規登録しました
time=03:46:42.456 level=INFO msg=これまでに低評価なライドによって7人が利用をやめました
time=03:46:42.456 level=INFO msg=22.4%のライドは椅子がマッチされるまでの時間、3.0%のライドはマッチされた椅子が乗車地点までに掛かる時間、12.8%のライドは椅子の実移動時間に不満がありました
time=03:46:42.475 level=INFO msg=一定の売上が立ったためオーナーの椅子が増加します 名前=晴れ道タクシー 増加数=16
time=03:46:42.475 level=INFO msg=一定の売上が立ったためオーナーの椅子が増加します 名前="LuxeLine Taxi" 増加数=16
time=03:46:42.476 level=INFO msg=一定の売上が立ったためオーナーの椅子が増加します 名前=椅子のふるさと 増加数=17
time=03:46:42.483 level=INFO msg=一定の売上が立ったためオーナーの椅子が増加します 名前=迅行タクシー 増加数=17
time=03:46:42.483 level=INFO msg=一定の売上が立ったためオーナーの椅子が増加します 名前="PreLoved Chairs" 増加数=15
time=03:46:44.693 level=INFO msg=一定の売上が立ったためオーナーの椅子が増加します 名前=晴れ道タクシー 増加数=22
time=03:46:44.695 level=INFO msg=一定の売上が立ったためオーナーの椅子が増加します 名前="PreLoved Chairs" 増加数=19
time=03:46:44.695 level=INFO msg=一定の売上が立ったためオーナーの椅子が増加します 名前=迅行タクシー 増加数=19
time=03:46:44.719 level=INFO msg=一定の売上が立ったためオーナーの椅子が増加します 名前="LuxeLine Taxi" 増加数=19
time=03:46:44.720 level=INFO msg=一定の売上が立ったためオーナーの椅子が増加します 名前=椅子のふるさと 増加数=20
time=03:46:46.488 level=INFO msg=一定の売上が立ったためオーナーの椅子が増加します 名前="LuxeLine Taxi" 増加数=17
time=03:46:46.497 level=INFO msg=一定の売上が立ったためオーナーの椅子が増加します 名前=迅行タクシー 増加数=18
time=03:46:46.498 level=INFO msg=一定の売上が立ったためオーナーの椅子が増加します 名前="PreLoved Chairs" 増加数=17
time=03:46:48.503 level=INFO msg=一定の売上が立ったためオーナーの椅子が増加します 名前=晴れ道タクシー 増加数=39
time=03:46:48.516 level=INFO msg=これまでに地域内の評判によって70人、既存ユーザーの招待経由で2888人が新規登録しました
time=03:46:48.516 level=INFO msg=これまでに低評価なライドによって29人が利用をやめました
time=03:46:48.516 level=INFO msg=48.1%のライドは椅子がマッチされるまでの時間、2.7%のライドはマッチされた椅子が乗車地点までに掛かる時間、21.6%のライドは椅子の実移動時間に不満がありました
time=03:46:48.529 level=INFO msg=一定の売上が立ったためオーナーの椅子が増加します 名前="PreLoved Chairs" 増加数=19
time=03:46:48.530 level=INFO msg=一定の売上が立ったためオーナーの椅子が増加します 名前=迅行タクシー 増加数=20
time=03:46:48.599 level=INFO msg=一定の売上が立ったためオーナーの椅子が増加します 名前=椅子のふるさと 増加数=39
time=03:46:48.599 level=INFO msg=一定の売上が立ったためオーナーの椅子が増加します 名前="LuxeLine Taxi" 増加数=21
time=03:46:50.402 level=INFO msg=一定の売上が立ったためオーナーの椅子が増加します 名前="PreLoved Chairs" 増加数=24
time=03:46:52.270 level=INFO msg=一定の売上が立ったためオーナーの椅子が増加します 名前=迅行タクシー 増加数=47
time=03:46:52.275 level=INFO msg=一定の売上が立ったためオーナーの椅子が増加します 名前="LuxeLine Taxi" 増加数=48
time=03:46:53.972 level=INFO msg=一定の売上が立ったためオーナーの椅子が増加します 名前="PreLoved Chairs" 増加数=44
time=03:46:53.976 level=INFO msg=これまでに地域内の評判によって88人、既存ユーザーの招待経由で3324人が新規登録しました
time=03:46:53.976 level=INFO msg=これまでに低評価なライドによって39人が利用をやめました
time=03:46:53.976 level=INFO msg=63.4%のライドは椅子がマッチされるまでの時間、2.2%のライドはマッチされた椅子が乗車地点までに掛かる時間、27.6%のライドは椅子の実移動時間に不満がありました
time=03:46:53.988 level=INFO msg=一定の売上が立ったためオーナーの椅子が増加します 名前=晴れ道タクシー 増加数=64
time=03:46:53.993 level=INFO msg=一定の売上が立ったためオーナーの椅子が増加します 名前=椅子のふるさと 増加数=63
time=03:46:58.796 level=WARN msg="取得した付近の椅子情報に不備があります (CODE=30): ID:01M32MN32QF0JHGMZV674VKT2Vの椅子は既にライド中です"
time=03:46:59.376 level=INFO msg=これまでに地域内の評判によって106人、既存ユーザーの招待経由で3615人が新規登録しました
time=03:46:59.376 level=INFO msg=これまでに低評価なライドによって55人が利用をやめました
time=03:46:59.376 level=INFO msg=71.8%のライドは椅子がマッチされるまでの時間、2.0%のライドはマッチされた椅子が乗車地点までに掛かる時間、31.3%のライドは椅子の実移動時間に不満がありました
time=03:46:59.400 level=INFO msg=一定の売上が立ったためオーナーの椅子が増加します 名前=迅行タクシー 増加数=84
time=03:46:59.404 level=INFO msg=一定の売上が立ったためオーナーの椅子が増加します 名前="LuxeLine Taxi" 増加数=85
time=03:47:00.208 level=WARN msg="取得した付近の椅子情報に不備があります (CODE=30): ID:01M32MN1AK6BNJ5VC1T8RMRVG1の椅子は既にライド中です"
time=03:47:01.220 level=INFO msg=一定の売上が立ったためオーナーの椅子が増加します 名前="PreLoved Chairs" 増加数=94
time=03:47:04.896 level=INFO msg=これまでに地域内の評判によって124人、既存ユーザーの招待経由で3900人が新規登録しました
time=03:47:04.896 level=INFO msg=これまでに低評価なライドによって80人が利用をやめました
time=03:47:04.896 level=INFO msg=77.5%のライドは椅子がマッチされるまでの時間、2.0%のライドはマッチされた椅子が乗車地点までに掛かる時間、33.9%のライドは椅子の実移動時間に不満がありました
time=03:47:04.983 level=INFO msg=一定の売上が立ったためオーナーの椅子が増加します 名前=椅子のふるさと 増加数=131
time=03:47:04.989 level=INFO msg=一定の売上が立ったためオーナーの椅子が増加します 名前=晴れ道タクシー 増加数=133
time=03:47:07.207 level=WARN msg="取得した付近の椅子情報に不備があります (CODE=30): ID:01M32MP1B1ZZMEE7X6SB6YW8RQの椅子は既にライド中です"
time=03:47:07.208 level=WARN msg="取得した付近の椅子情報に不備があります (CODE=30): ID:01M32MP1B1ZZMEE7X6SB6YW8RQの椅子は既にライド中です"
time=03:47:10.986 level=INFO msg=これまでに地域内の評判によって142人、既存ユーザーの招待経由で4182人が新規登録しました
time=03:47:10.986 level=INFO msg=これまでに低評価なライドによって115人が利用をやめました
time=03:47:10.986 level=INFO msg=81.7%のライドは椅子がマッチされるまでの時間、1.9%のライドはマッチされた椅子が乗車地点までに掛かる時間、36.6%のライドは椅子の実移動時間に不満がありました
time=03:47:11.016 level=WARN msg="取得した付近の椅子情報に不備があります (CODE=30): ID:01M32MNK3V9M6BNT99D68D11QYの椅子は既にライド中です"
time=03:47:11.127 level=WARN msg="取得した付近の椅子情報に不備があります (CODE=30): ID:01M32MNK40E55ZV4KM1EBC44AJの椅子は既にライド中です"
time=03:47:11.130 level=WARN msg="取得した付近の椅子情報に不備があります (CODE=30): ID:01M32MNB7ZSP14DMH9RRB32P1Eの椅子は既にライド中です"
time=03:47:11.132 level=WARN msg="取得した付近の椅子情報に不備があります (CODE=30): ID:01M32MNB7ZSP14DMH9RRB32P1Eの椅子は既にライド中です"
time=03:47:11.136 level=WARN msg="取得した付近の椅子情報に不備があります (CODE=30): ID:01M32MNB7ZSP14DMH9RRB32P1Eの椅子は既にライド中です"
time=03:47:11.136 level=WARN msg="取得した付近の椅子情報に不備があります (CODE=30): ID:01M32MNB7ZSP14DMH9RRB32P1Eの椅子は既にライド中です"
time=03:47:11.136 level=WARN msg="取得した付近の椅子情報に不備があります (CODE=30): ID:01M32MNB7ZSP14DMH9RRB32P1Eの椅子は既にライド中です"
time=03:47:11.249 level=WARN msg="取得した付近の椅子情報に不備があります (CODE=30): ID:01M32MNQ34N1E2RZXEV4B4SK1Fの椅子は既にライド中です"
time=03:47:11.254 level=WARN msg="取得した付近の椅子情報に不備があります (CODE=30): ID:01M32MNQ34N1E2RZXEV4B4SK1Fの椅子は既にライド中です"
time=03:47:11.361 level=WARN msg="取得した付近の椅子情報に不備があります (CODE=30): ID:01M32MP1AKTVKQ8TD4AW5VFVQ0の椅子は既にライド中です"
time=03:47:13.474 level=WARN msg="取得した付近の椅子情報に不備があります (CODE=30): ID:01M32MNSM1WCF831T48AWWBK0Mの椅子は既にライド中です"
time=03:47:13.475 level=WARN msg="取得した付近の椅子情報に不備があります (CODE=30): ID:01M32MNB6V4ZNF6ANEAVM1P00Wの椅子は既にライド中です"
time=03:47:13.475 level=WARN msg="取得した付近の椅子情報に不備があります (CODE=30): ID:01M32MP2261716DTH8TX86CC96の椅子は既にライド中です"
time=03:47:13.475 level=WARN msg="取得した付近の椅子情報に不備があります (CODE=30): ID:01M32MNPRKAZYG8QNE60R0G1T4の椅子は既にライド中です"
time=03:47:13.475 level=WARN msg="取得した付近の椅子情報に不備があります (CODE=30): ID:01M32MMVYJ14QYDY1HQZ2WZHDFの椅子は既にライド中です"
time=03:47:14.758 level=WARN msg="取得した付近の椅子情報に不備があります (CODE=30): ID:01M32MNBJ5SYXK4Y6TRMW90CNTの椅子は既にライド中です"
time=03:47:14.759 level=WARN msg="取得した付近の椅子情報に不備があります (CODE=30): ID:01M32MN6XW35GJTCMZXTDZ3NEAの椅子は既にライド中です"
time=03:47:14.764 level=WARN msg="取得した付近の椅子情報に不備があります (CODE=30): ID:01M32MN6XW35GJTCMZXTDZ3NEAの椅子は既にライド中です"
time=03:47:14.774 level=WARN msg="取得した付近の椅子情報に不備があります (CODE=30): ID:01M32MN6XW35GJTCMZXTDZ3NEAの椅子は既にライド中です"
time=03:47:14.775 level=WARN msg="取得した付近の椅子情報に不備があります (CODE=30): ID:01M32MNTKDZ89KC86K42K5F3ABの椅子は既にライド中です"
time=03:47:14.775 level=WARN msg="取得した付近の椅子情報に不備があります (CODE=30): ID:01M32MNTKDZ89KC86K42K5F3ABの椅子は既にライド中です"
time=03:47:14.776 level=WARN msg="取得した付近の椅子情報に不備があります (CODE=30): ID:01M32MN6XW35GJTCMZXTDZ3NEAの椅子は既にライド中です"
time=03:47:14.777 level=WARN msg="取得した付近の椅子情報に不備があります (CODE=30): ID:01M32MNK40E55ZV4KM1EBC44AJの椅子は既にライド中です"
time=03:47:14.781 level=WARN msg="取得した付近の椅子情報に不備があります (CODE=30): ID:01M32MNTKDZ89KC86K42K5F3ABの椅子は既にライド中です"
time=03:47:14.783 level=WARN msg="取得した付近の椅子情報に不備があります (CODE=30): ID:01M32MNBJ5SYXK4Y6TRMW90CNTの椅子は既にライド中です"
time=03:47:14.784 level=WARN msg="取得した付近の椅子情報に不備があります (CODE=30): ID:01M32MN6XW35GJTCMZXTDZ3NEAの椅子は既にライド中です"
time=03:47:14.786 level=WARN msg="取得した付近の椅子情報に不備があります (CODE=30): ID:01M32MN6XW35GJTCMZXTDZ3NEAの椅子は既にライド中です"
time=03:47:14.786 level=WARN msg="取得した付近の椅子情報に不備があります (CODE=30): ID:01M32MN6XW35GJTCMZXTDZ3NEAの椅子は既にライド中です"
time=03:47:15.693 level=WARN msg="取得した付近の椅子情報に不備があります (CODE=30): ID:01M32MNYZS503DWBXC0T4FJYX4の椅子は既にライド中です"
time=03:47:16.986 level=INFO msg=これまでに地域内の評判によって160人、既存ユーザーの招待経由で4364人が新規登録しました
time=03:47:16.986 level=INFO msg=これまでに低評価なライドによって152人が利用をやめました
time=03:47:16.986 level=INFO msg=84.3%のライドは椅子がマッチされるまでの時間、1.8%のライドはマッチされた椅子が乗車地点までに掛かる時間、38.9%のライドは椅子の実移動時間に不満がありました
time=03:47:17.234 level=INFO msg=一定の売上が立ったためオーナーの椅子が増加します 名前="LuxeLine Taxi" 増加数=227
time=03:47:17.237 level=INFO msg=一定の売上が立ったためオーナーの椅子が増加します 名前=迅行タクシー 増加数=226
time=03:47:24.596 level=INFO msg=最終地域情報 名前=チェアタウン ユーザー登録数=2709 アクティブユーザー数=2631
time=03:47:24.596 level=INFO msg=最終地域情報 名前=コシカケシティ ユーザー登録数=1961 アクティブユーザー数=1879
time=03:47:24.596 level=INFO msg=最終オーナー情報 名前=迅行タクシー 売上=21223900 椅子数=518
time=03:47:24.596 level=INFO msg=最終オーナー情報 名前="PreLoved Chairs" 売上=21209200 椅子数=319
time=03:47:24.596 level=INFO msg=最終オーナー情報 名前=晴れ道タクシー 売上=21093200 椅子数=367
time=03:47:24.596 level=INFO msg=最終オーナー情報 名前=椅子のふるさと 売上=20711200 椅子数=361
time=03:47:24.596 level=INFO msg=最終オーナー情報 名前="LuxeLine Taxi" 売上=21530900 椅子数=526
time=03:47:24.596 level=INFO msg=85.5%のライドは椅子がマッチされるまでの時間、1.8%のライドはマッチされた椅子が乗車地点までに掛かる時間、39.7%のライドは椅子の実移動時間に不満がありました
time=03:47:24.598 level=INFO msg=結果 pass=true スコア=1113951 種別エラー数=map[30:33]
time=03:47:24.598 level=INFO msg=負荷走行が終了しました
