time=06:30:48.603 level=INFO msg=負荷走行を開始します
time=06:30:54.627 level=INFO msg=一定の売上が立ったためオーナーの椅子が増加します 名前=快旅タクシー 増加数=1
time=06:30:54.629 level=INFO msg=一定の売上が立ったためオーナーの椅子が増加します 名前=ZenDrive 増加数=3
time=06:30:54.633 level=INFO msg=一定の売上が立ったためオーナーの椅子が増加します 名前="Sit Second Life" 増加数=1
time=06:30:56.425 level=INFO msg=一定の売上が立ったためオーナーの椅子が増加します 名前=快旅タクシー 増加数=2
time=06:30:56.425 level=INFO msg=一定の売上が立ったためオーナーの椅子が増加します 名前="Sit Second Life" 増加数=2
time=06:30:56.427 level=INFO msg=一定の売上が立ったためオーナーの椅子が増加します 名前="Skyline Taxis" 増加数=2
time=06:30:56.427 level=INFO msg=一定の売上が立ったためオーナーの椅子が増加します 名前=迅行タクシー 増加数=3
time=06:30:56.429 level=INFO msg=一定の売上が立ったためオーナーの椅子が増加します 名前=ZenDrive 増加数=2
time=06:30:56.452 level=INFO msg=これまでに地域内の評判によって7人、既存ユーザーの招待経由で49人が新規登録しました
time=06:30:56.452 level=INFO msg=0.0%のライドは椅子がマッチされるまでの時間、63.3%のライドはマッチされた椅子が乗車地点までに掛かる時間、0.0%のライドは椅子の実移動時間に不満がありました
time=06:30:58.226 level=INFO msg=一定の売上が立ったためオーナーの椅子が増加します 名前=快旅タクシー 増加数=3
time=06:30:58.232 level=INFO msg=一定の売上が立ったためオーナーの椅子が増加します 名前="Skyline Taxis" 増加数=2
time=06:30:58.233 level=INFO msg=一定の売上が立ったためオーナーの椅子が増加します 名前=ZenDrive 増加数=5
time=06:30:58.232 level=INFO msg=一定の売上が立ったためオーナーの椅子が増加します 名前="Sit Second Life" 増加数=3
time=06:30:58.233 level=INFO msg=一定の売上が立ったためオーナーの椅子が増加します 名前=迅行タクシー 増加数=3
time=06:31:00.024 level=INFO msg=一定の売上が立ったためオーナーの椅子が増加します 名前=快旅タクシー 増加数=5
time=06:31:00.027 level=INFO msg=一定の売上が立ったためオーナーの椅子が増加します 名前=迅行タクシー 増加数=6
time=06:31:00.028 level=INFO msg=一定の売上が立ったためオーナーの椅子が増加します 名前="Skyline Taxis" 増加数=5
time=06:31:00.034 level=INFO msg=一定の売上が立ったためオーナーの椅子が増加します 名前="Sit Second Life" 増加数=5
time=06:31:00.034 level=INFO msg=一定の売上が立ったためオーナーの椅子が増加します 名前=ZenDrive 増加数=4
time=06:31:01.831 level=INFO msg=一定の売上が立ったためオーナーの椅子が増加します 名前="Sit Second Life" 増加数=8
time=06:31:01.831 level=INFO msg=一定の売上が立ったためオーナーの椅子が増加します 名前=ZenDrive 増加数=11
time=06:31:01.831 level=INFO msg=一定の売上が立ったためオーナーの椅子が増加します 名前="Skyline Taxis" 増加数=6
time=06:31:01.834 level=INFO msg=一定の売上が立ったためオーナーの椅子が増加します 名前=快旅タクシー 増加数=7
time=06:31:01.834 level=INFO msg=一定の売上が立ったためオーナーの椅子が増加します 名前=迅行タクシー 増加数=8
time=06:31:01.852 level=INFO msg=これまでに地域内の評判によって19人、既存ユーザーの招待経由で270人が新規登録しました
time=06:31:01.852 level=INFO msg=1.7%のライドは椅子がマッチされるまでの時間、22.9%のライドはマッチされた椅子が乗車地点までに掛かる時間、0.3%のライドは椅子の実移動時間に不満がありました
time=06:31:03.630 level=INFO msg=一定の売上が立ったためオーナーの椅子が増加します 名前="Sit Second Life" 増加数=11
time=06:31:03.634 level=INFO msg=一定の売上が立ったためオーナーの椅子が増加します 名前=迅行タクシー 増加数=12
time=06:31:03.635 level=INFO msg=一定の売上が立ったためオーナーの椅子が増加します 名前=快旅タクシー 増加数=10
time=06:31:03.635 level=INFO msg=一定の売上が立ったためオーナーの椅子が増加します 名前="Skyline Taxis" 増加数=8
time=06:31:03.639 level=INFO msg=一定の売上が立ったためオーナーの椅子が増加します 名前=ZenDrive 増加数=11
time=06:31:05.440 level=INFO msg=一定の売上が立ったためオーナーの椅子が増加します 名前=快旅タクシー 増加数=14
time=06:31:05.441 level=INFO msg=一定の売上が立ったためオーナーの椅子が増加します 名前=迅行タクシー 増加数=13
time=06:31:05.441 level=INFO msg=一定の売上が立ったためオーナーの椅子が増加します 名前="Skyline Taxis" 増加数=12
time=06:31:05.444 level=INFO msg=一定の売上が立ったためオーナーの椅子が増加します 名前="Sit Second Life" 増加数=12
time=06:31:05.444 level=INFO msg=一定の売上が立ったためオーナーの椅子が増加します 名前=ZenDrive 増加数=14
time=06:31:07.247 level=INFO msg=一定の売上が立ったためオーナーの椅子が増加します 名前=快旅タクシー 増加数=12
time=06:31:07.247 level=INFO msg=一定の売上が立ったためオーナーの椅子が増加します 名前="Skyline Taxis" 増加数=11
time=06:31:07.248 level=INFO msg=一定の売上が立ったためオーナーの椅子が増加します 名前=迅行タクシー 増加数=12
time=06:31:07.249 level=INFO msg=一定の売上が立ったためオーナーの椅子が増加します 名前="Sit Second Life" 増加数=13
time=06:31:07.250 level=INFO msg=一定の売上が立ったためオーナーの椅子が増加します 名前=ZenDrive 増加数=14
time=06:31:07.252 level=INFO msg=これまでに地域内の評判によって34人、既存ユーザーの招待経由で1013人が新規登録しました
time=06:31:07.253 level=INFO msg=5.6%のライドは椅子がマッチされるまでの時間、7.4%のライドはマッチされた椅子が乗車地点までに掛かる時間、0.8%のライドは椅子の実移動時間に不満がありました
time=06:31:09.164 level=INFO msg=一定の売上が立ったためオーナーの椅子が増加します 名前=迅行タクシー 増加数=15
time=06:31:09.164 level=INFO msg=一定の売上が立ったためオーナーの椅子が増加します 名前="Sit Second Life" 増加数=13
time=06:31:09.165 level=INFO msg=一定の売上が立ったためオーナーの椅子が増加します 名前=ZenDrive 増加数=14
time=06:31:09.190 level=INFO msg=一定の売上が立ったためオーナーの椅子が増加します 名前="Skyline Taxis" 増加数=12
time=06:31:09.191 level=INFO msg=一定の売上が立ったためオーナーの椅子が増加します 名前=快旅タクシー 増加数=13
time=06:31:11.102 level=INFO msg=一定の売上が立ったためオーナーの椅子が増加します 名前=快旅タクシー 増加数=13
time=06:31:11.112 level=INFO msg=一定の売上が立ったためオーナーの椅子が増加します 名前="Sit Second Life" 増加数=15
time=06:31:11.113 level=INFO msg=一定の売上が立ったためオーナーの椅子が増加します 名前=ZenDrive 増加数=17
time=06:31:11.138 level=INFO msg=一定の売上が立ったためオーナーの椅子が増加します 名前="Skyline Taxis" 増加数=11
time=06:31:11.138 level=INFO msg=一定の売上が立ったためオーナーの椅子が増加します 名前=迅行タクシー 増加数=15
time=06:31:13.073 level=INFO msg=これまでに地域内の評判によって52人、既存ユーザーの招待経由で1954人が新規登録しました
time=06:31:13.073 level=INFO msg=これまでに低評価なライドによって6人が利用をやめました
time=06:31:13.073 level=INFO msg=19.4%のライドは椅子がマッチされるまでの時間、3.8%のライドはマッチされた椅子が乗車地点までに掛かる時間、16.7%のライドは椅子の実移動時間に不満がありました
time=06:31:13.130 level=INFO msg=一定の売上が立ったためオーナーの椅子が増加します 名前="Skyline Taxis" 増加数=13
time=06:31:13.144 level=INFO msg=一定の売上が立ったためオーナーの椅子が増加します 名前=快旅タクシー 増加数=16
time=06:31:13.145 level=INFO msg=一定の売上が立ったためオーナーの椅子が増加します 名前=ZenDrive 増加数=16
time=06:31:13.146 level=INFO msg=一定の売上が立ったためオーナーの椅子が増加します 名前="Sit Second Life" 増加数=16
time=06:31:13.154 level=INFO msg=一定の売上が立ったためオーナーの椅子が増加します 名前=迅行タクシー 増加数=15
time=06:31:14.917 level=INFO msg=一定の売上が立ったためオーナーの椅子が増加します 名前=快旅タクシー 増加数=17
time=06:31:14.943 level=INFO msg=一定の売上が立ったためオーナーの椅子が増加します 名前="Skyline Taxis" 増加数=15
time=06:31:14.944 level=INFO msg=一定の売上が立ったためオーナーの椅子が増加します 名前=迅行タクシー 増加数=19
time=06:31:14.952 level=INFO msg=一定の売上が立ったためオーナーの椅子が増加します 名前=ZenDrive 増加数=20
time=06:31:14.952 level=INFO msg=一定の売上が立ったためオーナーの椅子が増加します 名前="Sit Second Life" 増加数=17
time=06:31:16.960 level=INFO msg=一定の売上が立ったためオーナーの椅子が増加します 名前="Skyline Taxis" 増加数=18
time=06:31:16.969 level=INFO msg=一定の売上が立ったためオーナーの椅子が増加します 名前=迅行タクシー 増加数=20
time=06:31:16.969 level=INFO msg=一定の売上が立ったためオーナーの椅子が増加します 名前=快旅タクシー 増加数=20
time=06:31:16.993 level=INFO msg=一定の売上が立ったためオーナーの椅子が増加します 名前="Sit Second Life" 増加数=20
time=06:31:16.997 level=INFO msg=一定の売上が立ったためオーナーの椅子が増加します 名前=ZenDrive 増加数=23
time=06:31:18.773 level=INFO msg=これまでに地域内の評判によって70人、既存ユーザーの招待経由で2594人が新規登録しました
time=06:31:18.773 level=INFO msg=これまでに低評価なライドによって21人が利用をやめました
time=06:31:18.773 level=INFO msg=39.0%のライドは椅子がマッチされるまでの時間、3.1%のライドはマッチされた椅子が乗車地点までに掛かる時間、26.9%のライドは椅子の実移動時間に不満がありました
time=06:31:18.831 level=INFO msg=一定の売上が立ったためオーナーの椅子が増加します 名前="Skyline Taxis" 増加数=15
time=06:31:18.833 level=INFO msg=一定の売上が立ったためオーナーの椅子が増加します 名前=迅行タクシー 増加数=20
time=06:31:18.835 level=INFO msg=一定の売上が立ったためオーナーの椅子が増加します 名前=快旅タクシー 増加数=18
time=06:31:20.587 level=INFO msg=一定の売上が立ったためオーナーの椅子が増加します 名前=ZenDrive 増加数=48
time=06:31:20.588 level=INFO msg=一定の売上が立ったためオーナーの椅子が増加します 名前=快旅タクシー 増加数=23
time=06:31:20.593 level=INFO msg=一定の売上が立ったためオーナーの椅子が増加します 名前="Sit Second Life" 増加数=42
time=06:31:20.625 level=INFO msg=一定の売上が立ったためオーナーの椅子が増加します 名前="Skyline Taxis" 増加数=20
time=06:31:20.626 level=INFO msg=一定の売上が立ったためオーナーの椅子が増加します 名前=迅行タクシー 増加数=24
time=06:31:22.644 level=INFO msg=一定の売上が立ったためオーナーの椅子が増加します 名前="Skyline Taxis" 増加数=18
time=06:31:24.742 level=INFO msg=これまでに地域内の評判によって88人、既存ユーザーの招待経由で3054人が新規登録しました
time=06:31:24.742 level=INFO msg=これまでに低評価なライドによって53人が利用をやめました
time=06:31:24.742 level=INFO msg=53.7%のライドは椅子がマッチされるまでの時間、2.7%のライドはマッチされた椅子が乗車地点までに掛かる時間、33.8%のライドは椅子の実移動時間に不満がありました
time=06:31:24.761 level=INFO msg=一定の売上が立ったためオーナーの椅子が増加します 名前=迅行タクシー 増加数=54
time=06:31:24.785 level=INFO msg=一定の売上が立ったためオーナーの椅子が増加します 名前="Skyline Taxis" 増加数=26
time=06:31:24.786 level=INFO msg=一定の売上が立ったためオーナーの椅子が増加します 名前=快旅タクシー 増加数=52
time=06:31:24.813 level=INFO msg=一定の売上が立ったためオーナーの椅子が増加します 名前="Sit Second Life" 増加数=48
time=06:31:26.584 level=INFO msg=一定の売上が立ったためオーナーの椅子が増加します 名前=ZenDrive 増加数=73
time=06:31:30.263 level=INFO msg=これまでに地域内の評判によって106人、既存ユーザーの招待経由で3393人が新規登録しました
time=06:31:30.263 level=INFO msg=これまでに低評価なライドによって85人が利用をやめました
time=06:31:30.263 level=INFO msg=62.0%のライドは椅子がマッチされるまでの時間、2.6%のライドはマッチされた椅子が乗車地点までに掛かる時間、38.0%のライドは椅子の実移動時間に不満がありました
time=06:31:30.327 level=INFO msg=一定の売上が立ったためオーナーの椅子が増加します 名前="Skyline Taxis" 増加数=62
time=06:31:34.055 level=INFO msg=一定の売上が立ったためオーナーの椅子が増加します 名前=快旅タクシー 増加数=118
time=06:31:34.058 level=INFO msg=一定の売上が立ったためオーナーの椅子が増加します 名前=迅行タクシー 増加数=119
time=06:31:34.061 level=INFO msg=一定の売上が立ったためオーナーの椅子が増加します 名前="Sit Second Life" 増加数=122
time=06:31:35.693 level=INFO msg=これまでに地域内の評判によって124人、既存ユーザーの招待経由で3621人が新規登録しました
time=06:31:35.694 level=INFO msg=これまでに低評価なライドによって106人が利用をやめました
time=06:31:35.694 level=INFO msg=68.6%のライドは椅子がマッチされるまでの時間、2.3%のライドはマッチされた椅子が乗車地点までに掛かる時間、40.4%のライドは椅子の実移動時間に不満がありました
time=06:31:38.235 level=INFO msg=一定の売上が立ったためオーナーの椅子が増加します 名前=ZenDrive 増加数=157
time=06:31:40.121 level=INFO msg=一定の売上が立ったためオーナーの椅子が増加します 名前="Skyline Taxis" 増加数=115
time=06:31:42.203 level=INFO msg=これまでに地域内の評判によって142人、既存ユーザーの招待経由で3817人が新規登録しました
time=06:31:42.203 level=INFO msg=これまでに低評価なライドによって137人が利用をやめました
time=06:31:42.203 level=INFO msg=73.7%のライドは椅子がマッチされるまでの時間、2.2%のライドはマッチされた椅子が乗車地点までに掛かる時間、42.3%のライドは椅子の実移動時間に不満がありました
time=06:31:45.379 level=WARN msg="取得した付近の椅子情報に不備があります (CODE=30): ID:01M32Y2Z261BYBEW32VFKQ79T6の椅子は既にライド中です"
time=06:31:45.381 level=WARN msg="取得した付近の椅子情報に不備があります (CODE=30): ID:01M32Y2Z261BYBEW32VFKQ79T6の椅子は既にライド中です"
time=06:31:45.383 level=WARN msg="取得した付近の椅子情報に不備があります (CODE=30): ID:01M32Y2Z261BYBEW32VFKQ79T6の椅子は既にライド中です"
time=06:31:47.785 level=INFO msg=これまでに地域内の評判によって160人、既存ユーザーの招待経由で3978人が新規登録しました
time=06:31:47.785 level=INFO msg=これまでに低評価なライドによって173人が利用をやめました
time=06:31:47.785 level=INFO msg=77.0%のライドは椅子がマッチされるまでの時間、2.0%のライドはマッチされた椅子が乗車地点までに掛かる時間、44.6%のライドは椅子の実移動時間に不満がありました
time=06:31:50.109 level=WARN msg="取得した付近の椅子情報に不備があります (CODE=30): ID:01M32Y2WBNT7ZB52R6H1GR563Yの椅子は既にライド中です"
time=06:31:50.112 level=WARN msg="取得した付近の椅子情報に不備があります (CODE=30): ID:01M32Y2WBNT7ZB52R6H1GR563Yの椅子は既にライド中です"
time=06:31:50.114 level=WARN msg="取得した付近の椅子情報に不備があります (CODE=30): ID:01M32Y3BA30P91A51418V5E7KCの椅子は既にライド中です"
time=06:31:50.126 level=WARN msg="取得した付近の椅子情報に不備があります (CODE=30): ID:01M32Y2WBNT7ZB52R6H1GR563Yの椅子は既にライド中です"
time=06:31:50.130 level=WARN msg="取得した付近の椅子情報に不備があります (CODE=30): ID:01M32Y2WBNT7ZB52R6H1GR563Yの椅子は既にライド中です"
time=06:31:50.131 level=WARN msg="取得した付近の椅子情報に不備があります (CODE=30): ID:01M32Y3BA30P91A51418V5E7KCの椅子は既にライド中です"
time=06:31:50.134 level=WARN msg="取得した付近の椅子情報に不備があります (CODE=30): ID:01M32Y2WBNT7ZB52R6H1GR563Yの椅子は既にライド中です"
time=06:31:50.139 level=WARN msg="取得した付近の椅子情報に不備があります (CODE=30): ID:01M32Y3BA30P91A51418V5E7KCの椅子は既にライド中です"
time=06:31:56.053 level=INFO msg=最終地域情報 名前=チェアタウン ユーザー登録数=2471 アクティブユーザー数=2386
time=06:31:56.053 level=INFO msg=最終地域情報 名前=コシカケシティ ユーザー登録数=1767 アクティブユーザー数=1666
time=06:31:56.053 level=INFO msg=最終オーナー情報 名前="Sit Second Life" 売上=22582900 椅子数=352
time=06:31:56.053 level=INFO msg=最終オーナー情報 名前=ZenDrive 売上=24076900 椅子数=436
time=06:31:56.053 level=INFO msg=最終オーナー情報 名前=迅行タクシー 売上=23333900 椅子数=362
time=06:31:56.053 level=INFO msg=最終オーナー情報 名前="Skyline Taxis" 売上=20048200 椅子数=375
time=06:31:56.053 level=INFO msg=最終オーナー情報 名前=快旅タクシー 売上=22507000 椅子数=348
time=06:31:56.053 level=INFO msg=78.8%のライドは椅子がマッチされるまでの時間、1.9%のライドはマッチされた椅子が乗車地点までに掛かる時間、45.8%のライドは椅子の実移動時間に不満がありました
time=06:31:56.054 level=INFO msg=結果 pass=true スコア=1177878 種別エラー数=map[30:11]
time=06:31:56.054 level=INFO msg=負荷走行が終了しました
