time=07:52:33.902 level=INFO msg=負荷走行を開始します
time=07:52:39.893 level=INFO msg=一定の売上が立ったためオーナーの椅子が増加します 名前="PreLoved Chairs" 増加数=1
time=07:52:39.892 level=INFO msg=一定の売上が立ったためオーナーの椅子が増加します 名前="CraftChair Co., Ltd." 増加数=1
time=07:52:39.893 level=INFO msg=一定の売上が立ったためオーナーの椅子が増加します 名前=ChairCycle 増加数=2
time=07:52:39.893 level=INFO msg=一定の売上が立ったためオーナーの椅子が増加します 名前="Orbit Taxi" 増加数=1
time=07:52:39.895 level=INFO msg=一定の売上が立ったためオーナーの椅子が増加します 名前=木座デザイン 増加数=1
time=07:52:41.693 level=INFO msg=一定の売上が立ったためオーナーの椅子が増加します 名前="PreLoved Chairs" 増加数=2
time=07:52:41.695 level=INFO msg=一定の売上が立ったためオーナーの椅子が増加します 名前="CraftChair Co., Ltd." 増加数=3
time=07:52:41.700 level=INFO msg=一定の売上が立ったためオーナーの椅子が増加します 名前=木座デザイン 増加数=1
time=07:52:41.700 level=INFO msg=一定の売上が立ったためオーナーの椅子が増加します 名前="Orbit Taxi" 増加数=2
time=07:52:41.700 level=INFO msg=一定の売上が立ったためオーナーの椅子が増加します 名前=ChairCycle 増加数=4
time=07:52:41.720 level=INFO msg=これまでに地域内の評判によって7人、既存ユーザーの招待経由で61人が新規登録しました
time=07:52:41.720 level=INFO msg=0.0%のライドは椅子がマッチされるまでの時間、50.0%のライドはマッチされた椅子が乗車地点までに掛かる時間、0.8%のライドは椅子の実移動時間に不満がありました
time=07:52:43.496 level=INFO msg=一定の売上が立ったためオーナーの椅子が増加します 名前=ChairCycle 増加数=5
time=07:52:43.499 level=INFO msg=一定の売上が立ったためオーナーの椅子が増加します 名前="Orbit Taxi" 増加数=4
time=07:52:43.500 level=INFO msg=一定の売上が立ったためオーナーの椅子が増加します 名前="CraftChair Co., Ltd." 増加数=4
time=07:52:43.500 level=INFO msg=一定の売上が立ったためオーナーの椅子が増加します 名前="PreLoved Chairs" 増加数=5
time=07:52:43.500 level=INFO msg=一定の売上が立ったためオーナーの椅子が増加します 名前=木座デザイン 増加数=3
time=07:52:45.293 level=INFO msg=一定の売上が立ったためオーナーの椅子が増加します 名前="PreLoved Chairs" 増加数=5
time=07:52:45.296 level=INFO msg=一定の売上が立ったためオーナーの椅子が増加します 名前="Orbit Taxi" 増加数=6
time=07:52:45.301 level=INFO msg=一定の売上が立ったためオーナーの椅子が増加します 名前="CraftChair Co., Ltd." 増加数=7
time=07:52:45.301 level=INFO msg=一定の売上が立ったためオーナーの椅子が増加します 名前=ChairCycle 増加数=8
time=07:52:45.301 level=INFO msg=一定の売上が立ったためオーナーの椅子が増加します 名前=木座デザイン 増加数=3
time=07:52:47.100 level=INFO msg=一定の売上が立ったためオーナーの椅子が増加します 名前=木座デザイン 増加数=6
time=07:52:47.101 level=INFO msg=一定の売上が立ったためオーナーの椅子が増加します 名前="CraftChair Co., Ltd." 増加数=10
time=07:52:47.101 level=INFO msg=一定の売上が立ったためオーナーの椅子が増加します 名前=ChairCycle 増加数=10
time=07:52:47.105 level=INFO msg=一定の売上が立ったためオーナーの椅子が増加します 名前="PreLoved Chairs" 増加数=9
time=07:52:47.106 level=INFO msg=一定の売上が立ったためオーナーの椅子が増加します 名前="Orbit Taxi" 増加数=8
time=07:52:47.120 level=INFO msg=これまでに地域内の評判によって19人、既存ユーザーの招待経由で343人が新規登録しました
time=07:52:47.120 level=INFO msg=0.0%のライドは椅子がマッチされるまでの時間、21.1%のライドはマッチされた椅子が乗車地点までに掛かる時間、0.3%のライドは椅子の実移動時間に不満がありました
time=07:52:48.897 level=INFO msg=一定の売上が立ったためオーナーの椅子が増加します 名前="Orbit Taxi" 増加数=11
time=07:52:48.903 level=INFO msg=一定の売上が立ったためオーナーの椅子が増加します 名前=木座デザイン 増加数=8
time=07:52:48.903 level=INFO msg=一定の売上が立ったためオーナーの椅子が増加します 名前=ChairCycle 増加数=11
time=07:52:48.904 level=INFO msg=一定の売上が立ったためオーナーの椅子が増加します 名前="CraftChair Co., Ltd." 増加数=12
time=07:52:48.913 level=INFO msg=一定の売上が立ったためオーナーの椅子が増加します 名前="PreLoved Chairs" 増加数=12
time=07:52:50.696 level=INFO msg=一定の売上が立ったためオーナーの椅子が増加します 名前="PreLoved Chairs" 増加数=12
time=07:52:50.709 level=INFO msg=一定の売上が立ったためオーナーの椅子が増加します 名前="Orbit Taxi" 増加数=12
time=07:52:50.714 level=INFO msg=一定の売上が立ったためオーナーの椅子が増加します 名前=木座デザイン 増加数=10
time=07:52:50.714 level=INFO msg=一定の売上が立ったためオーナーの椅子が増加します 名前=ChairCycle 増加数=14
time=07:52:50.715 level=INFO msg=一定の売上が立ったためオーナーの椅子が増加します 名前="CraftChair Co., Ltd." 増加数=12
time=07:52:52.507 level=INFO msg=一定の売上が立ったためオーナーの椅子が増加します 名前="PreLoved Chairs" 増加数=13
time=07:52:52.520 level=INFO msg=これまでに地域内の評判によって37人、既存ユーザーの招待経由で1106人が新規登録しました
time=07:52:52.520 level=INFO msg=0.1%のライドは椅子がマッチされるまでの時間、10.1%のライドはマッチされた椅子が乗車地点までに掛かる時間、0.6%のライドは椅子の実移動時間に不満がありました
time=07:52:52.526 level=INFO msg=一定の売上が立ったためオーナーの椅子が増加します 名前="CraftChair Co., Ltd." 増加数=13
time=07:52:52.527 level=INFO msg=一定の売上が立ったためオーナーの椅子が増加します 名前=ChairCycle 増加数=14
time=07:52:52.537 level=INFO msg=一定の売上が立ったためオーナーの椅子が増加します 名前="Orbit Taxi" 増加数=12
time=07:52:52.539 level=INFO msg=一定の売上が立ったためオーナーの椅子が増加します 名前=木座デザイン 増加数=11
time=07:52:54.368 level=INFO msg=一定の売上が立ったためオーナーの椅子が増加します 名前="Orbit Taxi" 増加数=12
time=07:52:54.389 level=INFO msg=一定の売上が立ったためオーナーの椅子が増加します 名前=ChairCycle 増加数=14
time=07:52:54.390 level=INFO msg=一定の売上が立ったためオーナーの椅子が増加します 名前=木座デザイン 増加数=9
time=07:52:54.390 level=INFO msg=一定の売上が立ったためオーナーの椅子が増加します 名前="CraftChair Co., Ltd." 増加数=15
time=07:52:54.391 level=INFO msg=一定の売上が立ったためオーナーの椅子が増加します 名前="PreLoved Chairs" 増加数=13
time=07:52:56.331 level=INFO msg=一定の売上が立ったためオーナーの椅子が増加します 名前="PreLoved Chairs" 増加数=14
time=07:52:56.345 level=INFO msg=一定の売上が立ったためオーナーの椅子が増加します 名前=木座デザイン 増加数=10
time=07:52:56.346 level=INFO msg=一定の売上が立ったためオーナーの椅子が増加します 名前="Orbit Taxi" 増加数=12
time=07:52:56.347 level=INFO msg=一定の売上が立ったためオーナーの椅子が増加します 名前=ChairCycle 増加数=15
time=07:52:56.348 level=INFO msg=一定の売上が立ったためオーナーの椅子が増加します 名前="CraftChair Co., Ltd." 増加数=12
time=07:52:58.123 level=INFO msg=一定の売上が立ったためオーナーの椅子が増加します 名前=ChairCycle 増加数=17
time=07:52:58.124 level=INFO msg=一定の売上が立ったためオーナーの椅子が増加します 名前="CraftChair Co., Ltd." 増加数=18
time=07:52:58.125 level=INFO msg=一定の売上が立ったためオーナーの椅子が増加します 名前=木座デザイン 増加数=12
time=07:52:58.125 level=INFO msg=一定の売上が立ったためオーナーの椅子が増加します 名前="PreLoved Chairs" 増加数=17
time=07:52:58.127 level=INFO msg=一定の売上が立ったためオーナーの椅子が増加します 名前="Orbit Taxi" 増加数=15
time=07:52:58.131 level=INFO msg=これまでに地域内の評判によって55人、既存ユーザーの招待経由で2001人が新規登録しました
time=07:52:58.131 level=INFO msg=これまでに低評価なライドによって9人が利用をやめました
time=07:52:58.131 level=INFO msg=14.4%のライドは椅子がマッチされるまでの時間、6.7%のライドはマッチされた椅子が乗車地点までに掛かる時間、16.9%のライドは椅子の実移動時間に不満がありました
time=07:52:59.948 level=INFO msg=一定の売上が立ったためオーナーの椅子が増加します 名前=ChairCycle 増加数=19
time=07:52:59.950 level=INFO msg=一定の売上が立ったためオーナーの椅子が増加します 名前="CraftChair Co., Ltd." 増加数=18
time=07:52:59.954 level=INFO msg=一定の売上が立ったためオーナーの椅子が増加します 名前="Orbit Taxi" 増加数=18
time=07:52:59.954 level=INFO msg=一定の売上が立ったためオーナーの椅子が増加します 名前="PreLoved Chairs" 増加数=17
time=07:52:59.957 level=INFO msg=一定の売上が立ったためオーナーの椅子が増加します 名前=木座デザイン 増加数=12
time=07:53:01.830 level=INFO msg=一定の売上が立ったためオーナーの椅子が増加します 名前="PreLoved Chairs" 増加数=23
time=07:53:01.835 level=INFO msg=一定の売上が立ったためオーナーの椅子が増加します 名前="Orbit Taxi" 増加数=21
time=07:53:01.838 level=INFO msg=一定の売上が立ったためオーナーの椅子が増加します 名前="CraftChair Co., Ltd." 増加数=25
time=07:53:01.839 level=INFO msg=一定の売上が立ったためオーナーの椅子が増加します 名前=木座デザイン 増加数=16
time=07:53:01.840 level=INFO msg=一定の売上が立ったためオーナーの椅子が増加します 名前=ChairCycle 増加数=26
time=07:53:03.950 level=INFO msg=これまでに地域内の評判によって73人、既存ユーザーの招待経由で2525人が新規登録しました
time=07:53:03.950 level=INFO msg=これまでに低評価なライドによって22人が利用をやめました
time=07:53:03.950 level=INFO msg=50.2%のライドは椅子がマッチされるまでの時間、4.8%のライドはマッチされた椅子が乗車地点までに掛かる時間、24.1%のライドは椅子の実移動時間に不満がありました
time=07:53:03.973 level=INFO msg=一定の売上が立ったためオーナーの椅子が増加します 名前=ChairCycle 増加数=28
time=07:53:03.973 level=INFO msg=一定の売上が立ったためオーナーの椅子が増加します 名前="CraftChair Co., Ltd." 増加数=26
time=07:53:03.981 level=INFO msg=一定の売上が立ったためオーナーの椅子が増加します 名前=木座デザイン 増加数=18
time=07:53:03.993 level=INFO msg=一定の売上が立ったためオーナーの椅子が増加します 名前="PreLoved Chairs" 増加数=27
time=07:53:03.993 level=INFO msg=一定の売上が立ったためオーナーの椅子が増加します 名前="Orbit Taxi" 増加数=25
time=07:53:05.806 level=INFO msg=一定の売上が立ったためオーナーの椅子が増加します 名前=木座デザイン 増加数=15
time=07:53:07.572 level=INFO msg=一定の売上が立ったためオーナーの椅子が増加します 名前="Orbit Taxi" 増加数=43
time=07:53:07.581 level=INFO msg=一定の売上が立ったためオーナーの椅子が増加します 名前=ChairCycle 増加数=47
time=07:53:07.581 level=INFO msg=一定の売上が立ったためオーナーの椅子が増加します 名前="CraftChair Co., Ltd." 増加数=47
time=07:53:07.595 level=INFO msg=一定の売上が立ったためオーナーの椅子が増加します 名前="PreLoved Chairs" 増加数=43
time=07:53:07.595 level=INFO msg=一定の売上が立ったためオーナーの椅子が増加します 名前=木座デザイン 増加数=17
time=07:53:09.350 level=INFO msg=これまでに地域内の評判によって91人、既存ユーザーの招待経由で2873人が新規登録しました
time=07:53:09.350 level=INFO msg=これまでに低評価なライドによって51人が利用をやめました
time=07:53:09.350 level=INFO msg=65.3%のライドは椅子がマッチされるまでの時間、3.9%のライドはマッチされた椅子が乗車地点までに掛かる時間、30.9%のライドは椅子の実移動時間に不満がありました
time=07:53:09.366 level=INFO msg=一定の売上が立ったためオーナーの椅子が増加します 名前=木座デザイン 増加数=20
time=07:53:12.953 level=INFO msg=一定の売上が立ったためオーナーの椅子が増加します 名前="Orbit Taxi" 増加数=70
time=07:53:12.971 level=INFO msg=一定の売上が立ったためオーナーの椅子が増加します 名前="CraftChair Co., Ltd." 増加数=77
time=07:53:12.971 level=INFO msg=一定の売上が立ったためオーナーの椅子が増加します 名前=ChairCycle 増加数=79
time=07:53:12.972 level=INFO msg=一定の売上が立ったためオーナーの椅子が増加します 名前=木座デザイン 増加数=37
time=07:53:12.973 level=INFO msg=一定の売上が立ったためオーナーの椅子が増加します 名前="PreLoved Chairs" 増加数=77
time=07:53:14.750 level=INFO msg=これまでに地域内の評判によって109人、既存ユーザーの招待経由で3045人が新規登録しました
time=07:53:14.750 level=INFO msg=これまでに低評価なライドによって93人が利用をやめました
time=07:53:14.750 level=INFO msg=74.2%のライドは椅子がマッチされるまでの時間、3.5%のライドはマッチされた椅子が乗車地点までに掛かる時間、36.4%のライドは椅子の実移動時間に不満がありました
time=07:53:16.934 level=INFO msg=一定の売上が立ったためオーナーの椅子が増加します 名前=木座デザイン 増加数=47
time=07:53:20.510 level=INFO msg=これまでに地域内の評判によって126人、既存ユーザーの招待経由で3161人が新規登録しました
time=07:53:20.510 level=INFO msg=これまでに低評価なライドによって122人が利用をやめました
time=07:53:20.510 level=INFO msg=78.9%のライドは椅子がマッチされるまでの時間、3.1%のライドはマッチされた椅子が乗車地点までに掛かる時間、40.2%のライドは椅子の実移動時間に不満がありました
time=07:53:22.305 level=INFO msg=一定の売上が立ったためオーナーの椅子が増加します 名前="Orbit Taxi" 増加数=126
time=07:53:24.307 level=INFO msg=一定の売上が立ったためオーナーの椅子が増加します 名前=木座デザイン 増加数=84
time=07:53:24.462 level=INFO msg=一定の売上が立ったためオーナーの椅子が増加します 名前="PreLoved Chairs" 増加数=161
time=07:53:24.465 level=INFO msg=一定の売上が立ったためオーナーの椅子が増加します 名前="CraftChair Co., Ltd." 増加数=165
time=07:53:25.571 level=WARN msg="取得した付近の椅子情報に不備があります (CODE=30): ID:01M332R1HHJTW87JAJ7S4W9BTDの椅子は既にライド中です"
time=07:53:25.571 level=WARN msg="取得した付近の椅子情報に不備があります (CODE=30): ID:01M332QMT1MGH5NX8QT605ZA68の椅子は既にライド中です"
time=07:53:25.571 level=WARN msg="取得した付近の椅子情報に不備があります (CODE=30): ID:01M332RNSBD08FA38XP3BBVZ7Vの椅子は既にライド中です"
time=07:53:25.571 level=WARN msg="取得した付近の椅子情報に不備があります (CODE=30): ID:01M332RNSBD08FA38XP3BBVZ7Vの椅子は既にライド中です"
time=07:53:25.572 level=WARN msg="取得した付近の椅子情報に不備があります (CODE=30): ID:01M332R1HHJTW87JAJ7S4W9BTDの椅子は既にライド中です"
time=07:53:25.572 level=WARN msg="取得した付近の椅子情報に不備があります (CODE=30): ID:01M332RPM8WPMZGFF9DJMS9J75の椅子は既にライド中です"
time=07:53:25.572 level=WARN msg="取得した付近の椅子情報に不備があります (CODE=30): ID:01M332R3BC983DMNTNMK6D05AXの椅子は既にライド中です"
time=07:53:25.572 level=WARN msg="取得した付近の椅子情報に不備があります (CODE=30): ID:01M332QMT1MGH5NX8QT605ZA68の椅子は既にライド中です"
time=07:53:25.572 level=WARN msg="取得した付近の椅子情報に不備があります (CODE=30): ID:01M332R3BC983DMNTNMK6D05AXの椅子は既にライド中です"
time=07:53:25.910 level=INFO msg=これまでに地域内の評判によって139人、既存ユーザーの招待経由で3214人が新規登録しました
time=07:53:25.910 level=INFO msg=これまでに低評価なライドによって164人が利用をやめました
time=07:53:25.910 level=INFO msg=82.2%のライドは椅子がマッチされるまでの時間、3.0%のライドはマッチされた椅子が乗車地点までに掛かる時間、44.7%のライドは椅子の実移動時間に不満がありました
time=07:53:25.983 level=INFO msg=一定の売上が立ったためオーナーの椅子が増加します 名前=ChairCycle 増加数=196
time=07:53:26.743 level=WARN msg="取得した付近の椅子情報に不備があります (CODE=30): ID:01M332QMV0AW8SQPN013HWX5RHの椅子は既にライド中です"
time=07:53:26.905 level=WARN msg="取得した付近の椅子情報に不備があります (CODE=30): ID:01M332R35N2YYZ7NQHBV9DKGPPの椅子は既にライド中です"
time=07:53:26.950 level=WARN msg="取得した付近の椅子情報に不備があります (CODE=30): ID:01M332RVA4GEFNARCVDWHSD1W9の椅子は既にライド中です"
time=07:53:26.951 level=WARN msg="取得した付近の椅子情報に不備があります (CODE=30): ID:01M332RVA4GEFNARCVDWHSD1W9の椅子は既にライド中です"
time=07:53:26.958 level=WARN msg="取得した付近の椅子情報に不備があります (CODE=30): ID:01M332RVA4GEFNARCVDWHSD1W9の椅子は既にライド中です"
time=07:53:26.958 level=WARN msg="取得した付近の椅子情報に不備があります (CODE=30): ID:01M332RVA4GEFNARCVDWHSD1W9の椅子は既にライド中です"
time=07:53:26.962 level=WARN msg="取得した付近の椅子情報に不備があります (CODE=30): ID:01M332RVA4GEFNARCVDWHSD1W9の椅子は既にライド中です"
time=07:53:26.962 level=WARN msg="取得した付近の椅子情報に不備があります (CODE=30): ID:01M332RVA4GEFNARCVDWHSD1W9の椅子は既にライド中です"
time=07:53:26.979 level=WARN msg="取得した付近の椅子情報に不備があります (CODE=30): ID:01M332RVA4GEFNARCVDWHSD1W9の椅子は既にライド中です"
time=07:53:28.100 level=WARN msg="取得した付近の椅子情報に不備があります (CODE=30): ID:01M332RFAKGZDMR8CTMKV7EA12の椅子は既にライド中です"
time=07:53:28.111 level=WARN msg="取得した付近の椅子情報に不備があります (CODE=30): ID:01M332RFAKGZDMR8CTMKV7EA12の椅子は既にライド中です"
time=07:53:28.184 level=WARN msg="取得した付近の椅子情報に不備があります (CODE=30): ID:01M332RFAKGZDMR8CTMKV7EA12の椅子は既にライド中です"
time=07:53:28.185 level=WARN msg="取得した付近の椅子情報に不備があります (CODE=30): ID:01M332RES90P75YSJ1QY6188W1の椅子は既にライド中です"
time=07:53:28.210 level=WARN msg="取得した付近の椅子情報に不備があります (CODE=30): ID:01M332RES90P75YSJ1QY6188W1の椅子は既にライド中です"
time=07:53:28.211 level=WARN msg="取得した付近の椅子情報に不備があります (CODE=30): ID:01M332RFAKGZDMR8CTMKV7EA12の椅子は既にライド中です"
time=07:53:28.218 level=WARN msg="取得した付近の椅子情報に不備があります (CODE=30): ID:01M332RFAKGZDMR8CTMKV7EA12の椅子は既にライド中です"
time=07:53:28.218 level=WARN msg="取得した付近の椅子情報に不備があります (CODE=30): ID:01M332RES90P75YSJ1QY6188W1の椅子は既にライド中です"
time=07:53:28.218 level=WARN msg="取得した付近の椅子情報に不備があります (CODE=30): ID:01M332RES90P75YSJ1QY6188W1の椅子は既にライド中です"
time=07:53:28.219 level=WARN msg="取得した付近の椅子情報に不備があります (CODE=30): ID:01M332RFAKGZDMR8CTMKV7EA12の椅子は既にライド中です"
time=07:53:28.219 level=WARN msg="取得した付近の椅子情報に不備があります (CODE=30): ID:01M332RFAKGZDMR8CTMKV7EA12の椅子は既にライド中です"
time=07:53:28.266 level=WARN msg="取得した付近の椅子情報に不備があります (CODE=30): ID:01M332RCGA5FRA9HDQG9QH14TFの椅子は既にライド中です"
time=07:53:28.455 level=WARN msg="取得した付近の椅子情報に不備があります (CODE=30): ID:01M332RCN355CCMK3HKYNMBATJの椅子は既にライド中です"
time=07:53:28.456 level=WARN msg="取得した付近の椅子情報に不備があります (CODE=30): ID:01M332RPF1F2HMMCR7ET95WJKFの椅子は既にライド中です"
time=07:53:31.054 level=WARN msg="取得した付近の椅子情報に不備があります (CODE=30): ID:01M332RJW1SQ13391DC86FKTEYの椅子は既にライド中です"
time=07:53:31.430 level=INFO msg=これまでに地域内の評判によって163人、既存ユーザーの招待経由で3257人が新規登録しました
time=07:53:31.430 level=INFO msg=これまでに低評価なライドによって197人が利用をやめました
time=07:53:31.430 level=INFO msg=84.4%のライドは椅子がマッチされるまでの時間、2.8%のライドはマッチされた椅子が乗車地点までに掛かる時間、48.3%のライドは椅子の実移動時間に不満がありました
time=07:53:31.670 level=WARN msg="取得した付近の椅子情報に不備があります (CODE=30): ID:01M332S28H3XM2C6S7EJYRDRGMの椅子は既にライド中です"
time=07:53:31.670 level=WARN msg="取得した付近の椅子情報に不備があります (CODE=30): ID:01M332RN59Z38GRJC4AR83KH0Vの椅子は既にライド中です"
time=07:53:31.671 level=WARN msg="取得した付近の椅子情報に不備があります (CODE=30): ID:01M332S28H3XM2C6S7EJYRDRGMの椅子は既にライド中です"
time=07:53:31.672 level=WARN msg="取得した付近の椅子情報に不備があります (CODE=30): ID:01M332S6M8CJZFFFYQP3P51S4Rの椅子は既にライド中です"
time=07:53:32.036 level=WARN msg="取得した付近の椅子情報に不備があります (CODE=30): ID:01M332S1M06YSF5WWF7Q6TY06Fの椅子は既にライド中です"
time=07:53:33.352 level=WARN msg="取得した付近の椅子情報に不備があります (CODE=30): ID:01M332RG5KZW213B5D9SJQYQTJの椅子は既にライド中です"
time=07:53:34.700 level=WARN msg="取得した付近の椅子情報に不備があります (CODE=30): ID:01M332R3CP20C1A9EJ5M9R4WYYの椅子は既にライド中です"
time=07:53:34.723 level=WARN msg="取得した付近の椅子情報に不備があります (CODE=30): ID:01M332R3CP20C1A9EJ5M9R4WYYの椅子は既にライド中です"
time=07:53:34.723 level=WARN msg="取得した付近の椅子情報に不備があります (CODE=30): ID:01M332SAKJQ0MTVNRFW9VHKQ1Dの椅子は既にライド中です"
time=07:53:34.724 level=WARN msg="取得した付近の椅子情報に不備があります (CODE=30): ID:01M332R3CP20C1A9EJ5M9R4WYYの椅子は既にライド中です"
time=07:53:34.725 level=WARN msg="取得した付近の椅子情報に不備があります (CODE=30): ID:01M332R3CP20C1A9EJ5M9R4WYYの椅子は既にライド中です"
time=07:53:34.726 level=WARN msg="取得した付近の椅子情報に不備があります (CODE=30): ID:01M332R3CP20C1A9EJ5M9R4WYYの椅子は既にライド中です"
time=07:53:34.728 level=WARN msg="取得した付近の椅子情報に不備があります (CODE=30): ID:01M332R3CP20C1A9EJ5M9R4WYYの椅子は既にライド中です"
time=07:53:34.729 level=WARN msg="取得した付近の椅子情報に不備があります (CODE=30): ID:01M332R3CP20C1A9EJ5M9R4WYYの椅子は既にライド中です"
time=07:53:34.729 level=WARN msg="取得した付近の椅子情報に不備があります (CODE=30): ID:01M332SAKJQ0MTVNRFW9VHKQ1Dの椅子は既にライド中です"
time=07:53:34.731 level=WARN msg="取得した付近の椅子情報に不備があります (CODE=30): ID:01M332SAKJQ0MTVNRFW9VHKQ1Dの椅子は既にライド中です"
time=07:53:34.731 level=WARN msg="取得した付近の椅子情報に不備があります (CODE=30): ID:01M332SAKJQ0MTVNRFW9VHKQ1Dの椅子は既にライド中です"
time=07:53:34.732 level=WARN msg="取得した付近の椅子情報に不備があります (CODE=30): ID:01M332SAKJQ0MTVNRFW9VHKQ1Dの椅子は既にライド中です"
time=07:53:34.758 level=WARN msg="取得した付近の椅子情報に不備があります (CODE=30): ID:01M332R3CP20C1A9EJ5M9R4WYYの椅子は既にライド中です"
time=07:53:34.758 level=WARN msg="取得した付近の椅子情報に不備があります (CODE=30): ID:01M332SAKJQ0MTVNRFW9VHKQ1Dの椅子は既にライド中です"
time=07:53:35.361 level=WARN msg="取得した付近の椅子情報に不備があります (CODE=30): ID:01M332QTBC7ZY3GXDZSNKEQ6A1の椅子は既にライド中です"
time=07:53:35.938 level=WARN msg="取得した付近の椅子情報に不備があります (CODE=30): ID:01M332R7DJSDKQPNR4DT5W9N2Jの椅子は既にライド中です"
time=07:53:35.945 level=WARN msg="取得した付近の椅子情報に不備があります (CODE=30): ID:01M332RN62SE6AW5T6R9JK8462の椅子は既にライド中です"
time=07:53:35.951 level=WARN msg="取得した付近の椅子情報に不備があります (CODE=30): ID:01M332RN62SE6AW5T6R9JK8462の椅子は既にライド中です"
time=07:53:35.953 level=WARN msg="取得した付近の椅子情報に不備があります (CODE=30): ID:01M332R7DJSDKQPNR4DT5W9N2Jの椅子は既にライド中です"
time=07:53:35.954 level=WARN msg="取得した付近の椅子情報に不備があります (CODE=30): ID:01M332RN62SE6AW5T6R9JK8462の椅子は既にライド中です"
time=07:53:35.954 level=WARN msg="取得した付近の椅子情報に不備があります (CODE=30): ID:01M332R7DJSDKQPNR4DT5W9N2Jの椅子は既にライド中です"
time=07:53:35.954 level=WARN msg="取得した付近の椅子情報に不備があります (CODE=30): ID:01M332RN62SE6AW5T6R9JK8462の椅子は既にライド中です"
time=07:53:35.955 level=WARN msg="取得した付近の椅子情報に不備があります (CODE=30): ID:01M332RN62SE6AW5T6R9JK8462の椅子は既にライド中です"
time=07:53:35.955 level=WARN msg="取得した付近の椅子情報に不備があります (CODE=30): ID:01M332RN62SE6AW5T6R9JK8462の椅子は既にライド中です"
time=07:53:35.960 level=WARN msg="取得した付近の椅子情報に不備があります (CODE=30): ID:01M332R7DJSDKQPNR4DT5W9N2Jの椅子は既にライド中です"
time=07:53:35.960 level=WARN msg="取得した付近の椅子情報に不備があります (CODE=30): ID:01M332RN62SE6AW5T6R9JK8462の椅子は既にライド中です"
time=07:53:35.960 level=WARN msg="取得した付近の椅子情報に不備があります (CODE=30): ID:01M332RN62SE6AW5T6R9JK8462の椅子は既にライド中です"
time=07:53:41.330 level=INFO msg=最終地域情報 名前=チェアタウン ユーザー登録数=2143 アクティブユーザー数=2035
time=07:53:41.330 level=INFO msg=最終地域情報 名前=コシカケシティ ユーザー登録数=1413 アクティブユーザー数=1295
time=07:53:41.330 level=INFO msg=最終オーナー情報 名前="CraftChair Co., Ltd." 売上=25011200 椅子数=469
time=07:53:41.330 level=INFO msg=最終オーナー情報 名前=ChairCycle 売上=25715100 椅子数=513
time=07:53:41.330 level=INFO msg=最終オーナー情報 名前="Orbit Taxi" 売上=23113600 椅子数=402
time=07:53:41.330 level=INFO msg=最終オーナー情報 名前=木座デザイン 売上=18839800 椅子数=344
time=07:53:41.330 level=INFO msg=最終オーナー情報 名前="PreLoved Chairs" 売上=24307300 椅子数=455
time=07:53:41.330 level=INFO msg=85.4%のライドは椅子がマッチされるまでの時間、2.7%のライドはマッチされた椅子が乗車地点までに掛かる時間、51.5%のライドは椅子の実移動時間に不満がありました
time=07:53:41.331 level=INFO msg=結果 pass=true スコア=1226980 種別エラー数=map[30:66]
time=07:53:41.331 level=INFO msg=負荷走行が終了しました
