time=02:24:21.459 level=INFO msg=負荷走行を開始します
time=02:24:27.390 level=INFO msg=一定の売上が立ったためオーナーの椅子が増加します 名前=椅子のふるさと 増加数=1
time=02:24:27.391 level=INFO msg=一定の売上が立ったためオーナーの椅子が増加します 名前=椅子と暮らし舎 増加数=1
time=02:24:27.393 level=INFO msg=一定の売上が立ったためオーナーの椅子が増加します 名前=椅子のめぐりや 増加数=2
time=02:24:29.190 level=INFO msg=一定の売上が立ったためオーナーの椅子が増加します 名前=PulseRide 増加数=1
time=02:24:29.191 level=INFO msg=一定の売上が立ったためオーナーの椅子が増加します 名前=椅子と暮らし舎 増加数=1
time=02:24:29.192 level=INFO msg=一定の売上が立ったためオーナーの椅子が増加します 名前=つばさ交通 増加数=1
time=02:24:29.194 level=INFO msg=一定の売上が立ったためオーナーの椅子が増加します 名前=椅子のふるさと 増加数=1
time=02:24:29.195 level=INFO msg=一定の売上が立ったためオーナーの椅子が増加します 名前=椅子のめぐりや 増加数=1
time=02:24:29.215 level=INFO msg=これまでに地域内の評判によって10人、既存ユーザーの招待経由で38人が新規登録しました
time=02:24:29.215 level=INFO msg=0.0%のライドは椅子がマッチされるまでの時間、57.9%のライドはマッチされた椅子が乗車地点までに掛かる時間、0.0%のライドは椅子の実移動時間に不満がありました
time=02:24:30.992 level=INFO msg=一定の売上が立ったためオーナーの椅子が増加します 名前=つばさ交通 増加数=1
time=02:24:30.992 level=INFO msg=一定の売上が立ったためオーナーの椅子が増加します 名前=椅子のふるさと 増加数=2
time=02:24:30.992 level=INFO msg=一定の売上が立ったためオーナーの椅子が増加します 名前=椅子と暮らし舎 増加数=3
time=02:24:30.997 level=INFO msg=一定の売上が立ったためオーナーの椅子が増加します 名前=PulseRide 増加数=1
time=02:24:30.999 level=INFO msg=一定の売上が立ったためオーナーの椅子が増加します 名前=椅子のめぐりや 増加数=3
time=02:24:32.791 level=INFO msg=一定の売上が立ったためオーナーの椅子が増加します 名前=つばさ交通 増加数=2
time=02:24:32.792 level=INFO msg=一定の売上が立ったためオーナーの椅子が増加します 名前=椅子のふるさと 増加数=3
time=02:24:32.796 level=INFO msg=一定の売上が立ったためオーナーの椅子が増加します 名前=椅子と暮らし舎 増加数=3
time=02:24:32.800 level=INFO msg=一定の売上が立ったためオーナーの椅子が増加します 名前=PulseRide 増加数=2
time=02:24:32.800 level=INFO msg=一定の売上が立ったためオーナーの椅子が増加します 名前=椅子のめぐりや 増加数=3
time=02:24:34.595 level=INFO msg=一定の売上が立ったためオーナーの椅子が増加します 名前=椅子と暮らし舎 増加数=5
time=02:24:34.596 level=INFO msg=一定の売上が立ったためオーナーの椅子が増加します 名前=PulseRide 増加数=2
time=02:24:34.600 level=INFO msg=一定の売上が立ったためオーナーの椅子が増加します 名前=椅子のめぐりや 増加数=3
time=02:24:34.600 level=INFO msg=一定の売上が立ったためオーナーの椅子が増加します 名前=椅子のふるさと 増加数=4
time=02:24:34.600 level=INFO msg=一定の売上が立ったためオーナーの椅子が増加します 名前=つばさ交通 増加数=3
time=02:24:34.615 level=INFO msg=これまでに地域内の評判によって19人、既存ユーザーの招待経由で139人が新規登録しました
time=02:24:34.615 level=INFO msg=12.0%のライドは椅子がマッチされるまでの時間、29.3%のライドはマッチされた椅子が乗車地点までに掛かる時間、0.7%のライドは椅子の実移動時間に不満がありました
time=02:24:36.400 level=INFO msg=一定の売上が立ったためオーナーの椅子が増加します 名前=PulseRide 増加数=3
time=02:24:36.403 level=INFO msg=一定の売上が立ったためオーナーの椅子が増加します 名前=椅子と暮らし舎 増加数=4
time=02:24:36.404 level=INFO msg=一定の売上が立ったためオーナーの椅子が増加します 名前=つばさ交通 増加数=4
time=02:24:36.406 level=INFO msg=一定の売上が立ったためオーナーの椅子が増加します 名前=椅子のふるさと 増加数=5
time=02:24:36.408 level=INFO msg=一定の売上が立ったためオーナーの椅子が増加します 名前=椅子のめぐりや 増加数=4
time=02:24:38.206 level=INFO msg=一定の売上が立ったためオーナーの椅子が増加します 名前=つばさ交通 増加数=3
time=02:24:38.206 level=INFO msg=一定の売上が立ったためオーナーの椅子が増加します 名前=PulseRide 増加数=3
time=02:24:38.209 level=INFO msg=一定の売上が立ったためオーナーの椅子が増加します 名前=椅子のふるさと 増加数=4
time=02:24:38.213 level=INFO msg=一定の売上が立ったためオーナーの椅子が増加します 名前=椅子のめぐりや 増加数=5
time=02:24:38.214 level=INFO msg=一定の売上が立ったためオーナーの椅子が増加します 名前=椅子と暮らし舎 増加数=4
time=02:24:40.007 level=INFO msg=一定の売上が立ったためオーナーの椅子が増加します 名前=PulseRide 増加数=7
time=02:24:40.015 level=INFO msg=これまでに地域内の評判によって32人、既存ユーザーの招待経由で374人が新規登録しました
time=02:24:40.015 level=INFO msg=23.5%のライドは椅子がマッチされるまでの時間、12.1%のライドはマッチされた椅子が乗車地点までに掛かる時間、0.5%のライドは椅子の実移動時間に不満がありました
time=02:24:40.019 level=INFO msg=一定の売上が立ったためオーナーの椅子が増加します 名前=つばさ交通 増加数=5
time=02:24:40.024 level=INFO msg=一定の売上が立ったためオーナーの椅子が増加します 名前=椅子と暮らし舎 増加数=8
time=02:24:40.025 level=INFO msg=一定の売上が立ったためオーナーの椅子が増加します 名前=椅子のふるさと 増加数=4
time=02:24:40.027 level=INFO msg=一定の売上が立ったためオーナーの椅子が増加します 名前=椅子のめぐりや 増加数=7
time=02:24:41.861 level=INFO msg=一定の売上が立ったためオーナーの椅子が増加します 名前=PulseRide 増加数=4
time=02:24:41.870 level=INFO msg=一定の売上が立ったためオーナーの椅子が増加します 名前=つばさ交通 増加数=5
time=02:24:41.891 level=INFO msg=一定の売上が立ったためオーナーの椅子が増加します 名前=椅子と暮らし舎 増加数=8
time=02:24:41.891 level=INFO msg=一定の売上が立ったためオーナーの椅子が増加します 名前=椅子のめぐりや 増加数=8
time=02:24:41.893 level=INFO msg=一定の売上が立ったためオーナーの椅子が増加します 名前=椅子のふるさと 増加数=8
time=02:24:43.704 level=INFO msg=一定の売上が立ったためオーナーの椅子が増加します 名前=つばさ交通 増加数=7
time=02:24:43.744 level=INFO msg=一定の売上が立ったためオーナーの椅子が増加します 名前=PulseRide 増加数=7
time=02:24:43.753 level=INFO msg=一定の売上が立ったためオーナーの椅子が増加します 名前=椅子のめぐりや 増加数=7
time=02:24:43.758 level=INFO msg=一定の売上が立ったためオーナーの椅子が増加します 名前=椅子のふるさと 増加数=5
time=02:24:43.775 level=INFO msg=一定の売上が立ったためオーナーの椅子が増加します 名前=椅子と暮らし舎 増加数=8
time=02:24:45.415 level=INFO msg=これまでに地域内の評判によって42人、既存ユーザーの招待経由で817人が新規登録しました
time=02:24:45.415 level=INFO msg=38.7%のライドは椅子がマッチされるまでの時間、5.4%のライドはマッチされた椅子が乗車地点までに掛かる時間、0.5%のライドは椅子の実移動時間に不満がありました
time=02:24:45.441 level=INFO msg=一定の売上が立ったためオーナーの椅子が増加します 名前=PulseRide 増加数=7
time=02:24:45.473 level=INFO msg=一定の売上が立ったためオーナーの椅子が増加します 名前=つばさ交通 増加数=8
time=02:24:45.480 level=INFO msg=一定の売上が立ったためオーナーの椅子が増加します 名前=椅子と暮らし舎 増加数=7
time=02:24:45.483 level=INFO msg=一定の売上が立ったためオーナーの椅子が増加します 名前=椅子のふるさと 増加数=9
time=02:24:45.486 level=INFO msg=一定の売上が立ったためオーナーの椅子が増加します 名前=椅子のめぐりや 増加数=6
time=02:24:47.500 level=INFO msg=一定の売上が立ったためオーナーの椅子が増加します 名前=つばさ交通 増加数=5
time=02:24:47.513 level=INFO msg=一定の売上が立ったためオーナーの椅子が増加します 名前=PulseRide 増加数=6
time=02:24:47.514 level=INFO msg=一定の売上が立ったためオーナーの椅子が増加します 名前=椅子のふるさと 増加数=6
time=02:24:47.576 level=INFO msg=一定の売上が立ったためオーナーの椅子が増加します 名前=椅子と暮らし舎 増加数=7
time=02:24:47.581 level=INFO msg=一定の売上が立ったためオーナーの椅子が増加します 名前=椅子のめぐりや 増加数=7
time=02:24:50.012 level=INFO msg=一定の売上が立ったためオーナーの椅子が増加します 名前=つばさ交通 増加数=7
time=02:24:50.056 level=INFO msg=一定の売上が立ったためオーナーの椅子が増加します 名前=PulseRide 増加数=6
time=02:24:50.161 level=INFO msg=一定の売上が立ったためオーナーの椅子が増加します 名前=椅子のふるさと 増加数=7
time=02:24:50.184 level=INFO msg=一定の売上が立ったためオーナーの椅子が増加します 名前=椅子と暮らし舎 増加数=8
time=02:24:50.230 level=INFO msg=一定の売上が立ったためオーナーの椅子が増加します 名前=椅子のめぐりや 増加数=8
time=02:24:50.815 level=INFO msg=これまでに地域内の評判によって54人、既存ユーザーの招待経由で1368人が新規登録しました
time=02:24:50.815 level=INFO msg=56.8%のライドは椅子がマッチされるまでの時間、3.4%のライドはマッチされた椅子が乗車地点までに掛かる時間、0.5%のライドは椅子の実移動時間に不満がありました
time=02:24:51.486 level=INFO msg=一定の売上が立ったためオーナーの椅子が増加します 名前=つばさ交通 増加数=6
time=02:24:51.667 level=INFO msg=一定の売上が立ったためオーナーの椅子が増加します 名前=PulseRide 増加数=6
time=02:24:51.678 level=INFO msg=一定の売上が立ったためオーナーの椅子が増加します 名前=椅子と暮らし舎 増加数=8
time=02:24:51.679 level=INFO msg=一定の売上が立ったためオーナーの椅子が増加します 名前=椅子のふるさと 増加数=7
time=02:24:51.710 level=INFO msg=一定の売上が立ったためオーナーの椅子が増加します 名前=椅子のめぐりや 増加数=7
time=02:24:54.028 level=INFO msg=一定の売上が立ったためオーナーの椅子が増加します 名前=つばさ交通 増加数=7
time=02:24:54.033 level=INFO msg=一定の売上が立ったためオーナーの椅子が増加します 名前=PulseRide 増加数=6
time=02:24:54.062 level=INFO msg=一定の売上が立ったためオーナーの椅子が増加します 名前=椅子のふるさと 増加数=9
time=02:24:54.063 level=INFO msg=一定の売上が立ったためオーナーの椅子が増加します 名前=椅子のめぐりや 増加数=7
time=02:24:54.108 level=INFO msg=一定の売上が立ったためオーナーの椅子が増加します 名前=椅子と暮らし舎 増加数=10
time=02:24:56.215 level=INFO msg=これまでに地域内の評判によって66人、既存ユーザーの招待経由で1996人が新規登録しました
time=02:24:56.215 level=INFO msg=70.2%のライドは椅子がマッチされるまでの時間、2.4%のライドはマッチされた椅子が乗車地点までに掛かる時間、1.2%のライドは椅子の実移動時間に不満がありました
time=02:24:58.042 level=INFO msg=一定の売上が立ったためオーナーの椅子が増加します 名前=PulseRide 増加数=13
time=02:24:58.271 level=INFO msg=一定の売上が立ったためオーナーの椅子が増加します 名前=つばさ交通 増加数=15
time=02:24:58.284 level=INFO msg=一定の売上が立ったためオーナーの椅子が増加します 名前=椅子と暮らし舎 増加数=18
time=02:24:58.300 level=INFO msg=一定の売上が立ったためオーナーの椅子が増加します 名前=椅子のふるさと 増加数=15
time=02:24:58.311 level=INFO msg=一定の売上が立ったためオーナーの椅子が増加します 名前=椅子のめぐりや 増加数=16
time=02:25:01.607 level=INFO msg=一定の売上が立ったためオーナーの椅子が増加します 名前=PulseRide 増加数=13
time=02:25:01.616 level=INFO msg=これまでに地域内の評判によって78人、既存ユーザーの招待経由で2519人が新規登録しました
time=02:25:01.616 level=INFO msg=77.5%のライドは椅子がマッチされるまでの時間、1.9%のライドはマッチされた椅子が乗車地点までに掛かる時間、3.3%のライドは椅子の実移動時間に不満がありました
time=02:25:01.782 level=INFO msg=一定の売上が立ったためオーナーの椅子が増加します 名前=つばさ交通 増加数=13
time=02:25:01.824 level=INFO msg=一定の売上が立ったためオーナーの椅子が増加します 名前=椅子のふるさと 増加数=16
time=02:25:02.265 level=INFO msg=一定の売上が立ったためオーナーの椅子が増加します 名前=椅子のめぐりや 増加数=15
time=02:25:02.422 level=INFO msg=一定の売上が立ったためオーナーの椅子が増加します 名前=椅子と暮らし舎 増加数=17
time=02:25:06.082 level=WARN msg="ユーザー登録に失敗しました (CODE=17): POST /api/app/usersへのリクエストに対して、期待されたHTTPステータスコードが確認できませんでした (expected:201, actual:500)"
time=02:25:07.075 level=INFO msg=これまでに地域内の評判によって90人、既存ユーザーの招待経由で2941人が新規登録しました
time=02:25:07.075 level=INFO msg=これまでに低評価なライドによって3人が利用をやめました
time=02:25:07.075 level=INFO msg=81.9%のライドは椅子がマッチされるまでの時間、1.6%のライドはマッチされた椅子が乗車地点までに掛かる時間、6.2%のライドは椅子の実移動時間に不満がありました
time=02:25:07.179 level=INFO msg=一定の売上が立ったためオーナーの椅子が増加します 名前=PulseRide 増加数=20
time=02:25:07.191 level=INFO msg=一定の売上が立ったためオーナーの椅子が増加します 名前=つばさ交通 増加数=21
time=02:25:07.397 level=INFO msg=一定の売上が立ったためオーナーの椅子が増加します 名前=椅子のふるさと 増加数=22
time=02:25:07.420 level=INFO msg=一定の売上が立ったためオーナーの椅子が増加します 名前=椅子のめぐりや 増加数=25
time=02:25:07.987 level=INFO msg=一定の売上が立ったためオーナーの椅子が増加します 名前=椅子と暮らし舎 増加数=26
time=02:25:12.491 level=WARN msg="ユーザー登録に失敗しました (CODE=17): POST /api/app/usersへのリクエストに対して、期待されたHTTPステータスコードが確認できませんでした (expected:201, actual:500)"
time=02:25:12.595 level=INFO msg=これまでに地域内の評判によって102人、既存ユーザーの招待経由で3271人が新規登録しました
time=02:25:12.595 level=INFO msg=これまでに低評価なライドによって4人が利用をやめました
time=02:25:12.595 level=INFO msg=85.1%のライドは椅子がマッチされるまでの時間、1.3%のライドはマッチされた椅子が乗車地点までに掛かる時間、8.2%のライドは椅子の実移動時間に不満がありました
time=02:25:15.606 level=INFO msg=一定の売上が立ったためオーナーの椅子が増加します 名前=PulseRide 増加数=31
time=02:25:15.791 level=INFO msg=一定の売上が立ったためオーナーの椅子が増加します 名前=椅子のふるさと 増加数=36
time=02:25:15.974 level=INFO msg=一定の売上が立ったためオーナーの椅子が増加します 名前=つばさ交通 増加数=29
time=02:25:16.196 level=INFO msg=一定の売上が立ったためオーナーの椅子が増加します 名前=椅子のめぐりや 増加数=36
time=02:25:16.411 level=INFO msg=一定の売上が立ったためオーナーの椅子が増加します 名前=椅子と暮らし舎 増加数=39
time=02:25:17.996 level=INFO msg=これまでに地域内の評判によって114人、既存ユーザーの招待経由で3634人が新規登録しました
time=02:25:17.996 level=INFO msg=これまでに低評価なライドによって6人が利用をやめました
time=02:25:17.996 level=INFO msg=87.4%のライドは椅子がマッチされるまでの時間、1.2%のライドはマッチされた椅子が乗車地点までに掛かる時間、12.2%のライドは椅子の実移動時間に不満がありました
time=02:25:20.486 level=INFO msg=一定の売上が立ったためオーナーの椅子が増加します 名前=PulseRide 増加数=27
time=02:25:20.964 level=WARN msg="取得した付近の椅子情報に不備があります (CODE=30): ID:01M32FZFZ6DBBF36TJD4AG5YSDの椅子は既にライド中です"
time=02:25:23.575 level=INFO msg=これまでに地域内の評判によって126人、既存ユーザーの招待経由で3961人が新規登録しました
time=02:25:23.575 level=INFO msg=これまでに低評価なライドによって15人が利用をやめました
time=02:25:23.575 level=INFO msg=88.9%のライドは椅子がマッチされるまでの時間、1.1%のライドはマッチされた椅子が乗車地点までに掛かる時間、13.8%のライドは椅子の実移動時間に不満がありました
time=02:25:24.639 level=INFO msg=一定の売上が立ったためオーナーの椅子が増加します 名前=椅子のふるさと 増加数=43
time=02:25:24.917 level=INFO msg=一定の売上が立ったためオーナーの椅子が増加します 名前=椅子のめぐりや 増加数=45
time=02:25:25.099 level=INFO msg=一定の売上が立ったためオーナーの椅子が増加します 名前=つばさ交通 増加数=46
time=02:25:25.152 level=INFO msg=一定の売上が立ったためオーナーの椅子が増加します 名前=椅子と暮らし舎 増加数=55
time=02:25:28.815 level=INFO msg=最終地域情報 名前=チェアタウン ユーザー登録数=2510 アクティブユーザー数=2499
time=02:25:28.815 level=INFO msg=最終地域情報 名前=コシカケシティ ユーザー登録数=1676 アクティブユーザー数=1672
time=02:25:28.815 level=INFO msg=最終オーナー情報 名前=椅子のふるさと 売上=8392900 椅子数=211
time=02:25:28.815 level=INFO msg=最終オーナー情報 名前=椅子のめぐりや 売上=8816400 椅子数=219
time=02:25:28.815 level=INFO msg=最終オーナー情報 名前=PulseRide 売上=6877800 椅子数=169
time=02:25:28.815 level=INFO msg=最終オーナー情報 名前=つばさ交通 売上=7310200 椅子数=192
time=02:25:28.815 level=INFO msg=最終オーナー情報 名前=椅子と暮らし舎 売上=9450200 椅子数=244
time=02:25:28.815 level=INFO msg=89.7%のライドは椅子がマッチされるまでの時間、1.0%のライドはマッチされた椅子が乗車地点までに掛かる時間、16.3%のライドは椅子の実移動時間に不満がありました
time=02:25:28.815 level=INFO msg=結果 pass=true スコア=421622 種別エラー数="map[17:2 30:1]"
time=02:25:28.815 level=INFO msg=負荷走行が終了しました
