time=01:45:59.097 level=INFO msg=負荷走行を開始します
time=01:46:05.065 level=INFO msg=一定の売上が立ったためオーナーの椅子が増加します 名前=ZenDrive 増加数=1
time=01:46:05.067 level=INFO msg=一定の売上が立ったためオーナーの椅子が増加します 名前=レトロ椅子館 増加数=1
time=01:46:06.857 level=INFO msg=一定の売上が立ったためオーナーの椅子が増加します 名前=おもてなしタクシー 増加数=2
time=01:46:06.860 level=INFO msg=一定の売上が立ったためオーナーの椅子が増加します 名前=座心工房 増加数=1
time=01:46:06.860 level=INFO msg=一定の売上が立ったためオーナーの椅子が増加します 名前=SwiftCab 増加数=1
time=01:46:06.861 level=INFO msg=一定の売上が立ったためオーナーの椅子が増加します 名前=レトロ椅子館 増加数=1
time=01:46:06.861 level=INFO msg=一定の売上が立ったためオーナーの椅子が増加します 名前=ZenDrive 増加数=2
time=01:46:06.875 level=INFO msg=これまでに地域内の評判によって6人、既存ユーザーの招待経由で33人が新規登録しました
time=01:46:06.875 level=INFO msg=0.0%のライドは椅子がマッチされるまでの時間、72.7%のライドはマッチされた椅子が乗車地点までに掛かる時間、0.0%のライドは椅子の実移動時間に不満がありました
time=01:46:08.666 level=INFO msg=一定の売上が立ったためオーナーの椅子が増加します 名前=SwiftCab 増加数=1
time=01:46:08.666 level=INFO msg=一定の売上が立ったためオーナーの椅子が増加します 名前=おもてなしタクシー 増加数=1
time=01:46:08.667 level=INFO msg=一定の売上が立ったためオーナーの椅子が増加します 名前=座心工房 増加数=1
time=01:46:08.667 level=INFO msg=一定の売上が立ったためオーナーの椅子が増加します 名前=レトロ椅子館 増加数=2
time=01:46:08.670 level=INFO msg=一定の売上が立ったためオーナーの椅子が増加します 名前=ZenDrive 増加数=1
time=01:46:10.468 level=INFO msg=一定の売上が立ったためオーナーの椅子が増加します 名前=おもてなしタクシー 増加数=2
time=01:46:10.470 level=INFO msg=一定の売上が立ったためオーナーの椅子が増加します 名前=SwiftCab 増加数=2
time=01:46:10.470 level=INFO msg=一定の売上が立ったためオーナーの椅子が増加します 名前=座心工房 増加数=1
time=01:46:10.470 level=INFO msg=一定の売上が立ったためオーナーの椅子が増加します 名前=レトロ椅子館 増加数=1
time=01:46:10.475 level=INFO msg=一定の売上が立ったためオーナーの椅子が増加します 名前=ZenDrive 増加数=2
time=01:46:12.275 level=INFO msg=これまでに地域内の評判によって18人、既存ユーザーの招待経由で87人が新規登録しました
time=01:46:12.275 level=INFO msg=0.0%のライドは椅子がマッチされるまでの時間、67.4%のライドはマッチされた椅子が乗車地点までに掛かる時間、0.0%のライドは椅子の実移動時間に不満がありました
time=01:46:12.290 level=INFO msg=一定の売上が立ったためオーナーの椅子が増加します 名前=ZenDrive 増加数=2
time=01:46:12.291 level=INFO msg=一定の売上が立ったためオーナーの椅子が増加します 名前=座心工房 増加数=1
time=01:46:12.291 level=INFO msg=一定の売上が立ったためオーナーの椅子が増加します 名前=おもてなしタクシー 増加数=1
time=01:46:12.291 level=INFO msg=一定の売上が立ったためオーナーの椅子が増加します 名前=SwiftCab 増加数=1
time=01:46:12.296 level=INFO msg=一定の売上が立ったためオーナーの椅子が増加します 名前=レトロ椅子館 増加数=3
time=01:46:14.087 level=INFO msg=一定の売上が立ったためオーナーの椅子が増加します 名前=SwiftCab 増加数=1
time=01:46:14.094 level=INFO msg=一定の売上が立ったためオーナーの椅子が増加します 名前=おもてなしタクシー 増加数=2
time=01:46:14.103 level=INFO msg=一定の売上が立ったためオーナーの椅子が増加します 名前=ZenDrive 増加数=1
time=01:46:14.103 level=INFO msg=一定の売上が立ったためオーナーの椅子が増加します 名前=レトロ椅子館 増加数=1
time=01:46:15.893 level=INFO msg=一定の売上が立ったためオーナーの椅子が増加します 名前=おもてなしタクシー 増加数=2
time=01:46:15.901 level=INFO msg=一定の売上が立ったためオーナーの椅子が増加します 名前=SwiftCab 増加数=2
time=01:46:15.902 level=INFO msg=一定の売上が立ったためオーナーの椅子が増加します 名前=座心工房 増加数=2
time=01:46:15.911 level=INFO msg=一定の売上が立ったためオーナーの椅子が増加します 名前=ZenDrive 増加数=3
time=01:46:15.912 level=INFO msg=一定の売上が立ったためオーナーの椅子が増加します 名前=レトロ椅子館 増加数=3
time=01:46:17.675 level=INFO msg=これまでに地域内の評判によって30人、既存ユーザーの招待経由で119人が新規登録しました
time=01:46:17.675 level=INFO msg=これまでに低評価なライドによって4人が利用をやめました
time=01:46:17.675 level=INFO msg=30.4%のライドは椅子がマッチされるまでの時間、62.0%のライドはマッチされた椅子が乗車地点までに掛かる時間、7.0%のライドは椅子の実移動時間に不満がありました
time=01:46:17.704 level=INFO msg=一定の売上が立ったためオーナーの椅子が増加します 名前=レトロ椅子館 増加数=1
time=01:46:17.705 level=INFO msg=一定の売上が立ったためオーナーの椅子が増加します 名前=座心工房 増加数=1
time=01:46:17.713 level=INFO msg=一定の売上が立ったためオーナーの椅子が増加します 名前=おもてなしタクシー 増加数=1
time=01:46:17.715 level=INFO msg=一定の売上が立ったためオーナーの椅子が増加します 名前=ZenDrive 増加数=2
time=01:46:19.513 level=INFO msg=一定の売上が立ったためオーナーの椅子が増加します 名前=SwiftCab 増加数=2
time=01:46:19.514 level=INFO msg=一定の売上が立ったためオーナーの椅子が増加します 名前=レトロ椅子館 増加数=4
time=01:46:19.514 level=INFO msg=一定の売上が立ったためオーナーの椅子が増加します 名前=座心工房 増加数=2
time=01:46:19.521 level=INFO msg=一定の売上が立ったためオーナーの椅子が増加します 名前=おもてなしタクシー 増加数=3
time=01:46:19.532 level=INFO msg=一定の売上が立ったためオーナーの椅子が増加します 名前=ZenDrive 増加数=2
time=01:46:21.327 level=INFO msg=一定の売上が立ったためオーナーの椅子が増加します 名前=SwiftCab 増加数=2
time=01:46:21.333 level=INFO msg=一定の売上が立ったためオーナーの椅子が増加します 名前=座心工房 増加数=1
time=01:46:21.348 level=INFO msg=一定の売上が立ったためオーナーの椅子が増加します 名前=レトロ椅子館 増加数=2
time=01:46:21.353 level=INFO msg=一定の売上が立ったためオーナーの椅子が増加します 名前=おもてなしタクシー 増加数=4
time=01:46:21.361 level=INFO msg=一定の売上が立ったためオーナーの椅子が増加します 名前=ZenDrive 増加数=2
time=01:46:23.075 level=INFO msg=これまでに地域内の評判によって42人、既存ユーザーの招待経由で145人が新規登録しました
time=01:46:23.075 level=INFO msg=これまでに低評価なライドによって25人が利用をやめました
time=01:46:23.075 level=INFO msg=57.2%のライドは椅子がマッチされるまでの時間、60.8%のライドはマッチされた椅子が乗車地点までに掛かる時間、21.0%のライドは椅子の実移動時間に不満がありました
time=01:46:23.151 level=INFO msg=一定の売上が立ったためオーナーの椅子が増加します 名前=座心工房 増加数=2
time=01:46:23.163 level=INFO msg=一定の売上が立ったためオーナーの椅子が増加します 名前=SwiftCab 増加数=2
time=01:46:23.193 level=INFO msg=一定の売上が立ったためオーナーの椅子が増加します 名前=おもてなしタクシー 増加数=3
time=01:46:23.197 level=INFO msg=一定の売上が立ったためオーナーの椅子が増加します 名前=レトロ椅子館 増加数=2
time=01:46:23.208 level=INFO msg=一定の売上が立ったためオーナーの椅子が増加します 名前=ZenDrive 増加数=3
time=01:46:24.950 level=INFO msg=一定の売上が立ったためオーナーの椅子が増加します 名前=SwiftCab 増加数=1
time=01:46:25.008 level=INFO msg=一定の売上が立ったためオーナーの椅子が増加します 名前=おもてなしタクシー 増加数=2
time=01:46:25.056 level=INFO msg=一定の売上が立ったためオーナーの椅子が増加します 名前=ZenDrive 増加数=3
time=01:46:25.085 level=INFO msg=一定の売上が立ったためオーナーの椅子が増加します 名前=レトロ椅子館 増加数=3
time=01:46:26.786 level=INFO msg=一定の売上が立ったためオーナーの椅子が増加します 名前=SwiftCab 増加数=2
time=01:46:26.788 level=INFO msg=一定の売上が立ったためオーナーの椅子が増加します 名前=座心工房 増加数=2
time=01:46:26.837 level=INFO msg=一定の売上が立ったためオーナーの椅子が増加します 名前=ZenDrive 増加数=2
time=01:46:26.842 level=INFO msg=一定の売上が立ったためオーナーの椅子が増加します 名前=おもてなしタクシー 増加数=1
time=01:46:26.860 level=INFO msg=一定の売上が立ったためオーナーの椅子が増加します 名前=レトロ椅子館 増加数=2
time=01:46:28.475 level=INFO msg=これまでに地域内の評判によって54人、既存ユーザーの招待経由で165人が新規登録しました
time=01:46:28.475 level=INFO msg=これまでに低評価なライドによって51人が利用をやめました
time=01:46:28.475 level=INFO msg=65.9%のライドは椅子がマッチされるまでの時間、58.5%のライドはマッチされた椅子が乗車地点までに掛かる時間、32.6%のライドは椅子の実移動時間に不満がありました
time=01:46:28.587 level=INFO msg=一定の売上が立ったためオーナーの椅子が増加します 名前=座心工房 増加数=2
time=01:46:28.660 level=INFO msg=一定の売上が立ったためオーナーの椅子が増加します 名前=SwiftCab 増加数=1
time=01:46:28.666 level=INFO msg=一定の売上が立ったためオーナーの椅子が増加します 名前=ZenDrive 増加数=3
time=01:46:28.686 level=INFO msg=一定の売上が立ったためオーナーの椅子が増加します 名前=レトロ椅子館 増加数=3
time=01:46:28.698 level=INFO msg=一定の売上が立ったためオーナーの椅子が増加します 名前=おもてなしタクシー 増加数=2
time=01:46:30.435 level=INFO msg=一定の売上が立ったためオーナーの椅子が増加します 名前=座心工房 増加数=1
time=01:46:30.480 level=INFO msg=一定の売上が立ったためオーナーの椅子が増加します 名前=SwiftCab 増加数=2
time=01:46:30.522 level=INFO msg=一定の売上が立ったためオーナーの椅子が増加します 名前=おもてなしタクシー 増加数=3
time=01:46:30.524 level=INFO msg=一定の売上が立ったためオーナーの椅子が増加します 名前=レトロ椅子館 増加数=3
time=01:46:30.540 level=INFO msg=一定の売上が立ったためオーナーの椅子が増加します 名前=ZenDrive 増加数=4
time=01:46:32.323 level=INFO msg=一定の売上が立ったためオーナーの椅子が増加します 名前=おもてなしタクシー 増加数=1
time=01:46:32.328 level=INFO msg=一定の売上が立ったためオーナーの椅子が増加します 名前=レトロ椅子館 増加数=3
time=01:46:32.355 level=INFO msg=一定の売上が立ったためオーナーの椅子が増加します 名前=ZenDrive 増加数=1
time=01:46:32.389 level=INFO msg=一定の売上が立ったためオーナーの椅子が増加します 名前=SwiftCab 増加数=2
time=01:46:32.397 level=INFO msg=一定の売上が立ったためオーナーの椅子が増加します 名前=座心工房 増加数=2
time=01:46:33.875 level=INFO msg=これまでに地域内の評判によって66人、既存ユーザーの招待経由で208人が新規登録しました
time=01:46:33.875 level=INFO msg=これまでに低評価なライドによって71人が利用をやめました
time=01:46:33.875 level=INFO msg=53.2%のライドは椅子がマッチされるまでの時間、54.3%のライドはマッチされた椅子が乗車地点までに掛かる時間、44.1%のライドは椅子の実移動時間に不満がありました
time=01:46:34.052 level=INFO msg=一定の売上が立ったためオーナーの椅子が増加します 名前=SwiftCab 増加数=2
time=01:46:34.107 level=INFO msg=一定の売上が立ったためオーナーの椅子が増加します 名前=ZenDrive 増加数=2
time=01:46:34.110 level=INFO msg=一定の売上が立ったためオーナーの椅子が増加します 名前=座心工房 増加数=2
time=01:46:34.145 level=INFO msg=一定の売上が立ったためオーナーの椅子が増加します 名前=おもてなしタクシー 増加数=2
time=01:46:34.163 level=INFO msg=一定の売上が立ったためオーナーの椅子が増加します 名前=レトロ椅子館 増加数=3
time=01:46:35.859 level=INFO msg=一定の売上が立ったためオーナーの椅子が増加します 名前=座心工房 増加数=1
time=01:46:35.945 level=INFO msg=一定の売上が立ったためオーナーの椅子が増加します 名前=SwiftCab 増加数=3
time=01:46:35.987 level=INFO msg=一定の売上が立ったためオーナーの椅子が増加します 名前=おもてなしタクシー 増加数=2
time=01:46:35.988 level=INFO msg=一定の売上が立ったためオーナーの椅子が増加します 名前=レトロ椅子館 増加数=2
time=01:46:36.007 level=INFO msg=一定の売上が立ったためオーナーの椅子が増加します 名前=ZenDrive 増加数=2
time=01:46:37.698 level=INFO msg=一定の売上が立ったためオーナーの椅子が増加します 名前=座心工房 増加数=3
time=01:46:37.741 level=INFO msg=一定の売上が立ったためオーナーの椅子が増加します 名前=SwiftCab 増加数=1
time=01:46:37.837 level=INFO msg=一定の売上が立ったためオーナーの椅子が増加します 名前=ZenDrive 増加数=2
time=01:46:37.841 level=INFO msg=一定の売上が立ったためオーナーの椅子が増加します 名前=レトロ椅子館 増加数=3
time=01:46:37.857 level=INFO msg=一定の売上が立ったためオーナーの椅子が増加します 名前=おもてなしタクシー 増加数=2
time=01:46:39.275 level=INFO msg=これまでに地域内の評判によって78人、既存ユーザーの招待経由で238人が新規登録しました
time=01:46:39.275 level=INFO msg=これまでに低評価なライドによって87人が利用をやめました
time=01:46:39.275 level=INFO msg=42.8%のライドは椅子がマッチされるまでの時間、51.1%のライドはマッチされた椅子が乗車地点までに掛かる時間、53.2%のライドは椅子の実移動時間に不満がありました
time=01:46:39.573 level=INFO msg=一定の売上が立ったためオーナーの椅子が増加します 名前=SwiftCab 増加数=3
time=01:46:39.629 level=INFO msg=一定の売上が立ったためオーナーの椅子が増加します 名前=おもてなしタクシー 増加数=2
time=01:46:39.700 level=INFO msg=一定の売上が立ったためオーナーの椅子が増加します 名前=ZenDrive 増加数=2
time=01:46:39.763 level=INFO msg=一定の売上が立ったためオーナーの椅子が増加します 名前=レトロ椅子館 増加数=1
time=01:46:39.795 level=INFO msg=一定の売上が立ったためオーナーの椅子が増加します 名前=座心工房 増加数=3
time=01:46:41.276 level=INFO msg=一定の売上が立ったためオーナーの椅子が増加します 名前=SwiftCab 増加数=1
time=01:46:41.279 level=INFO msg=一定の売上が立ったためオーナーの椅子が増加します 名前=おもてなしタクシー 増加数=1
time=01:46:41.286 level=INFO msg=一定の売上が立ったためオーナーの椅子が増加します 名前=ZenDrive 増加数=2
time=01:46:41.729 level=INFO msg=一定の売上が立ったためオーナーの椅子が増加します 名前=レトロ椅子館 増加数=3
time=01:46:43.122 level=INFO msg=一定の売上が立ったためオーナーの椅子が増加します 名前=座心工房 増加数=2
time=01:46:43.221 level=INFO msg=一定の売上が立ったためオーナーの椅子が増加します 名前=SwiftCab 増加数=2
time=01:46:43.223 level=INFO msg=一定の売上が立ったためオーナーの椅子が増加します 名前=おもてなしタクシー 増加数=3
time=01:46:43.269 level=INFO msg=一定の売上が立ったためオーナーの椅子が増加します 名前=レトロ椅子館 増加数=1
time=01:46:43.325 level=INFO msg=一定の売上が立ったためオーナーの椅子が増加します 名前=ZenDrive 増加数=2
time=01:46:44.675 level=INFO msg=これまでに地域内の評判によって90人、既存ユーザーの招待経由で260人が新規登録しました
time=01:46:44.675 level=INFO msg=これまでに低評価なライドによって101人が利用をやめました
time=01:46:44.675 level=INFO msg=35.5%のライドは椅子がマッチされるまでの時間、48.0%のライドはマッチされた椅子が乗車地点までに掛かる時間、60.2%のライドは椅子の実移動時間に不満がありました
time=01:46:44.970 level=INFO msg=一定の売上が立ったためオーナーの椅子が増加します 名前=SwiftCab 増加数=1
time=01:46:45.074 level=INFO msg=一定の売上が立ったためオーナーの椅子が増加します 名前=おもてなしタクシー 増加数=1
time=01:46:45.079 level=INFO msg=一定の売上が立ったためオーナーの椅子が増加します 名前=座心工房 増加数=2
time=01:46:45.174 level=INFO msg=一定の売上が立ったためオーナーの椅子が増加します 名前=レトロ椅子館 増加数=3
time=01:46:45.189 level=INFO msg=一定の売上が立ったためオーナーの椅子が増加します 名前=ZenDrive 増加数=1
time=01:46:46.734 level=INFO msg=一定の売上が立ったためオーナーの椅子が増加します 名前=SwiftCab 増加数=2
time=01:46:46.742 level=INFO msg=一定の売上が立ったためオーナーの椅子が増加します 名前=座心工房 増加数=2
time=01:46:46.804 level=INFO msg=一定の売上が立ったためオーナーの椅子が増加します 名前=レトロ椅子館 増加数=2
time=01:46:46.878 level=INFO msg=一定の売上が立ったためオーナーの椅子が増加します 名前=おもてなしタクシー 増加数=1
time=01:46:46.907 level=INFO msg=一定の売上が立ったためオーナーの椅子が増加します 名前=ZenDrive 増加数=2
time=01:46:48.622 level=INFO msg=一定の売上が立ったためオーナーの椅子が増加します 名前=座心工房 増加数=1
time=01:46:48.678 level=INFO msg=一定の売上が立ったためオーナーの椅子が増加します 名前=ZenDrive 増加数=1
time=01:46:48.697 level=INFO msg=一定の売上が立ったためオーナーの椅子が増加します 名前=おもてなしタクシー 増加数=2
time=01:46:48.707 level=INFO msg=一定の売上が立ったためオーナーの椅子が増加します 名前=レトロ椅子館 増加数=2
time=01:46:48.751 level=INFO msg=一定の売上が立ったためオーナーの椅子が増加します 名前=SwiftCab 増加数=2
time=01:46:50.075 level=INFO msg=これまでに地域内の評判によって102人、既存ユーザーの招待経由で269人が新規登録しました
time=01:46:50.075 level=INFO msg=これまでに低評価なライドによって119人が利用をやめました
time=01:46:50.075 level=INFO msg=30.5%のライドは椅子がマッチされるまでの時間、47.0%のライドはマッチされた椅子が乗車地点までに掛かる時間、65.6%のライドは椅子の実移動時間に不満がありました
time=01:46:50.462 level=INFO msg=一定の売上が立ったためオーナーの椅子が増加します 名前=座心工房 増加数=3
time=01:46:50.547 level=INFO msg=一定の売上が立ったためオーナーの椅子が増加します 名前=ZenDrive 増加数=2
time=01:46:50.613 level=INFO msg=一定の売上が立ったためオーナーの椅子が増加します 名前=SwiftCab 増加数=2
time=01:46:50.620 level=INFO msg=一定の売上が立ったためオーナーの椅子が増加します 名前=レトロ椅子館 増加数=2
time=01:46:50.628 level=INFO msg=一定の売上が立ったためオーナーの椅子が増加します 名前=おもてなしタクシー 増加数=2
time=01:46:52.220 level=INFO msg=一定の売上が立ったためオーナーの椅子が増加します 名前=座心工房 増加数=1
time=01:46:52.264 level=INFO msg=一定の売上が立ったためオーナーの椅子が増加します 名前=SwiftCab 増加数=1
time=01:46:52.275 level=INFO msg=一定の売上が立ったためオーナーの椅子が増加します 名前=おもてなしタクシー 増加数=1
time=01:46:52.300 level=INFO msg=一定の売上が立ったためオーナーの椅子が増加します 名前=ZenDrive 増加数=1
time=01:46:52.370 level=INFO msg=一定の売上が立ったためオーナーの椅子が増加します 名前=レトロ椅子館 増加数=2
time=01:46:54.071 level=INFO msg=一定の売上が立ったためオーナーの椅子が増加します 名前=座心工房 増加数=2
time=01:46:54.093 level=INFO msg=一定の売上が立ったためオーナーの椅子が増加します 名前=SwiftCab 増加数=1
time=01:46:54.171 level=INFO msg=一定の売上が立ったためオーナーの椅子が増加します 名前=おもてなしタクシー 増加数=1
time=01:46:54.228 level=INFO msg=一定の売上が立ったためオーナーの椅子が増加します 名前=ZenDrive 増加数=2
time=01:46:54.291 level=INFO msg=一定の売上が立ったためオーナーの椅子が増加します 名前=レトロ椅子館 増加数=2
time=01:46:55.475 level=INFO msg=これまでに地域内の評判によって114人、既存ユーザーの招待経由で276人が新規登録しました
time=01:46:55.475 level=INFO msg=これまでに低評価なライドによって132人が利用をやめました
time=01:46:55.475 level=INFO msg=26.4%のライドは椅子がマッチされるまでの時間、44.7%のライドはマッチされた椅子が乗車地点までに掛かる時間、69.9%のライドは椅子の実移動時間に不満がありました
time=01:46:55.878 level=INFO msg=一定の売上が立ったためオーナーの椅子が増加します 名前=ZenDrive 増加数=2
time=01:46:55.944 level=INFO msg=一定の売上が立ったためオーナーの椅子が増加します 名前=おもてなしタクシー 増加数=1
time=01:46:56.063 level=INFO msg=一定の売上が立ったためオーナーの椅子が増加します 名前=座心工房 増加数=2
time=01:46:56.099 level=INFO msg=一定の売上が立ったためオーナーの椅子が増加します 名前=レトロ椅子館 増加数=2
time=01:46:56.149 level=INFO msg=一定の売上が立ったためオーナーの椅子が増加します 名前=SwiftCab 増加数=2
time=01:46:57.781 level=INFO msg=一定の売上が立ったためオーナーの椅子が増加します 名前=おもてなしタクシー 増加数=2
time=01:46:57.880 level=INFO msg=一定の売上が立ったためオーナーの椅子が増加します 名前=座心工房 増加数=2
time=01:46:57.917 level=INFO msg=一定の売上が立ったためオーナーの椅子が増加します 名前=SwiftCab 増加数=1
time=01:46:57.981 level=INFO msg=一定の売上が立ったためオーナーの椅子が増加します 名前=ZenDrive 増加数=2
time=01:46:58.217 level=INFO msg=一定の売上が立ったためオーナーの椅子が増加します 名前=レトロ椅子館 増加数=2
time=01:46:59.452 level=INFO msg=一定の売上が立ったためオーナーの椅子が増加します 名前=座心工房 増加数=2
time=01:46:59.453 level=INFO msg=一定の売上が立ったためオーナーの椅子が増加します 名前=SwiftCab 増加数=2
time=01:46:59.645 level=INFO msg=一定の売上が立ったためオーナーの椅子が増加します 名前=ZenDrive 増加数=1
time=01:46:59.672 level=INFO msg=一定の売上が立ったためオーナーの椅子が増加します 名前=おもてなしタクシー 増加数=1
time=01:46:59.697 level=INFO msg=一定の売上が立ったためオーナーの椅子が増加します 名前=レトロ椅子館 増加数=1
time=01:47:00.875 level=INFO msg=これまでに地域内の評判によって126人、既存ユーザーの招待経由で281人が新規登録しました
time=01:47:00.875 level=INFO msg=これまでに低評価なライドによって140人が利用をやめました
time=01:47:00.875 level=INFO msg=23.4%のライドは椅子がマッチされるまでの時間、43.9%のライドはマッチされた椅子が乗車地点までに掛かる時間、73.3%のライドは椅子の実移動時間に不満がありました
time=01:47:01.069 level=WARN msg="取得した付近の椅子情報に不備があります (CODE=30): ID:01M32DSXZVQGMSBTD54WTGZAX3の椅子は既にライド中です"
time=01:47:01.204 level=INFO msg=一定の売上が立ったためオーナーの椅子が増加します 名前=SwiftCab 増加数=2
time=01:47:01.370 level=INFO msg=一定の売上が立ったためオーナーの椅子が増加します 名前=おもてなしタクシー 増加数=2
time=01:47:01.419 level=INFO msg=一定の売上が立ったためオーナーの椅子が増加します 名前=レトロ椅子館 増加数=3
time=01:47:01.488 level=INFO msg=一定の売上が立ったためオーナーの椅子が増加します 名前=ZenDrive 増加数=1
time=01:47:01.695 level=INFO msg=一定の売上が立ったためオーナーの椅子が増加します 名前=座心工房 増加数=1
time=01:47:06.475 level=INFO msg=最終地域情報 名前=チェアタウン ユーザー登録数=237 アクティブユーザー数=166
time=01:47:06.475 level=INFO msg=最終地域情報 名前=コシカケシティ ユーザー登録数=187 アクティブユーザー数=117
time=01:47:06.475 level=INFO msg=最終オーナー情報 名前=おもてなしタクシー 売上=1641100 椅子数=60
time=01:47:06.475 level=INFO msg=最終オーナー情報 名前=レトロ椅子館 売上=2139400 椅子数=73
time=01:47:06.475 level=INFO msg=最終オーナー情報 名前=ZenDrive 売上=1796500 椅子数=65
time=01:47:06.475 level=INFO msg=最終オーナー情報 名前=座心工房 売上=1252300 椅子数=52
time=01:47:06.475 level=INFO msg=最終オーナー情報 名前=SwiftCab 売上=1293100 椅子数=54
time=01:47:06.475 level=INFO msg=22.5%のライドは椅子がマッチされるまでの時間、43.2%のライドはマッチされた椅子が乗車地点までに掛かる時間、74.2%のライドは椅子の実移動時間に不満がありました
time=01:47:06.475 level=INFO msg=結果 pass=true スコア=97693 種別エラー数=map[30:1]
time=01:47:06.475 level=INFO msg=負荷走行が終了しました
