time=02:33:32.702 level=INFO msg=負荷走行を開始します
time=02:33:38.669 level=INFO msg=一定の売上が立ったためオーナーの椅子が増加します 名前=瞬道タクシー 増加数=1
time=02:33:38.673 level=INFO msg=一定の売上が立ったためオーナーの椅子が増加します 名前=快旅タクシー 増加数=2
time=02:33:38.673 level=INFO msg=一定の売上が立ったためオーナーの椅子が増加します 名前=ChairCycle 増加数=1
time=02:33:40.470 level=INFO msg=一定の売上が立ったためオーナーの椅子が増加します 名前=再座堂 増加数=1
time=02:33:40.470 level=INFO msg=一定の売上が立ったためオーナーの椅子が増加します 名前=快旅タクシー 増加数=1
time=02:33:40.470 level=INFO msg=一定の売上が立ったためオーナーの椅子が増加します 名前=ChairCycle 増加数=1
time=02:33:40.475 level=INFO msg=一定の売上が立ったためオーナーの椅子が増加します 名前=瞬道タクシー 増加数=1
time=02:33:40.475 level=INFO msg=一定の売上が立ったためオーナーの椅子が増加します 名前=おもてなしタクシー 増加数=1
time=02:33:40.495 level=INFO msg=これまでに地域内の評判によって10人、既存ユーザーの招待経由で39人が新規登録しました
time=02:33:40.495 level=INFO msg=0.0%のライドは椅子がマッチされるまでの時間、61.5%のライドはマッチされた椅子が乗車地点までに掛かる時間、0.0%のライドは椅子の実移動時間に不満がありました
time=02:33:42.271 level=INFO msg=一定の売上が立ったためオーナーの椅子が増加します 名前=再座堂 増加数=2
time=02:33:42.272 level=INFO msg=一定の売上が立ったためオーナーの椅子が増加します 名前=おもてなしタクシー 増加数=2
time=02:33:42.274 level=INFO msg=一定の売上が立ったためオーナーの椅子が増加します 名前=ChairCycle 増加数=1
time=02:33:42.274 level=INFO msg=一定の売上が立ったためオーナーの椅子が増加します 名前=瞬道タクシー 増加数=2
time=02:33:42.275 level=INFO msg=一定の売上が立ったためオーナーの椅子が増加します 名前=快旅タクシー 増加数=2
time=02:33:44.072 level=INFO msg=一定の売上が立ったためオーナーの椅子が増加します 名前=再座堂 増加数=2
time=02:33:44.073 level=INFO msg=一定の売上が立ったためオーナーの椅子が増加します 名前=おもてなしタクシー 増加数=2
time=02:33:44.076 level=INFO msg=一定の売上が立ったためオーナーの椅子が増加します 名前=ChairCycle 増加数=4
time=02:33:44.076 level=INFO msg=一定の売上が立ったためオーナーの椅子が増加します 名前=瞬道タクシー 増加数=2
time=02:33:44.078 level=INFO msg=一定の売上が立ったためオーナーの椅子が増加します 名前=快旅タクシー 増加数=3
time=02:33:45.878 level=INFO msg=一定の売上が立ったためオーナーの椅子が増加します 名前=瞬道タクシー 増加数=2
time=02:33:45.878 level=INFO msg=一定の売上が立ったためオーナーの椅子が増加します 名前=ChairCycle 増加数=4
time=02:33:45.880 level=INFO msg=一定の売上が立ったためオーナーの椅子が増加します 名前=再座堂 増加数=3
time=02:33:45.880 level=INFO msg=一定の売上が立ったためオーナーの椅子が増加します 名前=おもてなしタクシー 増加数=3
time=02:33:45.880 level=INFO msg=一定の売上が立ったためオーナーの椅子が増加します 名前=快旅タクシー 増加数=4
time=02:33:45.894 level=INFO msg=これまでに地域内の評判によって19人、既存ユーザーの招待経由で136人が新規登録しました
time=02:33:45.894 level=INFO msg=10.1%のライドは椅子がマッチされるまでの時間、28.2%のライドはマッチされた椅子が乗車地点までに掛かる時間、1.0%のライドは椅子の実移動時間に不満がありました
time=02:33:47.674 level=INFO msg=一定の売上が立ったためオーナーの椅子が増加します 名前=再座堂 増加数=3
time=02:33:47.677 level=INFO msg=一定の売上が立ったためオーナーの椅子が増加します 名前=快旅タクシー 増加数=5
time=02:33:47.682 level=INFO msg=一定の売上が立ったためオーナーの椅子が増加します 名前=おもてなしタクシー 増加数=2
time=02:33:47.684 level=INFO msg=一定の売上が立ったためオーナーの椅子が増加します 名前=瞬道タクシー 増加数=4
time=02:33:47.684 level=INFO msg=一定の売上が立ったためオーナーの椅子が増加します 名前=ChairCycle 増加数=5
time=02:33:49.486 level=INFO msg=一定の売上が立ったためオーナーの椅子が増加します 名前=瞬道タクシー 増加数=5
time=02:33:49.494 level=INFO msg=一定の売上が立ったためオーナーの椅子が増加します 名前=再座堂 増加数=4
time=02:33:49.496 level=INFO msg=一定の売上が立ったためオーナーの椅子が増加します 名前=おもてなしタクシー 増加数=5
time=02:33:49.496 level=INFO msg=一定の売上が立ったためオーナーの椅子が増加します 名前=ChairCycle 増加数=3
time=02:33:49.499 level=INFO msg=一定の売上が立ったためオーナーの椅子が増加します 名前=快旅タクシー 増加数=5
time=02:33:51.281 level=INFO msg=一定の売上が立ったためオーナーの椅子が増加します 名前=おもてなしタクシー 増加数=4
time=02:33:51.294 level=INFO msg=これまでに地域内の評判によって32人、既存ユーザーの招待経由で356人が新規登録しました
time=02:33:51.294 level=INFO msg=22.3%のライドは椅子がマッチされるまでの時間、13.5%のライドはマッチされた椅子が乗車地点までに掛かる時間、0.5%のライドは椅子の実移動時間に不満がありました
time=02:33:51.295 level=INFO msg=一定の売上が立ったためオーナーの椅子が増加します 名前=再座堂 増加数=5
time=02:33:51.295 level=INFO msg=一定の売上が立ったためオーナーの椅子が増加します 名前=瞬道タクシー 増加数=4
time=02:33:51.299 level=INFO msg=一定の売上が立ったためオーナーの椅子が増加します 名前=ChairCycle 増加数=7
time=02:33:51.303 level=INFO msg=一定の売上が立ったためオーナーの椅子が増加します 名前=快旅タクシー 増加数=6
time=02:33:53.114 level=INFO msg=一定の売上が立ったためオーナーの椅子が増加します 名前=再座堂 増加数=6
time=02:33:53.117 level=INFO msg=一定の売上が立ったためオーナーの椅子が増加します 名前=瞬道タクシー 増加数=8
time=02:33:53.118 level=INFO msg=一定の売上が立ったためオーナーの椅子が増加します 名前=おもてなしタクシー 増加数=6
time=02:33:53.119 level=INFO msg=一定の売上が立ったためオーナーの椅子が増加します 名前=ChairCycle 増加数=6
time=02:33:53.122 level=INFO msg=一定の売上が立ったためオーナーの椅子が増加します 名前=快旅タクシー 増加数=6
time=02:33:54.910 level=INFO msg=一定の売上が立ったためオーナーの椅子が増加します 名前=おもてなしタクシー 増加数=6
time=02:33:54.917 level=INFO msg=一定の売上が立ったためオーナーの椅子が増加します 名前=再座堂 増加数=6
time=02:33:54.944 level=INFO msg=一定の売上が立ったためオーナーの椅子が増加します 名前=瞬道タクシー 増加数=6
time=02:33:54.945 level=INFO msg=一定の売上が立ったためオーナーの椅子が増加します 名前=ChairCycle 増加数=5
time=02:33:54.949 level=INFO msg=一定の売上が立ったためオーナーの椅子が増加します 名前=快旅タクシー 増加数=7
time=02:33:56.694 level=INFO msg=これまでに地域内の評判によって43人、既存ユーザーの招待経由で773人が新規登録しました
time=02:33:56.694 level=INFO msg=42.5%のライドは椅子がマッチされるまでの時間、7.0%のライドはマッチされた椅子が乗車地点までに掛かる時間、0.7%のライドは椅子の実移動時間に不満がありました
time=02:33:56.860 level=INFO msg=一定の売上が立ったためオーナーの椅子が増加します 名前=おもてなしタクシー 増加数=7
time=02:33:56.883 level=INFO msg=一定の売上が立ったためオーナーの椅子が増加します 名前=瞬道タクシー 増加数=8
time=02:33:56.890 level=INFO msg=一定の売上が立ったためオーナーの椅子が増加します 名前=ChairCycle 増加数=7
time=02:33:56.892 level=INFO msg=一定の売上が立ったためオーナーの椅子が増加します 名前=快旅タクシー 増加数=8
time=02:33:56.902 level=INFO msg=一定の売上が立ったためオーナーの椅子が増加します 名前=再座堂 増加数=7
time=02:33:58.674 level=INFO msg=一定の売上が立ったためオーナーの椅子が増加します 名前=再座堂 増加数=6
time=02:33:58.685 level=INFO msg=一定の売上が立ったためオーナーの椅子が増加します 名前=おもてなしタクシー 増加数=7
time=02:33:58.690 level=INFO msg=一定の売上が立ったためオーナーの椅子が増加します 名前=ChairCycle 増加数=8
time=02:33:58.694 level=INFO msg=一定の売上が立ったためオーナーの椅子が増加します 名前=瞬道タクシー 増加数=5
time=02:33:58.718 level=INFO msg=一定の売上が立ったためオーナーの椅子が増加します 名前=快旅タクシー 増加数=8
time=02:34:00.722 level=INFO msg=一定の売上が立ったためオーナーの椅子が増加します 名前=再座堂 増加数=7
time=02:34:00.850 level=INFO msg=一定の売上が立ったためオーナーの椅子が増加します 名前=おもてなしタクシー 増加数=7
time=02:34:00.992 level=INFO msg=一定の売上が立ったためオーナーの椅子が増加します 名前=瞬道タクシー 増加数=8
time=02:34:01.070 level=INFO msg=一定の売上が立ったためオーナーの椅子が増加します 名前=ChairCycle 増加数=6
time=02:34:01.107 level=INFO msg=一定の売上が立ったためオーナーの椅子が増加します 名前=快旅タクシー 増加数=7
time=02:34:02.094 level=INFO msg=これまでに地域内の評判によって55人、既存ユーザーの招待経由で1302人が新規登録しました
time=02:34:02.094 level=INFO msg=59.5%のライドは椅子がマッチされるまでの時間、4.2%のライドはマッチされた椅子が乗車地点までに掛かる時間、0.8%のライドは椅子の実移動時間に不満がありました
time=02:34:03.303 level=INFO msg=一定の売上が立ったためオーナーの椅子が増加します 名前=おもてなしタクシー 増加数=6
time=02:34:03.672 level=INFO msg=一定の売上が立ったためオーナーの椅子が増加します 名前=ChairCycle 増加数=7
time=02:34:03.713 level=INFO msg=一定の売上が立ったためオーナーの椅子が増加します 名前=快旅タクシー 増加数=7
time=02:34:03.754 level=INFO msg=一定の売上が立ったためオーナーの椅子が増加します 名前=再座堂 増加数=6
time=02:34:03.772 level=INFO msg=一定の売上が立ったためオーナーの椅子が増加します 名前=瞬道タクシー 増加数=5
time=02:34:04.501 level=INFO msg=一定の売上が立ったためオーナーの椅子が増加します 名前=再座堂 増加数=8
time=02:34:04.507 level=INFO msg=一定の売上が立ったためオーナーの椅子が増加します 名前=おもてなしタクシー 増加数=7
time=02:34:07.312 level=INFO msg=一定の売上が立ったためオーナーの椅子が増加します 名前=おもてなしタクシー 増加数=6
time=02:34:07.320 level=INFO msg=一定の売上が立ったためオーナーの椅子が増加します 名前=再座堂 増加数=5
time=02:34:07.322 level=INFO msg=一定の売上が立ったためオーナーの椅子が増加します 名前=瞬道タクシー 増加数=13
time=02:34:07.324 level=INFO msg=一定の売上が立ったためオーナーの椅子が増加します 名前=ChairCycle 増加数=16
time=02:34:07.358 level=INFO msg=一定の売上が立ったためオーナーの椅子が増加します 名前=快旅タクシー 増加数=15
time=02:34:07.494 level=INFO msg=これまでに地域内の評判によって67人、既存ユーザーの招待経由で1918人が新規登録しました
time=02:34:07.494 level=INFO msg=72.1%のライドは椅子がマッチされるまでの時間、2.9%のライドはマッチされた椅子が乗車地点までに掛かる時間、1.1%のライドは椅子の実移動時間に不満がありました
time=02:34:09.630 level=INFO msg=一定の売上が立ったためオーナーの椅子が増加します 名前=おもてなしタクシー 増加数=15
time=02:34:09.635 level=INFO msg=一定の売上が立ったためオーナーの椅子が増加します 名前=再座堂 増加数=15
time=02:34:09.768 level=INFO msg=一定の売上が立ったためオーナーの椅子が増加します 名前=瞬道タクシー 増加数=16
time=02:34:09.829 level=INFO msg=一定の売上が立ったためオーナーの椅子が増加します 名前=快旅タクシー 増加数=17
time=02:34:09.911 level=INFO msg=一定の売上が立ったためオーナーの椅子が増加します 名前=ChairCycle 増加数=14
time=02:34:12.871 level=INFO msg=一定の売上が立ったためオーナーの椅子が増加します 名前=再座堂 増加数=8
time=02:34:12.894 level=INFO msg=これまでに地域内の評判によって79人、既存ユーザーの招待経由で2415人が新規登録しました
time=02:34:12.894 level=INFO msg=79.4%のライドは椅子がマッチされるまでの時間、2.2%のライドはマッチされた椅子が乗車地点までに掛かる時間、3.7%のライドは椅子の実移動時間に不満がありました
time=02:34:14.112 level=INFO msg=一定の売上が立ったためオーナーの椅子が増加します 名前=おもてなしタクシー 増加数=16
time=02:34:14.127 level=INFO msg=一定の売上が立ったためオーナーの椅子が増加します 名前=ChairCycle 増加数=19
time=02:34:14.135 level=INFO msg=一定の売上が立ったためオーナーの椅子が増加します 名前=瞬道タクシー 増加数=16
time=02:34:14.152 level=INFO msg=一定の売上が立ったためオーナーの椅子が増加します 名前=快旅タクシー 増加数=18
time=02:34:14.890 level=INFO msg=一定の売上が立ったためオーナーの椅子が増加します 名前=再座堂 増加数=17
time=02:34:18.294 level=INFO msg=これまでに地域内の評判によって91人、既存ユーザーの招待経由で2831人が新規登録しました
time=02:34:18.294 level=INFO msg=これまでに低評価なライドによって2人が利用をやめました
time=02:34:18.294 level=INFO msg=83.4%のライドは椅子がマッチされるまでの時間、1.9%のライドはマッチされた椅子が乗車地点までに掛かる時間、7.2%のライドは椅子の実移動時間に不満がありました
time=02:34:18.979 level=INFO msg=一定の売上が立ったためオーナーの椅子が増加します 名前=瞬道タクシー 増加数=13
time=02:34:19.023 level=INFO msg=一定の売上が立ったためオーナーの椅子が増加します 名前=ChairCycle 増加数=12
time=02:34:19.419 level=INFO msg=一定の売上が立ったためオーナーの椅子が増加します 名前=おもてなしタクシー 増加数=14
time=02:34:19.659 level=INFO msg=一定の売上が立ったためオーナーの椅子が増加します 名前=快旅タクシー 増加数=15
time=02:34:20.584 level=INFO msg=一定の売上が立ったためオーナーの椅子が増加します 名前=再座堂 増加数=17
time=02:34:22.034 level=INFO msg=一定の売上が立ったためオーナーの椅子が増加します 名前=おもてなしタクシー 増加数=23
time=02:34:23.694 level=INFO msg=これまでに地域内の評判によって103人、既存ユーザーの招待経由で3199人が新規登録しました
time=02:34:23.694 level=INFO msg=これまでに低評価なライドによって15人が利用をやめました
time=02:34:23.694 level=INFO msg=86.3%のライドは椅子がマッチされるまでの時間、1.7%のライドはマッチされた椅子が乗車地点までに掛かる時間、9.8%のライドは椅子の実移動時間に不満がありました
time=02:34:27.025 level=INFO msg=一定の売上が立ったためオーナーの椅子が増加します 名前=ChairCycle 増加数=34
time=02:34:27.216 level=INFO msg=一定の売上が立ったためオーナーの椅子が増加します 名前=再座堂 増加数=23
time=02:34:27.373 level=INFO msg=一定の売上が立ったためオーナーの椅子が増加します 名前=瞬道タクシー 増加数=33
time=02:34:27.414 level=INFO msg=一定の売上が立ったためオーナーの椅子が増加します 名前=快旅タクシー 増加数=36
time=02:34:29.094 level=INFO msg=これまでに地域内の評判によって115人、既存ユーザーの招待経由で3521人が新規登録しました
time=02:34:29.094 level=INFO msg=これまでに低評価なライドによって26人が利用をやめました
time=02:34:29.094 level=INFO msg=88.5%のライドは椅子がマッチされるまでの時間、1.6%のライドはマッチされた椅子が乗車地点までに掛かる時間、13.3%のライドは椅子の実移動時間に不満がありました
time=02:34:29.769 level=INFO msg=一定の売上が立ったためオーナーの椅子が増加します 名前=おもてなしタクシー 増加数=27
time=02:34:34.494 level=INFO msg=これまでに地域内の評判によって127人、既存ユーザーの招待経由で3761人が新規登録しました
time=02:34:34.494 level=INFO msg=これまでに低評価なライドによって69人が利用をやめました
time=02:34:34.494 level=INFO msg=90.1%のライドは椅子がマッチされるまでの時間、1.4%のライドはマッチされた椅子が乗車地点までに掛かる時間、17.4%のライドは椅子の実移動時間に不満がありました
time=02:34:34.969 level=INFO msg=一定の売上が立ったためオーナーの椅子が増加します 名前=再座堂 増加数=34
time=02:34:35.828 level=INFO msg=一定の売上が立ったためオーナーの椅子が増加します 名前=ChairCycle 増加数=42
time=02:34:35.857 level=INFO msg=一定の売上が立ったためオーナーの椅子が増加します 名前=快旅タクシー 増加数=46
time=02:34:35.895 level=INFO msg=一定の売上が立ったためオーナーの椅子が増加します 名前=瞬道タクシー 増加数=49
time=02:34:40.096 level=INFO msg=最終地域情報 名前=チェアタウン ユーザー登録数=2315 アクティブユーザー数=2274
time=02:34:40.096 level=INFO msg=最終地域情報 名前=コシカケシティ ユーザー登録数=1681 アクティブユーザー数=1651
time=02:34:40.096 level=INFO msg=最終オーナー情報 名前=ChairCycle 売上=8231700 椅子数=206
time=02:34:40.096 level=INFO msg=最終オーナー情報 名前=快旅タクシー 売上=8931200 椅子数=222
time=02:34:40.096 level=INFO msg=最終オーナー情報 名前=再座堂 売上=7777600 椅子数=189
time=02:34:40.096 level=INFO msg=最終オーナー情報 名前=おもてなしタクシー 売上=7735100 椅子数=170
time=02:34:40.096 level=INFO msg=最終オーナー情報 名前=瞬道タクシー 売上=7695700 椅子数=205
time=02:34:40.096 level=INFO msg=90.6%のライドは椅子がマッチされるまでの時間、1.4%のライドはマッチされた椅子が乗車地点までに掛かる時間、18.4%のライドは椅子の実移動時間に不満がありました
time=02:34:40.096 level=INFO msg=結果 pass=true スコア=413478 種別エラー数=map[]
time=02:34:40.096 level=INFO msg=負荷走行が終了しました
