time=02:51:21.962 level=INFO msg=負荷走行を開始します
time=02:51:27.620 level=INFO msg=一定の売上が立ったためオーナーの椅子が増加します 名前=レトロ椅子館 増加数=1
time=02:51:27.620 level=INFO msg=一定の売上が立ったためオーナーの椅子が増加します 名前=晴れ道タクシー 増加数=1
time=02:51:27.621 level=INFO msg=一定の売上が立ったためオーナーの椅子が増加します 名前=つばさ交通 増加数=2
time=02:51:29.421 level=INFO msg=一定の売上が立ったためオーナーの椅子が増加します 名前="ReSit & Renew" 増加数=2
time=02:51:29.421 level=INFO msg=一定の売上が立ったためオーナーの椅子が増加します 名前=座心工房 増加数=1
time=02:51:29.421 level=INFO msg=一定の売上が立ったためオーナーの椅子が増加します 名前=晴れ道タクシー 増加数=2
time=02:51:29.421 level=INFO msg=一定の売上が立ったためオーナーの椅子が増加します 名前=レトロ椅子館 増加数=2
time=02:51:29.422 level=INFO msg=一定の売上が立ったためオーナーの椅子が増加します 名前=つばさ交通 増加数=2
time=02:51:29.443 level=INFO msg=これまでに地域内の評判によって11人、既存ユーザーの招待経由で48人が新規登録しました
time=02:51:29.443 level=INFO msg=0.0%のライドは椅子がマッチされるまでの時間、54.2%のライドはマッチされた椅子が乗車地点までに掛かる時間、0.0%のライドは椅子の実移動時間に不満がありました
time=02:51:31.221 level=INFO msg=一定の売上が立ったためオーナーの椅子が増加します 名前=座心工房 増加数=2
time=02:51:31.222 level=INFO msg=一定の売上が立ったためオーナーの椅子が増加します 名前=つばさ交通 増加数=3
time=02:51:31.223 level=INFO msg=一定の売上が立ったためオーナーの椅子が増加します 名前="ReSit & Renew" 増加数=2
time=02:51:31.224 level=INFO msg=一定の売上が立ったためオーナーの椅子が増加します 名前=晴れ道タクシー 増加数=3
time=02:51:31.224 level=INFO msg=一定の売上が立ったためオーナーの椅子が増加します 名前=レトロ椅子館 増加数=3
time=02:51:33.020 level=INFO msg=一定の売上が立ったためオーナーの椅子が増加します 名前=晴れ道タクシー 増加数=4
time=02:51:33.020 level=INFO msg=一定の売上が立ったためオーナーの椅子が増加します 名前=座心工房 増加数=3
time=02:51:33.027 level=INFO msg=一定の売上が立ったためオーナーの椅子が増加します 名前=つばさ交通 増加数=5
time=02:51:33.028 level=INFO msg=一定の売上が立ったためオーナーの椅子が増加します 名前="ReSit & Renew" 増加数=3
time=02:51:33.028 level=INFO msg=一定の売上が立ったためオーナーの椅子が増加します 名前=レトロ椅子館 増加数=3
time=02:51:34.825 level=INFO msg=一定の売上が立ったためオーナーの椅子が増加します 名前=晴れ道タクシー 増加数=6
time=02:51:34.832 level=INFO msg=一定の売上が立ったためオーナーの椅子が増加します 名前=座心工房 増加数=4
time=02:51:34.832 level=INFO msg=一定の売上が立ったためオーナーの椅子が増加します 名前=つばさ交通 増加数=6
time=02:51:34.833 level=INFO msg=一定の売上が立ったためオーナーの椅子が増加します 名前="ReSit & Renew" 増加数=5
time=02:51:34.833 level=INFO msg=一定の売上が立ったためオーナーの椅子が増加します 名前=レトロ椅子館 増加数=5
time=02:51:34.843 level=INFO msg=これまでに地域内の評判によって20人、既存ユーザーの招待経由で207人が新規登録しました
time=02:51:34.843 level=INFO msg=9.5%のライドは椅子がマッチされるまでの時間、20.7%のライドはマッチされた椅子が乗車地点までに掛かる時間、1.1%のライドは椅子の実移動時間に不満がありました
time=02:51:36.642 level=INFO msg=一定の売上が立ったためオーナーの椅子が増加します 名前=座心工房 増加数=6
time=02:51:36.647 level=INFO msg=一定の売上が立ったためオーナーの椅子が増加します 名前="ReSit & Renew" 増加数=7
time=02:51:36.653 level=INFO msg=一定の売上が立ったためオーナーの椅子が増加します 名前=レトロ椅子館 増加数=6
time=02:51:36.654 level=INFO msg=一定の売上が立ったためオーナーの椅子が増加します 名前=晴れ道タクシー 増加数=6
time=02:51:36.654 level=INFO msg=一定の売上が立ったためオーナーの椅子が増加します 名前=つばさ交通 増加数=7
time=02:51:38.446 level=INFO msg=一定の売上が立ったためオーナーの椅子が増加します 名前=座心工房 増加数=7
time=02:51:38.458 level=INFO msg=一定の売上が立ったためオーナーの椅子が増加します 名前=レトロ椅子館 増加数=8
time=02:51:38.458 level=INFO msg=一定の売上が立ったためオーナーの椅子が増加します 名前="ReSit & Renew" 増加数=8
time=02:51:38.461 level=INFO msg=一定の売上が立ったためオーナーの椅子が増加します 名前=つばさ交通 増加数=9
time=02:51:38.461 level=INFO msg=一定の売上が立ったためオーナーの椅子が増加します 名前=晴れ道タクシー 増加数=10
time=02:51:40.243 level=INFO msg=これまでに地域内の評判によって34人、既存ユーザーの招待経由で659人が新規登録しました
time=02:51:40.243 level=INFO msg=17.5%のライドは椅子がマッチされるまでの時間、6.6%のライドはマッチされた椅子が乗車地点までに掛かる時間、0.7%のライドは椅子の実移動時間に不満がありました
time=02:51:40.373 level=INFO msg=一定の売上が立ったためオーナーの椅子が増加します 名前=座心工房 増加数=9
time=02:51:40.388 level=INFO msg=一定の売上が立ったためオーナーの椅子が増加します 名前="ReSit & Renew" 増加数=9
time=02:51:40.440 level=INFO msg=一定の売上が立ったためオーナーの椅子が増加します 名前=レトロ椅子館 増加数=9
time=02:51:40.452 level=INFO msg=一定の売上が立ったためオーナーの椅子が増加します 名前=晴れ道タクシー 増加数=10
time=02:51:40.459 level=INFO msg=一定の売上が立ったためオーナーの椅子が増加します 名前=つばさ交通 増加数=10
time=02:51:42.232 level=INFO msg=一定の売上が立ったためオーナーの椅子が増加します 名前=座心工房 増加数=8
time=02:51:42.328 level=INFO msg=一定の売上が立ったためオーナーの椅子が増加します 名前="ReSit & Renew" 増加数=7
time=02:51:42.342 level=INFO msg=一定の売上が立ったためオーナーの椅子が増加します 名前=レトロ椅子館 増加数=9
time=02:51:42.343 level=INFO msg=一定の売上が立ったためオーナーの椅子が増加します 名前=つばさ交通 増加数=8
time=02:51:42.373 level=INFO msg=一定の売上が立ったためオーナーの椅子が増加します 名前=晴れ道タクシー 増加数=8
time=02:51:44.037 level=INFO msg=一定の売上が立ったためオーナーの椅子が増加します 名前=レトロ椅子館 増加数=7
time=02:51:44.058 level=INFO msg=一定の売上が立ったためオーナーの椅子が増加します 名前=座心工房 増加数=8
time=02:51:44.059 level=INFO msg=一定の売上が立ったためオーナーの椅子が増加します 名前="ReSit & Renew" 増加数=8
time=02:51:44.066 level=INFO msg=一定の売上が立ったためオーナーの椅子が増加します 名前=晴れ道タクシー 増加数=8
time=02:51:44.078 level=INFO msg=一定の売上が立ったためオーナーの椅子が増加します 名前=つばさ交通 増加数=10
time=02:51:45.643 level=INFO msg=これまでに地域内の評判によって46人、既存ユーザーの招待経由で1286人が新規登録しました
time=02:51:45.643 level=INFO msg=36.6%のライドは椅子がマッチされるまでの時間、3.2%のライドはマッチされた椅子が乗車地点までに掛かる時間、2.4%のライドは椅子の実移動時間に不満がありました
time=02:51:46.116 level=INFO msg=一定の売上が立ったためオーナーの椅子が増加します 名前=座心工房 増加数=8
time=02:51:46.189 level=INFO msg=一定の売上が立ったためオーナーの椅子が増加します 名前=晴れ道タクシー 増加数=10
time=02:51:46.191 level=INFO msg=一定の売上が立ったためオーナーの椅子が増加します 名前=つばさ交通 増加数=8
time=02:51:46.204 level=INFO msg=一定の売上が立ったためオーナーの椅子が増加します 名前="ReSit & Renew" 増加数=8
time=02:51:46.209 level=INFO msg=一定の売上が立ったためオーナーの椅子が増加します 名前=レトロ椅子館 増加数=9
time=02:51:47.846 level=INFO msg=一定の売上が立ったためオーナーの椅子が増加します 名前=晴れ道タクシー 増加数=10
time=02:51:47.854 level=INFO msg=一定の売上が立ったためオーナーの椅子が増加します 名前=座心工房 増加数=8
time=02:51:47.866 level=INFO msg=一定の売上が立ったためオーナーの椅子が増加します 名前="ReSit & Renew" 増加数=9
time=02:51:47.877 level=INFO msg=一定の売上が立ったためオーナーの椅子が増加します 名前=レトロ椅子館 増加数=8
time=02:51:47.899 level=INFO msg=一定の売上が立ったためオーナーの椅子が増加します 名前=つばさ交通 増加数=11
time=02:51:49.593 level=INFO msg=一定の売上が立ったためオーナーの椅子が増加します 名前=座心工房 増加数=8
time=02:51:49.727 level=INFO msg=一定の売上が立ったためオーナーの椅子が増加します 名前="ReSit & Renew" 増加数=8
time=02:51:49.825 level=INFO msg=一定の売上が立ったためオーナーの椅子が増加します 名前=レトロ椅子館 増加数=9
time=02:51:49.826 level=INFO msg=一定の売上が立ったためオーナーの椅子が増加します 名前=晴れ道タクシー 増加数=8
time=02:51:49.873 level=INFO msg=一定の売上が立ったためオーナーの椅子が増加します 名前=つばさ交通 増加数=11
time=02:51:51.073 level=INFO msg=これまでに地域内の評判によって58人、既存ユーザーの招待経由で1827人が新規登録しました
time=02:51:51.073 level=INFO msg=これまでに低評価なライドによって1人が利用をやめました
time=02:51:51.073 level=INFO msg=57.3%のライドは椅子がマッチされるまでの時間、2.0%のライドはマッチされた椅子が乗車地点までに掛かる時間、8.2%のライドは椅子の実移動時間に不満がありました
time=02:51:51.434 level=INFO msg=一定の売上が立ったためオーナーの椅子が増加します 名前=座心工房 増加数=9
time=02:51:51.510 level=INFO msg=一定の売上が立ったためオーナーの椅子が増加します 名前=晴れ道タクシー 増加数=11
time=02:51:51.534 level=INFO msg=一定の売上が立ったためオーナーの椅子が増加します 名前="ReSit & Renew" 増加数=9
time=02:51:51.537 level=INFO msg=一定の売上が立ったためオーナーの椅子が増加します 名前=レトロ椅子館 増加数=9
time=02:51:51.538 level=INFO msg=一定の売上が立ったためオーナーの椅子が増加します 名前=つばさ交通 増加数=12
time=02:51:53.347 level=INFO msg=一定の売上が立ったためオーナーの椅子が増加します 名前=座心工房 増加数=9
time=02:51:53.371 level=INFO msg=一定の売上が立ったためオーナーの椅子が増加します 名前=晴れ道タクシー 増加数=10
time=02:51:53.391 level=INFO msg=一定の売上が立ったためオーナーの椅子が増加します 名前=レトロ椅子館 増加数=10
time=02:51:53.398 level=INFO msg=一定の売上が立ったためオーナーの椅子が増加します 名前="ReSit & Renew" 増加数=9
time=02:51:53.428 level=INFO msg=一定の売上が立ったためオーナーの椅子が増加します 名前=つばさ交通 増加数=11
time=02:51:55.340 level=INFO msg=一定の売上が立ったためオーナーの椅子が増加します 名前=つばさ交通 増加数=12
time=02:51:55.360 level=INFO msg=一定の売上が立ったためオーナーの椅子が増加します 名前=座心工房 増加数=7
time=02:51:55.419 level=INFO msg=一定の売上が立ったためオーナーの椅子が増加します 名前=晴れ道タクシー 増加数=9
time=02:51:55.452 level=INFO msg=一定の売上が立ったためオーナーの椅子が増加します 名前="ReSit & Renew" 増加数=9
time=02:51:55.526 level=INFO msg=一定の売上が立ったためオーナーの椅子が増加します 名前=レトロ椅子館 増加数=9
time=02:51:56.533 level=INFO msg=これまでに地域内の評判によって71人、既存ユーザーの招待経由で2264人が新規登録しました
time=02:51:56.533 level=INFO msg=これまでに低評価なライドによって3人が利用をやめました
time=02:51:56.533 level=INFO msg=68.9%のライドは椅子がマッチされるまでの時間、1.6%のライドはマッチされた椅子が乗車地点までに掛かる時間、12.4%のライドは椅子の実移動時間に不満がありました
time=02:51:57.544 level=INFO msg=一定の売上が立ったためオーナーの椅子が増加します 名前="ReSit & Renew" 増加数=9
time=02:51:57.568 level=INFO msg=一定の売上が立ったためオーナーの椅子が増加します 名前=座心工房 増加数=10
time=02:51:57.646 level=INFO msg=一定の売上が立ったためオーナーの椅子が増加します 名前=晴れ道タクシー 増加数=11
time=02:51:57.649 level=INFO msg=一定の売上が立ったためオーナーの椅子が増加します 名前=レトロ椅子館 増加数=10
time=02:51:57.653 level=INFO msg=一定の売上が立ったためオーナーの椅子が増加します 名前=つばさ交通 増加数=10
time=02:51:59.992 level=WARN msg="取得した付近の椅子情報に不備があります (CODE=30): ID:01M32HH1K21S2X20WYGSYYWRYMの椅子は既にライド中です"
time=02:51:59.999 level=WARN msg="取得した付近の椅子情報に不備があります (CODE=30): ID:01M32HGMDZPRXM2GGEG5CRXFKJの椅子は既にライド中です"
time=02:52:01.006 level=INFO msg=一定の売上が立ったためオーナーの椅子が増加します 名前=晴れ道タクシー 増加数=19
time=02:52:01.063 level=INFO msg=一定の売上が立ったためオーナーの椅子が増加します 名前=つばさ交通 増加数=24
time=02:52:01.831 level=WARN msg="取得した付近の椅子情報に不備があります (CODE=30): ID:01M32HH59Z2AW47MD9WBC60C50の椅子は既にライド中です"
time=02:52:01.933 level=INFO msg=これまでに地域内の評判によって84人、既存ユーザーの招待経由で2710人が新規登録しました
time=02:52:01.933 level=INFO msg=これまでに低評価なライドによって15人が利用をやめました
time=02:52:01.933 level=INFO msg=75.9%のライドは椅子がマッチされるまでの時間、1.3%のライドはマッチされた椅子が乗車地点までに掛かる時間、15.3%のライドは椅子の実移動時間に不満がありました
time=02:52:02.719 level=WARN msg="取得した付近の椅子情報に不備があります (CODE=30): ID:01M32HGR14E9CDHD0WEEBJQPSRの椅子は既にライド中です"
time=02:52:03.425 level=WARN msg="取得した付近の椅子情報に不備があります (CODE=30): ID:01M32HGR2EMSJM75921MNXZJECの椅子は既にライド中です"
time=02:52:04.091 level=INFO msg=一定の売上が立ったためオーナーの椅子が増加します 名前=晴れ道タクシー 増加数=24
time=02:52:06.404 level=INFO msg=一定の売上が立ったためオーナーの椅子が増加します 名前=つばさ交通 増加数=37
time=02:52:07.333 level=INFO msg=これまでに地域内の評判によって97人、既存ユーザーの招待経由で3135人が新規登録しました
time=02:52:07.333 level=INFO msg=これまでに低評価なライドによって53人が利用をやめました
time=02:52:07.333 level=INFO msg=80.6%のライドは椅子がマッチされるまでの時間、1.2%のライドはマッチされた椅子が乗車地点までに掛かる時間、18.5%のライドは椅子の実移動時間に不満がありました
time=02:52:08.339 level=INFO msg=一定の売上が立ったためオーナーの椅子が増加します 名前=座心工房 増加数=59
time=02:52:08.358 level=INFO msg=一定の売上が立ったためオーナーの椅子が増加します 名前="ReSit & Renew" 増加数=53
time=02:52:08.418 level=INFO msg=一定の売上が立ったためオーナーの椅子が増加します 名前=晴れ道タクシー 増加数=27
time=02:52:10.031 level=INFO msg=一定の売上が立ったためオーナーの椅子が増加します 名前=レトロ椅子館 増加数=70
time=02:52:12.322 level=INFO msg=一定の売上が立ったためオーナーの椅子が増加します 名前=つばさ交通 増加数=42
time=02:52:12.733 level=INFO msg=これまでに地域内の評判によって109人、既存ユーザーの招待経由で3397人が新規登録しました
time=02:52:12.733 level=INFO msg=これまでに低評価なライドによって93人が利用をやめました
time=02:52:12.733 level=INFO msg=83.9%のライドは椅子がマッチされるまでの時間、1.1%のライドはマッチされた椅子が乗車地点までに掛かる時間、22.8%のライドは椅子の実移動時間に不満がありました
time=02:52:13.663 level=INFO msg=一定の売上が立ったためオーナーの椅子が増加します 名前=晴れ道タクシー 増加数=43
time=02:52:15.481 level=INFO msg=一定の売上が立ったためオーナーの椅子が増加します 名前="ReSit & Renew" 増加数=39
time=02:52:18.133 level=INFO msg=これまでに地域内の評判によって122人、既存ユーザーの招待経由で3598人が新規登録しました
time=02:52:18.133 level=INFO msg=これまでに低評価なライドによって118人が利用をやめました
time=02:52:18.133 level=INFO msg=86.4%のライドは椅子がマッチされるまでの時間、1.0%のライドはマッチされた椅子が乗車地点までに掛かる時間、26.0%のライドは椅子の実移動時間に不満がありました
time=02:52:20.746 level=WARN msg="取得した付近の椅子情報に不備があります (CODE=30): ID:01M32HGJJ4KJ8M84GF9EA3XVV5の椅子は既にライド中です"
time=02:52:21.392 level=INFO msg=一定の売上が立ったためオーナーの椅子が増加します 名前=つばさ交通 増加数=72
time=02:52:23.563 level=INFO msg=これまでに地域内の評判によって143人、既存ユーザーの招待経由で3740人が新規登録しました
time=02:52:23.563 level=INFO msg=これまでに低評価なライドによって176人が利用をやめました
time=02:52:23.563 level=INFO msg=88.4%のライドは椅子がマッチされるまでの時間、1.0%のライドはマッチされた椅子が乗車地点までに掛かる時間、29.8%のライドは椅子の実移動時間に不満がありました
time=02:52:24.711 level=INFO msg=一定の売上が立ったためオーナーの椅子が増加します 名前=晴れ道タクシー 増加数=69
time=02:52:24.841 level=INFO msg=一定の売上が立ったためオーナーの椅子が増加します 名前=座心工房 増加数=93
time=02:52:24.879 level=INFO msg=一定の売上が立ったためオーナーの椅子が増加します 名前=レトロ椅子館 増加数=89
time=02:52:24.892 level=INFO msg=一定の売上が立ったためオーナーの椅子が増加します 名前="ReSit & Renew" 増加数=63
time=02:52:29.043 level=INFO msg=最終地域情報 名前=チェアタウン ユーザー登録数=2332 アクティブユーザー数=2235
time=02:52:29.043 level=INFO msg=最終地域情報 名前=コシカケシティ ユーザー登録数=1683 アクティブユーザー数=1595
time=02:52:29.043 level=INFO msg=最終オーナー情報 名前="ReSit & Renew" 売上=10287900 椅子数=271
time=02:52:29.043 level=INFO msg=最終オーナー情報 名前=晴れ道タクシー 売上=12744300 椅子数=313
time=02:52:29.043 level=INFO msg=最終オーナー情報 名前=レトロ椅子館 売上=10623600 椅子数=280
time=02:52:29.043 level=INFO msg=最終オーナー情報 名前=つばさ交通 売上=13479800 椅子数=316
time=02:52:29.043 level=INFO msg=最終オーナー情報 名前=座心工房 売上=9870600 椅子数=263
time=02:52:29.043 level=INFO msg=88.7%のライドは椅子がマッチされるまでの時間、1.0%のライドはマッチされた椅子が乗車地点までに掛かる時間、30.5%のライドは椅子の実移動時間に不満がありました
time=02:52:29.044 level=INFO msg=結果 pass=true スコア=589374 種別エラー数=map[30:6]
time=02:52:29.044 level=INFO msg=負荷走行が終了しました
