time=02:00:22.151 level=INFO msg=負荷走行を開始します
time=02:00:28.113 level=INFO msg=一定の売上が立ったためオーナーの椅子が増加します 名前=ChairCycle 増加数=1
time=02:00:28.115 level=INFO msg=一定の売上が立ったためオーナーの椅子が増加します 名前=椅子再生工房 増加数=1
time=02:00:29.913 level=INFO msg=一定の売上が立ったためオーナーの椅子が増加します 名前=おもてなしタクシー 増加数=1
time=02:00:29.914 level=INFO msg=一定の売上が立ったためオーナーの椅子が増加します 名前="Artisan Seats" 増加数=2
time=02:00:29.917 level=INFO msg=一定の売上が立ったためオーナーの椅子が増加します 名前=つばさ交通 増加数=1
time=02:00:29.918 level=INFO msg=一定の売上が立ったためオーナーの椅子が増加します 名前=椅子再生工房 増加数=2
time=02:00:29.921 level=INFO msg=一定の売上が立ったためオーナーの椅子が増加します 名前=ChairCycle 増加数=1
time=02:00:29.939 level=INFO msg=これまでに地域内の評判によって7人、既存ユーザーの招待経由で32人が新規登録しました
time=02:00:29.939 level=INFO msg=0.0%のライドは椅子がマッチされるまでの時間、71.9%のライドはマッチされた椅子が乗車地点までに掛かる時間、0.0%のライドは椅子の実移動時間に不満がありました
time=02:00:31.716 level=INFO msg=一定の売上が立ったためオーナーの椅子が増加します 名前=おもてなしタクシー 増加数=1
time=02:00:31.716 level=INFO msg=一定の売上が立ったためオーナーの椅子が増加します 名前=ChairCycle 増加数=2
time=02:00:31.717 level=INFO msg=一定の売上が立ったためオーナーの椅子が増加します 名前=つばさ交通 増加数=2
time=02:00:31.717 level=INFO msg=一定の売上が立ったためオーナーの椅子が増加します 名前="Artisan Seats" 増加数=1
time=02:00:33.517 level=INFO msg=一定の売上が立ったためオーナーの椅子が増加します 名前=ChairCycle 増加数=2
time=02:00:33.517 level=INFO msg=一定の売上が立ったためオーナーの椅子が増加します 名前=椅子再生工房 増加数=3
time=02:00:33.517 level=INFO msg=一定の売上が立ったためオーナーの椅子が増加します 名前="Artisan Seats" 増加数=1
time=02:00:33.520 level=INFO msg=一定の売上が立ったためオーナーの椅子が増加します 名前=おもてなしタクシー 増加数=2
time=02:00:33.520 level=INFO msg=一定の売上が立ったためオーナーの椅子が増加します 名前=つばさ交通 増加数=1
time=02:00:35.318 level=INFO msg=一定の売上が立ったためオーナーの椅子が増加します 名前=おもてなしタクシー 増加数=1
time=02:00:35.320 level=INFO msg=一定の売上が立ったためオーナーの椅子が増加します 名前=椅子再生工房 増加数=1
time=02:00:35.320 level=INFO msg=一定の売上が立ったためオーナーの椅子が増加します 名前=ChairCycle 増加数=1
time=02:00:35.320 level=INFO msg=一定の売上が立ったためオーナーの椅子が増加します 名前="Artisan Seats" 増加数=2
time=02:00:35.321 level=INFO msg=一定の売上が立ったためオーナーの椅子が増加します 名前=つばさ交通 増加数=1
time=02:00:35.338 level=INFO msg=これまでに地域内の評判によって23人、既存ユーザーの招待経由で90人が新規登録しました
time=02:00:35.338 level=INFO msg=1.1%のライドは椅子がマッチされるまでの時間、71.0%のライドはマッチされた椅子が乗車地点までに掛かる時間、0.5%のライドは椅子の実移動時間に不満がありました
time=02:00:37.121 level=INFO msg=一定の売上が立ったためオーナーの椅子が増加します 名前=つばさ交通 増加数=3
time=02:00:37.122 level=INFO msg=一定の売上が立ったためオーナーの椅子が増加します 名前=おもてなしタクシー 増加数=2
time=02:00:37.123 level=INFO msg=一定の売上が立ったためオーナーの椅子が増加します 名前="Artisan Seats" 増加数=2
time=02:00:37.124 level=INFO msg=一定の売上が立ったためオーナーの椅子が増加します 名前=椅子再生工房 増加数=2
time=02:00:37.125 level=INFO msg=一定の売上が立ったためオーナーの椅子が増加します 名前=ChairCycle 増加数=2
time=02:00:38.922 level=INFO msg=一定の売上が立ったためオーナーの椅子が増加します 名前=おもてなしタクシー 増加数=2
time=02:00:38.922 level=INFO msg=一定の売上が立ったためオーナーの椅子が増加します 名前=つばさ交通 増加数=2
time=02:00:38.922 level=INFO msg=一定の売上が立ったためオーナーの椅子が増加します 名前="Artisan Seats" 増加数=1
time=02:00:38.925 level=INFO msg=一定の売上が立ったためオーナーの椅子が増加します 名前=椅子再生工房 増加数=2
time=02:00:38.926 level=INFO msg=一定の売上が立ったためオーナーの椅子が増加します 名前=ChairCycle 増加数=3
time=02:00:40.722 level=INFO msg=一定の売上が立ったためオーナーの椅子が増加します 名前="Artisan Seats" 増加数=2
time=02:00:40.722 level=INFO msg=一定の売上が立ったためオーナーの椅子が増加します 名前=つばさ交通 増加数=2
time=02:00:40.728 level=INFO msg=一定の売上が立ったためオーナーの椅子が増加します 名前=椅子再生工房 増加数=2
time=02:00:40.729 level=INFO msg=一定の売上が立ったためオーナーの椅子が増加します 名前=おもてなしタクシー 増加数=3
time=02:00:40.729 level=INFO msg=一定の売上が立ったためオーナーの椅子が増加します 名前=ChairCycle 増加数=3
time=02:00:40.738 level=INFO msg=これまでに地域内の評判によって35人、既存ユーザーの招待経由で152人が新規登録しました
time=02:00:40.738 level=INFO msg=30.9%のライドは椅子がマッチされるまでの時間、68.1%のライドはマッチされた椅子が乗車地点までに掛かる時間、0.3%のライドは椅子の実移動時間に不満がありました
time=02:00:42.532 level=INFO msg=一定の売上が立ったためオーナーの椅子が増加します 名前=ChairCycle 増加数=2
time=02:00:42.534 level=INFO msg=一定の売上が立ったためオーナーの椅子が増加します 名前=おもてなしタクシー 増加数=2
time=02:00:42.534 level=INFO msg=一定の売上が立ったためオーナーの椅子が増加します 名前=つばさ交通 増加数=3
time=02:00:42.534 level=INFO msg=一定の売上が立ったためオーナーの椅子が増加します 名前="Artisan Seats" 増加数=2
time=02:00:42.536 level=INFO msg=一定の売上が立ったためオーナーの椅子が増加します 名前=椅子再生工房 増加数=2
time=02:00:44.328 level=INFO msg=一定の売上が立ったためオーナーの椅子が増加します 名前=おもてなしタクシー 増加数=3
time=02:00:44.336 level=INFO msg=一定の売上が立ったためオーナーの椅子が増加します 名前="Artisan Seats" 増加数=3
time=02:00:44.336 level=INFO msg=一定の売上が立ったためオーナーの椅子が増加します 名前=つばさ交通 増加数=2
time=02:00:44.341 level=INFO msg=一定の売上が立ったためオーナーの椅子が増加します 名前=椅子再生工房 増加数=4
time=02:00:44.346 level=INFO msg=一定の売上が立ったためオーナーの椅子が増加します 名前=ChairCycle 増加数=4
time=02:00:46.138 level=INFO msg=これまでに地域内の評判によって45人、既存ユーザーの招待経由で234人が新規登録しました
time=02:00:46.138 level=INFO msg=60.8%のライドは椅子がマッチされるまでの時間、61.9%のライドはマッチされた椅子が乗車地点までに掛かる時間、0.3%のライドは椅子の実移動時間に不満がありました
time=02:00:46.147 level=INFO msg=一定の売上が立ったためオーナーの椅子が増加します 名前=おもてなしタクシー 増加数=4
time=02:00:46.147 level=INFO msg=一定の売上が立ったためオーナーの椅子が増加します 名前="Artisan Seats" 増加数=5
time=02:00:46.150 level=INFO msg=一定の売上が立ったためオーナーの椅子が増加します 名前=ChairCycle 増加数=6
time=02:00:46.151 level=INFO msg=一定の売上が立ったためオーナーの椅子が増加します 名前=つばさ交通 増加数=4
time=02:00:46.156 level=INFO msg=一定の売上が立ったためオーナーの椅子が増加します 名前=椅子再生工房 増加数=3
time=02:00:47.943 level=INFO msg=一定の売上が立ったためオーナーの椅子が増加します 名前=つばさ交通 増加数=4
time=02:00:47.949 level=INFO msg=一定の売上が立ったためオーナーの椅子が増加します 名前=おもてなしタクシー 増加数=4
time=02:00:47.949 level=INFO msg=一定の売上が立ったためオーナーの椅子が増加します 名前="Artisan Seats" 増加数=3
time=02:00:47.951 level=INFO msg=一定の売上が立ったためオーナーの椅子が増加します 名前=椅子再生工房 増加数=4
time=02:00:47.952 level=INFO msg=一定の売上が立ったためオーナーの椅子が増加します 名前=ChairCycle 増加数=4
time=02:00:49.764 level=INFO msg=一定の売上が立ったためオーナーの椅子が増加します 名前="Artisan Seats" 増加数=4
time=02:00:49.771 level=INFO msg=一定の売上が立ったためオーナーの椅子が増加します 名前=ChairCycle 増加数=5
time=02:00:49.775 level=INFO msg=一定の売上が立ったためオーナーの椅子が増加します 名前=椅子再生工房 増加数=5
time=02:00:49.776 level=INFO msg=一定の売上が立ったためオーナーの椅子が増加します 名前=おもてなしタクシー 増加数=4
time=02:00:49.777 level=INFO msg=一定の売上が立ったためオーナーの椅子が増加します 名前=つばさ交通 増加数=3
time=02:00:51.538 level=INFO msg=これまでに地域内の評判によって55人、既存ユーザーの招待経由で392人が新規登録しました
time=02:00:51.538 level=INFO msg=72.7%のライドは椅子がマッチされるまでの時間、54.1%のライドはマッチされた椅子が乗車地点までに掛かる時間、0.5%のライドは椅子の実移動時間に不満がありました
time=02:00:51.665 level=INFO msg=一定の売上が立ったためオーナーの椅子が増加します 名前=おもてなしタクシー 増加数=5
time=02:00:51.676 level=INFO msg=一定の売上が立ったためオーナーの椅子が増加します 名前="Artisan Seats" 増加数=3
time=02:00:51.690 level=INFO msg=一定の売上が立ったためオーナーの椅子が増加します 名前=つばさ交通 増加数=5
time=02:00:51.692 level=INFO msg=一定の売上が立ったためオーナーの椅子が増加します 名前=椅子再生工房 増加数=7
time=02:00:51.738 level=INFO msg=一定の売上が立ったためオーナーの椅子が増加します 名前=ChairCycle 増加数=3
time=02:00:53.436 level=INFO msg=一定の売上が立ったためオーナーの椅子が増加します 名前="Artisan Seats" 増加数=6
time=02:00:53.451 level=INFO msg=一定の売上が立ったためオーナーの椅子が増加します 名前=つばさ交通 増加数=4
time=02:00:53.456 level=INFO msg=一定の売上が立ったためオーナーの椅子が増加します 名前=おもてなしタクシー 増加数=5
time=02:00:53.458 level=INFO msg=一定の売上が立ったためオーナーの椅子が増加します 名前=椅子再生工房 増加数=5
time=02:00:53.477 level=INFO msg=一定の売上が立ったためオーナーの椅子が増加します 名前=ChairCycle 増加数=5
time=02:00:55.256 level=INFO msg=一定の売上が立ったためオーナーの椅子が増加します 名前=つばさ交通 増加数=4
time=02:00:55.266 level=INFO msg=一定の売上が立ったためオーナーの椅子が増加します 名前=おもてなしタクシー 増加数=5
time=02:00:55.270 level=INFO msg=一定の売上が立ったためオーナーの椅子が増加します 名前=ChairCycle 増加数=5
time=02:00:55.271 level=INFO msg=一定の売上が立ったためオーナーの椅子が増加します 名前=椅子再生工房 増加数=3
time=02:00:55.273 level=INFO msg=一定の売上が立ったためオーナーの椅子が増加します 名前="Artisan Seats" 増加数=5
time=02:00:56.938 level=INFO msg=これまでに地域内の評判によって67人、既存ユーザーの招待経由で639人が新規登録しました
time=02:00:56.938 level=INFO msg=これまでに低評価なライドによって1人が利用をやめました
time=02:00:56.938 level=INFO msg=78.5%のライドは椅子がマッチされるまでの時間、48.7%のライドはマッチされた椅子が乗車地点までに掛かる時間、0.6%のライドは椅子の実移動時間に不満がありました
time=02:00:57.008 level=INFO msg=一定の売上が立ったためオーナーの椅子が増加します 名前=つばさ交通 増加数=4
time=02:00:57.049 level=INFO msg=一定の売上が立ったためオーナーの椅子が増加します 名前="Artisan Seats" 増加数=4
time=02:00:57.069 level=INFO msg=一定の売上が立ったためオーナーの椅子が増加します 名前=ChairCycle 増加数=5
time=02:00:57.070 level=INFO msg=一定の売上が立ったためオーナーの椅子が増加します 名前=おもてなしタクシー 増加数=4
time=02:00:57.071 level=INFO msg=一定の売上が立ったためオーナーの椅子が増加します 名前=椅子再生工房 増加数=5
time=02:00:58.896 level=INFO msg=一定の売上が立ったためオーナーの椅子が増加します 名前=つばさ交通 増加数=4
time=02:00:58.902 level=INFO msg=一定の売上が立ったためオーナーの椅子が増加します 名前=おもてなしタクシー 増加数=5
time=02:00:58.939 level=INFO msg=一定の売上が立ったためオーナーの椅子が増加します 名前="Artisan Seats" 増加数=5
time=02:00:59.029 level=INFO msg=一定の売上が立ったためオーナーの椅子が増加します 名前=椅子再生工房 増加数=4
time=02:00:59.026 level=INFO msg=一定の売上が立ったためオーナーの椅子が増加します 名前=ChairCycle 増加数=6
time=02:01:00.659 level=INFO msg=一定の売上が立ったためオーナーの椅子が増加します 名前=椅子再生工房 増加数=4
time=02:01:00.734 level=INFO msg=一定の売上が立ったためオーナーの椅子が増加します 名前=ChairCycle 増加数=5
time=02:01:00.734 level=INFO msg=一定の売上が立ったためオーナーの椅子が増加します 名前="Artisan Seats" 増加数=5
time=02:01:00.755 level=INFO msg=一定の売上が立ったためオーナーの椅子が増加します 名前=おもてなしタクシー 増加数=5
time=02:01:00.866 level=INFO msg=一定の売上が立ったためオーナーの椅子が増加します 名前=つばさ交通 増加数=4
time=02:01:02.338 level=INFO msg=これまでに地域内の評判によって79人、既存ユーザーの招待経由で911人が新規登録しました
time=02:01:02.338 level=INFO msg=これまでに低評価なライドによって9人が利用をやめました
time=02:01:02.338 level=INFO msg=84.1%のライドは椅子がマッチされるまでの時間、44.2%のライドはマッチされた椅子が乗車地点までに掛かる時間、1.8%のライドは椅子の実移動時間に不満がありました
time=02:01:02.588 level=INFO msg=一定の売上が立ったためオーナーの椅子が増加します 名前=つばさ交通 増加数=3
time=02:01:02.603 level=INFO msg=一定の売上が立ったためオーナーの椅子が増加します 名前=おもてなしタクシー 増加数=5
time=02:01:02.620 level=INFO msg=一定の売上が立ったためオーナーの椅子が増加します 名前="Artisan Seats" 増加数=4
time=02:01:02.723 level=INFO msg=一定の売上が立ったためオーナーの椅子が増加します 名前=椅子再生工房 増加数=5
time=02:01:02.733 level=INFO msg=一定の売上が立ったためオーナーの椅子が増加します 名前=ChairCycle 増加数=6
time=02:01:04.526 level=INFO msg=一定の売上が立ったためオーナーの椅子が増加します 名前=つばさ交通 増加数=5
time=02:01:04.546 level=INFO msg=一定の売上が立ったためオーナーの椅子が増加します 名前=おもてなしタクシー 増加数=5
time=02:01:04.552 level=INFO msg=一定の売上が立ったためオーナーの椅子が増加します 名前="Artisan Seats" 増加数=7
time=02:01:04.566 level=INFO msg=一定の売上が立ったためオーナーの椅子が増加します 名前=ChairCycle 増加数=6
time=02:01:04.592 level=INFO msg=一定の売上が立ったためオーナーの椅子が増加します 名前=椅子再生工房 増加数=4
time=02:01:05.986 level=INFO msg=一定の売上が立ったためオーナーの椅子が増加します 名前=ChairCycle 増加数=4
time=02:01:05.988 level=INFO msg=一定の売上が立ったためオーナーの椅子が増加します 名前=つばさ交通 増加数=5
time=02:01:06.117 level=INFO msg=一定の売上が立ったためオーナーの椅子が増加します 名前=おもてなしタクシー 増加数=4
time=02:01:06.248 level=INFO msg=一定の売上が立ったためオーナーの椅子が増加します 名前=椅子再生工房 増加数=6
time=02:01:06.924 level=INFO msg=一定の売上が立ったためオーナーの椅子が増加します 名前="Artisan Seats" 増加数=4
time=02:01:07.289 level=WARN msg="取得した付近の椅子情報に不備があります (CODE=30): ID:01M32EKBXQPGK4HX9J5BMA1AF8の椅子は既にライド中です"
time=02:01:07.738 level=INFO msg=これまでに地域内の評判によって91人、既存ユーザーの招待経由で1109人が新規登録しました
time=02:01:07.738 level=INFO msg=これまでに低評価なライドによって34人が利用をやめました
time=02:01:07.738 level=INFO msg=87.5%のライドは椅子がマッチされるまでの時間、42.0%のライドはマッチされた椅子が乗車地点までに掛かる時間、6.0%のライドは椅子の実移動時間に不満がありました
time=02:01:08.046 level=INFO msg=一定の売上が立ったためオーナーの椅子が増加します 名前=つばさ交通 増加数=4
time=02:01:08.050 level=INFO msg=一定の売上が立ったためオーナーの椅子が増加します 名前="Artisan Seats" 増加数=5
time=02:01:08.063 level=INFO msg=一定の売上が立ったためオーナーの椅子が増加します 名前=おもてなしタクシー 増加数=6
time=02:01:08.117 level=INFO msg=一定の売上が立ったためオーナーの椅子が増加します 名前=ChairCycle 増加数=7
time=02:01:09.858 level=INFO msg=一定の売上が立ったためオーナーの椅子が増加します 名前=椅子再生工房 増加数=9
time=02:01:09.996 level=INFO msg=一定の売上が立ったためオーナーの椅子が増加します 名前=つばさ交通 増加数=6
time=02:01:11.599 level=INFO msg=一定の売上が立ったためオーナーの椅子が増加します 名前="Artisan Seats" 増加数=12
time=02:01:11.651 level=INFO msg=一定の売上が立ったためオーナーの椅子が増加します 名前=ChairCycle 増加数=12
time=02:01:11.668 level=INFO msg=一定の売上が立ったためオーナーの椅子が増加します 名前=おもてなしタクシー 増加数=11
time=02:01:13.138 level=INFO msg=これまでに地域内の評判によって103人、既存ユーザーの招待経由で1201人が新規登録しました
time=02:01:13.138 level=INFO msg=これまでに低評価なライドによって100人が利用をやめました
time=02:01:13.138 level=INFO msg=90.1%のライドは椅子がマッチされるまでの時間、39.6%のライドはマッチされた椅子が乗車地点までに掛かる時間、14.0%のライドは椅子の実移動時間に不満がありました
time=02:01:15.703 level=INFO msg=一定の売上が立ったためオーナーの椅子が増加します 名前=椅子再生工房 増加数=15
time=02:01:15.948 level=INFO msg=一定の売上が立ったためオーナーの椅子が増加します 名前=つばさ交通 増加数=15
time=02:01:17.031 level=INFO msg=一定の売上が立ったためオーナーの椅子が増加します 名前=おもてなしタクシー 増加数=14
time=02:01:17.061 level=INFO msg=一定の売上が立ったためオーナーの椅子が増加します 名前=ChairCycle 増加数=15
time=02:01:17.347 level=INFO msg=一定の売上が立ったためオーナーの椅子が増加します 名前="Artisan Seats" 増加数=13
time=02:01:18.538 level=INFO msg=これまでに地域内の評判によって115人、既存ユーザーの招待経由で1237人が新規登録しました
time=02:01:18.538 level=INFO msg=これまでに低評価なライドによって153人が利用をやめました
time=02:01:18.538 level=INFO msg=91.7%のライドは椅子がマッチされるまでの時間、38.4%のライドはマッチされた椅子が乗車地点までに掛かる時間、19.7%のライドは椅子の実移動時間に不満がありました
time=02:01:20.789 level=INFO msg=一定の売上が立ったためオーナーの椅子が増加します 名前=椅子再生工房 増加数=15
time=02:01:20.797 level=WARN msg="取得した付近の椅子情報に不備があります (CODE=30): ID:01M32EKWC91ZDMTF9DJ8HSKHAKの椅子は既にライド中です"
time=02:01:20.798 level=WARN msg="取得した付近の椅子情報に不備があります (CODE=30): ID:01M32EKWC91ZDMTF9DJ8HSKHAKの椅子は既にライド中です"
time=02:01:22.784 level=INFO msg=一定の売上が立ったためオーナーの椅子が増加します 名前=つばさ交通 増加数=17
time=02:01:23.938 level=INFO msg=これまでに地域内の評判によって130人、既存ユーザーの招待経由で1271人が新規登録しました
time=02:01:23.938 level=INFO msg=これまでに低評価なライドによって225人が利用をやめました
time=02:01:23.938 level=INFO msg=92.9%のライドは椅子がマッチされるまでの時間、37.7%のライドはマッチされた椅子が乗車地点までに掛かる時間、24.5%のライドは椅子の実移動時間に不満がありました
time=02:01:29.538 level=INFO msg=最終地域情報 名前=チェアタウン ユーザー登録数=799 アクティブユーザー数=681
time=02:01:29.538 level=INFO msg=最終地域情報 名前=コシカケシティ ユーザー登録数=624 アクティブユーザー数=510
time=02:01:29.538 level=INFO msg=最終オーナー情報 名前=つばさ交通 売上=3935200 椅子数=112
time=02:01:29.538 level=INFO msg=最終オーナー情報 名前=おもてなしタクシー 売上=4363000 椅子数=107
time=02:01:29.538 level=INFO msg=最終オーナー情報 名前=ChairCycle 売上=4937600 椅子数=119
time=02:01:29.538 level=INFO msg=最終オーナー情報 名前=椅子再生工房 売上=4352200 椅子数=117
time=02:01:29.538 level=INFO msg=最終オーナー情報 名前="Artisan Seats" 売上=4207000 椅子数=105
time=02:01:29.538 level=INFO msg=93.2%のライドは椅子がマッチされるまでの時間、37.6%のライドはマッチされた椅子が乗車地点までに掛かる時間、25.4%のライドは椅子の実移動時間に不満がありました
time=02:01:29.539 level=INFO msg=結果 pass=true スコア=251778 種別エラー数=map[30:3]
time=02:01:29.539 level=INFO msg=負荷走行が終了しました
