time=06:34:39.842 level=INFO msg=負荷走行を開始します
time=06:34:45.803 level=INFO msg=一定の売上が立ったためオーナーの椅子が増加します 名前="Chair Charm" 増加数=2
time=06:34:45.803 level=INFO msg=一定の売上が立ったためオーナーの椅子が増加します 名前=SwiftCab 増加数=1
time=06:34:45.803 level=INFO msg=一定の売上が立ったためオーナーの椅子が増加します 名前=座り心地再生所 増加数=1
time=06:34:47.603 level=INFO msg=一定の売上が立ったためオーナーの椅子が増加します 名前=座り心地再生所 増加数=2
time=06:34:47.606 level=INFO msg=一定の売上が立ったためオーナーの椅子が増加します 名前=迅行タクシー 増加数=2
time=06:34:47.609 level=INFO msg=一定の売上が立ったためオーナーの椅子が増加します 名前=ZenSeat 増加数=2
time=06:34:47.609 level=INFO msg=一定の売上が立ったためオーナーの椅子が増加します 名前="Chair Charm" 増加数=1
time=06:34:47.609 level=INFO msg=一定の売上が立ったためオーナーの椅子が増加します 名前=SwiftCab 増加数=2
time=06:34:47.630 level=INFO msg=これまでに地域内の評判によって7人、既存ユーザーの招待経由で46人が新規登録しました
time=06:34:47.630 level=INFO msg=0.0%のライドは椅子がマッチされるまでの時間、56.5%のライドはマッチされた椅子が乗車地点までに掛かる時間、0.0%のライドは椅子の実移動時間に不満がありました
time=06:34:49.404 level=INFO msg=一定の売上が立ったためオーナーの椅子が増加します 名前=座り心地再生所 増加数=5
time=06:34:49.406 level=INFO msg=一定の売上が立ったためオーナーの椅子が増加します 名前=迅行タクシー 増加数=2
time=06:34:49.406 level=INFO msg=一定の売上が立ったためオーナーの椅子が増加します 名前=SwiftCab 増加数=3
time=06:34:49.408 level=INFO msg=一定の売上が立ったためオーナーの椅子が増加します 名前=ZenSeat 増加数=2
time=06:34:49.408 level=INFO msg=一定の売上が立ったためオーナーの椅子が増加します 名前="Chair Charm" 増加数=4
time=06:34:51.205 level=INFO msg=一定の売上が立ったためオーナーの椅子が増加します 名前=座り心地再生所 増加数=7
time=06:34:51.210 level=INFO msg=一定の売上が立ったためオーナーの椅子が増加します 名前=迅行タクシー 増加数=4
time=06:34:51.213 level=INFO msg=一定の売上が立ったためオーナーの椅子が増加します 名前="Chair Charm" 増加数=6
time=06:34:51.213 level=INFO msg=一定の売上が立ったためオーナーの椅子が増加します 名前=SwiftCab 増加数=6
time=06:34:51.214 level=INFO msg=一定の売上が立ったためオーナーの椅子が増加します 名前=ZenSeat 増加数=5
time=06:34:53.006 level=INFO msg=一定の売上が立ったためオーナーの椅子が増加します 名前="Chair Charm" 増加数=7
time=06:34:53.008 level=INFO msg=一定の売上が立ったためオーナーの椅子が増加します 名前=迅行タクシー 増加数=6
time=06:34:53.008 level=INFO msg=一定の売上が立ったためオーナーの椅子が増加します 名前=SwiftCab 増加数=9
time=06:34:53.008 level=INFO msg=一定の売上が立ったためオーナーの椅子が増加します 名前=ZenSeat 増加数=7
time=06:34:53.008 level=INFO msg=一定の売上が立ったためオーナーの椅子が増加します 名前=座り心地再生所 増加数=9
time=06:34:53.029 level=INFO msg=これまでに地域内の評判によって19人、既存ユーザーの招待経由で265人が新規登録しました
time=06:34:53.029 level=INFO msg=2.7%のライドは椅子がマッチされるまでの時間、24.6%のライドはマッチされた椅子が乗車地点までに掛かる時間、0.3%のライドは椅子の実移動時間に不満がありました
time=06:34:54.806 level=INFO msg=一定の売上が立ったためオーナーの椅子が増加します 名前=SwiftCab 増加数=10
time=06:34:54.807 level=INFO msg=一定の売上が立ったためオーナーの椅子が増加します 名前=ZenSeat 増加数=9
time=06:34:54.809 level=INFO msg=一定の売上が立ったためオーナーの椅子が増加します 名前=迅行タクシー 増加数=9
time=06:34:54.810 level=INFO msg=一定の売上が立ったためオーナーの椅子が増加します 名前=座り心地再生所 増加数=13
time=06:34:54.813 level=INFO msg=一定の売上が立ったためオーナーの椅子が増加します 名前="Chair Charm" 増加数=11
time=06:34:56.612 level=INFO msg=一定の売上が立ったためオーナーの椅子が増加します 名前=座り心地再生所 増加数=13
time=06:34:56.613 level=INFO msg=一定の売上が立ったためオーナーの椅子が増加します 名前=SwiftCab 増加数=12
time=06:34:56.613 level=INFO msg=一定の売上が立ったためオーナーの椅子が増加します 名前=ZenSeat 増加数=12
time=06:34:56.613 level=INFO msg=一定の売上が立ったためオーナーの椅子が増加します 名前=迅行タクシー 増加数=11
time=06:34:56.613 level=INFO msg=一定の売上が立ったためオーナーの椅子が増加します 名前="Chair Charm" 増加数=13
time=06:34:58.418 level=INFO msg=一定の売上が立ったためオーナーの椅子が増加します 名前=座り心地再生所 増加数=15
time=06:34:58.427 level=INFO msg=一定の売上が立ったためオーナーの椅子が増加します 名前=迅行タクシー 増加数=12
time=06:34:58.429 level=INFO msg=これまでに地域内の評判によって32人、既存ユーザーの招待経由で1004人が新規登録しました
time=06:34:58.429 level=INFO msg=8.6%のライドは椅子がマッチされるまでの時間、9.0%のライドはマッチされた椅子が乗車地点までに掛かる時間、0.6%のライドは椅子の実移動時間に不満がありました
time=06:34:58.460 level=INFO msg=一定の売上が立ったためオーナーの椅子が増加します 名前=SwiftCab 増加数=13
time=06:34:58.463 level=INFO msg=一定の売上が立ったためオーナーの椅子が増加します 名前="Chair Charm" 増加数=14
time=06:34:58.500 level=INFO msg=一定の売上が立ったためオーナーの椅子が増加します 名前=ZenSeat 増加数=12
time=06:35:00.244 level=INFO msg=一定の売上が立ったためオーナーの椅子が増加します 名前=座り心地再生所 増加数=15
time=06:35:00.250 level=INFO msg=一定の売上が立ったためオーナーの椅子が増加します 名前=迅行タクシー 増加数=10
time=06:35:00.251 level=INFO msg=一定の売上が立ったためオーナーの椅子が増加します 名前=ZenSeat 増加数=11
time=06:35:00.252 level=INFO msg=一定の売上が立ったためオーナーの椅子が増加します 名前="Chair Charm" 増加数=13
time=06:35:00.253 level=INFO msg=一定の売上が立ったためオーナーの椅子が増加します 名前=SwiftCab 増加数=14
time=06:35:02.132 level=INFO msg=一定の売上が立ったためオーナーの椅子が増加します 名前=ZenSeat 増加数=13
time=06:35:02.135 level=INFO msg=一定の売上が立ったためオーナーの椅子が増加します 名前="Chair Charm" 増加数=17
time=06:35:02.135 level=INFO msg=一定の売上が立ったためオーナーの椅子が増加します 名前=SwiftCab 増加数=17
time=06:35:02.137 level=INFO msg=一定の売上が立ったためオーナーの椅子が増加します 名前=座り心地再生所 増加数=18
time=06:35:02.137 level=INFO msg=一定の売上が立ったためオーナーの椅子が増加します 名前=迅行タクシー 増加数=12
time=06:35:03.949 level=INFO msg=これまでに地域内の評判によって50人、既存ユーザーの招待経由で1868人が新規登録しました
time=06:35:03.949 level=INFO msg=これまでに低評価なライドによって4人が利用をやめました
time=06:35:03.949 level=INFO msg=21.1%のライドは椅子がマッチされるまでの時間、5.2%のライドはマッチされた椅子が乗車地点までに掛かる時間、14.2%のライドは椅子の実移動時間に不満がありました
time=06:35:03.974 level=INFO msg=一定の売上が立ったためオーナーの椅子が増加します 名前=ZenSeat 増加数=11
time=06:35:03.979 level=INFO msg=一定の売上が立ったためオーナーの椅子が増加します 名前=迅行タクシー 増加数=12
time=06:35:03.980 level=INFO msg=一定の売上が立ったためオーナーの椅子が増加します 名前="Chair Charm" 増加数=13
time=06:35:03.981 level=INFO msg=一定の売上が立ったためオーナーの椅子が増加します 名前=SwiftCab 増加数=12
time=06:35:03.983 level=INFO msg=一定の売上が立ったためオーナーの椅子が増加します 名前=座り心地再生所 増加数=14
time=06:35:05.761 level=INFO msg=一定の売上が立ったためオーナーの椅子が増加します 名前=SwiftCab 増加数=17
time=06:35:05.793 level=INFO msg=一定の売上が立ったためオーナーの椅子が増加します 名前=ZenSeat 増加数=14
time=06:35:05.794 level=INFO msg=一定の売上が立ったためオーナーの椅子が増加します 名前=座り心地再生所 増加数=22
time=06:35:05.795 level=INFO msg=一定の売上が立ったためオーナーの椅子が増加します 名前=迅行タクシー 増加数=13
time=06:35:05.796 level=INFO msg=一定の売上が立ったためオーナーの椅子が増加します 名前="Chair Charm" 増加数=16
time=06:35:07.563 level=INFO msg=一定の売上が立ったためオーナーの椅子が増加します 名前=ZenSeat 増加数=15
time=06:35:07.564 level=INFO msg=一定の売上が立ったためオーナーの椅子が増加します 名前=SwiftCab 増加数=18
time=06:35:07.565 level=INFO msg=一定の売上が立ったためオーナーの椅子が増加します 名前="Chair Charm" 増加数=18
time=06:35:07.568 level=INFO msg=一定の売上が立ったためオーナーの椅子が増加します 名前=迅行タクシー 増加数=15
time=06:35:09.529 level=INFO msg=これまでに地域内の評判によって67人、既存ユーザーの招待経由で2532人が新規登録しました
time=06:35:09.529 level=INFO msg=これまでに低評価なライドによって18人が利用をやめました
time=06:35:09.529 level=INFO msg=36.4%のライドは椅子がマッチされるまでの時間、4.1%のライドはマッチされた椅子が乗車地点までに掛かる時間、27.0%のライドは椅子の実移動時間に不満がありました
time=06:35:09.549 level=INFO msg=一定の売上が立ったためオーナーの椅子が増加します 名前=座り心地再生所 増加数=45
time=06:35:09.549 level=INFO msg=一定の売上が立ったためオーナーの椅子が増加します 名前=迅行タクシー 増加数=18
time=06:35:09.573 level=INFO msg=一定の売上が立ったためオーナーの椅子が増加します 名前="Chair Charm" 増加数=22
time=06:35:09.573 level=INFO msg=一定の売上が立ったためオーナーの椅子が増加します 名前=SwiftCab 増加数=23
time=06:35:09.573 level=INFO msg=一定の売上が立ったためオーナーの椅子が増加します 名前=ZenSeat 増加数=20
time=06:35:13.203 level=INFO msg=一定の売上が立ったためオーナーの椅子が増加します 名前=ZenSeat 増加数=36
time=06:35:13.204 level=INFO msg=一定の売上が立ったためオーナーの椅子が増加します 名前=SwiftCab 増加数=42
time=06:35:13.206 level=INFO msg=一定の売上が立ったためオーナーの椅子が増加します 名前=迅行タクシー 増加数=34
time=06:35:13.206 level=INFO msg=一定の売上が立ったためオーナーの椅子が増加します 名前="Chair Charm" 増加数=41
time=06:35:15.250 level=INFO msg=一定の売上が立ったためオーナーの椅子が増加します 名前=座り心地再生所 増加数=67
time=06:35:15.266 level=INFO msg=これまでに地域内の評判によって85人、既存ユーザーの招待経由で3087人が新規登録しました
time=06:35:15.266 level=INFO msg=これまでに低評価なライドによって42人が利用をやめました
time=06:35:15.266 level=INFO msg=47.2%のライドは椅子がマッチされるまでの時間、3.3%のライドはマッチされた椅子が乗車地点までに掛かる時間、34.1%のライドは椅子の実移動時間に不満がありました
time=06:35:19.282 level=INFO msg=一定の売上が立ったためオーナーの椅子が増加します 名前="Chair Charm" 増加数=74
time=06:35:19.284 level=INFO msg=一定の売上が立ったためオーナーの椅子が増加します 名前=迅行タクシー 増加数=61
time=06:35:19.293 level=INFO msg=一定の売上が立ったためオーナーの椅子が増加します 名前=ZenSeat 増加数=62
time=06:35:19.312 level=INFO msg=一定の売上が立ったためオーナーの椅子が増加します 名前=SwiftCab 増加数=74
time=06:35:21.979 level=INFO msg=これまでに地域内の評判によって103人、既存ユーザーの招待経由で3636人が新規登録しました
time=06:35:21.979 level=INFO msg=これまでに低評価なライドによって69人が利用をやめました
time=06:35:21.979 level=INFO msg=55.8%のライドは椅子がマッチされるまでの時間、2.9%のライドはマッチされた椅子が乗車地点までに掛かる時間、38.6%のライドは椅子の実移動時間に不満がありました
time=06:35:23.780 level=INFO msg=一定の売上が立ったためオーナーの椅子が増加します 名前=座り心地再生所 増加数=108
time=06:35:27.379 level=INFO msg=これまでに地域内の評判によって121人、既存ユーザーの招待経由で3956人が新規登録しました
time=06:35:27.379 level=INFO msg=これまでに低評価なライドによって114人が利用をやめました
time=06:35:27.379 level=INFO msg=60.7%のライドは椅子がマッチされるまでの時間、2.7%のライドはマッチされた椅子が乗車地点までに掛かる時間、41.4%のライドは椅子の実移動時間に不満がありました
time=06:35:29.272 level=INFO msg=一定の売上が立ったためオーナーの椅子が増加します 名前=迅行タクシー 増加数=114
time=06:35:31.234 level=INFO msg=一定の売上が立ったためオーナーの椅子が増加します 名前=ZenSeat 増加数=127
time=06:35:31.325 level=INFO msg=一定の売上が立ったためオーナーの椅子が増加します 名前="Chair Charm" 増加数=146
time=06:35:32.959 level=INFO msg=これまでに地域内の評判によって139人、既存ユーザーの招待経由で4133人が新規登録しました
time=06:35:32.959 level=INFO msg=これまでに低評価なライドによって158人が利用をやめました
time=06:35:32.960 level=INFO msg=66.6%のライドは椅子がマッチされるまでの時間、2.5%のライドはマッチされた椅子が乗車地点までに掛かる時間、43.6%のライドは椅子の実移動時間に不満がありました
time=06:35:33.183 level=INFO msg=一定の売上が立ったためオーナーの椅子が増加します 名前=SwiftCab 増加数=178
time=06:35:39.499 level=INFO msg=これまでに地域内の評判によって157人、既存ユーザーの招待経由で4330人が新規登録しました
time=06:35:39.499 level=INFO msg=これまでに低評価なライドによって204人が利用をやめました
time=06:35:39.499 level=INFO msg=70.9%のライドは椅子がマッチされるまでの時間、2.2%のライドはマッチされた椅子が乗車地点までに掛かる時間、45.5%のライドは椅子の実移動時間に不満がありました
time=06:35:39.773 level=WARN msg="取得した付近の椅子情報に不備があります (CODE=30): ID:01M32YAFJZV5B5HPXCT31T4VJ8の椅子は既にライド中です"
time=06:35:39.924 level=WARN msg="取得した付近の椅子情報に不備があります (CODE=30): ID:01M32YA1JVGRDASRE1MRWK0R86の椅子は既にライド中です"
time=06:35:39.924 level=WARN msg="取得した付近の椅子情報に不備があります (CODE=30): ID:01M32YA1JVGRDASRE1MRWK0R86の椅子は既にライド中です"
time=06:35:40.315 level=WARN msg="取得した付近の椅子情報に不備があります (CODE=30): ID:01M32YAK3KVBH5T5WWYC76VEK6の椅子は既にライド中です"
time=06:35:41.770 level=WARN msg="取得した付近の椅子情報に不備があります (CODE=30): ID:01M32Y9RYSAQ25Z7Q85SCAW25Xの椅子は既にライド中です"
time=06:35:41.879 level=WARN msg="取得した付近の椅子情報に不備があります (CODE=30): ID:01M32Y9RYSAQ25Z7Q85SCAW25Xの椅子は既にライド中です"
time=06:35:41.884 level=WARN msg="取得した付近の椅子情報に不備があります (CODE=30): ID:01M32Y9RYSAQ25Z7Q85SCAW25Xの椅子は既にライド中です"
time=06:35:41.899 level=WARN msg="取得した付近の椅子情報に不備があります (CODE=30): ID:01M32Y9RYSAQ25Z7Q85SCAW25Xの椅子は既にライド中です"
time=06:35:41.900 level=WARN msg="取得した付近の椅子情報に不備があります (CODE=30): ID:01M32Y9RYSAQ25Z7Q85SCAW25Xの椅子は既にライド中です"
time=06:35:41.904 level=WARN msg="取得した付近の椅子情報に不備があります (CODE=30): ID:01M32Y9RYSAQ25Z7Q85SCAW25Xの椅子は既にライド中です"
time=06:35:41.905 level=WARN msg="取得した付近の椅子情報に不備があります (CODE=30): ID:01M32Y9RYSAQ25Z7Q85SCAW25Xの椅子は既にライド中です"
time=06:35:41.910 level=WARN msg="取得した付近の椅子情報に不備があります (CODE=30): ID:01M32Y9RYSAQ25Z7Q85SCAW25Xの椅子は既にライド中です"
time=06:35:41.919 level=WARN msg="取得した付近の椅子情報に不備があります (CODE=30): ID:01M32Y9RYSAQ25Z7Q85SCAW25Xの椅子は既にライド中です"
time=06:35:41.920 level=WARN msg="取得した付近の椅子情報に不備があります (CODE=30): ID:01M32Y9RYSAQ25Z7Q85SCAW25Xの椅子は既にライド中です"
time=06:35:41.921 level=WARN msg="取得した付近の椅子情報に不備があります (CODE=30): ID:01M32Y9RYSAQ25Z7Q85SCAW25Xの椅子は既にライド中です"
time=06:35:41.923 level=WARN msg="取得した付近の椅子情報に不備があります (CODE=30): ID:01M32Y9RYSAQ25Z7Q85SCAW25Xの椅子は既にライド中です"
time=06:35:41.924 level=WARN msg="取得した付近の椅子情報に不備があります (CODE=30): ID:01M32Y9RYSAQ25Z7Q85SCAW25Xの椅子は既にライド中です"
time=06:35:41.925 level=WARN msg="取得した付近の椅子情報に不備があります (CODE=30): ID:01M32Y9RYSAQ25Z7Q85SCAW25Xの椅子は既にライド中です"
time=06:35:42.005 level=WARN msg="取得した付近の椅子情報に不備があります (CODE=30): ID:01M32Y9RYSAQ25Z7Q85SCAW25Xの椅子は既にライド中です"
time=06:35:42.007 level=WARN msg="取得した付近の椅子情報に不備があります (CODE=30): ID:01M32Y9RYSAQ25Z7Q85SCAW25Xの椅子は既にライド中です"
time=06:35:42.011 level=WARN msg="取得した付近の椅子情報に不備があります (CODE=30): ID:01M32Y9RYSAQ25Z7Q85SCAW25Xの椅子は既にライド中です"
time=06:35:47.230 level=INFO msg=最終地域情報 名前=チェアタウン ユーザー登録数=2832 アクティブユーザー数=2710
time=06:35:47.230 level=INFO msg=最終地域情報 名前=コシカケシティ ユーザー登録数=1857 アクティブユーザー数=1760
time=06:35:47.230 level=INFO msg=最終オーナー情報 名前=SwiftCab 売上=22806400 椅子数=455
time=06:35:47.230 level=INFO msg=最終オーナー情報 名前="Chair Charm" 売上=22807400 椅子数=422
time=06:35:47.230 level=INFO msg=最終オーナー情報 名前=迅行タクシー 売上=19188200 椅子数=339
time=06:35:47.230 level=INFO msg=最終オーナー情報 名前=ZenSeat 売上=19247100 椅子数=362
time=06:35:47.230 level=INFO msg=最終オーナー情報 名前=座り心地再生所 売上=24760600 椅子数=358
time=06:35:47.230 level=INFO msg=72.2%のライドは椅子がマッチされるまでの時間、2.1%のライドはマッチされた椅子が乗車地点までに掛かる時間、46.8%のライドは椅子の実移動時間に不満がありました
time=06:35:47.231 level=INFO msg=結果 pass=true スコア=1119596 種別エラー数=map[30:21]
time=06:35:47.232 level=INFO msg=負荷走行が終了しました
