time=02:29:41.906 level=INFO msg=負荷走行を開始します
time=02:29:47.920 level=INFO msg=一定の売上が立ったためオーナーの椅子が増加します 名前="PreLoved Chairs" 増加数=1
time=02:29:47.920 level=INFO msg=一定の売上が立ったためオーナーの椅子が増加します 名前=ReSit 増加数=1
time=02:29:47.925 level=INFO msg=一定の売上が立ったためオーナーの椅子が増加します 名前=椅子と暮らし舎 増加数=2
time=02:29:49.719 level=INFO msg=一定の売上が立ったためオーナーの椅子が増加します 名前=木座デザイン 増加数=1
time=02:29:49.721 level=INFO msg=一定の売上が立ったためオーナーの椅子が増加します 名前="PreLoved Chairs" 増加数=2
time=02:29:49.722 level=INFO msg=一定の売上が立ったためオーナーの椅子が増加します 名前=SwiftCab 増加数=2
time=02:29:49.722 level=INFO msg=一定の売上が立ったためオーナーの椅子が増加します 名前=ReSit 増加数=2
time=02:29:49.722 level=INFO msg=一定の売上が立ったためオーナーの椅子が増加します 名前=椅子と暮らし舎 増加数=2
time=02:29:49.745 level=INFO msg=これまでに地域内の評判によって10人、既存ユーザーの招待経由で44人が新規登録しました
time=02:29:49.745 level=INFO msg=0.0%のライドは椅子がマッチされるまでの時間、66.7%のライドはマッチされた椅子が乗車地点までに掛かる時間、0.0%のライドは椅子の実移動時間に不満がありました
time=02:29:51.521 level=INFO msg=一定の売上が立ったためオーナーの椅子が増加します 名前="PreLoved Chairs" 増加数=3
time=02:29:51.525 level=INFO msg=一定の売上が立ったためオーナーの椅子が増加します 名前=木座デザイン 増加数=2
time=02:29:51.527 level=INFO msg=一定の売上が立ったためオーナーの椅子が増加します 名前=椅子と暮らし舎 増加数=3
time=02:29:51.528 level=WARN msg="取得したオーナーの売り上げ情報が想定しているものと異なります (CODE=24): salesが大きいデータがあります (id: 01M32G8ES9B3SC1NYDGBETDH4Z, got: 14600)"
time=02:29:51.528 level=INFO msg=一定の売上が立ったためオーナーの椅子が増加します 名前=SwiftCab 増加数=2
time=02:29:53.325 level=INFO msg=一定の売上が立ったためオーナーの椅子が増加します 名前=ReSit 増加数=7
time=02:29:53.326 level=INFO msg=一定の売上が立ったためオーナーの椅子が増加します 名前="PreLoved Chairs" 増加数=5
time=02:29:53.326 level=INFO msg=一定の売上が立ったためオーナーの椅子が増加します 名前=木座デザイン 増加数=3
time=02:29:53.327 level=WARN msg="取得したオーナーの売り上げ情報が想定しているものと異なります (CODE=24): salesが大きいデータがあります (id: 01M32G8P5D9XP6MX1MHQ2M0G5D, got: 10400)"
time=02:29:53.331 level=WARN msg="取得したオーナーの売り上げ情報が想定しているものと異なります (CODE=24): salesが大きいデータがあります (id: 01M32G8ET4R1NY6M0RMP30QTWC, got: 30600)"
time=02:29:55.132 level=WARN msg="取得したオーナーの売り上げ情報が想定しているものと異なります (CODE=24): salesが大きいデータがあります (id: 01M32G8EW3GD5TMG1D7F1K76XM, got: 36800)"
time=02:29:55.132 level=WARN msg="取得したオーナーの売り上げ情報が想定しているものと異なります (CODE=24): salesが大きいデータがあります (id: 01M32G8EVF4C5RD0W3STJRB4ZB, got: 27600)"
time=02:29:55.132 level=WARN msg="取得したオーナーの売り上げ情報が想定しているものと異なります (CODE=24): salesが大きいデータがあります (id: 01M32G8MCZ23Q0QKF6CH177ZRP, got: 15500)"
time=02:29:55.133 level=WARN msg="取得したオーナーの売り上げ情報が想定しているものと異なります (CODE=24): salesが大きいデータがあります (id: 01M32G8ET1N8X6KBM5SHFGKBH0, got: 27900)"
time=02:29:55.137 level=WARN msg="取得したオーナーの売り上げ情報が想定しているものと異なります (CODE=24): salesが大きいデータがあります (id: 01M32G8ES7DHTYCCBQEGXDMH43, got: 38000)"
time=02:29:55.144 level=INFO msg=これまでに地域内の評判によって22人、既存ユーザーの招待経由で184人が新規登録しました
time=02:29:55.144 level=INFO msg=4.5%のライドは椅子がマッチされるまでの時間、29.4%のライドはマッチされた椅子が乗車地点までに掛かる時間、0.5%のライドは椅子の実移動時間に不満がありました
time=02:29:56.929 level=WARN msg="取得したオーナーの売り上げ情報が想定しているものと異なります (CODE=24): salesが大きいデータがあります (id: 01M32G8ETRDHX6KSCSZ51YBN41, got: 40000)"
time=02:29:56.929 level=WARN msg="取得したオーナーの売り上げ情報が想定しているものと異なります (CODE=24): salesが大きいデータがあります (id: 01M32G8QXK60E3MAWTACV13EX5, got: 16600)"
time=02:29:56.935 level=WARN msg="取得したオーナーの売り上げ情報が想定しているものと異なります (CODE=24): salesが大きいデータがあります (id: 01M32G8EV9MYDKPTS835TCXA77, got: 35400)"
time=02:29:56.935 level=WARN msg="取得したオーナーの売り上げ情報が想定しているものと異なります (CODE=24): salesが大きいデータがあります (id: 01M32G8JMT5SSN2Z6YPN240Q4F, got: 31700)"
time=02:29:56.936 level=WARN msg="取得したオーナーの売り上げ情報が想定しているものと異なります (CODE=24): salesが大きいデータがあります (id: 01M32G8MD2BD7BPNEX4MGJMY44, got: 56000)"
time=02:29:58.730 level=INFO msg=一定の売上が立ったためオーナーの椅子が増加します 名前=SwiftCab 増加数=15
time=02:29:58.736 level=WARN msg="取得したオーナーの売り上げ情報が想定しているものと異なります (CODE=24): salesが大きいデータがあります (id: 01M32G8MD6FF256VN496XGN9F9, got: 60800)"
time=02:29:58.737 level=WARN msg="取得したオーナーの売り上げ情報が想定しているものと異なります (CODE=24): salesが大きいデータがあります (id: 01M32G8EW3GD5TMG1D7F1K76XM, got: 45100)"
time=02:29:58.737 level=WARN msg="取得したオーナーの売り上げ情報が想定しているものと異なります (CODE=24): salesが大きいデータがあります (id: 01M32G8P58WTVBGV8ZJKR0ABHZ, got: 31300)"
time=02:29:58.738 level=INFO msg=一定の売上が立ったためオーナーの椅子が増加します 名前=ReSit 増加数=17
time=02:30:00.533 level=WARN msg="取得したオーナーの売り上げ情報が想定しているものと異なります (CODE=24): salesが大きいデータがあります (id: 01M32G8EVF4C5RD0W3STJRB4ZB, got: 44300)"
time=02:30:00.537 level=WARN msg="取得したオーナーの売り上げ情報が想定しているものと異なります (CODE=24): salesが大きいデータがあります (id: 01M32G8P5KC02Q01KS62Y4G4AK, got: 46800)"
time=02:30:00.538 level=WARN msg="取得したオーナーの売り上げ情報が想定しているものと異なります (CODE=24): salesが大きいデータがあります (id: 01M32G8P5D9XP6MX1MHQ2M0G5D, got: 50500)"
time=02:30:00.544 level=INFO msg=これまでに地域内の評判によって32人、既存ユーザーの招待経由で429人が新規登録しました
time=02:30:00.544 level=INFO msg=25.6%のライドは椅子がマッチされるまでの時間、13.7%のライドはマッチされた椅子が乗車地点までに掛かる時間、0.6%のライドは椅子の実移動時間に不満がありました
time=02:30:00.548 level=WARN msg="取得したオーナーの売り上げ情報が想定しているものと異なります (CODE=24): salesが大きいデータがあります (id: 01M32G8QXK60E3MAWTACV13EX5, got: 34100)"
time=02:30:00.553 level=WARN msg="取得したオーナーの売り上げ情報が想定しているものと異なります (CODE=24): salesが大きいデータがあります (id: 01M32G8ESFEDS3CG09M8SP8NCB, got: 54500)"
time=02:30:02.336 level=WARN msg="取得したオーナーの売り上げ情報が想定しているものと異なります (CODE=24): salesが大きいデータがあります (id: 01M32G8QXK60E3MAWTAGT14DXG, got: 59200)"
time=02:30:02.346 level=WARN msg="取得したオーナーの売り上げ情報が想定しているものと異なります (CODE=24): salesが大きいデータがあります (id: 01M32G8EVX0VVW0C8KJVYTNE9B, got: 57600)"
time=02:30:02.348 level=INFO msg=一定の売上が立ったためオーナーの椅子が増加します 名前=椅子と暮らし舎 増加数=25
time=02:30:02.360 level=WARN msg="取得したオーナーの売り上げ情報が想定しているものと異なります (CODE=24): salesが大きいデータがあります (id: 01M32G8ETJC2DECJ9GBPA8SGRE, got: 69000)"
time=02:30:02.369 level=WARN msg="取得したオーナーの売り上げ情報が想定しているものと異なります (CODE=24): salesが大きいデータがあります (id: 01M32G8ESCB7XF3CDTQJH1WNEC, got: 68800)"
time=02:30:04.167 level=INFO msg=一定の売上が立ったためオーナーの椅子が増加します 名前=木座デザイン 増加数=23
time=02:30:04.188 level=WARN msg="取得したオーナーの売り上げ情報が想定しているものと異なります (CODE=24): salesが大きいデータがあります (id: 01M32G8JMPRM7KPWX11FM0EAZ3, got: 62100)"
time=02:30:04.190 level=WARN msg="取得したオーナーの売り上げ情報が想定しているものと異なります (CODE=24): salesが大きいデータがあります (id: 01M32G8X6DTJVBXPR019DRFWB8, got: 17700)"
time=02:30:04.194 level=WARN msg="取得したオーナーの売り上げ情報が想定しているものと異なります (CODE=24): salesが大きいデータがあります (id: 01M32G8X6Y3SNX3FW9V75FZANQ, got: 40500)"
time=02:30:04.197 level=INFO msg=一定の売上が立ったためオーナーの椅子が増加します 名前=椅子と暮らし舎 増加数=7
time=02:30:05.944 level=INFO msg=これまでに地域内の評判によって43人、既存ユーザーの招待経由で860人が新規登録しました
time=02:30:05.944 level=INFO msg=49.2%のライドは椅子がマッチされるまでの時間、6.9%のライドはマッチされた椅子が乗車地点までに掛かる時間、0.8%のライドは椅子の実移動時間に不満がありました
time=02:30:06.159 level=INFO msg=一定の売上が立ったためオーナーの椅子が増加します 名前="PreLoved Chairs" 増加数=34
time=02:30:06.297 level=WARN msg="取得したオーナーの売り上げ情報が想定しているものと異なります (CODE=24): salesが大きいデータがあります (id: 01M32G8ETV5G6V31EJ9QNEH0XP, got: 74000)"
time=02:30:06.366 level=WARN msg="取得したオーナーの売り上げ情報が想定しているものと異なります (CODE=24): salesが大きいデータがあります (id: 01M32G8EV7BB4Y9JA2XQFVPPSJ, got: 67600)"
time=02:30:06.375 level=WARN msg="取得したオーナーの売り上げ情報が想定しているものと異なります (CODE=24): salesが大きいデータがあります (id: 01M32G8ESCB7XF3CDTQJH1WNEC, got: 81900)"
time=02:30:06.410 level=INFO msg=一定の売上が立ったためオーナーの椅子が増加します 名前=椅子と暮らし舎 増加数=11
time=02:30:07.857 level=INFO msg=一定の売上が立ったためオーナーの椅子が増加します 名前=SwiftCab 増加数=32
time=02:30:07.862 level=WARN msg="取得したオーナーの売り上げ情報が想定しているものと異なります (CODE=24): salesが大きいデータがあります (id: 01M32G92K0JYR42YRH06GD66X5, got: 28700)"
time=02:30:07.878 level=WARN msg="取得したオーナーの売り上げ情報が想定しているものと異なります (CODE=24): salesが大きいデータがあります (id: 01M32G8MD2BD7BPNEX4MGJMY44, got: 116600)"
time=02:30:07.903 level=WARN msg="取得したオーナーの売り上げ情報が想定しているものと異なります (CODE=24): salesが大きいデータがあります (id: 01M32G8QXRKBVB35PMVQQ013W9, got: 105100)"
time=02:30:07.990 level=WARN msg="取得したオーナーの売り上げ情報が想定しているものと異なります (CODE=24): salesが大きいデータがあります (id: 01M32G8JMXQBDQ4F3ZBDT1ACAT, got: 94800)"
time=02:30:09.908 level=INFO msg=一定の売上が立ったためオーナーの椅子が増加します 名前=木座デザイン 増加数=22
time=02:30:09.925 level=WARN msg="取得したオーナーの売り上げ情報が想定しているものと異なります (CODE=24): salesが大きいデータがあります (id: 01M32G8QYQCXS1JE1E1F56HARQ, got: 69200)"
time=02:30:09.968 level=WARN msg="取得したオーナーの売り上げ情報が想定しているものと異なります (CODE=24): salesが大きいデータがあります (id: 01M32G8EW3GD5TMG1D7F1K76XM, got: 81100)"
time=02:30:09.973 level=WARN msg="取得したオーナーの売り上げ情報が想定しているものと異なります (CODE=24): salesが大きいデータがあります (id: 01M32G96BY7GDA0T4C9S4DXRHY, got: 1500)"
time=02:30:10.000 level=WARN msg="取得したオーナーの売り上げ情報が想定しているものと異なります (CODE=24): salesが大きいデータがあります (id: 01M32G8ESY0X2G8XHCH525YEVA, got: 96600)"
time=02:30:11.344 level=INFO msg=これまでに地域内の評判によって55人、既存ユーザーの招待経由で1438人が新規登録しました
time=02:30:11.344 level=INFO msg=64.0%のライドは椅子がマッチされるまでの時間、4.2%のライドはマッチされた椅子が乗車地点までに掛かる時間、0.7%のライドは椅子の実移動時間に不満がありました
time=02:30:12.575 level=INFO msg=一定の売上が立ったためオーナーの椅子が増加します 名前=ReSit 増加数=48
time=02:30:12.713 level=WARN msg="取得した付近の椅子情報に不備があります (CODE=30): ID:01M32G8P5CGV8QE5B5B40N46R2の椅子は既にライド中です"
time=02:30:12.714 level=WARN msg="取得した付近の椅子情報に不備があります (CODE=30): ID:01M32G8P5CGV8QE5B5B40N46R2の椅子は既にライド中です"
time=02:30:12.714 level=WARN msg="取得した付近の椅子情報に不備があります (CODE=30): ID:01M32G8P5CGV8QE5B5B40N46R2の椅子は既にライド中です"
time=02:30:12.716 level=WARN msg="取得した付近の椅子情報に不備があります (CODE=30): ID:01M32G8P5CGV8QE5B5B40N46R2の椅子は既にライド中です"
time=02:30:12.736 level=WARN msg="取得した付近の椅子情報に不備があります (CODE=30): ID:01M32G8P5CGV8QE5B5B40N46R2の椅子は既にライド中です"
time=02:30:12.754 level=INFO msg=一定の売上が立ったためオーナーの椅子が増加します 名前=SwiftCab 増加数=14
time=02:30:12.784 level=INFO msg=一定の売上が立ったためオーナーの椅子が増加します 名前=木座デザイン 増加数=5
time=02:30:12.838 level=INFO msg=一定の売上が立ったためオーナーの椅子が増加します 名前="PreLoved Chairs" 増加数=23
time=02:30:12.838 level=WARN msg="取得した付近の椅子情報に不備があります (CODE=30): ID:01M32G8P5CGV8QE5B5B40N46R2の椅子は既にライド中です"
time=02:30:12.853 level=INFO msg=一定の売上が立ったためオーナーの椅子が増加します 名前=椅子と暮らし舎 増加数=30
time=02:30:12.911 level=WARN msg="取得した付近の椅子情報に不備があります (CODE=30): ID:01M32G8P5CGV8QE5B5B40N46R2の椅子は既にライド中です"
time=02:30:12.930 level=WARN msg="取得した付近の椅子情報に不備があります (CODE=30): ID:01M32G8P5CGV8QE5B5B40N46R2の椅子は既にライド中です"
time=02:30:12.930 level=WARN msg="取得した付近の椅子情報に不備があります (CODE=30): ID:01M32G8P5CGV8QE5B5B40N46R2の椅子は既にライド中です"
time=02:30:13.022 level=WARN msg="取得した付近の椅子情報に不備があります (CODE=30): ID:01M32G8P5CGV8QE5B5B40N46R2の椅子は既にライド中です"
time=02:30:13.102 level=WARN msg="取得した付近の椅子情報に不備があります (CODE=30): ID:01M32G8P5CGV8QE5B5B40N46R2の椅子は既にライド中です"
time=02:30:13.228 level=WARN msg="取得したオーナーの売り上げ情報が想定しているものと異なります (CODE=24): salesが大きいデータがあります (id: 01M32G92NREG1GGA74B6SDDY17, got: 54400)"
time=02:30:13.272 level=WARN msg="取得したオーナーの売り上げ情報が想定しているものと異なります (CODE=24): salesが大きいデータがあります (id: 01M32G8MCZ23Q0QKF6CH177ZRP, got: 80100)"
time=02:30:15.769 level=WARN msg="取得した付近の椅子情報に不備があります (CODE=30): ID:01M32G8ETV5G6V31EJ9QNEH0XPの椅子は既にライド中です"
time=02:30:15.772 level=WARN msg="取得した付近の椅子情報に不備があります (CODE=30): ID:01M32G8ETV5G6V31EJ9QNEH0XPの椅子は既にライド中です"
time=02:30:15.775 level=WARN msg="取得した付近の椅子情報に不備があります (CODE=30): ID:01M32G8ETV5G6V31EJ9QNEH0XPの椅子は既にライド中です"
time=02:30:15.780 level=WARN msg="取得した付近の椅子情報に不備があります (CODE=30): ID:01M32G8ETV5G6V31EJ9QNEH0XPの椅子は既にライド中です"
time=02:30:15.784 level=WARN msg="取得した付近の椅子情報に不備があります (CODE=30): ID:01M32G8ETV5G6V31EJ9QNEH0XPの椅子は既にライド中です"
time=02:30:15.788 level=WARN msg="取得した付近の椅子情報に不備があります (CODE=30): ID:01M32G8ETV5G6V31EJ9QNEH0XPの椅子は既にライド中です"
time=02:30:15.793 level=WARN msg="取得した付近の椅子情報に不備があります (CODE=30): ID:01M32G92GZ0DKD01BGBWFH2SWKの椅子は既にライド中です"
time=02:30:15.796 level=WARN msg="取得した付近の椅子情報に不備があります (CODE=30): ID:01M32G8ETV5G6V31EJ9QNEH0XPの椅子は既にライド中です"
time=02:30:15.807 level=WARN msg="取得した付近の椅子情報に不備があります (CODE=30): ID:01M32G8ETV5G6V31EJ9QNEH0XPの椅子は既にライド中です"
time=02:30:15.817 level=WARN msg="取得した付近の椅子情報に不備があります (CODE=30): ID:01M32G8ETV5G6V31EJ9QNEH0XPの椅子は既にライド中です"
time=02:30:15.819 level=WARN msg="取得した付近の椅子情報に不備があります (CODE=30): ID:01M32G92GZ0DKD01BGBWFH2SWKの椅子は既にライド中です"
time=02:30:15.819 level=WARN msg="取得した付近の椅子情報に不備があります (CODE=30): ID:01M32G8ETV5G6V31EJ9QNEH0XPの椅子は既にライド中です"
time=02:30:15.820 level=WARN msg="取得した付近の椅子情報に不備があります (CODE=30): ID:01M32G8ETV5G6V31EJ9QNEH0XPの椅子は既にライド中です"
time=02:30:15.840 level=WARN msg="取得した付近の椅子情報に不備があります (CODE=30): ID:01M32G8ETV5G6V31EJ9QNEH0XPの椅子は既にライド中です"
time=02:30:15.844 level=WARN msg="取得した付近の椅子情報に不備があります (CODE=30): ID:01M32G8ETV5G6V31EJ9QNEH0XPの椅子は既にライド中です"
time=02:30:15.848 level=WARN msg="取得した付近の椅子情報に不備があります (CODE=30): ID:01M32G8ETV5G6V31EJ9QNEH0XPの椅子は既にライド中です"
time=02:30:15.860 level=WARN msg="取得した付近の椅子情報に不備があります (CODE=30): ID:01M32G8ETV5G6V31EJ9QNEH0XPの椅子は既にライド中です"
time=02:30:15.866 level=WARN msg="取得した付近の椅子情報に不備があります (CODE=30): ID:01M32G92GZ0DKD01BGBWFH2SWKの椅子は既にライド中です"
time=02:30:15.873 level=WARN msg="取得した付近の椅子情報に不備があります (CODE=30): ID:01M32G92GZ0DKD01BGBWFH2SWKの椅子は既にライド中です"
time=02:30:15.889 level=WARN msg="取得した付近の椅子情報に不備があります (CODE=30): ID:01M32G8ETV5G6V31EJ9QNEH0XPの椅子は既にライド中です"
time=02:30:15.893 level=WARN msg="取得した付近の椅子情報に不備があります (CODE=30): ID:01M32G92GZ0DKD01BGBWFH2SWKの椅子は既にライド中です"
time=02:30:15.899 level=WARN msg="取得した付近の椅子情報に不備があります (CODE=30): ID:01M32G92GZ0DKD01BGBWFH2SWKの椅子は既にライド中です"
time=02:30:15.911 level=WARN msg="取得した付近の椅子情報に不備があります (CODE=30): ID:01M32G92GZ0DKD01BGBWFH2SWKの椅子は既にライド中です"
time=02:30:15.915 level=WARN msg="取得した付近の椅子情報に不備があります (CODE=30): ID:01M32G8ETV5G6V31EJ9QNEH0XPの椅子は既にライド中です"
time=02:30:15.916 level=WARN msg="取得した付近の椅子情報に不備があります (CODE=30): ID:01M32G8ETV5G6V31EJ9QNEH0XPの椅子は既にライド中です"
time=02:30:15.925 level=WARN msg="取得した付近の椅子情報に不備があります (CODE=30): ID:01M32G8ETV5G6V31EJ9QNEH0XPの椅子は既にライド中です"
time=02:30:15.929 level=WARN msg="取得した付近の椅子情報に不備があります (CODE=30): ID:01M32G8ETV5G6V31EJ9QNEH0XPの椅子は既にライド中です"
time=02:30:15.929 level=WARN msg="取得した付近の椅子情報に不備があります (CODE=30): ID:01M32G8ETV5G6V31EJ9QNEH0XPの椅子は既にライド中です"
time=02:30:15.957 level=WARN msg="取得した付近の椅子情報に不備があります (CODE=30): ID:01M32G8ETV5G6V31EJ9QNEH0XPの椅子は既にライド中です"
time=02:30:15.959 level=WARN msg="取得した付近の椅子情報に不備があります (CODE=30): ID:01M32G8ETV5G6V31EJ9QNEH0XPの椅子は既にライド中です"
time=02:30:15.991 level=WARN msg="取得した付近の椅子情報に不備があります (CODE=30): ID:01M32G8ETV5G6V31EJ9QNEH0XPの椅子は既にライド中です"
time=02:30:15.994 level=WARN msg="取得した付近の椅子情報に不備があります (CODE=30): ID:01M32G8ETV5G6V31EJ9QNEH0XPの椅子は既にライド中です"
time=02:30:16.005 level=WARN msg="取得した付近の椅子情報に不備があります (CODE=30): ID:01M32G8ETV5G6V31EJ9QNEH0XPの椅子は既にライド中です"
time=02:30:16.020 level=WARN msg="取得した付近の椅子情報に不備があります (CODE=30): ID:01M32G8ETV5G6V31EJ9QNEH0XPの椅子は既にライド中です"
time=02:30:16.030 level=INFO msg=一定の売上が立ったためオーナーの椅子が増加します 名前=木座デザイン 増加数=17
time=02:30:16.036 level=WARN msg="取得した付近の椅子情報に不備があります (CODE=30): ID:01M32G8ETV5G6V31EJ9QNEH0XPの椅子は既にライド中です"
time=02:30:16.044 level=WARN msg="取得した付近の椅子情報に不備があります (CODE=30): ID:01M32G8ETV5G6V31EJ9QNEH0XPの椅子は既にライド中です"
time=02:30:16.050 level=WARN msg="取得した付近の椅子情報に不備があります (CODE=30): ID:01M32G8ETV5G6V31EJ9QNEH0XPの椅子は既にライド中です"
time=02:30:16.053 level=WARN msg="取得した付近の椅子情報に不備があります (CODE=30): ID:01M32G8ETV5G6V31EJ9QNEH0XPの椅子は既にライド中です"
time=02:30:16.061 level=WARN msg="取得した付近の椅子情報に不備があります (CODE=30): ID:01M32G8ETV5G6V31EJ9QNEH0XPの椅子は既にライド中です"
time=02:30:16.063 level=WARN msg="取得した付近の椅子情報に不備があります (CODE=30): ID:01M32G8ETV5G6V31EJ9QNEH0XPの椅子は既にライド中です"
time=02:30:16.082 level=WARN msg="取得した付近の椅子情報に不備があります (CODE=30): ID:01M32G8ETV5G6V31EJ9QNEH0XPの椅子は既にライド中です"
time=02:30:16.092 level=WARN msg="取得した付近の椅子情報に不備があります (CODE=30): ID:01M32G8ETV5G6V31EJ9QNEH0XPの椅子は既にライド中です"
time=02:30:16.157 level=INFO msg=一定の売上が立ったためオーナーの椅子が増加します 名前="PreLoved Chairs" 増加数=15
time=02:30:16.318 level=INFO msg=一定の売上が立ったためオーナーの椅子が増加します 名前=SwiftCab 増加数=19
time=02:30:16.437 level=INFO msg=一定の売上が立ったためオーナーの椅子が増加します 名前=ReSit 増加数=11
time=02:30:16.455 level=WARN msg="取得した付近の椅子情報に不備があります (CODE=30): ID:01M32G8ES9B3SC1NYDGBETDH4Zの椅子は既にライド中です"
time=02:30:16.461 level=WARN msg="取得した付近の椅子情報に不備があります (CODE=30): ID:01M32G9B7C7F5QEN4JXJV8DSE7の椅子は既にライド中です"
time=02:30:16.462 level=WARN msg="取得した付近の椅子情報に不備があります (CODE=30): ID:01M32G9B4KWCE3NYSS12YQKT9Vの椅子は既にライド中です"
time=02:30:16.464 level=WARN msg="取得した付近の椅子情報に不備があります (CODE=30): ID:01M32G8ES9B3SC1NYDGBETDH4Zの椅子は既にライド中です"
time=02:30:16.472 level=WARN msg="取得した付近の椅子情報に不備があります (CODE=30): ID:01M32G9B7C7F5QEN4JXJV8DSE7の椅子は既にライド中です"
time=02:30:16.479 level=WARN msg="取得した付近の椅子情報に不備があります (CODE=30): ID:01M32G9B34M01JGZP5PVT9BTK1の椅子は既にライド中です"
time=02:30:16.488 level=WARN msg="取得した付近の椅子情報に不備があります (CODE=30): ID:01M32G8ES9B3SC1NYDGBETDH4Zの椅子は既にライド中です"
time=02:30:16.489 level=WARN msg="取得した付近の椅子情報に不備があります (CODE=30): ID:01M32G9B4KWCE3NYSS12YQKT9Vの椅子は既にライド中です"
time=02:30:16.489 level=WARN msg="取得した付近の椅子情報に不備があります (CODE=30): ID:01M32G9B4KWCE3NYSS12YQKT9Vの椅子は既にライド中です"
time=02:30:16.490 level=WARN msg="取得した付近の椅子情報に不備があります (CODE=30): ID:01M32G9B4KWCE3NYSS12YQKT9Vの椅子は既にライド中です"
time=02:30:16.492 level=WARN msg="取得した付近の椅子情報に不備があります (CODE=30): ID:01M32G9B7C7F5QEN4JXJV8DSE7の椅子は既にライド中です"
time=02:30:16.493 level=WARN msg="取得した付近の椅子情報に不備があります (CODE=30): ID:01M32G9B4KWCE3NYSS12YQKT9Vの椅子は既にライド中です"
time=02:30:16.524 level=WARN msg="取得した付近の椅子情報に不備があります (CODE=30): ID:01M32G9B4KWCE3NYSS12YQKT9Vの椅子は既にライド中です"
time=02:30:16.525 level=WARN msg="取得した付近の椅子情報に不備があります (CODE=30): ID:01M32G8ES9B3SC1NYDGBETDH4Zの椅子は既にライド中です"
time=02:30:16.527 level=WARN msg="取得した付近の椅子情報に不備があります (CODE=30): ID:01M32G9B4KWCE3NYSS12YQKT9Vの椅子は既にライド中です"
time=02:30:16.540 level=WARN msg="取得した付近の椅子情報に不備があります (CODE=30): ID:01M32G9B34M01JGZP5PVT9BTK1の椅子は既にライド中です"
time=02:30:16.546 level=WARN msg="取得した付近の椅子情報に不備があります (CODE=30): ID:01M32G9B34M01JGZP5PVT9BTK1の椅子は既にライド中です"
time=02:30:16.548 level=WARN msg="取得した付近の椅子情報に不備があります (CODE=30): ID:01M32G9B4KWCE3NYSS12YQKT9Vの椅子は既にライド中です"
time=02:30:16.549 level=WARN msg="取得した付近の椅子情報に不備があります (CODE=30): ID:01M32G9B4KWCE3NYSS12YQKT9Vの椅子は既にライド中です"
time=02:30:16.550 level=WARN msg="取得した付近の椅子情報に不備があります (CODE=30): ID:01M32G8ES9B3SC1NYDGBETDH4Zの椅子は既にライド中です"
time=02:30:16.554 level=WARN msg="取得した付近の椅子情報に不備があります (CODE=30): ID:01M32G8ES9B3SC1NYDGBETDH4Zの椅子は既にライド中です"
time=02:30:16.558 level=WARN msg="取得した付近の椅子情報に不備があります (CODE=30): ID:01M32G9B4KWCE3NYSS12YQKT9Vの椅子は既にライド中です"
time=02:30:16.559 level=WARN msg="取得した付近の椅子情報に不備があります (CODE=30): ID:01M32G9B4KWCE3NYSS12YQKT9Vの椅子は既にライド中です"
time=02:30:16.562 level=WARN msg="取得した付近の椅子情報に不備があります (CODE=30): ID:01M32G94FJSKK4MBMT1NN0NBFGの椅子は既にライド中です"
time=02:30:16.563 level=WARN msg="取得した付近の椅子情報に不備があります (CODE=30): ID:01M32G94FJSKK4MBMT1NN0NBFGの椅子は既にライド中です"
time=02:30:16.569 level=WARN msg="取得した付近の椅子情報に不備があります (CODE=30): ID:01M32G94FJSKK4MBMT1NN0NBFGの椅子は既にライド中です"
time=02:30:16.584 level=WARN msg="取得した付近の椅子情報に不備があります (CODE=30): ID:01M32G9B34M01JGZP5PVT9BTK1の椅子は既にライド中です"
time=02:30:16.589 level=WARN msg="取得した付近の椅子情報に不備があります (CODE=30): ID:01M32G9B4KWCE3NYSS12YQKT9Vの椅子は既にライド中です"
time=02:30:16.591 level=WARN msg="取得した付近の椅子情報に不備があります (CODE=30): ID:01M32G94FJSKK4MBMT1NN0NBFGの椅子は既にライド中です"
time=02:30:16.609 level=WARN msg="取得した付近の椅子情報に不備があります (CODE=30): ID:01M32G92H86VVRCPMMYRDYVHNEの椅子は既にライド中です"
time=02:30:16.611 level=WARN msg="取得した付近の椅子情報に不備があります (CODE=30): ID:01M32G9B4KWCE3NYSS12YQKT9Vの椅子は既にライド中です"
time=02:30:16.613 level=WARN msg="取得した付近の椅子情報に不備があります (CODE=30): ID:01M32G92H86VVRCPMMYRDYVHNEの椅子は既にライド中です"
time=02:30:16.618 level=WARN msg="取得した付近の椅子情報に不備があります (CODE=30): ID:01M32G9B4KWCE3NYSS12YQKT9Vの椅子は既にライド中です"
time=02:30:16.622 level=WARN msg="取得した付近の椅子情報に不備があります (CODE=30): ID:01M32G94FJSKK4MBMT1NN0NBFGの椅子は既にライド中です"
time=02:30:16.623 level=WARN msg="取得した付近の椅子情報に不備があります (CODE=30): ID:01M32G92H86VVRCPMMYRDYVHNEの椅子は既にライド中です"
time=02:30:16.629 level=WARN msg="取得した付近の椅子情報に不備があります (CODE=30): ID:01M32G92H86VVRCPMMYRDYVHNEの椅子は既にライド中です"
time=02:30:16.634 level=WARN msg="取得した付近の椅子情報に不備があります (CODE=30): ID:01M32G9B4KWCE3NYSS12YQKT9Vの椅子は既にライド中です"
time=02:30:16.637 level=WARN msg="取得した付近の椅子情報に不備があります (CODE=30): ID:01M32G9B4KWCE3NYSS12YQKT9Vの椅子は既にライド中です"
time=02:30:16.637 level=WARN msg="取得した付近の椅子情報に不備があります (CODE=30): ID:01M32G92H86VVRCPMMYRDYVHNEの椅子は既にライド中です"
time=02:30:16.638 level=WARN msg="取得した付近の椅子情報に不備があります (CODE=30): ID:01M32G92H86VVRCPMMYRDYVHNEの椅子は既にライド中です"
time=02:30:16.638 level=WARN msg="取得した付近の椅子情報に不備があります (CODE=30): ID:01M32G9B34M01JGZP5PVT9BTK1の椅子は既にライド中です"
time=02:30:16.638 level=WARN msg="取得した付近の椅子情報に不備があります (CODE=30): ID:01M32G92H86VVRCPMMYRDYVHNEの椅子は既にライド中です"
time=02:30:16.642 level=WARN msg="取得した付近の椅子情報に不備があります (CODE=30): ID:01M32G9B4KWCE3NYSS12YQKT9Vの椅子は既にライド中です"
time=02:30:16.643 level=WARN msg="取得した付近の椅子情報に不備があります (CODE=30): ID:01M32G9B4KWCE3NYSS12YQKT9Vの椅子は既にライド中です"
time=02:30:16.643 level=WARN msg="取得した付近の椅子情報に不備があります (CODE=30): ID:01M32G92H86VVRCPMMYRDYVHNEの椅子は既にライド中です"
time=02:30:16.648 level=WARN msg="取得した付近の椅子情報に不備があります (CODE=30): ID:01M32G94FJSKK4MBMT1NN0NBFGの椅子は既にライド中です"
time=02:30:16.651 level=WARN msg="取得した付近の椅子情報に不備があります (CODE=30): ID:01M32G92H86VVRCPMMYRDYVHNEの椅子は既にライド中です"
time=02:30:16.654 level=WARN msg="取得した付近の椅子情報に不備があります (CODE=30): ID:01M32G92H86VVRCPMMYRDYVHNEの椅子は既にライド中です"
time=02:30:16.658 level=WARN msg="取得した付近の椅子情報に不備があります (CODE=30): ID:01M32G92H86VVRCPMMYRDYVHNEの椅子は既にライド中です"
time=02:30:16.660 level=WARN msg="取得した付近の椅子情報に不備があります (CODE=30): ID:01M32G94FJSKK4MBMT1NN0NBFGの椅子は既にライド中です"
time=02:30:16.669 level=WARN msg="取得した付近の椅子情報に不備があります (CODE=30): ID:01M32G92H86VVRCPMMYRDYVHNEの椅子は既にライド中です"
time=02:30:16.670 level=WARN msg="取得した付近の椅子情報に不備があります (CODE=30): ID:01M32G94FJSKK4MBMT1NN0NBFGの椅子は既にライド中です"
time=02:30:16.673 level=WARN msg="取得した付近の椅子情報に不備があります (CODE=30): ID:01M32G92H86VVRCPMMYRDYVHNEの椅子は既にライド中です"
time=02:30:16.674 level=WARN msg="取得した付近の椅子情報に不備があります (CODE=30): ID:01M32G98RKM54WQRVEXK1HZEC1の椅子は既にライド中です"
time=02:30:16.678 level=WARN msg="取得した付近の椅子情報に不備があります (CODE=30): ID:01M32G92H86VVRCPMMYRDYVHNEの椅子は既にライド中です"
time=02:30:16.678 level=WARN msg="取得した付近の椅子情報に不備があります (CODE=30): ID:01M32G9B34M01JGZP5PVT9BTK1の椅子は既にライド中です"
time=02:30:16.679 level=WARN msg="取得した付近の椅子情報に不備があります (CODE=30): ID:01M32G8EW0SS211YRPV3C6J6WAの椅子は既にライド中です"
time=02:30:16.680 level=WARN msg="取得した付近の椅子情報に不備があります (CODE=30): ID:01M32G8EW0SS211YRPV3C6J6WAの椅子は既にライド中です"
time=02:30:16.682 level=WARN msg="取得した付近の椅子情報に不備があります (CODE=30): ID:01M32G92H86VVRCPMMYRDYVHNEの椅子は既にライド中です"
time=02:30:16.684 level=WARN msg="取得した付近の椅子情報に不備があります (CODE=30): ID:01M32G8EW0SS211YRPV3C6J6WAの椅子は既にライド中です"
time=02:30:16.685 level=WARN msg="取得した付近の椅子情報に不備があります (CODE=30): ID:01M32G9B4KWCE3NYSS12YQKT9Vの椅子は既にライド中です"
time=02:30:16.691 level=WARN msg="取得した付近の椅子情報に不備があります (CODE=30): ID:01M32G94FJSKK4MBMT1NN0NBFGの椅子は既にライド中です"
time=02:30:16.693 level=WARN msg="取得した付近の椅子情報に不備があります (CODE=30): ID:01M32G8EW0SS211YRPV3C6J6WAの椅子は既にライド中です"
time=02:30:16.697 level=WARN msg="取得した付近の椅子情報に不備があります (CODE=30): ID:01M32G8EW0SS211YRPV3C6J6WAの椅子は既にライド中です"
time=02:30:16.698 level=WARN msg="取得した付近の椅子情報に不備があります (CODE=30): ID:01M32G92H86VVRCPMMYRDYVHNEの椅子は既にライド中です"
time=02:30:16.698 level=WARN msg="取得した付近の椅子情報に不備があります (CODE=30): ID:01M32G8EW0SS211YRPV3C6J6WAの椅子は既にライド中です"
time=02:30:16.701 level=WARN msg="取得した付近の椅子情報に不備があります (CODE=30): ID:01M32G94FJSKK4MBMT1NN0NBFGの椅子は既にライド中です"
time=02:30:16.701 level=WARN msg="取得した付近の椅子情報に不備があります (CODE=30): ID:01M32G92H86VVRCPMMYRDYVHNEの椅子は既にライド中です"
time=02:30:16.701 level=WARN msg="取得した付近の椅子情報に不備があります (CODE=30): ID:01M32G8EW0SS211YRPV3C6J6WAの椅子は既にライド中です"
time=02:30:16.731 level=WARN msg="取得した付近の椅子情報に不備があります (CODE=30): ID:01M32G8EW0SS211YRPV3C6J6WAの椅子は既にライド中です"
time=02:30:16.732 level=WARN msg="取得した付近の椅子情報に不備があります (CODE=30): ID:01M32G8EW0SS211YRPV3C6J6WAの椅子は既にライド中です"
time=02:30:16.733 level=WARN msg="取得した付近の椅子情報に不備があります (CODE=30): ID:01M32G8EW0SS211YRPV3C6J6WAの椅子は既にライド中です"
time=02:30:16.735 level=WARN msg="取得した付近の椅子情報に不備があります (CODE=30): ID:01M32G92H86VVRCPMMYRDYVHNEの椅子は既にライド中です"
time=02:30:16.742 level=WARN msg="取得した付近の椅子情報に不備があります (CODE=30): ID:01M32G94FJSKK4MBMT1NN0NBFGの椅子は既にライド中です"
time=02:30:16.743 level=WARN msg="取得した付近の椅子情報に不備があります (CODE=30): ID:01M32G94FJSKK4MBMT1NN0NBFGの椅子は既にライド中です"
time=02:30:16.744 level=INFO msg=これまでに地域内の評判によって67人、既存ユーザーの招待経由で2009人が新規登録しました
time=02:30:16.744 level=INFO msg=74.2%のライドは椅子がマッチされるまでの時間、3.0%のライドはマッチされた椅子が乗車地点までに掛かる時間、2.6%のライドは椅子の実移動時間に不満がありました
time=02:30:16.766 level=WARN msg="取得した付近の椅子情報に不備があります (CODE=30): ID:01M32G92H86VVRCPMMYRDYVHNEの椅子は既にライド中です"
time=02:30:16.773 level=WARN msg="取得した付近の椅子情報に不備があります (CODE=30): ID:01M32G92H86VVRCPMMYRDYVHNEの椅子は既にライド中です"
time=02:30:16.782 level=WARN msg="取得した付近の椅子情報に不備があります (CODE=30): ID:01M32G8EW0SS211YRPV3C6J6WAの椅子は既にライド中です"
time=02:30:16.782 level=WARN msg="取得した付近の椅子情報に不備があります (CODE=30): ID:01M32G94FJSKK4MBMT1NN0NBFGの椅子は既にライド中です"
time=02:30:16.784 level=WARN msg="取得した付近の椅子情報に不備があります (CODE=30): ID:01M32G8EW0SS211YRPV3C6J6WAの椅子は既にライド中です"
time=02:30:16.785 level=WARN msg="取得した付近の椅子情報に不備があります (CODE=30): ID:01M32G8EW0SS211YRPV3C6J6WAの椅子は既にライド中です"
time=02:30:16.796 level=WARN msg="取得した付近の椅子情報に不備があります (CODE=30): ID:01M32G92H86VVRCPMMYRDYVHNEの椅子は既にライド中です"
time=02:30:16.798 level=WARN msg="取得した付近の椅子情報に不備があります (CODE=30): ID:01M32G8EW0SS211YRPV3C6J6WAの椅子は既にライド中です"
time=02:30:16.801 level=INFO msg=一定の売上が立ったためオーナーの椅子が増加します 名前=椅子と暮らし舎 増加数=16
time=02:30:16.802 level=WARN msg="取得した付近の椅子情報に不備があります (CODE=30): ID:01M32G8EW0SS211YRPV3C6J6WAの椅子は既にライド中です"
time=02:30:16.805 level=WARN msg="取得した付近の椅子情報に不備があります (CODE=30): ID:01M32G92H86VVRCPMMYRDYVHNEの椅子は既にライド中です"
time=02:30:16.807 level=WARN msg="取得した付近の椅子情報に不備があります (CODE=30): ID:01M32G92H86VVRCPMMYRDYVHNEの椅子は既にライド中です"
time=02:30:16.808 level=WARN msg="取得した付近の椅子情報に不備があります (CODE=30): ID:01M32G8EW0SS211YRPV3C6J6WAの椅子は既にライド中です"
time=02:30:16.816 level=WARN msg="取得した付近の椅子情報に不備があります (CODE=30): ID:01M32G94FJSKK4MBMT1NN0NBFGの椅子は既にライド中です"
time=02:30:16.841 level=WARN msg="取得した付近の椅子情報に不備があります (CODE=30): ID:01M32G92H86VVRCPMMYRDYVHNEの椅子は既にライド中です"
time=02:30:16.845 level=WARN msg="取得した付近の椅子情報に不備があります (CODE=30): ID:01M32G92H86VVRCPMMYRDYVHNEの椅子は既にライド中です"
time=02:30:16.847 level=WARN msg="取得した付近の椅子情報に不備があります (CODE=30): ID:01M32G8EW0SS211YRPV3C6J6WAの椅子は既にライド中です"
time=02:30:16.859 level=WARN msg="取得した付近の椅子情報に不備があります (CODE=30): ID:01M32G8EW0SS211YRPV3C6J6WAの椅子は既にライド中です"
time=02:30:16.880 level=WARN msg="取得した付近の椅子情報に不備があります (CODE=30): ID:01M32G8EW0SS211YRPV3C6J6WAの椅子は既にライド中です"
time=02:30:16.882 level=WARN msg="取得した付近の椅子情報に不備があります (CODE=30): ID:01M32G8EW0SS211YRPV3C6J6WAの椅子は既にライド中です"
time=02:30:16.901 level=WARN msg="取得した付近の椅子情報に不備があります (CODE=30): ID:01M32G8EW0SS211YRPV3C6J6WAの椅子は既にライド中です"
time=02:30:16.927 level=WARN msg="取得した付近の椅子情報に不備があります (CODE=30): ID:01M32G8EW0SS211YRPV3C6J6WAの椅子は既にライド中です"
time=02:30:16.972 level=WARN msg="取得した付近の椅子情報に不備があります (CODE=30): ID:01M32G92H86VVRCPMMYRDYVHNEの椅子は既にライド中です"
time=02:30:16.991 level=WARN msg="取得した付近の椅子情報に不備があります (CODE=30): ID:01M32G8EW0SS211YRPV3C6J6WAの椅子は既にライド中です"
time=02:30:16.998 level=WARN msg="取得した付近の椅子情報に不備があります (CODE=30): ID:01M32G8EW0SS211YRPV3C6J6WAの椅子は既にライド中です"
time=02:30:16.999 level=WARN msg="取得した付近の椅子情報に不備があります (CODE=30): ID:01M32G8EW0SS211YRPV3C6J6WAの椅子は既にライド中です"
time=02:30:17.025 level=WARN msg="取得した付近の椅子情報に不備があります (CODE=30): ID:01M32G8EW0SS211YRPV3C6J6WAの椅子は既にライド中です"
time=02:30:17.045 level=WARN msg="取得した付近の椅子情報に不備があります (CODE=30): ID:01M32G9BS7RETYVW8SJNMXNCP6の椅子は既にライド中です"
time=02:30:17.050 level=WARN msg="取得した付近の椅子情報に不備があります (CODE=30): ID:01M32G9BHEEBK81PQEVD33WFS2の椅子は既にライド中です"
time=02:30:17.054 level=WARN msg="取得した付近の椅子情報に不備があります (CODE=30): ID:01M32G8EVCNYWX7KR8S25H4Z9Cの椅子は既にライド中です"
time=02:30:17.059 level=WARN msg="取得した付近の椅子情報に不備があります (CODE=30): ID:01M32G9BS7RETYVW8SJJKARS3Xの椅子は既にライド中です"
time=02:30:17.064 level=WARN msg="取得した付近の椅子情報に不備があります (CODE=30): ID:01M32G8EVCNYWX7KR8S25H4Z9Cの椅子は既にライド中です"
time=02:30:17.069 level=WARN msg="取得した付近の椅子情報に不備があります (CODE=30): ID:01M32G8EVCNYWX7KR8S25H4Z9Cの椅子は既にライド中です"
time=02:30:17.069 level=ERROR msg=クリティカルエラーが発生しました error=発生しているエラーが多すぎます
time=02:30:17.070 level=WARN msg="取得した付近の椅子情報に不備があります (CODE=30): ID:01M32G8ETMHP8TWAQ7DZFN2FHGの椅子は既にライド中です"
time=02:30:17.070 level=WARN msg="取得した付近の椅子情報に不備があります (CODE=30): ID:01M32G9BHEEBK81PQEVD33WFS2の椅子は既にライド中です"
time=02:30:17.071 level=WARN msg="取得した付近の椅子情報に不備があります (CODE=30): ID:01M32G9BS7RETYVW8SJNMXNCP6の椅子は既にライド中です"
time=02:30:17.072 level=WARN msg="取得した付近の椅子情報に不備があります (CODE=30): ID:01M32G8EW0SS211YRPV3C6J6WAの椅子は既にライド中です"
time=02:30:17.073 level=WARN msg="取得した付近の椅子情報に不備があります (CODE=30): ID:01M32G8ETMHP8TWAQ7DZFN2FHGの椅子は既にライド中です"
time=02:30:17.073 level=WARN msg="取得した付近の椅子情報に不備があります (CODE=30): ID:01M32G8EVCNYWX7KR8S25H4Z9Cの椅子は既にライド中です"
time=02:30:17.074 level=WARN msg="取得した付近の椅子情報に不備があります (CODE=30): ID:01M32G9BS7RETYVW8SJNMXNCP6の椅子は既にライド中です"
time=02:30:17.075 level=WARN msg="取得した付近の椅子情報に不備があります (CODE=30): ID:01M32G9BS7RETYVW8SJJKARS3Xの椅子は既にライド中です"
time=02:30:17.081 level=WARN msg="取得した付近の椅子情報に不備があります (CODE=30): ID:01M32G9BS7RETYVW8SJNMXNCP6の椅子は既にライド中です"
time=02:30:17.085 level=WARN msg="取得した付近の椅子情報に不備があります (CODE=30): ID:01M32G8EVCNYWX7KR8S25H4Z9Cの椅子は既にライド中です"
time=02:30:17.092 level=WARN msg="取得した付近の椅子情報に不備があります (CODE=30): ID:01M32G9BS7RETYVW8SJNMXNCP6の椅子は既にライド中です"
time=02:30:17.099 level=WARN msg="取得した付近の椅子情報に不備があります (CODE=30): ID:01M32G9BS7RETYVW8SJNMXNCP6の椅子は既にライド中です"
time=02:30:17.101 level=WARN msg="取得した付近の椅子情報に不備があります (CODE=30): ID:01M32G8EVCNYWX7KR8S25H4Z9Cの椅子は既にライド中です"
time=02:30:17.102 level=WARN msg="取得した付近の椅子情報に不備があります (CODE=30): ID:01M32G8ETMHP8TWAQ7DZFN2FHGの椅子は既にライド中です"
time=02:30:17.104 level=WARN msg="取得した付近の椅子情報に不備があります (CODE=30): ID:01M32G8ETMHP8TWAQ7DZFN2FHGの椅子は既にライド中です"
time=02:30:17.105 level=WARN msg="取得した付近の椅子情報に不備があります (CODE=30): ID:01M32G8EVCNYWX7KR8S25H4Z9Cの椅子は既にライド中です"
time=02:30:17.109 level=WARN msg="取得した付近の椅子情報に不備があります (CODE=30): ID:01M32G9BS7RETYVW8SJNMXNCP6の椅子は既にライド中です"
time=02:30:17.110 level=WARN msg="取得した付近の椅子情報に不備があります (CODE=30): ID:01M32G9BS7RETYVW8SJJKARS3Xの椅子は既にライド中です"
time=02:30:17.115 level=WARN msg="取得した付近の椅子情報に不備があります (CODE=30): ID:01M32G9BS7RETYVW8SJJKARS3Xの椅子は既にライド中です"
time=02:30:17.119 level=WARN msg="取得した付近の椅子情報に不備があります (CODE=30): ID:01M32G9BS7RETYVW8SJJKARS3Xの椅子は既にライド中です"
time=02:30:17.121 level=WARN msg="取得した付近の椅子情報に不備があります (CODE=30): ID:01M32G8ETMHP8TWAQ7DZFN2FHGの椅子は既にライド中です"
time=02:30:17.121 level=WARN msg="取得した付近の椅子情報に不備があります (CODE=30): ID:01M32G9BS7RETYVW8SJNMXNCP6の椅子は既にライド中です"
time=02:30:17.122 level=WARN msg="取得した付近の椅子情報に不備があります (CODE=30): ID:01M32G9BS7RETYVW8SJNMXNCP6の椅子は既にライド中です"
time=02:30:17.122 level=WARN msg="取得した付近の椅子情報に不備があります (CODE=30): ID:01M32G8ETMHP8TWAQ7DZFN2FHGの椅子は既にライド中です"
time=02:30:17.123 level=WARN msg="取得した付近の椅子情報に不備があります (CODE=30): ID:01M32G9BS7RETYVW8SJNMXNCP6の椅子は既にライド中です"
time=02:30:17.125 level=WARN msg="取得した付近の椅子情報に不備があります (CODE=30): ID:01M32G8EVCNYWX7KR8S25H4Z9Cの椅子は既にライド中です"
time=02:30:17.132 level=WARN msg="取得した付近の椅子情報に不備があります (CODE=30): ID:01M32G9BS7RETYVW8SJNMXNCP6の椅子は既にライド中です"
time=02:30:17.141 level=WARN msg="取得した付近の椅子情報に不備があります (CODE=30): ID:01M32G9BS7RETYVW8SJNMXNCP6の椅子は既にライド中です"
time=02:30:17.141 level=WARN msg="取得した付近の椅子情報に不備があります (CODE=30): ID:01M32G8EVCNYWX7KR8S25H4Z9Cの椅子は既にライド中です"
time=02:30:17.145 level=WARN msg="取得した付近の椅子情報に不備があります (CODE=30): ID:01M32G8ETMHP8TWAQ7DZFN2FHGの椅子は既にライド中です"
time=02:30:17.149 level=WARN msg="取得した付近の椅子情報に不備があります (CODE=30): ID:01M32G8ETMHP8TWAQ7DZFN2FHGの椅子は既にライド中です"
time=02:30:17.150 level=WARN msg="取得した付近の椅子情報に不備があります (CODE=30): ID:01M32G9BS7RETYVW8SJNMXNCP6の椅子は既にライド中です"
time=02:30:17.153 level=WARN msg="取得した付近の椅子情報に不備があります (CODE=30): ID:01M32G9BS7RETYVW8SJJKARS3Xの椅子は既にライド中です"
time=02:30:17.168 level=WARN msg="取得した付近の椅子情報に不備があります (CODE=30): ID:01M32G8EVCNYWX7KR8S25H4Z9Cの椅子は既にライド中です"
time=02:30:17.172 level=WARN msg="取得した付近の椅子情報に不備があります (CODE=30): ID:01M32G8ETMHP8TWAQ7DZFN2FHGの椅子は既にライド中です"
time=02:30:17.174 level=WARN msg="取得した付近の椅子情報に不備があります (CODE=30): ID:01M32G8ETMHP8TWAQ7DZFN2FHGの椅子は既にライド中です"
time=02:30:17.175 level=WARN msg="取得した付近の椅子情報に不備があります (CODE=30): ID:01M32G9BS7RETYVW8SJJKARS3Xの椅子は既にライド中です"
time=02:30:17.188 level=WARN msg="取得した付近の椅子情報に不備があります (CODE=30): ID:01M32G8ETMHP8TWAQ7DZFN2FHGの椅子は既にライド中です"
time=02:30:17.190 level=WARN msg="取得した付近の椅子情報に不備があります (CODE=30): ID:01M32G9BS7RETYVW8SJNMXNCP6の椅子は既にライド中です"
time=02:30:17.191 level=WARN msg="取得した付近の椅子情報に不備があります (CODE=30): ID:01M32G8EVCNYWX7KR8S25H4Z9Cの椅子は既にライド中です"
time=02:30:17.193 level=WARN msg="取得した付近の椅子情報に不備があります (CODE=30): ID:01M32G9BS7RETYVW8SJNMXNCP6の椅子は既にライド中です"
time=02:30:17.205 level=WARN msg="取得した付近の椅子情報に不備があります (CODE=30): ID:01M32G9BS7RETYVW8SJNMXNCP6の椅子は既にライド中です"
time=02:30:17.205 level=WARN msg="取得した付近の椅子情報に不備があります (CODE=30): ID:01M32G9BS7RETYVW8SJJKARS3Xの椅子は既にライド中です"
time=02:30:17.228 level=WARN msg="取得した付近の椅子情報に不備があります (CODE=30): ID:01M32G9BS7RETYVW8SJNMXNCP6の椅子は既にライド中です"
time=02:30:17.252 level=WARN msg="取得した付近の椅子情報に不備があります (CODE=30): ID:01M32G9BS7RETYVW8SJNMXNCP6の椅子は既にライド中です"
time=02:30:17.264 level=WARN msg="取得した付近の椅子情報に不備があります (CODE=30): ID:01M32G9BS7RETYVW8SJNMXNCP6の椅子は既にライド中です"
time=02:30:17.280 level=WARN msg="取得した付近の椅子情報に不備があります (CODE=30): ID:01M32G9BS7RETYVW8SJNMXNCP6の椅子は既にライド中です"
time=02:30:17.282 level=WARN msg="取得した付近の椅子情報に不備があります (CODE=30): ID:01M32G9BS7RETYVW8SJNMXNCP6の椅子は既にライド中です"
time=02:30:17.287 level=WARN msg="取得した付近の椅子情報に不備があります (CODE=30): ID:01M32G9BS7RETYVW8SJNMXNCP6の椅子は既にライド中です"
time=02:30:17.298 level=WARN msg="取得した付近の椅子情報に不備があります (CODE=30): ID:01M32G9BS7RETYVW8SJNMXNCP6の椅子は既にライド中です"
time=02:30:17.301 level=WARN msg="取得した付近の椅子情報に不備があります (CODE=30): ID:01M32G9BS7RETYVW8SJNMXNCP6の椅子は既にライド中です"
time=02:30:20.306 level=WARN msg="付近の椅子情報が想定よりも足りていません (CODE=31): 不足数2台"
time=02:30:20.310 level=WARN msg="付近の椅子情報が想定よりも足りていません (CODE=31): 不足数11台"
time=02:30:20.311 level=WARN msg="付近の椅子情報が想定よりも足りていません (CODE=31): 不足数10台"
time=02:30:20.312 level=WARN msg="付近の椅子情報が想定よりも足りていません (CODE=31): 不足数7台"
time=02:30:20.313 level=WARN msg="付近の椅子情報が想定よりも足りていません (CODE=31): 不足数1台"
time=02:30:20.314 level=WARN msg="付近の椅子情報が想定よりも足りていません (CODE=31): 不足数9台"
time=02:30:20.314 level=WARN msg="付近の椅子情報が想定よりも足りていません (CODE=31): 不足数4台"
time=02:30:20.314 level=WARN msg="付近の椅子情報が想定よりも足りていません (CODE=31): 不足数11台"
time=02:30:20.314 level=WARN msg="付近の椅子情報が想定よりも足りていません (CODE=31): 不足数12台"
time=02:30:20.328 level=WARN msg="付近の椅子情報が想定よりも足りていません (CODE=31): 不足数4台"
time=02:30:20.329 level=WARN msg="付近の椅子情報が想定よりも足りていません (CODE=31): 不足数10台"
time=02:30:20.332 level=WARN msg="付近の椅子情報が想定よりも足りていません (CODE=31): 不足数6台"
time=02:30:20.337 level=WARN msg="付近の椅子情報が想定よりも足りていません (CODE=31): 不足数10台"
time=02:30:20.346 level=WARN msg="付近の椅子情報が想定よりも足りていません (CODE=31): 不足数12台"
time=02:30:20.352 level=WARN msg="付近の椅子情報が想定よりも足りていません (CODE=31): 不足数8台"
time=02:30:20.356 level=WARN msg="付近の椅子情報が想定よりも足りていません (CODE=31): 不足数1台"
time=02:30:22.085 level=INFO msg=最終地域情報 名前=チェアタウン ユーザー登録数=1295 アクティブユーザー数=1295
time=02:30:22.086 level=INFO msg=最終地域情報 名前=コシカケシティ ユーザー登録数=886 アクティブユーザー数=886
time=02:30:22.086 level=INFO msg=最終オーナー情報 名前=ReSit 売上=3180100 椅子数=90
time=02:30:22.086 level=INFO msg=最終オーナー情報 名前=椅子と暮らし舎 売上=3603300 椅子数=100
time=02:30:22.086 level=INFO msg=最終オーナー情報 名前=SwiftCab 売上=3064700 椅子数=88
time=02:30:22.086 level=INFO msg=最終オーナー情報 名前=木座デザイン 売上=2574400 椅子数=77
time=02:30:22.086 level=INFO msg=最終オーナー情報 名前="PreLoved Chairs" 売上=3070300 椅子数=87
time=02:30:22.086 level=INFO msg=75.8%のライドは椅子がマッチされるまでの時間、2.8%のライドはマッチされた椅子が乗車地点までに掛かる時間、3.6%のライドは椅子の実移動時間に不満がありました
time=02:30:22.086 level=INFO msg=結果 pass=false スコア=160395 種別エラー数="map[24:41 30:211 31:16]"
time=02:30:22.086 level=INFO msg=負荷走行が終了しました
