time=06:58:39.364 level=INFO msg=負荷走行を開始します
time=06:58:45.292 level=INFO msg=一定の売上が立ったためオーナーの椅子が増加します 名前=CityRide 増加数=1
time=06:58:45.293 level=INFO msg=一定の売上が立ったためオーナーの椅子が増加します 名前=ゆったり号 増加数=1
time=06:58:45.297 level=INFO msg=一定の売上が立ったためオーナーの椅子が増加します 名前=椅子工藝舎 増加数=1
time=06:58:45.297 level=INFO msg=一定の売上が立ったためオーナーの椅子が増加します 名前=おもてなしタクシー 増加数=1
time=06:58:45.297 level=INFO msg=一定の売上が立ったためオーナーの椅子が増加します 名前=木座デザイン 増加数=2
time=06:58:47.090 level=INFO msg=一定の売上が立ったためオーナーの椅子が増加します 名前=CityRide 増加数=2
time=06:58:47.094 level=INFO msg=一定の売上が立ったためオーナーの椅子が増加します 名前=ゆったり号 増加数=2
time=06:58:47.099 level=INFO msg=一定の売上が立ったためオーナーの椅子が増加します 名前=椅子工藝舎 増加数=2
time=06:58:47.099 level=INFO msg=一定の売上が立ったためオーナーの椅子が増加します 名前=おもてなしタクシー 増加数=2
time=06:58:47.099 level=INFO msg=一定の売上が立ったためオーナーの椅子が増加します 名前=木座デザイン 増加数=3
time=06:58:47.119 level=INFO msg=これまでに地域内の評判によって7人、既存ユーザーの招待経由で56人が新規登録しました
time=06:58:47.119 level=INFO msg=0.0%のライドは椅子がマッチされるまでの時間、60.7%のライドはマッチされた椅子が乗車地点までに掛かる時間、0.0%のライドは椅子の実移動時間に不満がありました
time=06:58:48.890 level=INFO msg=一定の売上が立ったためオーナーの椅子が増加します 名前=CityRide 増加数=4
time=06:58:48.900 level=INFO msg=一定の売上が立ったためオーナーの椅子が増加します 名前=椅子工藝舎 増加数=4
time=06:58:48.901 level=INFO msg=一定の売上が立ったためオーナーの椅子が増加します 名前=ゆったり号 増加数=4
time=06:58:48.902 level=INFO msg=一定の売上が立ったためオーナーの椅子が増加します 名前=おもてなしタクシー 増加数=4
time=06:58:48.906 level=INFO msg=一定の売上が立ったためオーナーの椅子が増加します 名前=木座デザイン 増加数=5
time=06:58:50.692 level=INFO msg=一定の売上が立ったためオーナーの椅子が増加します 名前=木座デザイン 増加数=8
time=06:58:50.698 level=INFO msg=一定の売上が立ったためオーナーの椅子が増加します 名前=椅子工藝舎 増加数=6
time=06:58:50.698 level=INFO msg=一定の売上が立ったためオーナーの椅子が増加します 名前=おもてなしタクシー 増加数=7
time=06:58:50.703 level=INFO msg=一定の売上が立ったためオーナーの椅子が増加します 名前=CityRide 増加数=6
time=06:58:50.703 level=INFO msg=一定の売上が立ったためオーナーの椅子が増加します 名前=ゆったり号 増加数=7
time=06:58:52.499 level=INFO msg=一定の売上が立ったためオーナーの椅子が増加します 名前=CityRide 増加数=9
time=06:58:52.507 level=INFO msg=一定の売上が立ったためオーナーの椅子が増加します 名前=ゆったり号 増加数=9
time=06:58:52.509 level=INFO msg=一定の売上が立ったためオーナーの椅子が増加します 名前=椅子工藝舎 増加数=9
time=06:58:52.509 level=INFO msg=一定の売上が立ったためオーナーの椅子が増加します 名前=木座デザイン 増加数=11
time=06:58:52.509 level=INFO msg=一定の売上が立ったためオーナーの椅子が増加します 名前=おもてなしタクシー 増加数=8
time=06:58:52.519 level=INFO msg=これまでに地域内の評判によって19人、既存ユーザーの招待経由で350人が新規登録しました
time=06:58:52.519 level=INFO msg=0.0%のライドは椅子がマッチされるまでの時間、20.8%のライドはマッチされた椅子が乗車地点までに掛かる時間、0.4%のライドは椅子の実移動時間に不満がありました
time=06:58:54.297 level=INFO msg=一定の売上が立ったためオーナーの椅子が増加します 名前=CityRide 増加数=11
time=06:58:54.305 level=INFO msg=一定の売上が立ったためオーナーの椅子が増加します 名前=木座デザイン 増加数=12
time=06:58:54.305 level=INFO msg=一定の売上が立ったためオーナーの椅子が増加します 名前=おもてなしタクシー 増加数=12
time=06:58:54.305 level=INFO msg=一定の売上が立ったためオーナーの椅子が増加します 名前=椅子工藝舎 増加数=11
time=06:58:54.306 level=INFO msg=一定の売上が立ったためオーナーの椅子が増加します 名前=ゆったり号 増加数=12
time=06:58:56.098 level=INFO msg=一定の売上が立ったためオーナーの椅子が増加します 名前=ゆったり号 増加数=12
time=06:58:56.099 level=INFO msg=一定の売上が立ったためオーナーの椅子が増加します 名前=木座デザイン 増加数=14
time=06:58:56.099 level=INFO msg=一定の売上が立ったためオーナーの椅子が増加します 名前=CityRide 増加数=12
time=06:58:56.099 level=INFO msg=一定の売上が立ったためオーナーの椅子が増加します 名前=おもてなしタクシー 増加数=12
time=06:58:56.103 level=INFO msg=一定の売上が立ったためオーナーの椅子が増加します 名前=椅子工藝舎 増加数=12
time=06:58:57.918 level=INFO msg=一定の売上が立ったためオーナーの椅子が増加します 名前=木座デザイン 増加数=14
time=06:58:57.919 level=INFO msg=これまでに地域内の評判によって35人、既存ユーザーの招待経由で1146人が新規登録しました
time=06:58:57.919 level=INFO msg=一定の売上が立ったためオーナーの椅子が増加します 名前=おもてなしタクシー 増加数=13
time=06:58:57.919 level=INFO msg=0.0%のライドは椅子がマッチされるまでの時間、8.0%のライドはマッチされた椅子が乗車地点までに掛かる時間、1.0%のライドは椅子の実移動時間に不満がありました
time=06:58:57.919 level=INFO msg=一定の売上が立ったためオーナーの椅子が増加します 名前=椅子工藝舎 増加数=12
time=06:58:57.934 level=INFO msg=一定の売上が立ったためオーナーの椅子が増加します 名前=ゆったり号 増加数=13
time=06:58:57.935 level=INFO msg=一定の売上が立ったためオーナーの椅子が増加します 名前=CityRide 増加数=12
time=06:58:59.930 level=INFO msg=一定の売上が立ったためオーナーの椅子が増加します 名前=ゆったり号 増加数=14
time=06:58:59.936 level=INFO msg=一定の売上が立ったためオーナーの椅子が増加します 名前=CityRide 増加数=13
time=06:58:59.946 level=INFO msg=一定の売上が立ったためオーナーの椅子が増加します 名前=おもてなしタクシー 増加数=12
time=06:58:59.946 level=INFO msg=一定の売上が立ったためオーナーの椅子が増加します 名前=椅子工藝舎 増加数=14
time=06:58:59.947 level=INFO msg=一定の売上が立ったためオーナーの椅子が増加します 名前=木座デザイン 増加数=15
time=06:59:01.776 level=INFO msg=一定の売上が立ったためオーナーの椅子が増加します 名前=CityRide 増加数=12
time=06:59:01.778 level=INFO msg=一定の売上が立ったためオーナーの椅子が増加します 名前=木座デザイン 増加数=14
time=06:59:01.780 level=INFO msg=一定の売上が立ったためオーナーの椅子が増加します 名前=椅子工藝舎 増加数=11
time=06:59:01.781 level=INFO msg=一定の売上が立ったためオーナーの椅子が増加します 名前=ゆったり号 増加数=11
time=06:59:01.782 level=INFO msg=一定の売上が立ったためオーナーの椅子が増加します 名前=おもてなしタクシー 増加数=12
time=06:59:03.529 level=INFO msg=これまでに地域内の評判によって53人、既存ユーザーの招待経由で2076人が新規登録しました
time=06:59:03.529 level=INFO msg=これまでに低評価なライドによって9人が利用をやめました
time=06:59:03.529 level=INFO msg=16.6%のライドは椅子がマッチされるまでの時間、5.7%のライドはマッチされた椅子が乗車地点までに掛かる時間、17.1%のライドは椅子の実移動時間に不満がありました
time=06:59:03.547 level=INFO msg=一定の売上が立ったためオーナーの椅子が増加します 名前=椅子工藝舎 増加数=17
time=06:59:03.553 level=INFO msg=一定の売上が立ったためオーナーの椅子が増加します 名前=CityRide 増加数=16
time=06:59:03.554 level=INFO msg=一定の売上が立ったためオーナーの椅子が増加します 名前=木座デザイン 増加数=18
time=06:59:03.556 level=INFO msg=一定の売上が立ったためオーナーの椅子が増加します 名前=おもてなしタクシー 増加数=16
time=06:59:03.560 level=INFO msg=一定の売上が立ったためオーナーの椅子が増加します 名前=ゆったり号 増加数=16
time=06:59:05.318 level=INFO msg=一定の売上が立ったためオーナーの椅子が増加します 名前=椅子工藝舎 増加数=17
time=06:59:05.319 level=INFO msg=一定の売上が立ったためオーナーの椅子が増加します 名前=ゆったり号 増加数=19
time=06:59:05.319 level=INFO msg=一定の売上が立ったためオーナーの椅子が増加します 名前=CityRide 増加数=17
time=06:59:05.322 level=INFO msg=一定の売上が立ったためオーナーの椅子が増加します 名前=おもてなしタクシー 増加数=15
time=06:59:05.324 level=INFO msg=一定の売上が立ったためオーナーの椅子が増加します 名前=木座デザイン 増加数=20
time=06:59:07.124 level=INFO msg=一定の売上が立ったためオーナーの椅子が増加します 名前=CityRide 増加数=16
time=06:59:07.129 level=INFO msg=一定の売上が立ったためオーナーの椅子が増加します 名前=椅子工藝舎 増加数=16
time=06:59:07.130 level=INFO msg=一定の売上が立ったためオーナーの椅子が増加します 名前=おもてなしタクシー 増加数=17
time=06:59:09.140 level=INFO msg=これまでに地域内の評判によって71人、既存ユーザーの招待経由で2676人が新規登録しました
time=06:59:09.140 level=INFO msg=これまでに低評価なライドによって34人が利用をやめました
time=06:59:09.140 level=INFO msg=48.3%のライドは椅子がマッチされるまでの時間、5.1%のライドはマッチされた椅子が乗車地点までに掛かる時間、22.8%のライドは椅子の実移動時間に不満がありました
time=06:59:09.218 level=INFO msg=一定の売上が立ったためオーナーの椅子が増加します 名前=木座デザイン 増加数=42
time=06:59:09.220 level=INFO msg=一定の売上が立ったためオーナーの椅子が増加します 名前=おもてなしタクシー 増加数=21
time=06:59:09.222 level=INFO msg=一定の売上が立ったためオーナーの椅子が増加します 名前=椅子工藝舎 増加数=21
time=06:59:09.223 level=INFO msg=一定の売上が立ったためオーナーの椅子が増加します 名前=CityRide 増加数=21
time=06:59:09.226 level=INFO msg=一定の売上が立ったためオーナーの椅子が増加します 名前=ゆったり号 増加数=38
time=06:59:12.731 level=INFO msg=一定の売上が立ったためオーナーの椅子が増加します 名前=おもてなしタクシー 増加数=45
time=06:59:12.732 level=INFO msg=一定の売上が立ったためオーナーの椅子が増加します 名前=椅子工藝舎 増加数=44
time=06:59:12.758 level=INFO msg=一定の売上が立ったためオーナーの椅子が増加します 名前=CityRide 増加数=46
time=06:59:14.869 level=INFO msg=これまでに地域内の評判によって89人、既存ユーザーの招待経由で3091人が新規登録しました
time=06:59:14.869 level=INFO msg=これまでに低評価なライドによって57人が利用をやめました
time=06:59:14.869 level=INFO msg=65.7%のライドは椅子がマッチされるまでの時間、4.3%のライドはマッチされた椅子が乗車地点までに掛かる時間、29.0%のライドは椅子の実移動時間に不満がありました
time=06:59:14.885 level=INFO msg=一定の売上が立ったためオーナーの椅子が増加します 名前=ゆったり号 増加数=69
time=06:59:14.886 level=INFO msg=一定の売上が立ったためオーナーの椅子が増加します 名前=木座デザイン 増加数=74
time=06:59:18.612 level=INFO msg=一定の売上が立ったためオーナーの椅子が増加します 名前=椅子工藝舎 増加数=77
time=06:59:18.613 level=INFO msg=一定の売上が立ったためオーナーの椅子が増加します 名前=おもてなしタクシー 増加数=78
time=06:59:18.673 level=INFO msg=一定の売上が立ったためオーナーの椅子が増加します 名前=CityRide 増加数=77
time=06:59:20.389 level=INFO msg=これまでに地域内の評判によって107人、既存ユーザーの招待経由で3369人が新規登録しました
time=06:59:20.389 level=INFO msg=これまでに低評価なライドによって81人が利用をやめました
time=06:59:20.389 level=INFO msg=74.2%のライドは椅子がマッチされるまでの時間、3.9%のライドはマッチされた椅子が乗車地点までに掛かる時間、33.1%のライドは椅子の実移動時間に不満がありました
time=06:59:25.819 level=INFO msg=これまでに地域内の評判によって125人、既存ユーザーの招待経由で3507人が新規登録しました
time=06:59:25.819 level=INFO msg=これまでに低評価なライドによって110人が利用をやめました
time=06:59:25.819 level=INFO msg=79.5%のライドは椅子がマッチされるまでの時間、3.6%のライドはマッチされた椅子が乗車地点までに掛かる時間、36.8%のライドは椅子の実移動時間に不満がありました
time=06:59:25.876 level=INFO msg=一定の売上が立ったためオーナーの椅子が増加します 名前=木座デザイン 増加数=151
time=06:59:25.880 level=INFO msg=一定の売上が立ったためオーナーの椅子が増加します 名前=ゆったり号 増加数=139
time=06:59:31.579 level=INFO msg=これまでに地域内の評判によって143人、既存ユーザーの招待経由で3604人が新規登録しました
time=06:59:31.579 level=INFO msg=これまでに低評価なライドによって132人が利用をやめました
time=06:59:31.579 level=INFO msg=83.3%のライドは椅子がマッチされるまでの時間、3.4%のライドはマッチされた椅子が乗車地点までに掛かる時間、39.5%のライドは椅子の実移動時間に不満がありました
time=06:59:32.912 level=WARN msg="取得した付近の椅子情報に不備があります (CODE=30): ID:01M32ZNEZ2KF735VRME1KMGBN3の椅子は既にライド中です"
time=06:59:32.921 level=WARN msg="取得した付近の椅子情報に不備があります (CODE=30): ID:01M32ZNEZ2KF735VRME1KMGBN3の椅子は既にライド中です"
time=06:59:32.952 level=WARN msg="取得した付近の椅子情報に不備があります (CODE=30): ID:01M32ZNEZ2KF735VRME1KMGBN3の椅子は既にライド中です"
time=06:59:32.987 level=WARN msg="取得した付近の椅子情報に不備があります (CODE=30): ID:01M32ZNEZ2KF735VRME1KMGBN3の椅子は既にライド中です"
time=06:59:33.008 level=WARN msg="取得した付近の椅子情報に不備があります (CODE=30): ID:01M32ZNEZ2KF735VRME1KMGBN3の椅子は既にライド中です"
time=06:59:33.417 level=INFO msg=一定の売上が立ったためオーナーの椅子が増加します 名前=CityRide 増加数=201
time=06:59:33.421 level=INFO msg=一定の売上が立ったためオーナーの椅子が増加します 名前=おもてなしタクシー 増加数=203
time=06:59:33.494 level=INFO msg=一定の売上が立ったためオーナーの椅子が増加します 名前=椅子工藝舎 増加数=195
time=06:59:37.040 level=INFO msg=これまでに地域内の評判によって161人、既存ユーザーの招待経由で3658人が新規登録しました
time=06:59:37.040 level=INFO msg=これまでに低評価なライドによって155人が利用をやめました
time=06:59:37.040 level=INFO msg=85.7%のライドは椅子がマッチされるまでの時間、3.2%のライドはマッチされた椅子が乗車地点までに掛かる時間、42.1%のライドは椅子の実移動時間に不満がありました
time=06:59:39.409 level=WARN msg="取得した付近の椅子情報に不備があります (CODE=30): ID:01M32ZNEK7B08N54TDW0DH7SSTの椅子は既にライド中です"
time=06:59:46.720 level=INFO msg=最終地域情報 名前=チェアタウン ユーザー登録数=2291 アクティブユーザー数=2197
time=06:59:46.720 level=INFO msg=最終地域情報 名前=コシカケシティ ユーザー登録数=1609 アクティブユーザー数=1524
time=06:59:46.720 level=INFO msg=最終オーナー情報 名前=ゆったり号 売上=22570600 椅子数=370
time=06:59:46.720 level=INFO msg=最終オーナー情報 名前=木座デザイン 売上=24612100 椅子数=407
time=06:59:46.720 level=INFO msg=最終オーナー情報 名前=おもてなしタクシー 売上=23349000 椅子数=482
time=06:59:46.720 level=INFO msg=最終オーナー情報 名前=椅子工藝舎 売上=22770200 椅子数=473
time=06:59:46.720 level=INFO msg=最終オーナー情報 名前=CityRide 売上=23279400 椅子数=480
time=06:59:46.720 level=INFO msg=87.6%のライドは椅子がマッチされるまでの時間、3.0%のライドはマッチされた椅子が乗車地点までに掛かる時間、44.8%のライドは椅子の実移動時間に不満がありました
time=06:59:46.721 level=INFO msg=結果 pass=true スコア=1218271 種別エラー数=map[30:6]
time=06:59:46.721 level=INFO msg=負荷走行が終了しました
