time=01:40:29.034 level=INFO msg=負荷走行を開始します
time=01:40:35.015 level=INFO msg=一定の売上が立ったためオーナーの椅子が増加します 名前=座心工房 増加数=1
time=01:40:36.816 level=INFO msg=一定の売上が立ったためオーナーの椅子が増加します 名前=SwiftCab 増加数=1
time=01:40:36.818 level=INFO msg=一定の売上が立ったためオーナーの椅子が増加します 名前=座和インダストリー 増加数=1
time=01:40:36.819 level=INFO msg=一定の売上が立ったためオーナーの椅子が増加します 名前="Urban Wheels" 増加数=1
time=01:40:36.822 level=INFO msg=一定の売上が立ったためオーナーの椅子が増加します 名前=椅子工藝舎 増加数=1
time=01:40:36.823 level=INFO msg=一定の売上が立ったためオーナーの椅子が増加します 名前=座心工房 増加数=2
time=01:40:36.832 level=INFO msg=これまでに地域内の評判によって7人、既存ユーザーの招待経由で30人が新規登録しました
time=01:40:36.832 level=INFO msg=0.0%のライドは椅子がマッチされるまでの時間、76.7%のライドはマッチされた椅子が乗車地点までに掛かる時間、0.0%のライドは椅子の実移動時間に不満がありました
time=01:40:38.616 level=INFO msg=一定の売上が立ったためオーナーの椅子が増加します 名前=椅子工藝舎 増加数=1
time=01:40:38.618 level=INFO msg=一定の売上が立ったためオーナーの椅子が増加します 名前=座和インダストリー 増加数=1
time=01:40:38.621 level=INFO msg=一定の売上が立ったためオーナーの椅子が増加します 名前="Urban Wheels" 増加数=1
time=01:40:38.623 level=INFO msg=一定の売上が立ったためオーナーの椅子が増加します 名前=座心工房 増加数=1
time=01:40:38.624 level=INFO msg=一定の売上が立ったためオーナーの椅子が増加します 名前=SwiftCab 増加数=1
time=01:40:40.421 level=INFO msg=一定の売上が立ったためオーナーの椅子が増加します 名前="Urban Wheels" 増加数=3
time=01:40:40.422 level=INFO msg=一定の売上が立ったためオーナーの椅子が増加します 名前=座和インダストリー 増加数=3
time=01:40:40.422 level=INFO msg=一定の売上が立ったためオーナーの椅子が増加します 名前=椅子工藝舎 増加数=2
time=01:40:40.426 level=INFO msg=一定の売上が立ったためオーナーの椅子が増加します 名前=座心工房 増加数=1
time=01:40:40.432 level=INFO msg=一定の売上が立ったためオーナーの椅子が増加します 名前=SwiftCab 増加数=1
time=01:40:42.232 level=INFO msg=これまでに地域内の評判によって19人、既存ユーザーの招待経由で81人が新規登録しました
time=01:40:42.232 level=INFO msg=6.0%のライドは椅子がマッチされるまでの時間、73.8%のライドはマッチされた椅子が乗車地点までに掛かる時間、0.6%のライドは椅子の実移動時間に不満がありました
time=01:40:42.243 level=INFO msg=一定の売上が立ったためオーナーの椅子が増加します 名前=SwiftCab 増加数=1
time=01:40:42.251 level=INFO msg=一定の売上が立ったためオーナーの椅子が増加します 名前=座心工房 増加数=1
time=01:40:42.253 level=INFO msg=一定の売上が立ったためオーナーの椅子が増加します 名前=座和インダストリー 増加数=3
time=01:40:42.254 level=INFO msg=一定の売上が立ったためオーナーの椅子が増加します 名前="Urban Wheels" 増加数=2
time=01:40:42.255 level=INFO msg=一定の売上が立ったためオーナーの椅子が増加します 名前=椅子工藝舎 増加数=1
time=01:40:44.039 level=INFO msg=一定の売上が立ったためオーナーの椅子が増加します 名前=椅子工藝舎 増加数=2
time=01:40:44.043 level=INFO msg=一定の売上が立ったためオーナーの椅子が増加します 名前="Urban Wheels" 増加数=2
time=01:40:44.046 level=INFO msg=一定の売上が立ったためオーナーの椅子が増加します 名前=SwiftCab 増加数=1
time=01:40:44.050 level=INFO msg=一定の売上が立ったためオーナーの椅子が増加します 名前=座心工房 増加数=2
time=01:40:44.053 level=INFO msg=一定の売上が立ったためオーナーの椅子が増加します 名前=座和インダストリー 増加数=3
time=01:40:45.842 level=INFO msg=一定の売上が立ったためオーナーの椅子が増加します 名前=SwiftCab 増加数=1
time=01:40:45.847 level=INFO msg=一定の売上が立ったためオーナーの椅子が増加します 名前=椅子工藝舎 増加数=1
time=01:40:45.848 level=INFO msg=一定の売上が立ったためオーナーの椅子が増加します 名前="Urban Wheels" 増加数=3
time=01:40:45.851 level=INFO msg=一定の売上が立ったためオーナーの椅子が増加します 名前=座和インダストリー 増加数=2
time=01:40:47.632 level=INFO msg=これまでに地域内の評判によって31人、既存ユーザーの招待経由で132人が新規登録しました
time=01:40:47.632 level=INFO msg=これまでに低評価なライドによって4人が利用をやめました
time=01:40:47.632 level=INFO msg=39.4%のライドは椅子がマッチされるまでの時間、64.6%のライドはマッチされた椅子が乗車地点までに掛かる時間、5.1%のライドは椅子の実移動時間に不満がありました
time=01:40:47.648 level=INFO msg=一定の売上が立ったためオーナーの椅子が増加します 名前=SwiftCab 増加数=2
time=01:40:47.655 level=INFO msg=一定の売上が立ったためオーナーの椅子が増加します 名前=椅子工藝舎 増加数=2
time=01:40:47.655 level=INFO msg=一定の売上が立ったためオーナーの椅子が増加します 名前=座心工房 増加数=2
time=01:40:47.679 level=INFO msg=一定の売上が立ったためオーナーの椅子が増加します 名前=座和インダストリー 増加数=3
time=01:40:47.684 level=INFO msg=一定の売上が立ったためオーナーの椅子が増加します 名前="Urban Wheels" 増加数=2
time=01:40:49.463 level=INFO msg=一定の売上が立ったためオーナーの椅子が増加します 名前=椅子工藝舎 増加数=2
time=01:40:49.468 level=INFO msg=一定の売上が立ったためオーナーの椅子が増加します 名前=SwiftCab 増加数=2
time=01:40:49.479 level=INFO msg=一定の売上が立ったためオーナーの椅子が増加します 名前=座和インダストリー 増加数=3
time=01:40:49.497 level=INFO msg=一定の売上が立ったためオーナーの椅子が増加します 名前=座心工房 増加数=3
time=01:40:49.499 level=INFO msg=一定の売上が立ったためオーナーの椅子が増加します 名前="Urban Wheels" 増加数=3
time=01:40:51.321 level=INFO msg=一定の売上が立ったためオーナーの椅子が増加します 名前=座心工房 増加数=2
time=01:40:51.337 level=INFO msg=一定の売上が立ったためオーナーの椅子が増加します 名前="Urban Wheels" 増加数=3
time=01:40:51.344 level=INFO msg=一定の売上が立ったためオーナーの椅子が増加します 名前=SwiftCab 増加数=1
time=01:40:51.356 level=INFO msg=一定の売上が立ったためオーナーの椅子が増加します 名前=椅子工藝舎 増加数=2
time=01:40:51.380 level=INFO msg=一定の売上が立ったためオーナーの椅子が増加します 名前=座和インダストリー 増加数=2
time=01:40:53.032 level=INFO msg=これまでに地域内の評判によって43人、既存ユーザーの招待経由で170人が新規登録しました
time=01:40:53.032 level=INFO msg=これまでに低評価なライドによって25人が利用をやめました
time=01:40:53.032 level=INFO msg=63.1%のライドは椅子がマッチされるまでの時間、57.5%のライドはマッチされた椅子が乗車地点までに掛かる時間、16.6%のライドは椅子の実移動時間に不満がありました
time=01:40:53.116 level=INFO msg=一定の売上が立ったためオーナーの椅子が増加します 名前=SwiftCab 増加数=3
time=01:40:53.127 level=INFO msg=一定の売上が立ったためオーナーの椅子が増加します 名前=座心工房 増加数=2
time=01:40:53.129 level=INFO msg=一定の売上が立ったためオーナーの椅子が増加します 名前=椅子工藝舎 増加数=2
time=01:40:53.144 level=INFO msg=一定の売上が立ったためオーナーの椅子が増加します 名前="Urban Wheels" 増加数=3
time=01:40:53.200 level=INFO msg=一定の売上が立ったためオーナーの椅子が増加します 名前=座和インダストリー 増加数=3
time=01:40:54.876 level=INFO msg=一定の売上が立ったためオーナーの椅子が増加します 名前=SwiftCab 増加数=1
time=01:40:54.935 level=INFO msg=一定の売上が立ったためオーナーの椅子が増加します 名前=椅子工藝舎 増加数=2
time=01:40:54.942 level=INFO msg=一定の売上が立ったためオーナーの椅子が増加します 名前=座心工房 増加数=3
time=01:40:54.958 level=INFO msg=一定の売上が立ったためオーナーの椅子が増加します 名前=座和インダストリー 増加数=1
time=01:40:54.972 level=INFO msg=一定の売上が立ったためオーナーの椅子が増加します 名前="Urban Wheels" 増加数=3
time=01:40:56.772 level=INFO msg=一定の売上が立ったためオーナーの椅子が増加します 名前=SwiftCab 増加数=3
time=01:40:56.801 level=INFO msg=一定の売上が立ったためオーナーの椅子が増加します 名前="Urban Wheels" 増加数=4
time=01:40:56.804 level=INFO msg=一定の売上が立ったためオーナーの椅子が増加します 名前=椅子工藝舎 増加数=3
time=01:40:56.804 level=INFO msg=一定の売上が立ったためオーナーの椅子が増加します 名前=座心工房 増加数=2
time=01:40:56.818 level=INFO msg=一定の売上が立ったためオーナーの椅子が増加します 名前=座和インダストリー 増加数=4
time=01:40:58.432 level=INFO msg=これまでに地域内の評判によって55人、既存ユーザーの招待経由で201人が新規登録しました
time=01:40:58.432 level=INFO msg=これまでに低評価なライドによって42人が利用をやめました
time=01:40:58.432 level=INFO msg=74.3%のライドは椅子がマッチされるまでの時間、51.6%のライドはマッチされた椅子が乗車地点までに掛かる時間、27.5%のライドは椅子の実移動時間に不満がありました
time=01:40:58.573 level=INFO msg=一定の売上が立ったためオーナーの椅子が増加します 名前=SwiftCab 増加数=2
time=01:40:58.592 level=INFO msg=一定の売上が立ったためオーナーの椅子が増加します 名前=椅子工藝舎 増加数=2
time=01:40:58.601 level=INFO msg=一定の売上が立ったためオーナーの椅子が増加します 名前=座心工房 増加数=3
time=01:40:58.654 level=INFO msg=一定の売上が立ったためオーナーの椅子が増加します 名前="Urban Wheels" 増加数=1
time=01:40:58.758 level=INFO msg=一定の売上が立ったためオーナーの椅子が増加します 名前=座和インダストリー 増加数=2
time=01:41:00.446 level=INFO msg=一定の売上が立ったためオーナーの椅子が増加します 名前=椅子工藝舎 増加数=2
time=01:41:00.448 level=INFO msg=一定の売上が立ったためオーナーの椅子が増加します 名前=SwiftCab 増加数=1
time=01:41:00.459 level=INFO msg=一定の売上が立ったためオーナーの椅子が増加します 名前=座心工房 増加数=2
time=01:41:00.513 level=INFO msg=一定の売上が立ったためオーナーの椅子が増加します 名前=座和インダストリー 増加数=3
time=01:41:00.537 level=INFO msg=一定の売上が立ったためオーナーの椅子が増加します 名前="Urban Wheels" 増加数=3
time=01:41:02.206 level=INFO msg=一定の売上が立ったためオーナーの椅子が増加します 名前=SwiftCab 増加数=3
time=01:41:02.229 level=INFO msg=一定の売上が立ったためオーナーの椅子が増加します 名前=座心工房 増加数=2
time=01:41:02.229 level=INFO msg=一定の売上が立ったためオーナーの椅子が増加します 名前=椅子工藝舎 増加数=3
time=01:41:02.271 level=INFO msg=一定の売上が立ったためオーナーの椅子が増加します 名前="Urban Wheels" 増加数=3
time=01:41:02.298 level=INFO msg=一定の売上が立ったためオーナーの椅子が増加します 名前=座和インダストリー 増加数=3
time=01:41:03.832 level=INFO msg=これまでに地域内の評判によって67人、既存ユーザーの招待経由で216人が新規登録しました
time=01:41:03.832 level=INFO msg=これまでに低評価なライドによって75人が利用をやめました
time=01:41:03.832 level=INFO msg=80.8%のライドは椅子がマッチされるまでの時間、48.7%のライドはマッチされた椅子が乗車地点までに掛かる時間、38.1%のライドは椅子の実移動時間に不満がありました
time=01:41:04.032 level=INFO msg=一定の売上が立ったためオーナーの椅子が増加します 名前=椅子工藝舎 増加数=2
time=01:41:04.052 level=INFO msg=一定の売上が立ったためオーナーの椅子が増加します 名前=座心工房 増加数=1
time=01:41:04.107 level=INFO msg=一定の売上が立ったためオーナーの椅子が増加します 名前=座和インダストリー 増加数=2
time=01:41:04.121 level=INFO msg=一定の売上が立ったためオーナーの椅子が増加します 名前="Urban Wheels" 増加数=2
time=01:41:05.837 level=INFO msg=一定の売上が立ったためオーナーの椅子が増加します 名前=SwiftCab 増加数=2
time=01:41:05.854 level=INFO msg=一定の売上が立ったためオーナーの椅子が増加します 名前=座心工房 増加数=2
time=01:41:05.880 level=INFO msg=一定の売上が立ったためオーナーの椅子が増加します 名前=椅子工藝舎 増加数=2
time=01:41:05.939 level=INFO msg=一定の売上が立ったためオーナーの椅子が増加します 名前=座和インダストリー 増加数=3
time=01:41:05.967 level=INFO msg=一定の売上が立ったためオーナーの椅子が増加します 名前="Urban Wheels" 増加数=2
time=01:41:06.575 level=WARN msg="取得したオーナーの椅子一覧の情報が想定しているものと異なります (CODE=26): total_distanceの反映が遅いデータがあります (id: 01M32DEVAWHS5BGCW1HXZ111N6)"
time=01:41:07.573 level=INFO msg=一定の売上が立ったためオーナーの椅子が増加します 名前=SwiftCab 増加数=2
time=01:41:07.661 level=INFO msg=一定の売上が立ったためオーナーの椅子が増加します 名前=椅子工藝舎 増加数=2
time=01:41:07.676 level=INFO msg=一定の売上が立ったためオーナーの椅子が増加します 名前=座心工房 増加数=2
time=01:41:07.693 level=INFO msg=一定の売上が立ったためオーナーの椅子が増加します 名前=座和インダストリー 増加数=2
time=01:41:07.701 level=INFO msg=一定の売上が立ったためオーナーの椅子が増加します 名前="Urban Wheels" 増加数=1
time=01:41:09.232 level=INFO msg=これまでに地域内の評判によって79人、既存ユーザーの招待経由で232人が新規登録しました
time=01:41:09.232 level=INFO msg=これまでに低評価なライドによって107人が利用をやめました
time=01:41:09.232 level=INFO msg=84.3%のライドは椅子がマッチされるまでの時間、44.3%のライドはマッチされた椅子が乗車地点までに掛かる時間、44.1%のライドは椅子の実移動時間に不満がありました
time=01:41:09.523 level=INFO msg=一定の売上が立ったためオーナーの椅子が増加します 名前=SwiftCab 増加数=2
time=01:41:09.532 level=INFO msg=一定の売上が立ったためオーナーの椅子が増加します 名前=座和インダストリー 増加数=2
time=01:41:09.544 level=INFO msg=一定の売上が立ったためオーナーの椅子が増加します 名前=座心工房 増加数=2
time=01:41:09.547 level=INFO msg=一定の売上が立ったためオーナーの椅子が増加します 名前=椅子工藝舎 増加数=2
time=01:41:09.582 level=INFO msg=一定の売上が立ったためオーナーの椅子が増加します 名前="Urban Wheels" 増加数=3
time=01:41:11.306 level=INFO msg=一定の売上が立ったためオーナーの椅子が増加します 名前=椅子工藝舎 増加数=1
time=01:41:11.331 level=INFO msg=一定の売上が立ったためオーナーの椅子が増加します 名前=SwiftCab 増加数=2
time=01:41:11.376 level=INFO msg=一定の売上が立ったためオーナーの椅子が増加します 名前=座心工房 増加数=1
time=01:41:11.413 level=INFO msg=一定の売上が立ったためオーナーの椅子が増加します 名前=座和インダストリー 増加数=3
time=01:41:11.466 level=INFO msg=一定の売上が立ったためオーナーの椅子が増加します 名前="Urban Wheels" 増加数=2
time=01:41:13.123 level=INFO msg=一定の売上が立ったためオーナーの椅子が増加します 名前=椅子工藝舎 増加数=2
time=01:41:13.142 level=INFO msg=一定の売上が立ったためオーナーの椅子が増加します 名前=SwiftCab 増加数=1
time=01:41:13.152 level=INFO msg=一定の売上が立ったためオーナーの椅子が増加します 名前=座心工房 増加数=3
time=01:41:13.204 level=INFO msg=一定の売上が立ったためオーナーの椅子が増加します 名前="Urban Wheels" 増加数=1
time=01:41:13.250 level=INFO msg=一定の売上が立ったためオーナーの椅子が増加します 名前=座和インダストリー 増加数=1
time=01:41:14.632 level=INFO msg=これまでに地域内の評判によって91人、既存ユーザーの招待経由で264人が新規登録しました
time=01:41:14.632 level=INFO msg=これまでに低評価なライドによって124人が利用をやめました
time=01:41:14.632 level=INFO msg=80.0%のライドは椅子がマッチされるまでの時間、40.9%のライドはマッチされた椅子が乗車地点までに掛かる時間、48.5%のライドは椅子の実移動時間に不満がありました
time=01:41:14.893 level=INFO msg=一定の売上が立ったためオーナーの椅子が増加します 名前=椅子工藝舎 増加数=3
time=01:41:14.894 level=INFO msg=一定の売上が立ったためオーナーの椅子が増加します 名前=SwiftCab 増加数=3
time=01:41:14.902 level=INFO msg=一定の売上が立ったためオーナーの椅子が増加します 名前=座心工房 増加数=1
time=01:41:14.951 level=INFO msg=一定の売上が立ったためオーナーの椅子が増加します 名前="Urban Wheels" 増加数=2
time=01:41:14.991 level=INFO msg=一定の売上が立ったためオーナーの椅子が増加します 名前=座和インダストリー 増加数=2
time=01:41:16.747 level=INFO msg=一定の売上が立ったためオーナーの椅子が増加します 名前=SwiftCab 増加数=1
time=01:41:16.830 level=INFO msg=一定の売上が立ったためオーナーの椅子が増加します 名前=椅子工藝舎 増加数=3
time=01:41:16.835 level=INFO msg=一定の売上が立ったためオーナーの椅子が増加します 名前=座心工房 増加数=2
time=01:41:16.884 level=INFO msg=一定の売上が立ったためオーナーの椅子が増加します 名前=座和インダストリー 増加数=1
time=01:41:16.902 level=INFO msg=一定の売上が立ったためオーナーの椅子が増加します 名前="Urban Wheels" 増加数=2
time=01:41:17.370 level=WARN msg="取得したオーナーの椅子一覧の情報が想定しているものと異なります (CODE=26): total_distanceの反映が遅いデータがあります (id: 01M32DF7ZZDC39T2H346CY023W)"
time=01:41:18.504 level=INFO msg=一定の売上が立ったためオーナーの椅子が増加します 名前=SwiftCab 増加数=1
time=01:41:18.616 level=INFO msg=一定の売上が立ったためオーナーの椅子が増加します 名前="Urban Wheels" 増加数=2
time=01:41:18.643 level=INFO msg=一定の売上が立ったためオーナーの椅子が増加します 名前=座和インダストリー 増加数=2
time=01:41:18.696 level=INFO msg=一定の売上が立ったためオーナーの椅子が増加します 名前=座心工房 増加数=1
time=01:41:20.032 level=INFO msg=これまでに地域内の評判によって103人、既存ユーザーの招待経由で291人が新規登録しました
time=01:41:20.032 level=INFO msg=これまでに低評価なライドによって144人が利用をやめました
time=01:41:20.032 level=INFO msg=77.5%のライドは椅子がマッチされるまでの時間、38.2%のライドはマッチされた椅子が乗車地点までに掛かる時間、51.5%のライドは椅子の実移動時間に不満がありました
time=01:41:20.276 level=INFO msg=一定の売上が立ったためオーナーの椅子が増加します 名前=SwiftCab 増加数=2
time=01:41:20.316 level=INFO msg=一定の売上が立ったためオーナーの椅子が増加します 名前=座心工房 増加数=3
time=01:41:20.325 level=INFO msg=一定の売上が立ったためオーナーの椅子が増加します 名前=椅子工藝舎 増加数=2
time=01:41:20.383 level=INFO msg=一定の売上が立ったためオーナーの椅子が増加します 名前="Urban Wheels" 増加数=2
time=01:41:20.387 level=INFO msg=一定の売上が立ったためオーナーの椅子が増加します 名前=座和インダストリー 増加数=2
time=01:41:22.133 level=INFO msg=一定の売上が立ったためオーナーの椅子が増加します 名前=SwiftCab 増加数=2
time=01:41:22.177 level=INFO msg=一定の売上が立ったためオーナーの椅子が増加します 名前=座心工房 増加数=1
time=01:41:22.210 level=INFO msg=一定の売上が立ったためオーナーの椅子が増加します 名前=椅子工藝舎 増加数=3
time=01:41:22.238 level=INFO msg=一定の売上が立ったためオーナーの椅子が増加します 名前=座和インダストリー 増加数=3
time=01:41:22.365 level=INFO msg=一定の売上が立ったためオーナーの椅子が増加します 名前="Urban Wheels" 増加数=2
time=01:41:23.901 level=INFO msg=一定の売上が立ったためオーナーの椅子が増加します 名前=座心工房 増加数=3
time=01:41:24.004 level=INFO msg=一定の売上が立ったためオーナーの椅子が増加します 名前=SwiftCab 増加数=1
time=01:41:24.036 level=INFO msg=一定の売上が立ったためオーナーの椅子が増加します 名前=椅子工藝舎 増加数=2
time=01:41:24.149 level=INFO msg=一定の売上が立ったためオーナーの椅子が増加します 名前="Urban Wheels" 増加数=1
time=01:41:24.164 level=INFO msg=一定の売上が立ったためオーナーの椅子が増加します 名前=座和インダストリー 増加数=1
time=01:41:25.432 level=INFO msg=これまでに地域内の評判によって115人、既存ユーザーの招待経由で303人が新規登録しました
time=01:41:25.432 level=INFO msg=これまでに低評価なライドによって174人が利用をやめました
time=01:41:25.432 level=INFO msg=80.2%のライドは椅子がマッチされるまでの時間、35.7%のライドはマッチされた椅子が乗車地点までに掛かる時間、55.1%のライドは椅子の実移動時間に不満がありました
time=01:41:25.883 level=INFO msg=一定の売上が立ったためオーナーの椅子が増加します 名前=SwiftCab 増加数=2
time=01:41:25.962 level=INFO msg=一定の売上が立ったためオーナーの椅子が増加します 名前=座心工房 増加数=2
time=01:41:25.987 level=INFO msg=一定の売上が立ったためオーナーの椅子が増加します 名前=椅子工藝舎 増加数=1
time=01:41:26.045 level=INFO msg=一定の売上が立ったためオーナーの椅子が増加します 名前="Urban Wheels" 増加数=3
time=01:41:26.090 level=INFO msg=一定の売上が立ったためオーナーの椅子が増加します 名前=座和インダストリー 増加数=3
time=01:41:27.645 level=INFO msg=一定の売上が立ったためオーナーの椅子が増加します 名前=椅子工藝舎 増加数=2
time=01:41:27.656 level=INFO msg=一定の売上が立ったためオーナーの椅子が増加します 名前=SwiftCab 増加数=2
time=01:41:27.729 level=INFO msg=一定の売上が立ったためオーナーの椅子が増加します 名前="Urban Wheels" 増加数=3
time=01:41:27.744 level=INFO msg=一定の売上が立ったためオーナーの椅子が増加します 名前=座和インダストリー 増加数=3
time=01:41:27.861 level=INFO msg=一定の売上が立ったためオーナーの椅子が増加します 名前=座心工房 増加数=2
time=01:41:29.436 level=INFO msg=一定の売上が立ったためオーナーの椅子が増加します 名前=椅子工藝舎 増加数=3
time=01:41:29.457 level=INFO msg=一定の売上が立ったためオーナーの椅子が増加します 名前=SwiftCab 増加数=2
time=01:41:29.457 level=INFO msg=一定の売上が立ったためオーナーの椅子が増加します 名前=座心工房 増加数=1
time=01:41:29.483 level=INFO msg=一定の売上が立ったためオーナーの椅子が増加します 名前="Urban Wheels" 増加数=3
time=01:41:29.486 level=INFO msg=一定の売上が立ったためオーナーの椅子が増加します 名前=座和インダストリー 増加数=1
time=01:41:30.833 level=INFO msg=これまでに地域内の評判によって127人、既存ユーザーの招待経由で317人が新規登録しました
time=01:41:30.833 level=INFO msg=これまでに低評価なライドによって198人が利用をやめました
time=01:41:30.833 level=INFO msg=82.8%のライドは椅子がマッチされるまでの時間、33.1%のライドはマッチされた椅子が乗車地点までに掛かる時間、57.3%のライドは椅子の実移動時間に不満がありました
time=01:41:31.228 level=INFO msg=一定の売上が立ったためオーナーの椅子が増加します 名前=SwiftCab 増加数=1
time=01:41:31.243 level=INFO msg=一定の売上が立ったためオーナーの椅子が増加します 名前=座心工房 増加数=2
time=01:41:31.306 level=INFO msg=一定の売上が立ったためオーナーの椅子が増加します 名前=椅子工藝舎 増加数=2
time=01:41:31.317 level=INFO msg=一定の売上が立ったためオーナーの椅子が増加します 名前="Urban Wheels" 増加数=1
time=01:41:31.400 level=INFO msg=一定の売上が立ったためオーナーの椅子が増加します 名前=座和インダストリー 増加数=2
time=01:41:36.432 level=INFO msg=最終地域情報 名前=チェアタウン ユーザー登録数=264 アクティブユーザー数=163
time=01:41:36.432 level=INFO msg=最終地域情報 名前=コシカケシティ ユーザー登録数=204 アクティブユーザー数=106
time=01:41:36.432 level=INFO msg=最終オーナー情報 名前=座心工房 売上=1642700 椅子数=62
time=01:41:36.432 level=INFO msg=最終オーナー情報 名前=椅子工藝舎 売上=1741200 椅子数=64
time=01:41:36.432 level=INFO msg=最終オーナー情報 名前=座和インダストリー 売上=2167700 椅子数=74
time=01:41:36.432 level=INFO msg=最終オーナー情報 名前=SwiftCab 売上=1394800 椅子数=54
time=01:41:36.432 level=INFO msg=最終オーナー情報 名前="Urban Wheels" 売上=2138300 椅子数=73
time=01:41:36.432 level=INFO msg=83.1%のライドは椅子がマッチされるまでの時間、31.7%のライドはマッチされた椅子が乗車地点までに掛かる時間、57.0%のライドは椅子の実移動時間に不満がありました
time=01:41:36.432 level=INFO msg=結果 pass=true スコア=103129 種別エラー数=map[26:2]
time=01:41:36.432 level=INFO msg=負荷走行が終了しました
